---
http_interactions:
- request:
    method: head
    uri: http://localhost:8983/fedora/rest/anno/solr_integration_specs
    body:
      encoding: US-ASCII
      string: ''
    headers:
      User-Agent:
      - Faraday v0.9.1
      Accept:
      - "*/*"
  response:
    status:
      code: 200
      message: OK
    headers:
      Etag:
      - '"7e9fedc125e3a5cde4e76a4b2085ac6041eb9d9f"'
      Last-Modified:
      - Fri, 19 Jun 2015 22:45:52 GMT
      Link:
      - <http://www.w3.org/ns/ldp#BasicContainer>;rel="type"
      - <http://www.w3.org/ns/ldp#Container>;rel="type"
      - <http://www.w3.org/ns/ldp#Resource>;rel="type"
      Accept-Patch:
      - application/sparql-update
      Accept-Post:
      - text/turtle,text/rdf+n3,text/n3,application/rdf+xml,application/n-triples,multipart/form-data,application/sparql-update
      Allow:
      - MOVE,COPY,DELETE,POST,HEAD,GET,PUT,PATCH,OPTIONS
      Content-Type:
      - text/tab-separated-values
      Content-Length:
      - '0'
    body:
      encoding: UTF-8
      string: ''
    http_version: 
  recorded_at: Fri, 19 Jun 2015 22:45:56 GMT
- request:
    method: post
    uri: http://localhost:8983/fedora/rest/anno/solr_integration_specs
    body:
      encoding: UTF-8
      string: |
        @prefix ldp: <http://www.w3.org/ns/ldp#> .
        @prefix oa: <http://www.w3.org/ns/oa#> .
        @prefix rdf: <http://www.w3.org/1999/02/22-rdf-syntax-ns#> .

        <> a oa:Annotation,
             ldp:BasicContainer;
           oa:motivatedBy oa:commenting .
    headers:
      User-Agent:
      - Faraday v0.9.1
      Prefer:
      - return=respresentation; omit="http://fedora.info/definitions/v4/repository#ServerManaged"
      Content-Type:
      - application/x-turtle
      Accept-Encoding:
      - gzip;q=1.0,deflate;q=0.6,identity;q=0.3
      Accept:
      - "*/*"
  response:
    status:
      code: 201
      message: Created
    headers:
      Etag:
      - '"14214ded59ea1d98e98bdabfa97b2d60c9bb5f47"'
      Last-Modified:
      - Fri, 19 Jun 2015 22:45:56 GMT
      Content-Length:
      - '110'
      Location:
      - http://localhost:8983/fedora/rest/anno/solr_integration_specs/2d/d1/29/7d/2dd1297d-3871-43ca-b7a7-8b216d88ac99
      Content-Type:
      - text/plain
    body:
      encoding: UTF-8
      string: http://localhost:8983/fedora/rest/anno/solr_integration_specs/2d/d1/29/7d/2dd1297d-3871-43ca-b7a7-8b216d88ac99
    http_version: 
  recorded_at: Fri, 19 Jun 2015 22:45:56 GMT
- request:
    method: post
    uri: http://localhost:8983/fedora/rest/anno/solr_integration_specs/2d/d1/29/7d/2dd1297d-3871-43ca-b7a7-8b216d88ac99
    body:
      encoding: UTF-8
      string: |
        @prefix ldp: <http://www.w3.org/ns/ldp#> .
        @prefix oa: <http://www.w3.org/ns/oa#> .
        @prefix rdf: <http://www.w3.org/1999/02/22-rdf-syntax-ns#> .

        <> a ldp:DirectContainer;
           ldp:hasMemberRelation oa:hasBody;
           ldp:membershipResource <http://localhost:8983/fedora/rest/anno/solr_integration_specs/2d/d1/29/7d/2dd1297d-3871-43ca-b7a7-8b216d88ac99> .
    headers:
      User-Agent:
      - Faraday v0.9.1
      Prefer:
      - return=respresentation; omit="http://fedora.info/definitions/v4/repository#ServerManaged"
      Content-Type:
      - application/x-turtle
      Slug:
      - b
      Accept-Encoding:
      - gzip;q=1.0,deflate;q=0.6,identity;q=0.3
      Accept:
      - "*/*"
  response:
    status:
      code: 201
      message: Created
    headers:
      Etag:
      - '"b167eb349e281b18b576f4cb2c101686a86805dc"'
      Last-Modified:
      - Fri, 19 Jun 2015 22:45:56 GMT
      Content-Length:
      - '112'
      Location:
      - http://localhost:8983/fedora/rest/anno/solr_integration_specs/2d/d1/29/7d/2dd1297d-3871-43ca-b7a7-8b216d88ac99/b
      Content-Type:
      - text/plain
    body:
      encoding: UTF-8
      string: http://localhost:8983/fedora/rest/anno/solr_integration_specs/2d/d1/29/7d/2dd1297d-3871-43ca-b7a7-8b216d88ac99/b
    http_version: 
  recorded_at: Fri, 19 Jun 2015 22:45:56 GMT
- request:
    method: post
    uri: http://localhost:8983/fedora/rest/anno/solr_integration_specs/2d/d1/29/7d/2dd1297d-3871-43ca-b7a7-8b216d88ac99/b
    body:
      encoding: UTF-8
      string: |
        @prefix cnt: <http://www.w3.org/2011/content#> .
        @prefix dcmitype: <http://purl.org/dc/dcmitype/> .
        @prefix ldp: <http://www.w3.org/ns/ldp#> .
        @prefix rdf: <http://www.w3.org/1999/02/22-rdf-syntax-ns#> .
        @prefix xsd: <http://www.w3.org/2001/XMLSchema#> .

        <> a ldp:BasicContainer,
             cnt:ContentAsText,
             dcmitype:Text;
           cnt:chars "Solr integration test" .
    headers:
      User-Agent:
      - Faraday v0.9.1
      Prefer:
      - return=respresentation; omit="http://fedora.info/definitions/v4/repository#ServerManaged"
      Content-Type:
      - application/x-turtle
      Accept-Encoding:
      - gzip;q=1.0,deflate;q=0.6,identity;q=0.3
      Accept:
      - "*/*"
  response:
    status:
      code: 201
      message: Created
    headers:
      Etag:
      - '"3ed0ac37d2368af764f1ba6bfd099e6ff39a1560"'
      Last-Modified:
      - Fri, 19 Jun 2015 22:45:56 GMT
      Content-Length:
      - '161'
      Location:
      - http://localhost:8983/fedora/rest/anno/solr_integration_specs/2d/d1/29/7d/2dd1297d-3871-43ca-b7a7-8b216d88ac99/b/ac/98/99/09/ac989909-733f-40b5-a78c-694aced9dde8
      Content-Type:
      - text/plain
    body:
      encoding: UTF-8
      string: http://localhost:8983/fedora/rest/anno/solr_integration_specs/2d/d1/29/7d/2dd1297d-3871-43ca-b7a7-8b216d88ac99/b/ac/98/99/09/ac989909-733f-40b5-a78c-694aced9dde8
    http_version: 
  recorded_at: Fri, 19 Jun 2015 22:45:56 GMT
- request:
    method: post
    uri: http://localhost:8983/fedora/rest/anno/solr_integration_specs/2d/d1/29/7d/2dd1297d-3871-43ca-b7a7-8b216d88ac99
    body:
      encoding: UTF-8
      string: |
        @prefix ldp: <http://www.w3.org/ns/ldp#> .
        @prefix oa: <http://www.w3.org/ns/oa#> .
        @prefix rdf: <http://www.w3.org/1999/02/22-rdf-syntax-ns#> .

        <> a ldp:DirectContainer;
           ldp:hasMemberRelation oa:hasTarget;
           ldp:membershipResource <http://localhost:8983/fedora/rest/anno/solr_integration_specs/2d/d1/29/7d/2dd1297d-3871-43ca-b7a7-8b216d88ac99> .
    headers:
      User-Agent:
      - Faraday v0.9.1
      Prefer:
      - return=respresentation; omit="http://fedora.info/definitions/v4/repository#ServerManaged"
      Content-Type:
      - application/x-turtle
      Slug:
      - t
      Accept-Encoding:
      - gzip;q=1.0,deflate;q=0.6,identity;q=0.3
      Accept:
      - "*/*"
  response:
    status:
      code: 201
      message: Created
    headers:
      Etag:
      - '"d292d25fa05d677edd552f56a38806447f2a88fe"'
      Last-Modified:
      - Fri, 19 Jun 2015 22:45:56 GMT
      Content-Length:
      - '112'
      Location:
      - http://localhost:8983/fedora/rest/anno/solr_integration_specs/2d/d1/29/7d/2dd1297d-3871-43ca-b7a7-8b216d88ac99/t
      Content-Type:
      - text/plain
    body:
      encoding: UTF-8
      string: http://localhost:8983/fedora/rest/anno/solr_integration_specs/2d/d1/29/7d/2dd1297d-3871-43ca-b7a7-8b216d88ac99/t
    http_version: 
  recorded_at: Fri, 19 Jun 2015 22:45:56 GMT
- request:
    method: post
    uri: http://localhost:8983/fedora/rest/anno/solr_integration_specs/2d/d1/29/7d/2dd1297d-3871-43ca-b7a7-8b216d88ac99/t
    body:
      encoding: UTF-8
      string: |
        @prefix ldp: <http://www.w3.org/ns/ldp#> .
        @prefix rdf: <http://www.w3.org/1999/02/22-rdf-syntax-ns#> .
        @prefix triannon: <http://triannon.stanford.edu/ns/> .

        <> a ldp:BasicContainer;
           triannon:externalReference <http://example.com/solr-integration-test> .
    headers:
      User-Agent:
      - Faraday v0.9.1
      Prefer:
      - return=respresentation; omit="http://fedora.info/definitions/v4/repository#ServerManaged"
      Content-Type:
      - application/x-turtle
      Accept-Encoding:
      - gzip;q=1.0,deflate;q=0.6,identity;q=0.3
      Accept:
      - "*/*"
  response:
    status:
      code: 201
      message: Created
    headers:
      Etag:
      - '"d491ea6c446e6856fece7ab20395e4d367fc0521"'
      Last-Modified:
      - Fri, 19 Jun 2015 22:45:56 GMT
      Content-Length:
      - '161'
      Location:
      - http://localhost:8983/fedora/rest/anno/solr_integration_specs/2d/d1/29/7d/2dd1297d-3871-43ca-b7a7-8b216d88ac99/t/4d/50/0e/7c/4d500e7c-5dec-4e81-87f1-136cb550dc92
      Content-Type:
      - text/plain
    body:
      encoding: UTF-8
      string: http://localhost:8983/fedora/rest/anno/solr_integration_specs/2d/d1/29/7d/2dd1297d-3871-43ca-b7a7-8b216d88ac99/t/4d/50/0e/7c/4d500e7c-5dec-4e81-87f1-136cb550dc92
    http_version: 
  recorded_at: Fri, 19 Jun 2015 22:45:56 GMT
- request:
    method: get
    uri: http://localhost:8983/fedora/rest/anno/solr_integration_specs/2d/d1/29/7d/2dd1297d-3871-43ca-b7a7-8b216d88ac99
    body:
      encoding: US-ASCII
      string: ''
    headers:
      User-Agent:
      - Faraday v0.9.1
      Prefer:
      - return=respresentation; omit="http://fedora.info/definitions/v4/repository#ServerManaged"
      Accept:
      - application/x-turtle
      Accept-Encoding:
      - gzip;q=1.0,deflate;q=0.6,identity;q=0.3
  response:
    status:
      code: 200
      message: OK
    headers:
      Etag:
      - '"6f245fdf1f210caf05f6dd5db083883bc3868ba2"'
      Last-Modified:
      - Fri, 19 Jun 2015 22:45:56 GMT
      Link:
      - <http://www.w3.org/ns/ldp#BasicContainer>;rel="type"
      - <http://www.w3.org/ns/ldp#Container>;rel="type"
      - <http://www.w3.org/ns/ldp#Resource>;rel="type"
      Accept-Patch:
      - application/sparql-update
      Accept-Post:
      - text/turtle,text/rdf+n3,text/n3,application/rdf+xml,application/n-triples,multipart/form-data,application/sparql-update
      Allow:
      - MOVE,COPY,DELETE,POST,HEAD,GET,PUT,PATCH,OPTIONS
      Preference-Applied:
      - return=representation
      Vary:
      - Accept, Range, Accept-Encoding, Accept-Language
      - Prefer
      Content-Length:
      - '1870'
      Content-Type:
      - application/x-turtle
    body:
      encoding: UTF-8
      string: "@prefix premis: <http://www.loc.gov/premis/rdf/v1#> .\n@prefix image:
        <http://www.modeshape.org/images/1.0> .\n@prefix sv: <http://www.jcp.org/jcr/sv/1.0>
        .\n@prefix test: <info:fedora/test/> .\n@prefix nt: <http://www.jcp.org/jcr/nt/1.0>
        .\n@prefix cnt: <http://www.w3.org/2011/content#> .\n@prefix dcmitype: <http://purl.org/dc/dcmitype/>
        .\n@prefix rdfs: <http://www.w3.org/2000/01/rdf-schema#> .\n@prefix xsi: <http://www.w3.org/2001/XMLSchema-instance>
        .\n@prefix mode: <http://www.modeshape.org/1.0> .\n@prefix oa: <http://www.w3.org/ns/oa#>
        .\n@prefix triannon: <http://triannon.stanford.edu/ns/> .\n@prefix rdf: <http://www.w3.org/1999/02/22-rdf-syntax-ns#>
        .\n@prefix fedora: <http://fedora.info/definitions/v4/repository#> .\n@prefix
        xml: <http://www.w3.org/XML/1998/namespace> .\n@prefix ldp: <http://www.w3.org/ns/ldp#>
        .\n@prefix xs: <http://www.w3.org/2001/XMLSchema> .\n@prefix fedoraconfig:
        <http://fedora.info/definitions/v4/config#> .\n@prefix mix: <http://www.jcp.org/jcr/mix/1.0>
        .\n@prefix foaf: <http://xmlns.com/foaf/0.1/> .\n@prefix dc: <http://purl.org/dc/elements/1.1/>
        .\n\n\n<http://localhost:8983/fedora/rest/anno/solr_integration_specs/2d/d1/29/7d/2dd1297d-3871-43ca-b7a7-8b216d88ac99>
        a oa:Annotation , ldp:BasicContainer ;\n\toa:motivatedBy oa:commenting ;\n\tldp:contains
        <http://localhost:8983/fedora/rest/anno/solr_integration_specs/2d/d1/29/7d/2dd1297d-3871-43ca-b7a7-8b216d88ac99/b>
        , <http://localhost:8983/fedora/rest/anno/solr_integration_specs/2d/d1/29/7d/2dd1297d-3871-43ca-b7a7-8b216d88ac99/t>
        ;\n\toa:hasTarget <http://localhost:8983/fedora/rest/anno/solr_integration_specs/2d/d1/29/7d/2dd1297d-3871-43ca-b7a7-8b216d88ac99/t/4d/50/0e/7c/4d500e7c-5dec-4e81-87f1-136cb550dc92>
        ;\n\toa:hasBody <http://localhost:8983/fedora/rest/anno/solr_integration_specs/2d/d1/29/7d/2dd1297d-3871-43ca-b7a7-8b216d88ac99/b/ac/98/99/09/ac989909-733f-40b5-a78c-694aced9dde8>
        .\n"
    http_version: 
  recorded_at: Fri, 19 Jun 2015 22:45:56 GMT
- request:
    method: get
    uri: http://localhost:8983/fedora/rest/anno/solr_integration_specs/2d/d1/29/7d/2dd1297d-3871-43ca-b7a7-8b216d88ac99/b/ac/98/99/09/ac989909-733f-40b5-a78c-694aced9dde8
    body:
      encoding: US-ASCII
      string: ''
    headers:
      User-Agent:
      - Faraday v0.9.1
      Prefer:
      - return=respresentation; omit="http://fedora.info/definitions/v4/repository#ServerManaged"
      Accept:
      - application/x-turtle
      Accept-Encoding:
      - gzip;q=1.0,deflate;q=0.6,identity;q=0.3
  response:
    status:
      code: 200
      message: OK
    headers:
      Etag:
      - '"3ed0ac37d2368af764f1ba6bfd099e6ff39a1560"'
      Last-Modified:
      - Fri, 19 Jun 2015 22:45:56 GMT
      Link:
      - <http://www.w3.org/ns/ldp#BasicContainer>;rel="type"
      - <http://www.w3.org/ns/ldp#Container>;rel="type"
      - <http://www.w3.org/ns/ldp#Resource>;rel="type"
      Accept-Patch:
      - application/sparql-update
      Accept-Post:
      - text/turtle,text/rdf+n3,text/n3,application/rdf+xml,application/n-triples,multipart/form-data,application/sparql-update
      Allow:
      - MOVE,COPY,DELETE,POST,HEAD,GET,PUT,PATCH,OPTIONS
      Preference-Applied:
      - return=representation
      Vary:
      - Accept, Range, Accept-Encoding, Accept-Language
      - Prefer
      Content-Length:
      - '1383'
      Content-Type:
      - application/x-turtle
    body:
      encoding: UTF-8
      string: "@prefix premis: <http://www.loc.gov/premis/rdf/v1#> .\n@prefix image:
        <http://www.modeshape.org/images/1.0> .\n@prefix sv: <http://www.jcp.org/jcr/sv/1.0>
        .\n@prefix test: <info:fedora/test/> .\n@prefix nt: <http://www.jcp.org/jcr/nt/1.0>
        .\n@prefix cnt: <http://www.w3.org/2011/content#> .\n@prefix dcmitype: <http://purl.org/dc/dcmitype/>
        .\n@prefix rdfs: <http://www.w3.org/2000/01/rdf-schema#> .\n@prefix xsi: <http://www.w3.org/2001/XMLSchema-instance>
        .\n@prefix mode: <http://www.modeshape.org/1.0> .\n@prefix oa: <http://www.w3.org/ns/oa#>
        .\n@prefix triannon: <http://triannon.stanford.edu/ns/> .\n@prefix rdf: <http://www.w3.org/1999/02/22-rdf-syntax-ns#>
        .\n@prefix fedora: <http://fedora.info/definitions/v4/repository#> .\n@prefix
        xml: <http://www.w3.org/XML/1998/namespace> .\n@prefix ldp: <http://www.w3.org/ns/ldp#>
        .\n@prefix xs: <http://www.w3.org/2001/XMLSchema> .\n@prefix fedoraconfig:
        <http://fedora.info/definitions/v4/config#> .\n@prefix mix: <http://www.jcp.org/jcr/mix/1.0>
        .\n@prefix foaf: <http://xmlns.com/foaf/0.1/> .\n@prefix dc: <http://purl.org/dc/elements/1.1/>
        .\n\n\n<http://localhost:8983/fedora/rest/anno/solr_integration_specs/2d/d1/29/7d/2dd1297d-3871-43ca-b7a7-8b216d88ac99/b/ac/98/99/09/ac989909-733f-40b5-a78c-694aced9dde8>
        a dcmitype:Text , ldp:BasicContainer , cnt:ContentAsText ;\n\tcnt:chars \"Solr
        integration test\"^^<http://www.w3.org/2001/XMLSchema#string> .\n"
    http_version: 
  recorded_at: Fri, 19 Jun 2015 22:45:56 GMT
- request:
    method: get
    uri: http://localhost:8983/fedora/rest/anno/solr_integration_specs/2d/d1/29/7d/2dd1297d-3871-43ca-b7a7-8b216d88ac99/t/4d/50/0e/7c/4d500e7c-5dec-4e81-87f1-136cb550dc92
    body:
      encoding: US-ASCII
      string: ''
    headers:
      User-Agent:
      - Faraday v0.9.1
      Prefer:
      - return=respresentation; omit="http://fedora.info/definitions/v4/repository#ServerManaged"
      Accept:
      - application/x-turtle
      Accept-Encoding:
      - gzip;q=1.0,deflate;q=0.6,identity;q=0.3
  response:
    status:
      code: 200
      message: OK
    headers:
      Etag:
      - '"d491ea6c446e6856fece7ab20395e4d367fc0521"'
      Last-Modified:
      - Fri, 19 Jun 2015 22:45:56 GMT
      Link:
      - <http://www.w3.org/ns/ldp#BasicContainer>;rel="type"
      - <http://www.w3.org/ns/ldp#Container>;rel="type"
      - <http://www.w3.org/ns/ldp#Resource>;rel="type"
      Accept-Patch:
      - application/sparql-update
      Accept-Post:
      - text/turtle,text/rdf+n3,text/n3,application/rdf+xml,application/n-triples,multipart/form-data,application/sparql-update
      Allow:
      - MOVE,COPY,DELETE,POST,HEAD,GET,PUT,PATCH,OPTIONS
      Preference-Applied:
      - return=representation
      Vary:
      - Accept, Range, Accept-Encoding, Accept-Language
      - Prefer
      Content-Length:
      - '1340'
      Content-Type:
      - application/x-turtle
    body:
      encoding: UTF-8
      string: "@prefix premis: <http://www.loc.gov/premis/rdf/v1#> .\n@prefix image:
        <http://www.modeshape.org/images/1.0> .\n@prefix sv: <http://www.jcp.org/jcr/sv/1.0>
        .\n@prefix test: <info:fedora/test/> .\n@prefix nt: <http://www.jcp.org/jcr/nt/1.0>
        .\n@prefix cnt: <http://www.w3.org/2011/content#> .\n@prefix dcmitype: <http://purl.org/dc/dcmitype/>
        .\n@prefix rdfs: <http://www.w3.org/2000/01/rdf-schema#> .\n@prefix xsi: <http://www.w3.org/2001/XMLSchema-instance>
        .\n@prefix mode: <http://www.modeshape.org/1.0> .\n@prefix oa: <http://www.w3.org/ns/oa#>
        .\n@prefix triannon: <http://triannon.stanford.edu/ns/> .\n@prefix rdf: <http://www.w3.org/1999/02/22-rdf-syntax-ns#>
        .\n@prefix fedora: <http://fedora.info/definitions/v4/repository#> .\n@prefix
        xml: <http://www.w3.org/XML/1998/namespace> .\n@prefix ldp: <http://www.w3.org/ns/ldp#>
        .\n@prefix xs: <http://www.w3.org/2001/XMLSchema> .\n@prefix fedoraconfig:
        <http://fedora.info/definitions/v4/config#> .\n@prefix mix: <http://www.jcp.org/jcr/mix/1.0>
        .\n@prefix foaf: <http://xmlns.com/foaf/0.1/> .\n@prefix dc: <http://purl.org/dc/elements/1.1/>
        .\n\n\n<http://localhost:8983/fedora/rest/anno/solr_integration_specs/2d/d1/29/7d/2dd1297d-3871-43ca-b7a7-8b216d88ac99/t/4d/50/0e/7c/4d500e7c-5dec-4e81-87f1-136cb550dc92>
        a ldp:BasicContainer ;\n\ttriannon:externalReference <http://example.com/solr-integration-test>
        .\n"
    http_version: 
  recorded_at: Fri, 19 Jun 2015 22:45:57 GMT
- request:
    method: post
    uri: http://localhost:8983/solr/triannon/update?wt=ruby
    body:
      encoding: UTF-8
      string: <?xml version="1.0" encoding="UTF-8"?><add commitWithin="500"><doc><field
        name="id">solr_integration_specs/2d/d1/29/7d/2dd1297d-3871-43ca-b7a7-8b216d88ac99</field><field
        name="root">solr_integration_specs</field><field name="motivation">commenting</field><field
        name="target_url">http://example.com/solr-integration-test</field><field name="target_type">external_URI</field><field
        name="body_type">content_as_text</field><field name="body_chars_exact">Solr
        integration test</field><field name="anno_jsonld">{"@context":"http://www.w3.org/ns/oa-context-20130208.json","@graph":[{"@id":"_:g69847575108860","@type":["dctypes:Text","cnt:ContentAsText"],"chars":"Solr
        integration test"},{"@id":"http://your.triannon-server.com/annotations/solr_integration_specs/2d/d1/29/7d/2dd1297d-3871-43ca-b7a7-8b216d88ac99","@type":"oa:Annotation","hasBody":"_:g69847575108860","hasTarget":"http://example.com/solr-integration-test","motivatedBy":"oa:commenting"}]}</field></doc></add>
    headers:
      Content-Type:
      - text/xml
  response:
    status:
      code: 200
      message: OK
    headers:
      Content-Type:
      - text/plain;charset=UTF-8
      Transfer-Encoding:
      - chunked
    body:
      encoding: UTF-8
      string: |
        {'responseHeader'=>{'status'=>0,'QTime'=>3}}
    http_version: 
  recorded_at: Fri, 19 Jun 2015 22:45:57 GMT
- request:
    method: get
    uri: http://localhost:8983/solr/triannon/doc?id=solr_integration_specs/2d/d1/29/7d/2dd1297d-3871-43ca-b7a7-8b216d88ac99&wt=ruby
    body:
      encoding: US-ASCII
      string: ''
    headers: {}
  response:
    status:
      code: 200
      message: OK
    headers:
      Last-Modified:
      - Fri, 19 Jun 2015 22:45:57 GMT
      Etag:
      - '"MmEwMDAwMDAwMDAwMDAwMFNvbHI="'
      Content-Type:
      - text/plain;charset=UTF-8
      Transfer-Encoding:
      - chunked
    body:
      encoding: UTF-8
      string: |
        {
          'responseHeader'=>{
            'status'=>0,
            'QTime'=>1,
            'params'=>{
              'id'=>'solr_integration_specs/2d/d1/29/7d/2dd1297d-3871-43ca-b7a7-8b216d88ac99',
              'wt'=>'ruby'}},
          'response'=>{'numFound'=>1,'start'=>0,'docs'=>[
              {
                'id'=>'solr_integration_specs/2d/d1/29/7d/2dd1297d-3871-43ca-b7a7-8b216d88ac99',
                'root'=>'solr_integration_specs',
                'motivation'=>['commenting'],
                'target_url'=>['http://example.com/solr-integration-test'],
                'target_type'=>['external_URI'],
                'body_type'=>['content_as_text'],
                'body_chars_exact'=>['Solr integration test'],
                'anno_jsonld'=>'{"@context":"http://www.w3.org/ns/oa-context-20130208.json","@graph":[{"@id":"_:g69847575108860","@type":["dctypes:Text","cnt:ContentAsText"],"chars":"Solr integration test"},{"@id":"http://your.triannon-server.com/annotations/solr_integration_specs/2d/d1/29/7d/2dd1297d-3871-43ca-b7a7-8b216d88ac99","@type":"oa:Annotation","hasBody":"_:g69847575108860","hasTarget":"http://example.com/solr-integration-test","motivatedBy":"oa:commenting"}]}',
                '_version_'=>1504448565263466496,
                'timestamp'=>'2015-06-19T22:45:57.045Z'}]
          }}
    http_version: 
  recorded_at: Fri, 19 Jun 2015 22:45:58 GMT
recorded_with: VCR 2.9.3
