---
http_interactions:
- request:
    method: post
    uri: http://localhost:8983/fedora/rest/anno
    body:
      encoding: UTF-8
      string: |
        @prefix ldp: <http://www.w3.org/ns/ldp#> .
        @prefix oa: <http://www.w3.org/ns/oa#> .
        @prefix rdf: <http://www.w3.org/1999/02/22-rdf-syntax-ns#> .

        <> a oa:Annotation,
             ldp:BasicContainer;
           oa:motivatedBy oa:commenting .
    headers:
      User-Agent:
      - Faraday v0.9.1
      Prefer:
      - return=respresentation; omit="http://fedora.info/definitions/v4/repository#ServerManaged"
      Content-Type:
      - application/x-turtle
      Accept-Encoding:
      - gzip;q=1.0,deflate;q=0.6,identity;q=0.3
      Accept:
      - "*/*"
  response:
    status:
      code: 201
      message: Created
    headers:
      Etag:
      - '"4214ebcd80f0047bc3fc04441e38da9e8e2afed2"'
      Last-Modified:
      - Wed, 10 Jun 2015 18:06:02 GMT
      Content-Length:
      - '87'
      Location:
      - http://localhost:8983/fedora/rest/anno/fb/61/35/26/fb613526-5ed0-45d0-8ef6-f7ad2a74e273
      Content-Type:
      - text/plain
    body:
      encoding: UTF-8
      string: http://localhost:8983/fedora/rest/anno/fb/61/35/26/fb613526-5ed0-45d0-8ef6-f7ad2a74e273
    http_version: 
  recorded_at: Wed, 10 Jun 2015 18:06:02 GMT
- request:
    method: post
    uri: http://localhost:8983/fedora/rest/anno/fb/61/35/26/fb613526-5ed0-45d0-8ef6-f7ad2a74e273
    body:
      encoding: UTF-8
      string: |
        @prefix ldp: <http://www.w3.org/ns/ldp#> .
        @prefix oa: <http://www.w3.org/ns/oa#> .
        @prefix rdf: <http://www.w3.org/1999/02/22-rdf-syntax-ns#> .

        <> a ldp:DirectContainer;
           ldp:hasMemberRelation oa:hasBody;
           ldp:membershipResource <http://localhost:8983/fedora/rest/anno/fb/61/35/26/fb613526-5ed0-45d0-8ef6-f7ad2a74e273> .
    headers:
      User-Agent:
      - Faraday v0.9.1
      Prefer:
      - return=respresentation; omit="http://fedora.info/definitions/v4/repository#ServerManaged"
      Content-Type:
      - application/x-turtle
      Slug:
      - b
      Accept-Encoding:
      - gzip;q=1.0,deflate;q=0.6,identity;q=0.3
      Accept:
      - "*/*"
  response:
    status:
      code: 201
      message: Created
    headers:
      Etag:
      - '"7385d162c1404e5b5ab3035a55ddd1a7a1850541"'
      Last-Modified:
      - Wed, 10 Jun 2015 18:06:02 GMT
      Content-Length:
      - '89'
      Location:
      - http://localhost:8983/fedora/rest/anno/fb/61/35/26/fb613526-5ed0-45d0-8ef6-f7ad2a74e273/b
      Content-Type:
      - text/plain
    body:
      encoding: UTF-8
      string: http://localhost:8983/fedora/rest/anno/fb/61/35/26/fb613526-5ed0-45d0-8ef6-f7ad2a74e273/b
    http_version: 
  recorded_at: Wed, 10 Jun 2015 18:06:02 GMT
- request:
    method: post
    uri: http://localhost:8983/fedora/rest/anno/fb/61/35/26/fb613526-5ed0-45d0-8ef6-f7ad2a74e273/b
    body:
      encoding: UTF-8
      string: |
        @prefix cnt: <http://www.w3.org/2011/content#> .
        @prefix dcmitype: <http://purl.org/dc/dcmitype/> .
        @prefix ldp: <http://www.w3.org/ns/ldp#> .
        @prefix rdf: <http://www.w3.org/1999/02/22-rdf-syntax-ns#> .
        @prefix xsd: <http://www.w3.org/2001/XMLSchema#> .

        <> a ldp:BasicContainer,
             cnt:ContentAsText,
             dcmitype:Text;
           cnt:chars "Solr integration test" .
    headers:
      User-Agent:
      - Faraday v0.9.1
      Prefer:
      - return=respresentation; omit="http://fedora.info/definitions/v4/repository#ServerManaged"
      Content-Type:
      - application/x-turtle
      Accept-Encoding:
      - gzip;q=1.0,deflate;q=0.6,identity;q=0.3
      Accept:
      - "*/*"
  response:
    status:
      code: 201
      message: Created
    headers:
      Etag:
      - '"3c636ea40d457fc6d7ee728d37a23c04d849c44a"'
      Last-Modified:
      - Wed, 10 Jun 2015 18:06:02 GMT
      Content-Length:
      - '138'
      Location:
      - http://localhost:8983/fedora/rest/anno/fb/61/35/26/fb613526-5ed0-45d0-8ef6-f7ad2a74e273/b/0c/3a/4c/ee/0c3a4cee-3f1b-4eea-af5a-4d712e31bebc
      Content-Type:
      - text/plain
    body:
      encoding: UTF-8
      string: http://localhost:8983/fedora/rest/anno/fb/61/35/26/fb613526-5ed0-45d0-8ef6-f7ad2a74e273/b/0c/3a/4c/ee/0c3a4cee-3f1b-4eea-af5a-4d712e31bebc
    http_version: 
  recorded_at: Wed, 10 Jun 2015 18:06:02 GMT
- request:
    method: post
    uri: http://localhost:8983/fedora/rest/anno/fb/61/35/26/fb613526-5ed0-45d0-8ef6-f7ad2a74e273
    body:
      encoding: UTF-8
      string: |
        @prefix ldp: <http://www.w3.org/ns/ldp#> .
        @prefix oa: <http://www.w3.org/ns/oa#> .
        @prefix rdf: <http://www.w3.org/1999/02/22-rdf-syntax-ns#> .

        <> a ldp:DirectContainer;
           ldp:hasMemberRelation oa:hasTarget;
           ldp:membershipResource <http://localhost:8983/fedora/rest/anno/fb/61/35/26/fb613526-5ed0-45d0-8ef6-f7ad2a74e273> .
    headers:
      User-Agent:
      - Faraday v0.9.1
      Prefer:
      - return=respresentation; omit="http://fedora.info/definitions/v4/repository#ServerManaged"
      Content-Type:
      - application/x-turtle
      Slug:
      - t
      Accept-Encoding:
      - gzip;q=1.0,deflate;q=0.6,identity;q=0.3
      Accept:
      - "*/*"
  response:
    status:
      code: 201
      message: Created
    headers:
      Etag:
      - '"90c644c46012369099a8c5b38319b16bb67b4250"'
      Last-Modified:
      - Wed, 10 Jun 2015 18:06:02 GMT
      Content-Length:
      - '89'
      Location:
      - http://localhost:8983/fedora/rest/anno/fb/61/35/26/fb613526-5ed0-45d0-8ef6-f7ad2a74e273/t
      Content-Type:
      - text/plain
    body:
      encoding: UTF-8
      string: http://localhost:8983/fedora/rest/anno/fb/61/35/26/fb613526-5ed0-45d0-8ef6-f7ad2a74e273/t
    http_version: 
  recorded_at: Wed, 10 Jun 2015 18:06:02 GMT
- request:
    method: post
    uri: http://localhost:8983/fedora/rest/anno/fb/61/35/26/fb613526-5ed0-45d0-8ef6-f7ad2a74e273/t
    body:
      encoding: UTF-8
      string: |
        @prefix ldp: <http://www.w3.org/ns/ldp#> .
        @prefix rdf: <http://www.w3.org/1999/02/22-rdf-syntax-ns#> .
        @prefix triannon: <http://triannon.stanford.edu/ns/> .

        <> a ldp:BasicContainer;
           triannon:externalReference <http://example.com/solr-integration-test> .
    headers:
      User-Agent:
      - Faraday v0.9.1
      Prefer:
      - return=respresentation; omit="http://fedora.info/definitions/v4/repository#ServerManaged"
      Content-Type:
      - application/x-turtle
      Accept-Encoding:
      - gzip;q=1.0,deflate;q=0.6,identity;q=0.3
      Accept:
      - "*/*"
  response:
    status:
      code: 201
      message: Created
    headers:
      Etag:
      - '"a06b755c5964acf0f6604603e010d6929453e73a"'
      Last-Modified:
      - Wed, 10 Jun 2015 18:06:02 GMT
      Content-Length:
      - '138'
      Location:
      - http://localhost:8983/fedora/rest/anno/fb/61/35/26/fb613526-5ed0-45d0-8ef6-f7ad2a74e273/t/b9/3a/c7/d5/b93ac7d5-84da-48e0-b5ff-a64a06680a81
      Content-Type:
      - text/plain
    body:
      encoding: UTF-8
      string: http://localhost:8983/fedora/rest/anno/fb/61/35/26/fb613526-5ed0-45d0-8ef6-f7ad2a74e273/t/b9/3a/c7/d5/b93ac7d5-84da-48e0-b5ff-a64a06680a81
    http_version: 
  recorded_at: Wed, 10 Jun 2015 18:06:02 GMT
- request:
    method: get
    uri: http://localhost:8983/fedora/rest/anno/fb/61/35/26/fb613526-5ed0-45d0-8ef6-f7ad2a74e273
    body:
      encoding: US-ASCII
      string: ''
    headers:
      User-Agent:
      - Faraday v0.9.1
      Prefer:
      - return=respresentation; omit="http://fedora.info/definitions/v4/repository#ServerManaged"
      Accept:
      - application/x-turtle
      Accept-Encoding:
      - gzip;q=1.0,deflate;q=0.6,identity;q=0.3
  response:
    status:
      code: 200
      message: OK
    headers:
      Etag:
      - '"d3bc0b8762bb858ce6b17628d5bfc7174b431e42"'
      Last-Modified:
      - Wed, 10 Jun 2015 18:06:02 GMT
      Link:
      - <http://www.w3.org/ns/ldp#BasicContainer>;rel="type"
      - <http://www.w3.org/ns/ldp#Container>;rel="type"
      - <http://www.w3.org/ns/ldp#Resource>;rel="type"
      Accept-Patch:
      - application/sparql-update
      Accept-Post:
      - text/turtle,text/rdf+n3,text/n3,application/rdf+xml,application/n-triples,multipart/form-data,application/sparql-update
      Allow:
      - MOVE,COPY,DELETE,POST,HEAD,GET,PUT,PATCH,OPTIONS
      Preference-Applied:
      - return=representation
      Vary:
      - Accept, Range, Accept-Encoding, Accept-Language
      - Prefer
      Content-Length:
      - '1755'
      Content-Type:
      - application/x-turtle
    body:
      encoding: UTF-8
      string: "@prefix premis: <http://www.loc.gov/premis/rdf/v1#> .\n@prefix image:
        <http://www.modeshape.org/images/1.0> .\n@prefix sv: <http://www.jcp.org/jcr/sv/1.0>
        .\n@prefix test: <info:fedora/test/> .\n@prefix nt: <http://www.jcp.org/jcr/nt/1.0>
        .\n@prefix cnt: <http://www.w3.org/2011/content#> .\n@prefix dcmitype: <http://purl.org/dc/dcmitype/>
        .\n@prefix rdfs: <http://www.w3.org/2000/01/rdf-schema#> .\n@prefix xsi: <http://www.w3.org/2001/XMLSchema-instance>
        .\n@prefix mode: <http://www.modeshape.org/1.0> .\n@prefix oa: <http://www.w3.org/ns/oa#>
        .\n@prefix triannon: <http://triannon.stanford.edu/ns/> .\n@prefix rdf: <http://www.w3.org/1999/02/22-rdf-syntax-ns#>
        .\n@prefix fedora: <http://fedora.info/definitions/v4/repository#> .\n@prefix
        xml: <http://www.w3.org/XML/1998/namespace> .\n@prefix ldp: <http://www.w3.org/ns/ldp#>
        .\n@prefix xs: <http://www.w3.org/2001/XMLSchema> .\n@prefix fedoraconfig:
        <http://fedora.info/definitions/v4/config#> .\n@prefix mix: <http://www.jcp.org/jcr/mix/1.0>
        .\n@prefix foaf: <http://xmlns.com/foaf/0.1/> .\n@prefix dc: <http://purl.org/dc/elements/1.1/>
        .\n\n\n<http://localhost:8983/fedora/rest/anno/fb/61/35/26/fb613526-5ed0-45d0-8ef6-f7ad2a74e273>
        a oa:Annotation , ldp:BasicContainer ;\n\toa:motivatedBy oa:commenting ;\n\tldp:contains
        <http://localhost:8983/fedora/rest/anno/fb/61/35/26/fb613526-5ed0-45d0-8ef6-f7ad2a74e273/b>
        , <http://localhost:8983/fedora/rest/anno/fb/61/35/26/fb613526-5ed0-45d0-8ef6-f7ad2a74e273/t>
        ;\n\toa:hasBody <http://localhost:8983/fedora/rest/anno/fb/61/35/26/fb613526-5ed0-45d0-8ef6-f7ad2a74e273/b/0c/3a/4c/ee/0c3a4cee-3f1b-4eea-af5a-4d712e31bebc>
        ;\n\toa:hasTarget <http://localhost:8983/fedora/rest/anno/fb/61/35/26/fb613526-5ed0-45d0-8ef6-f7ad2a74e273/t/b9/3a/c7/d5/b93ac7d5-84da-48e0-b5ff-a64a06680a81>
        .\n"
    http_version: 
  recorded_at: Wed, 10 Jun 2015 18:06:02 GMT
- request:
    method: get
    uri: http://localhost:8983/fedora/rest/anno/fb/61/35/26/fb613526-5ed0-45d0-8ef6-f7ad2a74e273/b/0c/3a/4c/ee/0c3a4cee-3f1b-4eea-af5a-4d712e31bebc
    body:
      encoding: US-ASCII
      string: ''
    headers:
      User-Agent:
      - Faraday v0.9.1
      Prefer:
      - return=respresentation; omit="http://fedora.info/definitions/v4/repository#ServerManaged"
      Accept:
      - application/x-turtle
      Accept-Encoding:
      - gzip;q=1.0,deflate;q=0.6,identity;q=0.3
  response:
    status:
      code: 200
      message: OK
    headers:
      Etag:
      - '"3c636ea40d457fc6d7ee728d37a23c04d849c44a"'
      Last-Modified:
      - Wed, 10 Jun 2015 18:06:02 GMT
      Link:
      - <http://www.w3.org/ns/ldp#BasicContainer>;rel="type"
      - <http://www.w3.org/ns/ldp#Container>;rel="type"
      - <http://www.w3.org/ns/ldp#Resource>;rel="type"
      Accept-Patch:
      - application/sparql-update
      Accept-Post:
      - text/turtle,text/rdf+n3,text/n3,application/rdf+xml,application/n-triples,multipart/form-data,application/sparql-update
      Allow:
      - MOVE,COPY,DELETE,POST,HEAD,GET,PUT,PATCH,OPTIONS
      Preference-Applied:
      - return=representation
      Vary:
      - Accept, Range, Accept-Encoding, Accept-Language
      - Prefer
      Content-Length:
      - '1360'
      Content-Type:
      - application/x-turtle
    body:
      encoding: UTF-8
      string: "@prefix premis: <http://www.loc.gov/premis/rdf/v1#> .\n@prefix image:
        <http://www.modeshape.org/images/1.0> .\n@prefix sv: <http://www.jcp.org/jcr/sv/1.0>
        .\n@prefix test: <info:fedora/test/> .\n@prefix nt: <http://www.jcp.org/jcr/nt/1.0>
        .\n@prefix cnt: <http://www.w3.org/2011/content#> .\n@prefix dcmitype: <http://purl.org/dc/dcmitype/>
        .\n@prefix rdfs: <http://www.w3.org/2000/01/rdf-schema#> .\n@prefix xsi: <http://www.w3.org/2001/XMLSchema-instance>
        .\n@prefix mode: <http://www.modeshape.org/1.0> .\n@prefix oa: <http://www.w3.org/ns/oa#>
        .\n@prefix triannon: <http://triannon.stanford.edu/ns/> .\n@prefix rdf: <http://www.w3.org/1999/02/22-rdf-syntax-ns#>
        .\n@prefix fedora: <http://fedora.info/definitions/v4/repository#> .\n@prefix
        xml: <http://www.w3.org/XML/1998/namespace> .\n@prefix ldp: <http://www.w3.org/ns/ldp#>
        .\n@prefix xs: <http://www.w3.org/2001/XMLSchema> .\n@prefix fedoraconfig:
        <http://fedora.info/definitions/v4/config#> .\n@prefix mix: <http://www.jcp.org/jcr/mix/1.0>
        .\n@prefix foaf: <http://xmlns.com/foaf/0.1/> .\n@prefix dc: <http://purl.org/dc/elements/1.1/>
        .\n\n\n<http://localhost:8983/fedora/rest/anno/fb/61/35/26/fb613526-5ed0-45d0-8ef6-f7ad2a74e273/b/0c/3a/4c/ee/0c3a4cee-3f1b-4eea-af5a-4d712e31bebc>
        a dcmitype:Text , ldp:BasicContainer , cnt:ContentAsText ;\n\tcnt:chars \"Solr
        integration test\"^^<http://www.w3.org/2001/XMLSchema#string> .\n"
    http_version: 
  recorded_at: Wed, 10 Jun 2015 18:06:02 GMT
- request:
    method: get
    uri: http://localhost:8983/fedora/rest/anno/fb/61/35/26/fb613526-5ed0-45d0-8ef6-f7ad2a74e273/t/b9/3a/c7/d5/b93ac7d5-84da-48e0-b5ff-a64a06680a81
    body:
      encoding: US-ASCII
      string: ''
    headers:
      User-Agent:
      - Faraday v0.9.1
      Prefer:
      - return=respresentation; omit="http://fedora.info/definitions/v4/repository#ServerManaged"
      Accept:
      - application/x-turtle
      Accept-Encoding:
      - gzip;q=1.0,deflate;q=0.6,identity;q=0.3
  response:
    status:
      code: 200
      message: OK
    headers:
      Etag:
      - '"a06b755c5964acf0f6604603e010d6929453e73a"'
      Last-Modified:
      - Wed, 10 Jun 2015 18:06:02 GMT
      Link:
      - <http://www.w3.org/ns/ldp#BasicContainer>;rel="type"
      - <http://www.w3.org/ns/ldp#Container>;rel="type"
      - <http://www.w3.org/ns/ldp#Resource>;rel="type"
      Accept-Patch:
      - application/sparql-update
      Accept-Post:
      - text/turtle,text/rdf+n3,text/n3,application/rdf+xml,application/n-triples,multipart/form-data,application/sparql-update
      Allow:
      - MOVE,COPY,DELETE,POST,HEAD,GET,PUT,PATCH,OPTIONS
      Preference-Applied:
      - return=representation
      Vary:
      - Accept, Range, Accept-Encoding, Accept-Language
      - Prefer
      Content-Length:
      - '1317'
      Content-Type:
      - application/x-turtle
    body:
      encoding: UTF-8
      string: "@prefix premis: <http://www.loc.gov/premis/rdf/v1#> .\n@prefix image:
        <http://www.modeshape.org/images/1.0> .\n@prefix sv: <http://www.jcp.org/jcr/sv/1.0>
        .\n@prefix test: <info:fedora/test/> .\n@prefix nt: <http://www.jcp.org/jcr/nt/1.0>
        .\n@prefix cnt: <http://www.w3.org/2011/content#> .\n@prefix dcmitype: <http://purl.org/dc/dcmitype/>
        .\n@prefix rdfs: <http://www.w3.org/2000/01/rdf-schema#> .\n@prefix xsi: <http://www.w3.org/2001/XMLSchema-instance>
        .\n@prefix mode: <http://www.modeshape.org/1.0> .\n@prefix oa: <http://www.w3.org/ns/oa#>
        .\n@prefix triannon: <http://triannon.stanford.edu/ns/> .\n@prefix rdf: <http://www.w3.org/1999/02/22-rdf-syntax-ns#>
        .\n@prefix fedora: <http://fedora.info/definitions/v4/repository#> .\n@prefix
        xml: <http://www.w3.org/XML/1998/namespace> .\n@prefix ldp: <http://www.w3.org/ns/ldp#>
        .\n@prefix xs: <http://www.w3.org/2001/XMLSchema> .\n@prefix fedoraconfig:
        <http://fedora.info/definitions/v4/config#> .\n@prefix mix: <http://www.jcp.org/jcr/mix/1.0>
        .\n@prefix foaf: <http://xmlns.com/foaf/0.1/> .\n@prefix dc: <http://purl.org/dc/elements/1.1/>
        .\n\n\n<http://localhost:8983/fedora/rest/anno/fb/61/35/26/fb613526-5ed0-45d0-8ef6-f7ad2a74e273/t/b9/3a/c7/d5/b93ac7d5-84da-48e0-b5ff-a64a06680a81>
        a ldp:BasicContainer ;\n\ttriannon:externalReference <http://example.com/solr-integration-test>
        .\n"
    http_version: 
  recorded_at: Wed, 10 Jun 2015 18:06:02 GMT
- request:
    method: post
    uri: http://localhost:8983/solr/triannon/update?wt=ruby
    body:
      encoding: UTF-8
      string: <?xml version="1.0" encoding="UTF-8"?><add commitWithin="500"><doc><field
        name="id">fb/61/35/26/fb613526-5ed0-45d0-8ef6-f7ad2a74e273</field><field name="motivation">commenting</field><field
        name="target_url">http://example.com/solr-integration-test</field><field name="target_type">external_URI</field><field
        name="body_type">content_as_text</field><field name="body_chars_exact">Solr
        integration test</field><field name="anno_jsonld">{"@context":"http://www.w3.org/ns/oa-context-20130208.json","@graph":[{"@id":"_:g70166134093700","@type":["dctypes:Text","cnt:ContentAsText"],"chars":"Solr
        integration test"},{"@id":"http://your.triannon-server.com/annotations/fb/61/35/26/fb613526-5ed0-45d0-8ef6-f7ad2a74e273","@type":"oa:Annotation","hasBody":"_:g70166134093700","hasTarget":"http://example.com/solr-integration-test","motivatedBy":"oa:commenting"}]}</field></doc></add>
    headers:
      Content-Type:
      - text/xml
  response:
    status:
      code: 200
      message: OK
    headers:
      Content-Type:
      - text/plain;charset=UTF-8
      Transfer-Encoding:
      - chunked
    body:
      encoding: UTF-8
      string: |
        {'responseHeader'=>{'status'=>0,'QTime'=>3}}
    http_version: 
  recorded_at: Wed, 10 Jun 2015 18:06:02 GMT
- request:
    method: get
    uri: http://localhost:8983/solr/triannon/doc?id=fb/61/35/26/fb613526-5ed0-45d0-8ef6-f7ad2a74e273&wt=ruby
    body:
      encoding: US-ASCII
      string: ''
    headers: {}
  response:
    status:
      code: 200
      message: OK
    headers:
      Last-Modified:
      - Wed, 10 Jun 2015 18:06:03 GMT
      Etag:
      - '"MzIwMDAwMDAwMDAwMDAwMFNvbHI="'
      Content-Type:
      - text/plain;charset=UTF-8
      Transfer-Encoding:
      - chunked
    body:
      encoding: UTF-8
      string: |
        {
          'responseHeader'=>{
            'status'=>0,
            'QTime'=>1,
            'params'=>{
              'id'=>'fb/61/35/26/fb613526-5ed0-45d0-8ef6-f7ad2a74e273',
              'wt'=>'ruby'}},
          'response'=>{'numFound'=>1,'start'=>0,'docs'=>[
              {
                'id'=>'fb/61/35/26/fb613526-5ed0-45d0-8ef6-f7ad2a74e273',
                'motivation'=>['commenting'],
                'target_url'=>['http://example.com/solr-integration-test'],
                'target_type'=>['external_URI'],
                'body_type'=>['content_as_text'],
                'body_chars_exact'=>['Solr integration test'],
                'anno_jsonld'=>'{"@context":"http://www.w3.org/ns/oa-context-20130208.json","@graph":[{"@id":"_:g70166134093700","@type":["dctypes:Text","cnt:ContentAsText"],"chars":"Solr integration test"},{"@id":"http://your.triannon-server.com/annotations/fb/61/35/26/fb613526-5ed0-45d0-8ef6-f7ad2a74e273","@type":"oa:Annotation","hasBody":"_:g70166134093700","hasTarget":"http://example.com/solr-integration-test","motivatedBy":"oa:commenting"}]}',
                '_version_'=>1503615582389403648,
                'timestamp'=>'2015-06-10T18:06:02.672Z'}]
          }}
    http_version: 
  recorded_at: Wed, 10 Jun 2015 18:06:03 GMT
recorded_with: VCR 2.9.3
