---
http_interactions:
- request:
    method: head
    uri: http://localhost:8983/fedora/rest/anno/anno_controller_create_specs
    body:
      encoding: US-ASCII
      string: ''
    headers:
      User-Agent:
      - Faraday v0.9.1
      Accept:
      - "*/*"
  response:
    status:
      code: 200
      message: OK
    headers:
      Etag:
      - '"822b6e91ad51255a99238641762694ff6775f3ae"'
      Last-Modified:
      - Mon, 22 Jun 2015 22:49:00 GMT
      Link:
      - <http://www.w3.org/ns/ldp#BasicContainer>;rel="type"
      - <http://www.w3.org/ns/ldp#Container>;rel="type"
      - <http://www.w3.org/ns/ldp#Resource>;rel="type"
      Accept-Patch:
      - application/sparql-update
      Accept-Post:
      - text/turtle,text/rdf+n3,text/n3,application/rdf+xml,application/n-triples,multipart/form-data,application/sparql-update
      Allow:
      - MOVE,COPY,DELETE,POST,HEAD,GET,PUT,PATCH,OPTIONS
      Content-Type:
      - text/tab-separated-values
      Content-Length:
      - '0'
    body:
      encoding: UTF-8
      string: ''
    http_version: 
  recorded_at: Mon, 22 Jun 2015 22:49:01 GMT
- request:
    method: post
    uri: http://localhost:8983/fedora/rest/anno/anno_controller_create_specs
    body:
      encoding: UTF-8
      string: |
        @prefix ldp: <http://www.w3.org/ns/ldp#> .
        @prefix oa: <http://www.w3.org/ns/oa#> .
        @prefix rdf: <http://www.w3.org/1999/02/22-rdf-syntax-ns#> .

        <> a oa:Annotation,
             ldp:BasicContainer;
           oa:motivatedBy oa:commenting .
    headers:
      User-Agent:
      - Faraday v0.9.1
      Prefer:
      - return=respresentation; omit="http://fedora.info/definitions/v4/repository#ServerManaged"
      Content-Type:
      - application/x-turtle
      Accept-Encoding:
      - gzip;q=1.0,deflate;q=0.6,identity;q=0.3
      Accept:
      - "*/*"
  response:
    status:
      code: 201
      message: Created
    headers:
      Etag:
      - '"8b16a3d309aa52359fe971fcdc4344a5dd2ef8e7"'
      Last-Modified:
      - Mon, 22 Jun 2015 22:49:01 GMT
      Content-Length:
      - '116'
      Location:
      - http://localhost:8983/fedora/rest/anno/anno_controller_create_specs/fd/e0/ed/ea/fde0edea-494c-4b6b-a8e8-39aa701f234a
      Content-Type:
      - text/plain
    body:
      encoding: UTF-8
      string: http://localhost:8983/fedora/rest/anno/anno_controller_create_specs/fd/e0/ed/ea/fde0edea-494c-4b6b-a8e8-39aa701f234a
    http_version: 
  recorded_at: Mon, 22 Jun 2015 22:49:01 GMT
- request:
    method: post
    uri: http://localhost:8983/fedora/rest/anno/anno_controller_create_specs/fd/e0/ed/ea/fde0edea-494c-4b6b-a8e8-39aa701f234a
    body:
      encoding: UTF-8
      string: |
        @prefix ldp: <http://www.w3.org/ns/ldp#> .
        @prefix oa: <http://www.w3.org/ns/oa#> .
        @prefix rdf: <http://www.w3.org/1999/02/22-rdf-syntax-ns#> .

        <> a ldp:DirectContainer;
           ldp:hasMemberRelation oa:hasBody;
           ldp:membershipResource <http://localhost:8983/fedora/rest/anno/anno_controller_create_specs/fd/e0/ed/ea/fde0edea-494c-4b6b-a8e8-39aa701f234a> .
    headers:
      User-Agent:
      - Faraday v0.9.1
      Prefer:
      - return=respresentation; omit="http://fedora.info/definitions/v4/repository#ServerManaged"
      Content-Type:
      - application/x-turtle
      Slug:
      - b
      Accept-Encoding:
      - gzip;q=1.0,deflate;q=0.6,identity;q=0.3
      Accept:
      - "*/*"
  response:
    status:
      code: 201
      message: Created
    headers:
      Etag:
      - '"f97c7695a50718cacfa61ca320e92943bc8708a8"'
      Last-Modified:
      - Mon, 22 Jun 2015 22:49:01 GMT
      Content-Length:
      - '118'
      Location:
      - http://localhost:8983/fedora/rest/anno/anno_controller_create_specs/fd/e0/ed/ea/fde0edea-494c-4b6b-a8e8-39aa701f234a/b
      Content-Type:
      - text/plain
    body:
      encoding: UTF-8
      string: http://localhost:8983/fedora/rest/anno/anno_controller_create_specs/fd/e0/ed/ea/fde0edea-494c-4b6b-a8e8-39aa701f234a/b
    http_version: 
  recorded_at: Mon, 22 Jun 2015 22:49:01 GMT
- request:
    method: post
    uri: http://localhost:8983/fedora/rest/anno/anno_controller_create_specs/fd/e0/ed/ea/fde0edea-494c-4b6b-a8e8-39aa701f234a/b
    body:
      encoding: UTF-8
      string: |
        @prefix cnt: <http://www.w3.org/2011/content#> .
        @prefix dcmitype: <http://purl.org/dc/dcmitype/> .
        @prefix ldp: <http://www.w3.org/ns/ldp#> .
        @prefix rdf: <http://www.w3.org/1999/02/22-rdf-syntax-ns#> .
        @prefix xsd: <http://www.w3.org/2001/XMLSchema#> .

        <> a ldp:BasicContainer,
             cnt:ContentAsText,
             dcmitype:Text;
           cnt:chars "I love this!" .
    headers:
      User-Agent:
      - Faraday v0.9.1
      Prefer:
      - return=respresentation; omit="http://fedora.info/definitions/v4/repository#ServerManaged"
      Content-Type:
      - application/x-turtle
      Accept-Encoding:
      - gzip;q=1.0,deflate;q=0.6,identity;q=0.3
      Accept:
      - "*/*"
  response:
    status:
      code: 201
      message: Created
    headers:
      Etag:
      - '"3cf9ed13e2d0fe005e7471ccc5408dffa65dda0f"'
      Last-Modified:
      - Mon, 22 Jun 2015 22:49:01 GMT
      Content-Length:
      - '167'
      Location:
      - http://localhost:8983/fedora/rest/anno/anno_controller_create_specs/fd/e0/ed/ea/fde0edea-494c-4b6b-a8e8-39aa701f234a/b/10/d8/fd/eb/10d8fdeb-5a9d-4c43-9953-2b1e63d736e4
      Content-Type:
      - text/plain
    body:
      encoding: UTF-8
      string: http://localhost:8983/fedora/rest/anno/anno_controller_create_specs/fd/e0/ed/ea/fde0edea-494c-4b6b-a8e8-39aa701f234a/b/10/d8/fd/eb/10d8fdeb-5a9d-4c43-9953-2b1e63d736e4
    http_version: 
  recorded_at: Mon, 22 Jun 2015 22:49:01 GMT
- request:
    method: post
    uri: http://localhost:8983/fedora/rest/anno/anno_controller_create_specs/fd/e0/ed/ea/fde0edea-494c-4b6b-a8e8-39aa701f234a
    body:
      encoding: UTF-8
      string: |
        @prefix ldp: <http://www.w3.org/ns/ldp#> .
        @prefix oa: <http://www.w3.org/ns/oa#> .
        @prefix rdf: <http://www.w3.org/1999/02/22-rdf-syntax-ns#> .

        <> a ldp:DirectContainer;
           ldp:hasMemberRelation oa:hasTarget;
           ldp:membershipResource <http://localhost:8983/fedora/rest/anno/anno_controller_create_specs/fd/e0/ed/ea/fde0edea-494c-4b6b-a8e8-39aa701f234a> .
    headers:
      User-Agent:
      - Faraday v0.9.1
      Prefer:
      - return=respresentation; omit="http://fedora.info/definitions/v4/repository#ServerManaged"
      Content-Type:
      - application/x-turtle
      Slug:
      - t
      Accept-Encoding:
      - gzip;q=1.0,deflate;q=0.6,identity;q=0.3
      Accept:
      - "*/*"
  response:
    status:
      code: 201
      message: Created
    headers:
      Etag:
      - '"fcb1d94368e762e4b5a231e8908b27fbfd1f67dc"'
      Last-Modified:
      - Mon, 22 Jun 2015 22:49:01 GMT
      Content-Length:
      - '118'
      Location:
      - http://localhost:8983/fedora/rest/anno/anno_controller_create_specs/fd/e0/ed/ea/fde0edea-494c-4b6b-a8e8-39aa701f234a/t
      Content-Type:
      - text/plain
    body:
      encoding: UTF-8
      string: http://localhost:8983/fedora/rest/anno/anno_controller_create_specs/fd/e0/ed/ea/fde0edea-494c-4b6b-a8e8-39aa701f234a/t
    http_version: 
  recorded_at: Mon, 22 Jun 2015 22:49:01 GMT
- request:
    method: post
    uri: http://localhost:8983/fedora/rest/anno/anno_controller_create_specs/fd/e0/ed/ea/fde0edea-494c-4b6b-a8e8-39aa701f234a/t
    body:
      encoding: UTF-8
      string: |
        @prefix ldp: <http://www.w3.org/ns/ldp#> .
        @prefix rdf: <http://www.w3.org/1999/02/22-rdf-syntax-ns#> .
        @prefix triannon: <http://triannon.stanford.edu/ns/> .

        <> a ldp:BasicContainer;
           triannon:externalReference <http://purl.stanford.edu/kq131cs7229> .
    headers:
      User-Agent:
      - Faraday v0.9.1
      Prefer:
      - return=respresentation; omit="http://fedora.info/definitions/v4/repository#ServerManaged"
      Content-Type:
      - application/x-turtle
      Accept-Encoding:
      - gzip;q=1.0,deflate;q=0.6,identity;q=0.3
      Accept:
      - "*/*"
  response:
    status:
      code: 201
      message: Created
    headers:
      Etag:
      - '"0a33f66757dbf1ea2711b8274ccf2ad52db6cd04"'
      Last-Modified:
      - Mon, 22 Jun 2015 22:49:01 GMT
      Content-Length:
      - '167'
      Location:
      - http://localhost:8983/fedora/rest/anno/anno_controller_create_specs/fd/e0/ed/ea/fde0edea-494c-4b6b-a8e8-39aa701f234a/t/da/95/33/ba/da9533ba-2cd3-4070-87e2-53ac326f2b3b
      Content-Type:
      - text/plain
    body:
      encoding: UTF-8
      string: http://localhost:8983/fedora/rest/anno/anno_controller_create_specs/fd/e0/ed/ea/fde0edea-494c-4b6b-a8e8-39aa701f234a/t/da/95/33/ba/da9533ba-2cd3-4070-87e2-53ac326f2b3b
    http_version: 
  recorded_at: Mon, 22 Jun 2015 22:49:01 GMT
- request:
    method: get
    uri: http://localhost:8983/fedora/rest/anno/anno_controller_create_specs/fd/e0/ed/ea/fde0edea-494c-4b6b-a8e8-39aa701f234a
    body:
      encoding: US-ASCII
      string: ''
    headers:
      User-Agent:
      - Faraday v0.9.1
      Prefer:
      - return=respresentation; omit="http://fedora.info/definitions/v4/repository#ServerManaged"
      Accept:
      - application/x-turtle
      Accept-Encoding:
      - gzip;q=1.0,deflate;q=0.6,identity;q=0.3
  response:
    status:
      code: 200
      message: OK
    headers:
      Etag:
      - '"009b5277ff8140f2cdf691a9ebbdaa0d630b58a1"'
      Last-Modified:
      - Mon, 22 Jun 2015 22:49:01 GMT
      Link:
      - <http://www.w3.org/ns/ldp#BasicContainer>;rel="type"
      - <http://www.w3.org/ns/ldp#Container>;rel="type"
      - <http://www.w3.org/ns/ldp#Resource>;rel="type"
      Accept-Patch:
      - application/sparql-update
      Accept-Post:
      - text/turtle,text/rdf+n3,text/n3,application/rdf+xml,application/n-triples,multipart/form-data,application/sparql-update
      Allow:
      - MOVE,COPY,DELETE,POST,HEAD,GET,PUT,PATCH,OPTIONS
      Preference-Applied:
      - return=representation
      Vary:
      - Accept, Range, Accept-Encoding, Accept-Language
      - Prefer
      Content-Length:
      - '1900'
      Content-Type:
      - application/x-turtle
    body:
      encoding: UTF-8
      string: "@prefix premis: <http://www.loc.gov/premis/rdf/v1#> .\n@prefix image:
        <http://www.modeshape.org/images/1.0> .\n@prefix sv: <http://www.jcp.org/jcr/sv/1.0>
        .\n@prefix test: <info:fedora/test/> .\n@prefix nt: <http://www.jcp.org/jcr/nt/1.0>
        .\n@prefix cnt: <http://www.w3.org/2011/content#> .\n@prefix dcmitype: <http://purl.org/dc/dcmitype/>
        .\n@prefix rdfs: <http://www.w3.org/2000/01/rdf-schema#> .\n@prefix xsi: <http://www.w3.org/2001/XMLSchema-instance>
        .\n@prefix mode: <http://www.modeshape.org/1.0> .\n@prefix oa: <http://www.w3.org/ns/oa#>
        .\n@prefix triannon: <http://triannon.stanford.edu/ns/> .\n@prefix rdf: <http://www.w3.org/1999/02/22-rdf-syntax-ns#>
        .\n@prefix fedora: <http://fedora.info/definitions/v4/repository#> .\n@prefix
        xml: <http://www.w3.org/XML/1998/namespace> .\n@prefix ldp: <http://www.w3.org/ns/ldp#>
        .\n@prefix xs: <http://www.w3.org/2001/XMLSchema> .\n@prefix fedoraconfig:
        <http://fedora.info/definitions/v4/config#> .\n@prefix mix: <http://www.jcp.org/jcr/mix/1.0>
        .\n@prefix foaf: <http://xmlns.com/foaf/0.1/> .\n@prefix dc: <http://purl.org/dc/elements/1.1/>
        .\n\n\n<http://localhost:8983/fedora/rest/anno/anno_controller_create_specs/fd/e0/ed/ea/fde0edea-494c-4b6b-a8e8-39aa701f234a>
        a oa:Annotation , ldp:BasicContainer ;\n\toa:motivatedBy oa:commenting ;\n\tldp:contains
        <http://localhost:8983/fedora/rest/anno/anno_controller_create_specs/fd/e0/ed/ea/fde0edea-494c-4b6b-a8e8-39aa701f234a/b>
        , <http://localhost:8983/fedora/rest/anno/anno_controller_create_specs/fd/e0/ed/ea/fde0edea-494c-4b6b-a8e8-39aa701f234a/t>
        ;\n\toa:hasBody <http://localhost:8983/fedora/rest/anno/anno_controller_create_specs/fd/e0/ed/ea/fde0edea-494c-4b6b-a8e8-39aa701f234a/b/10/d8/fd/eb/10d8fdeb-5a9d-4c43-9953-2b1e63d736e4>
        ;\n\toa:hasTarget <http://localhost:8983/fedora/rest/anno/anno_controller_create_specs/fd/e0/ed/ea/fde0edea-494c-4b6b-a8e8-39aa701f234a/t/da/95/33/ba/da9533ba-2cd3-4070-87e2-53ac326f2b3b>
        .\n"
    http_version: 
  recorded_at: Mon, 22 Jun 2015 22:49:01 GMT
- request:
    method: get
    uri: http://localhost:8983/fedora/rest/anno/anno_controller_create_specs/fd/e0/ed/ea/fde0edea-494c-4b6b-a8e8-39aa701f234a/b/10/d8/fd/eb/10d8fdeb-5a9d-4c43-9953-2b1e63d736e4
    body:
      encoding: US-ASCII
      string: ''
    headers:
      User-Agent:
      - Faraday v0.9.1
      Prefer:
      - return=respresentation; omit="http://fedora.info/definitions/v4/repository#ServerManaged"
      Accept:
      - application/x-turtle
      Accept-Encoding:
      - gzip;q=1.0,deflate;q=0.6,identity;q=0.3
  response:
    status:
      code: 200
      message: OK
    headers:
      Etag:
      - '"3cf9ed13e2d0fe005e7471ccc5408dffa65dda0f"'
      Last-Modified:
      - Mon, 22 Jun 2015 22:49:01 GMT
      Link:
      - <http://www.w3.org/ns/ldp#BasicContainer>;rel="type"
      - <http://www.w3.org/ns/ldp#Container>;rel="type"
      - <http://www.w3.org/ns/ldp#Resource>;rel="type"
      Accept-Patch:
      - application/sparql-update
      Accept-Post:
      - text/turtle,text/rdf+n3,text/n3,application/rdf+xml,application/n-triples,multipart/form-data,application/sparql-update
      Allow:
      - MOVE,COPY,DELETE,POST,HEAD,GET,PUT,PATCH,OPTIONS
      Preference-Applied:
      - return=representation
      Vary:
      - Accept, Range, Accept-Encoding, Accept-Language
      - Prefer
      Content-Length:
      - '1380'
      Content-Type:
      - application/x-turtle
    body:
      encoding: UTF-8
      string: "@prefix premis: <http://www.loc.gov/premis/rdf/v1#> .\n@prefix image:
        <http://www.modeshape.org/images/1.0> .\n@prefix sv: <http://www.jcp.org/jcr/sv/1.0>
        .\n@prefix test: <info:fedora/test/> .\n@prefix nt: <http://www.jcp.org/jcr/nt/1.0>
        .\n@prefix cnt: <http://www.w3.org/2011/content#> .\n@prefix dcmitype: <http://purl.org/dc/dcmitype/>
        .\n@prefix rdfs: <http://www.w3.org/2000/01/rdf-schema#> .\n@prefix xsi: <http://www.w3.org/2001/XMLSchema-instance>
        .\n@prefix mode: <http://www.modeshape.org/1.0> .\n@prefix oa: <http://www.w3.org/ns/oa#>
        .\n@prefix triannon: <http://triannon.stanford.edu/ns/> .\n@prefix rdf: <http://www.w3.org/1999/02/22-rdf-syntax-ns#>
        .\n@prefix fedora: <http://fedora.info/definitions/v4/repository#> .\n@prefix
        xml: <http://www.w3.org/XML/1998/namespace> .\n@prefix ldp: <http://www.w3.org/ns/ldp#>
        .\n@prefix xs: <http://www.w3.org/2001/XMLSchema> .\n@prefix fedoraconfig:
        <http://fedora.info/definitions/v4/config#> .\n@prefix mix: <http://www.jcp.org/jcr/mix/1.0>
        .\n@prefix foaf: <http://xmlns.com/foaf/0.1/> .\n@prefix dc: <http://purl.org/dc/elements/1.1/>
        .\n\n\n<http://localhost:8983/fedora/rest/anno/anno_controller_create_specs/fd/e0/ed/ea/fde0edea-494c-4b6b-a8e8-39aa701f234a/b/10/d8/fd/eb/10d8fdeb-5a9d-4c43-9953-2b1e63d736e4>
        a dcmitype:Text , ldp:BasicContainer , cnt:ContentAsText ;\n\tcnt:chars \"I
        love this!\"^^<http://www.w3.org/2001/XMLSchema#string> .\n"
    http_version: 
  recorded_at: Mon, 22 Jun 2015 22:49:01 GMT
- request:
    method: get
    uri: http://localhost:8983/fedora/rest/anno/anno_controller_create_specs/fd/e0/ed/ea/fde0edea-494c-4b6b-a8e8-39aa701f234a/t/da/95/33/ba/da9533ba-2cd3-4070-87e2-53ac326f2b3b
    body:
      encoding: US-ASCII
      string: ''
    headers:
      User-Agent:
      - Faraday v0.9.1
      Prefer:
      - return=respresentation; omit="http://fedora.info/definitions/v4/repository#ServerManaged"
      Accept:
      - application/x-turtle
      Accept-Encoding:
      - gzip;q=1.0,deflate;q=0.6,identity;q=0.3
  response:
    status:
      code: 200
      message: OK
    headers:
      Etag:
      - '"0a33f66757dbf1ea2711b8274ccf2ad52db6cd04"'
      Last-Modified:
      - Mon, 22 Jun 2015 22:49:01 GMT
      Link:
      - <http://www.w3.org/ns/ldp#BasicContainer>;rel="type"
      - <http://www.w3.org/ns/ldp#Container>;rel="type"
      - <http://www.w3.org/ns/ldp#Resource>;rel="type"
      Accept-Patch:
      - application/sparql-update
      Accept-Post:
      - text/turtle,text/rdf+n3,text/n3,application/rdf+xml,application/n-triples,multipart/form-data,application/sparql-update
      Allow:
      - MOVE,COPY,DELETE,POST,HEAD,GET,PUT,PATCH,OPTIONS
      Preference-Applied:
      - return=representation
      Vary:
      - Accept, Range, Accept-Encoding, Accept-Language
      - Prefer
      Content-Length:
      - '1342'
      Content-Type:
      - application/x-turtle
    body:
      encoding: UTF-8
      string: "@prefix premis: <http://www.loc.gov/premis/rdf/v1#> .\n@prefix image:
        <http://www.modeshape.org/images/1.0> .\n@prefix sv: <http://www.jcp.org/jcr/sv/1.0>
        .\n@prefix test: <info:fedora/test/> .\n@prefix nt: <http://www.jcp.org/jcr/nt/1.0>
        .\n@prefix cnt: <http://www.w3.org/2011/content#> .\n@prefix dcmitype: <http://purl.org/dc/dcmitype/>
        .\n@prefix rdfs: <http://www.w3.org/2000/01/rdf-schema#> .\n@prefix xsi: <http://www.w3.org/2001/XMLSchema-instance>
        .\n@prefix mode: <http://www.modeshape.org/1.0> .\n@prefix oa: <http://www.w3.org/ns/oa#>
        .\n@prefix triannon: <http://triannon.stanford.edu/ns/> .\n@prefix rdf: <http://www.w3.org/1999/02/22-rdf-syntax-ns#>
        .\n@prefix fedora: <http://fedora.info/definitions/v4/repository#> .\n@prefix
        xml: <http://www.w3.org/XML/1998/namespace> .\n@prefix ldp: <http://www.w3.org/ns/ldp#>
        .\n@prefix xs: <http://www.w3.org/2001/XMLSchema> .\n@prefix fedoraconfig:
        <http://fedora.info/definitions/v4/config#> .\n@prefix mix: <http://www.jcp.org/jcr/mix/1.0>
        .\n@prefix foaf: <http://xmlns.com/foaf/0.1/> .\n@prefix dc: <http://purl.org/dc/elements/1.1/>
        .\n\n\n<http://localhost:8983/fedora/rest/anno/anno_controller_create_specs/fd/e0/ed/ea/fde0edea-494c-4b6b-a8e8-39aa701f234a/t/da/95/33/ba/da9533ba-2cd3-4070-87e2-53ac326f2b3b>
        a ldp:BasicContainer ;\n\ttriannon:externalReference <http://purl.stanford.edu/kq131cs7229>
        .\n"
    http_version: 
  recorded_at: Mon, 22 Jun 2015 22:49:01 GMT
- request:
    method: post
    uri: http://localhost:8983/solr/triannon/update?wt=ruby
    body:
      encoding: UTF-8
      string: <?xml version="1.0" encoding="UTF-8"?><add commitWithin="500"><doc><field
        name="id">anno_controller_create_specs/fd/e0/ed/ea/fde0edea-494c-4b6b-a8e8-39aa701f234a</field><field
        name="root">anno_controller_create_specs</field><field name="motivation">commenting</field><field
        name="target_url">http://purl.stanford.edu/kq131cs7229</field><field name="target_type">external_URI</field><field
        name="body_type">content_as_text</field><field name="body_chars_exact">I love
        this!</field><field name="anno_jsonld">{"@context":"http://www.w3.org/ns/oa-context-20130208.json","@graph":[{"@id":"_:g69822365658820","@type":["dctypes:Text","cnt:ContentAsText"],"chars":"I
        love this!"},{"@id":"http://your.triannon-server.com/annotations/anno_controller_create_specs/fd/e0/ed/ea/fde0edea-494c-4b6b-a8e8-39aa701f234a","@type":"oa:Annotation","hasBody":"_:g69822365658820","hasTarget":"http://purl.stanford.edu/kq131cs7229","motivatedBy":"oa:commenting"}]}</field></doc></add>
    headers:
      Content-Type:
      - text/xml
  response:
    status:
      code: 200
      message: OK
    headers:
      Content-Type:
      - text/plain;charset=UTF-8
      Transfer-Encoding:
      - chunked
    body:
      encoding: UTF-8
      string: |
        {'responseHeader'=>{'status'=>0,'QTime'=>3}}
    http_version: 
  recorded_at: Mon, 22 Jun 2015 22:49:01 GMT
recorded_with: VCR 2.9.3
