---
http_interactions:
- request:
    method: head
    uri: http://localhost:8983/fedora/rest/anno/ldpwinstancespec
    body:
      encoding: US-ASCII
      string: ''
    headers:
      User-Agent:
      - Faraday v0.9.1
      Accept:
      - "*/*"
  response:
    status:
      code: 200
      message: OK
    headers:
      Etag:
      - '"7402471d09b559bd16e835ef7102998c63305d15"'
      Last-Modified:
      - Fri, 26 Jun 2015 16:56:38 GMT
      Link:
      - <http://www.w3.org/ns/ldp#BasicContainer>;rel="type"
      - <http://www.w3.org/ns/ldp#Container>;rel="type"
      - <http://www.w3.org/ns/ldp#Resource>;rel="type"
      Accept-Patch:
      - application/sparql-update
      Accept-Post:
      - text/turtle,text/rdf+n3,text/n3,application/rdf+xml,application/n-triples,multipart/form-data,application/sparql-update
      Allow:
      - MOVE,COPY,DELETE,POST,HEAD,GET,PUT,PATCH,OPTIONS
      Content-Type:
      - text/tab-separated-values
      Content-Length:
      - '0'
    body:
      encoding: UTF-8
      string: ''
    http_version: 
  recorded_at: Fri, 26 Jun 2015 16:56:38 GMT
- request:
    method: post
    uri: http://localhost:8983/fedora/rest/anno/ldpwinstancespec
    body:
      encoding: UTF-8
      string: |
        @prefix ldp: <http://www.w3.org/ns/ldp#> .
        @prefix oa: <http://www.w3.org/ns/oa#> .
        @prefix rdf: <http://www.w3.org/1999/02/22-rdf-syntax-ns#> .

        <> a oa:Annotation,
             ldp:BasicContainer;
           oa:motivatedBy oa:commenting .
    headers:
      User-Agent:
      - Faraday v0.9.1
      Prefer:
      - return=respresentation; omit="http://fedora.info/definitions/v4/repository#ServerManaged"
      Content-Type:
      - application/x-turtle
      Accept-Encoding:
      - gzip;q=1.0,deflate;q=0.6,identity;q=0.3
      Accept:
      - "*/*"
  response:
    status:
      code: 201
      message: Created
    headers:
      Etag:
      - '"324f7d6b43535b472294514b847f7f8b6129993e"'
      Last-Modified:
      - Fri, 26 Jun 2015 16:56:38 GMT
      Content-Length:
      - '104'
      Location:
      - http://localhost:8983/fedora/rest/anno/ldpwinstancespec/3e/d8/df/43/3ed8df43-b316-43fc-b7d8-16e6623b7ead
      Content-Type:
      - text/plain
    body:
      encoding: UTF-8
      string: http://localhost:8983/fedora/rest/anno/ldpwinstancespec/3e/d8/df/43/3ed8df43-b316-43fc-b7d8-16e6623b7ead
    http_version: 
  recorded_at: Fri, 26 Jun 2015 16:56:38 GMT
- request:
    method: post
    uri: http://localhost:8983/fedora/rest/anno/ldpwinstancespec/3e/d8/df/43/3ed8df43-b316-43fc-b7d8-16e6623b7ead
    body:
      encoding: UTF-8
      string: |
        @prefix ldp: <http://www.w3.org/ns/ldp#> .
        @prefix oa: <http://www.w3.org/ns/oa#> .
        @prefix rdf: <http://www.w3.org/1999/02/22-rdf-syntax-ns#> .

        <> a ldp:DirectContainer;
           ldp:hasMemberRelation oa:hasBody;
           ldp:membershipResource <http://localhost:8983/fedora/rest/anno/ldpwinstancespec/3e/d8/df/43/3ed8df43-b316-43fc-b7d8-16e6623b7ead> .
    headers:
      User-Agent:
      - Faraday v0.9.1
      Prefer:
      - return=respresentation; omit="http://fedora.info/definitions/v4/repository#ServerManaged"
      Content-Type:
      - application/x-turtle
      Slug:
      - b
      Accept-Encoding:
      - gzip;q=1.0,deflate;q=0.6,identity;q=0.3
      Accept:
      - "*/*"
  response:
    status:
      code: 201
      message: Created
    headers:
      Etag:
      - '"ef7b30e39d2550a3209546ab2132c2b4126656a3"'
      Last-Modified:
      - Fri, 26 Jun 2015 16:56:38 GMT
      Content-Length:
      - '106'
      Location:
      - http://localhost:8983/fedora/rest/anno/ldpwinstancespec/3e/d8/df/43/3ed8df43-b316-43fc-b7d8-16e6623b7ead/b
      Content-Type:
      - text/plain
    body:
      encoding: UTF-8
      string: http://localhost:8983/fedora/rest/anno/ldpwinstancespec/3e/d8/df/43/3ed8df43-b316-43fc-b7d8-16e6623b7ead/b
    http_version: 
  recorded_at: Fri, 26 Jun 2015 16:56:38 GMT
- request:
    method: post
    uri: http://localhost:8983/fedora/rest/anno/ldpwinstancespec/3e/d8/df/43/3ed8df43-b316-43fc-b7d8-16e6623b7ead/b
    body:
      encoding: UTF-8
      string: |
        @prefix cnt: <http://www.w3.org/2011/content#> .
        @prefix dcmitype: <http://purl.org/dc/dcmitype/> .
        @prefix ldp: <http://www.w3.org/ns/ldp#> .
        @prefix rdf: <http://www.w3.org/1999/02/22-rdf-syntax-ns#> .
        @prefix xsd: <http://www.w3.org/2001/XMLSchema#> .

        <> a ldp:BasicContainer,
             cnt:ContentAsText,
             dcmitype:Text;
           cnt:chars "I love this!" .
    headers:
      User-Agent:
      - Faraday v0.9.1
      Prefer:
      - return=respresentation; omit="http://fedora.info/definitions/v4/repository#ServerManaged"
      Content-Type:
      - application/x-turtle
      Accept-Encoding:
      - gzip;q=1.0,deflate;q=0.6,identity;q=0.3
      Accept:
      - "*/*"
  response:
    status:
      code: 201
      message: Created
    headers:
      Etag:
      - '"0bec0bf7e5cb81b3a696b2cf29d593b344d1839c"'
      Last-Modified:
      - Fri, 26 Jun 2015 16:56:38 GMT
      Content-Length:
      - '155'
      Location:
      - http://localhost:8983/fedora/rest/anno/ldpwinstancespec/3e/d8/df/43/3ed8df43-b316-43fc-b7d8-16e6623b7ead/b/8e/2d/f0/f1/8e2df0f1-0bdd-4651-ace0-1115c808c056
      Content-Type:
      - text/plain
    body:
      encoding: UTF-8
      string: http://localhost:8983/fedora/rest/anno/ldpwinstancespec/3e/d8/df/43/3ed8df43-b316-43fc-b7d8-16e6623b7ead/b/8e/2d/f0/f1/8e2df0f1-0bdd-4651-ace0-1115c808c056
    http_version: 
  recorded_at: Fri, 26 Jun 2015 16:56:38 GMT
- request:
    method: post
    uri: http://localhost:8983/fedora/rest/anno/ldpwinstancespec/3e/d8/df/43/3ed8df43-b316-43fc-b7d8-16e6623b7ead
    body:
      encoding: UTF-8
      string: |
        @prefix ldp: <http://www.w3.org/ns/ldp#> .
        @prefix oa: <http://www.w3.org/ns/oa#> .
        @prefix rdf: <http://www.w3.org/1999/02/22-rdf-syntax-ns#> .

        <> a ldp:DirectContainer;
           ldp:hasMemberRelation oa:hasTarget;
           ldp:membershipResource <http://localhost:8983/fedora/rest/anno/ldpwinstancespec/3e/d8/df/43/3ed8df43-b316-43fc-b7d8-16e6623b7ead> .
    headers:
      User-Agent:
      - Faraday v0.9.1
      Prefer:
      - return=respresentation; omit="http://fedora.info/definitions/v4/repository#ServerManaged"
      Content-Type:
      - application/x-turtle
      Slug:
      - t
      Accept-Encoding:
      - gzip;q=1.0,deflate;q=0.6,identity;q=0.3
      Accept:
      - "*/*"
  response:
    status:
      code: 201
      message: Created
    headers:
      Etag:
      - '"6da1ae8d4734f5b3b6f643b00429da5d0c898b02"'
      Last-Modified:
      - Fri, 26 Jun 2015 16:56:38 GMT
      Content-Length:
      - '106'
      Location:
      - http://localhost:8983/fedora/rest/anno/ldpwinstancespec/3e/d8/df/43/3ed8df43-b316-43fc-b7d8-16e6623b7ead/t
      Content-Type:
      - text/plain
    body:
      encoding: UTF-8
      string: http://localhost:8983/fedora/rest/anno/ldpwinstancespec/3e/d8/df/43/3ed8df43-b316-43fc-b7d8-16e6623b7ead/t
    http_version: 
  recorded_at: Fri, 26 Jun 2015 16:56:38 GMT
- request:
    method: post
    uri: http://localhost:8983/fedora/rest/anno/ldpwinstancespec/3e/d8/df/43/3ed8df43-b316-43fc-b7d8-16e6623b7ead/t
    body:
      encoding: UTF-8
      string: |
        @prefix ldp: <http://www.w3.org/ns/ldp#> .
        @prefix rdf: <http://www.w3.org/1999/02/22-rdf-syntax-ns#> .
        @prefix triannon: <http://triannon.stanford.edu/ns/> .

        <> a ldp:BasicContainer;
           triannon:externalReference <http://purl.stanford.edu/kq666cs7229> .
    headers:
      User-Agent:
      - Faraday v0.9.1
      Prefer:
      - return=respresentation; omit="http://fedora.info/definitions/v4/repository#ServerManaged"
      Content-Type:
      - application/x-turtle
      Accept-Encoding:
      - gzip;q=1.0,deflate;q=0.6,identity;q=0.3
      Accept:
      - "*/*"
  response:
    status:
      code: 201
      message: Created
    headers:
      Etag:
      - '"b419c32cab61450034fb198065f9e3f6a3d06200"'
      Last-Modified:
      - Fri, 26 Jun 2015 16:56:38 GMT
      Content-Length:
      - '155'
      Location:
      - http://localhost:8983/fedora/rest/anno/ldpwinstancespec/3e/d8/df/43/3ed8df43-b316-43fc-b7d8-16e6623b7ead/t/70/c1/2b/06/70c12b06-0b1b-420f-b151-a112da139fe5
      Content-Type:
      - text/plain
    body:
      encoding: UTF-8
      string: http://localhost:8983/fedora/rest/anno/ldpwinstancespec/3e/d8/df/43/3ed8df43-b316-43fc-b7d8-16e6623b7ead/t/70/c1/2b/06/70c12b06-0b1b-420f-b151-a112da139fe5
    http_version: 
  recorded_at: Fri, 26 Jun 2015 16:56:38 GMT
- request:
    method: get
    uri: http://localhost:8983/fedora/rest/anno/ldpwinstancespec/3e/d8/df/43/3ed8df43-b316-43fc-b7d8-16e6623b7ead
    body:
      encoding: US-ASCII
      string: ''
    headers:
      User-Agent:
      - Faraday v0.9.1
      Prefer:
      - return=respresentation; omit="http://fedora.info/definitions/v4/repository#ServerManaged"
      Accept:
      - application/x-turtle
      Accept-Encoding:
      - gzip;q=1.0,deflate;q=0.6,identity;q=0.3
  response:
    status:
      code: 200
      message: OK
    headers:
      Etag:
      - '"03aa374b0c40a87608b85d1a4fbc5f86dde8949d"'
      Last-Modified:
      - Fri, 26 Jun 2015 16:56:38 GMT
      Link:
      - <http://www.w3.org/ns/ldp#BasicContainer>;rel="type"
      - <http://www.w3.org/ns/ldp#Container>;rel="type"
      - <http://www.w3.org/ns/ldp#Resource>;rel="type"
      Accept-Patch:
      - application/sparql-update
      Accept-Post:
      - text/turtle,text/rdf+n3,text/n3,application/rdf+xml,application/n-triples,multipart/form-data,application/sparql-update
      Allow:
      - MOVE,COPY,DELETE,POST,HEAD,GET,PUT,PATCH,OPTIONS
      Preference-Applied:
      - return=representation
      Vary:
      - Accept, Range, Accept-Encoding, Accept-Language
      - Prefer
      Content-Length:
      - '1929'
      Content-Type:
      - application/x-turtle
    body:
      encoding: UTF-8
      string: "@prefix premis: <http://www.loc.gov/premis/rdf/v1#> .\n@prefix nt:
        <http://www.jcp.org/jcr/nt/1.0> .\n@prefix rdfs: <http://www.w3.org/2000/01/rdf-schema#>
        .\n@prefix xsi: <http://www.w3.org/2001/XMLSchema-instance> .\n@prefix mode:
        <http://www.modeshape.org/1.0> .\n@prefix oa: <http://www.w3.org/ns/oa#> .\n@prefix
        xml: <http://www.w3.org/XML/1998/namespace> .\n@prefix fedoraconfig: <http://fedora.info/definitions/v4/config#>
        .\n@prefix mix: <http://www.jcp.org/jcr/mix/1.0> .\n@prefix prov: <http://www.w3.org/ns/prov#>
        .\n@prefix foaf: <http://xmlns.com/foaf/0.1/> .\n@prefix image: <http://www.modeshape.org/images/1.0>
        .\n@prefix sv: <http://www.jcp.org/jcr/sv/1.0> .\n@prefix test: <info:fedora/test/>
        .\n@prefix cnt: <http://www.w3.org/2011/content#> .\n@prefix dcmitype: <http://purl.org/dc/dcmitype/>
        .\n@prefix dc11: <http://purl.org/dc/elements/1.1/> .\n@prefix triannon: <http://triannon.stanford.edu/ns/>
        .\n@prefix rdf: <http://www.w3.org/1999/02/22-rdf-syntax-ns#> .\n@prefix fedora:
        <http://fedora.info/definitions/v4/repository#> .\n@prefix ldp: <http://www.w3.org/ns/ldp#>
        .\n@prefix xs: <http://www.w3.org/2001/XMLSchema> .\n@prefix dc: <http://purl.org/dc/terms/>
        .\n\n\n<http://localhost:8983/fedora/rest/anno/ldpwinstancespec/3e/d8/df/43/3ed8df43-b316-43fc-b7d8-16e6623b7ead>
        a oa:Annotation , ldp:BasicContainer ;\n\toa:motivatedBy oa:commenting ;\n\tldp:contains
        <http://localhost:8983/fedora/rest/anno/ldpwinstancespec/3e/d8/df/43/3ed8df43-b316-43fc-b7d8-16e6623b7ead/b>
        , <http://localhost:8983/fedora/rest/anno/ldpwinstancespec/3e/d8/df/43/3ed8df43-b316-43fc-b7d8-16e6623b7ead/t>
        ;\n\toa:hasTarget <http://localhost:8983/fedora/rest/anno/ldpwinstancespec/3e/d8/df/43/3ed8df43-b316-43fc-b7d8-16e6623b7ead/t/70/c1/2b/06/70c12b06-0b1b-420f-b151-a112da139fe5>
        ;\n\toa:hasBody <http://localhost:8983/fedora/rest/anno/ldpwinstancespec/3e/d8/df/43/3ed8df43-b316-43fc-b7d8-16e6623b7ead/b/8e/2d/f0/f1/8e2df0f1-0bdd-4651-ace0-1115c808c056>
        .\n"
    http_version: 
  recorded_at: Fri, 26 Jun 2015 16:56:38 GMT
- request:
    method: delete
    uri: http://localhost:8983/fedora/rest/anno/ldpwinstancespec/3e/d8/df/43/3ed8df43-b316-43fc-b7d8-16e6623b7ead/b
    body:
      encoding: US-ASCII
      string: ''
    headers:
      User-Agent:
      - Faraday v0.9.1
      Prefer:
      - return=respresentation; omit="http://fedora.info/definitions/v4/repository#ServerManaged"
      Accept-Encoding:
      - gzip;q=1.0,deflate;q=0.6,identity;q=0.3
      Accept:
      - "*/*"
  response:
    status:
      code: 204
      message: No Content
    headers: {}
    body:
      encoding: UTF-8
      string: ''
    http_version: 
  recorded_at: Fri, 26 Jun 2015 16:56:38 GMT
- request:
    method: get
    uri: http://localhost:8983/fedora/rest/anno/ldpwinstancespec/3e/d8/df/43/3ed8df43-b316-43fc-b7d8-16e6623b7ead/b/8e/2d/f0/f1/8e2df0f1-0bdd-4651-ace0-1115c808c056
    body:
      encoding: US-ASCII
      string: ''
    headers:
      User-Agent:
      - Faraday v0.9.1
      Accept-Encoding:
      - gzip;q=1.0,deflate;q=0.6,identity;q=0.3
      Accept:
      - "*/*"
  response:
    status:
      code: 410
      message: Gone
    headers:
      Content-Length:
      - '211'
      Content-Type:
      - text/turtle
    body:
      encoding: UTF-8
      string: Discovered tombstone resource at /anno/ldpwinstancespec/3e/d8/df/43/3ed8df43-b316-43fc-b7d8-16e6623b7ead/b
        {jcr:createdBy=bypassAdmin, jcr:primaryType=fedora:Tombstone, jcr:created=2015-06-26T09:56:38.781-07:00}
    http_version: 
  recorded_at: Fri, 26 Jun 2015 16:56:38 GMT
recorded_with: VCR 2.9.3
