---
http_interactions:
- request:
    method: head
    uri: http://localhost:8983/fedora/rest/anno/ldpwinstancespec
    body:
      encoding: US-ASCII
      string: ''
    headers:
      User-Agent:
      - Faraday v0.9.1
      Accept:
      - "*/*"
  response:
    status:
      code: 200
      message: OK
    headers:
      Etag:
      - '"26a1ef1e9bfa23d1d6791ba5d4ef6150f9d7354b"'
      Last-Modified:
      - Wed, 08 Jul 2015 23:16:35 GMT
      Link:
      - <http://www.w3.org/ns/ldp#BasicContainer>;rel="type"
      - <http://www.w3.org/ns/ldp#Container>;rel="type"
      - <http://www.w3.org/ns/ldp#Resource>;rel="type"
      Accept-Patch:
      - application/sparql-update
      Accept-Post:
      - text/turtle,text/rdf+n3,text/n3,application/rdf+xml,application/n-triples,multipart/form-data,application/sparql-update
      Allow:
      - MOVE,COPY,DELETE,POST,HEAD,GET,PUT,PATCH,OPTIONS
      Content-Type:
      - text/tab-separated-values
      Content-Length:
      - '0'
    body:
      encoding: UTF-8
      string: ''
    http_version: 
  recorded_at: Wed, 08 Jul 2015 23:16:35 GMT
- request:
    method: post
    uri: http://localhost:8983/fedora/rest/anno/ldpwinstancespec
    body:
      encoding: UTF-8
      string: |
        @prefix ldp: <http://www.w3.org/ns/ldp#> .
        @prefix oa: <http://www.w3.org/ns/oa#> .
        @prefix rdf: <http://www.w3.org/1999/02/22-rdf-syntax-ns#> .

        <> a oa:Annotation,
             ldp:BasicContainer;
           oa:motivatedBy oa:commenting .
    headers:
      User-Agent:
      - Faraday v0.9.1
      Prefer:
      - return=respresentation; omit="http://fedora.info/definitions/v4/repository#ServerManaged"
      Content-Type:
      - application/x-turtle
      Accept-Encoding:
      - gzip;q=1.0,deflate;q=0.6,identity;q=0.3
      Accept:
      - "*/*"
  response:
    status:
      code: 201
      message: Created
    headers:
      Etag:
      - '"cb426ec2fba587f39b9d9941be3576accb50649e"'
      Last-Modified:
      - Wed, 08 Jul 2015 23:16:35 GMT
      Content-Length:
      - '104'
      Location:
      - http://localhost:8983/fedora/rest/anno/ldpwinstancespec/5f/c6/42/cc/5fc642cc-28c5-41aa-99a7-78a247d3fbbf
      Content-Type:
      - text/plain
    body:
      encoding: UTF-8
      string: http://localhost:8983/fedora/rest/anno/ldpwinstancespec/5f/c6/42/cc/5fc642cc-28c5-41aa-99a7-78a247d3fbbf
    http_version: 
  recorded_at: Wed, 08 Jul 2015 23:16:35 GMT
- request:
    method: delete
    uri: http://localhost:8983/fedora/rest/anno/ldpwinstancespec/5f/c6/42/cc/5fc642cc-28c5-41aa-99a7-78a247d3fbbf
    body:
      encoding: US-ASCII
      string: ''
    headers:
      User-Agent:
      - Faraday v0.9.1
      Prefer:
      - return=respresentation; omit="http://fedora.info/definitions/v4/repository#ServerManaged"
      Accept-Encoding:
      - gzip;q=1.0,deflate;q=0.6,identity;q=0.3
      Accept:
      - "*/*"
  response:
    status:
      code: 204
      message: No Content
    headers: {}
    body:
      encoding: UTF-8
      string: ''
    http_version: 
  recorded_at: Wed, 08 Jul 2015 23:16:35 GMT
- request:
    method: get
    uri: http://localhost:8983/fedora/rest/anno/ldpwinstancespec/5f/c6/42/cc/5fc642cc-28c5-41aa-99a7-78a247d3fbbf
    body:
      encoding: US-ASCII
      string: ''
    headers:
      User-Agent:
      - Faraday v0.9.1
      Accept-Encoding:
      - gzip;q=1.0,deflate;q=0.6,identity;q=0.3
      Accept:
      - "*/*"
  response:
    status:
      code: 410
      message: Gone
    headers:
      Content-Length:
      - '209'
      Link:
      - <http://localhost:8983/fedora/rest/anno/ldpwinstancespec/5f/c6/42/cc/5fc642cc-28c5-41aa-99a7-78a247d3fbbf/fcr:tombstone>;
        rel="hasTombstone"
      Content-Type:
      - text/turtle
    body:
      encoding: UTF-8
      string: Discovered tombstone resource at /anno/ldpwinstancespec/5f/c6/42/cc/5fc642cc-28c5-41aa-99a7-78a247d3fbbf
        {jcr:createdBy=bypassAdmin, jcr:primaryType=fedora:Tombstone, jcr:created=2015-07-08T16:16:35.341-07:00}
    http_version: 
  recorded_at: Wed, 08 Jul 2015 23:16:35 GMT
recorded_with: VCR 2.9.3
