---
http_interactions:
- request:
    method: post
    uri: http://localhost:8983/fedora/rest/anno
    body:
      encoding: UTF-8
      string: |
        @prefix oa: <http://www.w3.org/ns/oa#> .
        @prefix rdf: <http://www.w3.org/1999/02/22-rdf-syntax-ns#> .

        <> a oa:Annotation;
           oa:motivatedBy oa:commenting .
    headers:
      User-Agent:
      - Faraday v0.9.1
      Prefer:
      - return=respresentation; omit="http://fedora.info/definitions/v4/repository#ServerManaged"
      Content-Type:
      - application/x-turtle
      Accept-Encoding:
      - gzip;q=1.0,deflate;q=0.6,identity;q=0.3
      Accept:
      - "*/*"
  response:
    status:
      code: 201
      message: Created
    headers:
      Etag:
      - '"74c15fcbdb77cc07548a586fe19b3ea7fe3064e5"'
      Last-Modified:
      - Mon, 27 Apr 2015 19:06:19 GMT
      Content-Length:
      - '75'
      Location:
      - http://localhost:8983/fedora/rest/anno/bb62ce29-99c8-49b9-9687-f79114e0da03
      Content-Type:
      - text/plain
    body:
      encoding: UTF-8
      string: http://localhost:8983/fedora/rest/anno/bb62ce29-99c8-49b9-9687-f79114e0da03
    http_version: 
  recorded_at: Mon, 27 Apr 2015 19:06:19 GMT
- request:
    method: post
    uri: http://localhost:8983/fedora/rest/anno/bb62ce29-99c8-49b9-9687-f79114e0da03
    body:
      encoding: UTF-8
      string: |
        @prefix ldp: <http://www.w3.org/ns/ldp#> .
        @prefix oa: <http://www.w3.org/ns/oa#> .
        @prefix rdf: <http://www.w3.org/1999/02/22-rdf-syntax-ns#> .

        <> a ldp:DirectContainer;
           ldp:hasMemberRelation oa:hasBody;
           ldp:membershipResource <http://localhost:8983/fedora/rest/anno/bb62ce29-99c8-49b9-9687-f79114e0da03> .
    headers:
      User-Agent:
      - Faraday v0.9.1
      Prefer:
      - return=respresentation; omit="http://fedora.info/definitions/v4/repository#ServerManaged"
      Content-Type:
      - application/x-turtle
      Slug:
      - b
      Accept-Encoding:
      - gzip;q=1.0,deflate;q=0.6,identity;q=0.3
      Accept:
      - "*/*"
  response:
    status:
      code: 201
      message: Created
    headers:
      Etag:
      - '"6225e2c3c54e9e9a6af6a4512d9693fbeb92c9a7"'
      Last-Modified:
      - Mon, 27 Apr 2015 19:06:19 GMT
      Content-Length:
      - '77'
      Location:
      - http://localhost:8983/fedora/rest/anno/bb62ce29-99c8-49b9-9687-f79114e0da03/b
      Content-Type:
      - text/plain
    body:
      encoding: UTF-8
      string: http://localhost:8983/fedora/rest/anno/bb62ce29-99c8-49b9-9687-f79114e0da03/b
    http_version: 
  recorded_at: Mon, 27 Apr 2015 19:06:19 GMT
- request:
    method: post
    uri: http://localhost:8983/fedora/rest/anno/bb62ce29-99c8-49b9-9687-f79114e0da03/b
    body:
      encoding: UTF-8
      string: |
        @prefix cnt: <http://www.w3.org/2011/content#> .
        @prefix dcmitype: <http://purl.org/dc/dcmitype/> .
        @prefix rdf: <http://www.w3.org/1999/02/22-rdf-syntax-ns#> .
        @prefix xsd: <http://www.w3.org/2001/XMLSchema#> .

        <> a cnt:ContentAsText,
             dcmitype:Text;
           cnt:chars "I love this!" .
    headers:
      User-Agent:
      - Faraday v0.9.1
      Prefer:
      - return=respresentation; omit="http://fedora.info/definitions/v4/repository#ServerManaged"
      Content-Type:
      - application/x-turtle
      Accept-Encoding:
      - gzip;q=1.0,deflate;q=0.6,identity;q=0.3
      Accept:
      - "*/*"
  response:
    status:
      code: 201
      message: Created
    headers:
      Etag:
      - '"31f95d4d0f448755b5d76d9943505c55c427f01f"'
      Last-Modified:
      - Mon, 27 Apr 2015 19:06:19 GMT
      Content-Length:
      - '114'
      Location:
      - http://localhost:8983/fedora/rest/anno/bb62ce29-99c8-49b9-9687-f79114e0da03/b/cfc58a7a-9a27-4b44-9cc3-2ed29beb1bee
      Content-Type:
      - text/plain
    body:
      encoding: UTF-8
      string: http://localhost:8983/fedora/rest/anno/bb62ce29-99c8-49b9-9687-f79114e0da03/b/cfc58a7a-9a27-4b44-9cc3-2ed29beb1bee
    http_version: 
  recorded_at: Mon, 27 Apr 2015 19:06:19 GMT
- request:
    method: post
    uri: http://localhost:8983/fedora/rest/anno/bb62ce29-99c8-49b9-9687-f79114e0da03
    body:
      encoding: UTF-8
      string: |
        @prefix ldp: <http://www.w3.org/ns/ldp#> .
        @prefix oa: <http://www.w3.org/ns/oa#> .
        @prefix rdf: <http://www.w3.org/1999/02/22-rdf-syntax-ns#> .

        <> a ldp:DirectContainer;
           ldp:hasMemberRelation oa:hasTarget;
           ldp:membershipResource <http://localhost:8983/fedora/rest/anno/bb62ce29-99c8-49b9-9687-f79114e0da03> .
    headers:
      User-Agent:
      - Faraday v0.9.1
      Prefer:
      - return=respresentation; omit="http://fedora.info/definitions/v4/repository#ServerManaged"
      Content-Type:
      - application/x-turtle
      Slug:
      - t
      Accept-Encoding:
      - gzip;q=1.0,deflate;q=0.6,identity;q=0.3
      Accept:
      - "*/*"
  response:
    status:
      code: 201
      message: Created
    headers:
      Etag:
      - '"3306c8a35b97343891a1d7f241581bd7e14d9371"'
      Last-Modified:
      - Mon, 27 Apr 2015 19:06:19 GMT
      Content-Length:
      - '77'
      Location:
      - http://localhost:8983/fedora/rest/anno/bb62ce29-99c8-49b9-9687-f79114e0da03/t
      Content-Type:
      - text/plain
    body:
      encoding: UTF-8
      string: http://localhost:8983/fedora/rest/anno/bb62ce29-99c8-49b9-9687-f79114e0da03/t
    http_version: 
  recorded_at: Mon, 27 Apr 2015 19:06:19 GMT
- request:
    method: post
    uri: http://localhost:8983/fedora/rest/anno/bb62ce29-99c8-49b9-9687-f79114e0da03/t
    body:
      encoding: UTF-8
      string: |
        @prefix triannon: <http://triannon.stanford.edu/ns/> .

        <> triannon:externalReference <http://purl.stanford.edu/kq131cs7229> .
    headers:
      User-Agent:
      - Faraday v0.9.1
      Prefer:
      - return=respresentation; omit="http://fedora.info/definitions/v4/repository#ServerManaged"
      Content-Type:
      - application/x-turtle
      Accept-Encoding:
      - gzip;q=1.0,deflate;q=0.6,identity;q=0.3
      Accept:
      - "*/*"
  response:
    status:
      code: 201
      message: Created
    headers:
      Etag:
      - '"0376dd0e9aacc81a5b175ab62f1b776cdf5f3a3d"'
      Last-Modified:
      - Mon, 27 Apr 2015 19:06:19 GMT
      Content-Length:
      - '114'
      Location:
      - http://localhost:8983/fedora/rest/anno/bb62ce29-99c8-49b9-9687-f79114e0da03/t/b34e099a-0828-4184-83ef-95d8c5be10f2
      Content-Type:
      - text/plain
    body:
      encoding: UTF-8
      string: http://localhost:8983/fedora/rest/anno/bb62ce29-99c8-49b9-9687-f79114e0da03/t/b34e099a-0828-4184-83ef-95d8c5be10f2
    http_version: 
  recorded_at: Mon, 27 Apr 2015 19:06:19 GMT
- request:
    method: get
    uri: http://localhost:8983/fedora/rest/anno/bb62ce29-99c8-49b9-9687-f79114e0da03
    body:
      encoding: US-ASCII
      string: ''
    headers:
      User-Agent:
      - Faraday v0.9.1
      Prefer:
      - return=respresentation; omit="http://fedora.info/definitions/v4/repository#ServerManaged"
      Accept:
      - application/x-turtle
      Accept-Encoding:
      - gzip;q=1.0,deflate;q=0.6,identity;q=0.3
  response:
    status:
      code: 200
      message: OK
    headers:
      Etag:
      - '"7ebab6fb80ef5712c333e00e8578abbbbf471a6a"'
      Last-Modified:
      - Mon, 27 Apr 2015 19:06:19 GMT
      Link:
      - <http://www.w3.org/ns/ldp#DirectContainer>;rel="type"
      - <http://www.w3.org/ns/ldp#Resource>;rel="type"
      Accept-Patch:
      - application/sparql-update
      Accept-Post:
      - text/turtle,text/rdf+n3,application/n3,text/n3,application/rdf+xml,application/n-triples,multipart/form-data,application/sparql-update
      Allow:
      - MOVE,COPY,DELETE,POST,HEAD,GET,PUT,PATCH,OPTIONS
      Preference-Applied:
      - return=representation
      Vary:
      - Accept, Range, Accept-Encoding, Accept-Language
      - Prefer
      Content-Length:
      - '2497'
      Content-Type:
      - application/x-turtle
    body:
      encoding: UTF-8
      string: "@prefix premis: <http://www.loc.gov/premis/rdf/v1#> .\n@prefix fedorarelsext:
        <http://fedora.info/definitions/v4/rels-ext#> .\n@prefix nt: <http://www.jcp.org/jcr/nt/1.0>
        .\n@prefix rdfs: <http://www.w3.org/2000/01/rdf-schema#> .\n@prefix ns001:
        <http://purl.org/dc/elements/1.1/> .\n@prefix xsi: <http://www.w3.org/2001/XMLSchema-instance>
        .\n@prefix mode: <http://www.modeshape.org/1.0> .\n@prefix oa: <http://www.w3.org/ns/oa#>
        .\n@prefix xml: <http://www.w3.org/XML/1998/namespace> .\n@prefix fcrepo:
        <http://fedora.info/definitions/v4/repository#> .\n@prefix fedoraconfig: <http://fedora.info/definitions/v4/config#>
        .\n@prefix mix: <http://www.jcp.org/jcr/mix/1.0> .\n@prefix prov: <http://www.w3.org/ns/prov#>
        .\n@prefix foaf: <http://xmlns.com/foaf/0.1/> .\n@prefix image: <http://www.modeshape.org/images/1.0>
        .\n@prefix sv: <http://www.jcp.org/jcr/sv/1.0> .\n@prefix test: <info:fedora/test/>
        .\n@prefix cnt: <http://www.w3.org/2011/content#> .\n@prefix dcmitype: <http://purl.org/dc/dcmitype/>
        .\n@prefix triannon: <http://triannon.stanford.edu/ns/> .\n@prefix rdf: <http://www.w3.org/1999/02/22-rdf-syntax-ns#>
        .\n@prefix fedora: <http://fedora.info/definitions/v4/rest-api#> .\n@prefix
        ldp: <http://www.w3.org/ns/ldp#> .\n@prefix xs: <http://www.w3.org/2001/XMLSchema>
        .\n@prefix dc: <http://purl.org/dc/terms/> .\n\n\n<http://localhost:8983/fedora/rest/anno/bb62ce29-99c8-49b9-9687-f79114e0da03>
        ldp:member <http://localhost:8983/fedora/rest/anno/bb62ce29-99c8-49b9-9687-f79114e0da03/b>
        , <http://localhost:8983/fedora/rest/anno/bb62ce29-99c8-49b9-9687-f79114e0da03/t>
        ;\n\toa:hasTarget <http://localhost:8983/fedora/rest/anno/bb62ce29-99c8-49b9-9687-f79114e0da03/t/b34e099a-0828-4184-83ef-95d8c5be10f2>
        ;\n\toa:hasBody <http://localhost:8983/fedora/rest/anno/bb62ce29-99c8-49b9-9687-f79114e0da03/b/cfc58a7a-9a27-4b44-9cc3-2ed29beb1bee>
        ;\n\tldp:contains <http://localhost:8983/fedora/rest/anno/bb62ce29-99c8-49b9-9687-f79114e0da03/b>
        , <http://localhost:8983/fedora/rest/anno/bb62ce29-99c8-49b9-9687-f79114e0da03/t>
        .\n\n<http://localhost:8983/fedora/rest/anno/bb62ce29-99c8-49b9-9687-f79114e0da03/t>
        ldp:membershipResource <http://localhost:8983/fedora/rest/anno/bb62ce29-99c8-49b9-9687-f79114e0da03>
        .\n\n<http://localhost:8983/fedora/rest/anno/bb62ce29-99c8-49b9-9687-f79114e0da03/b>
        ldp:membershipResource <http://localhost:8983/fedora/rest/anno/bb62ce29-99c8-49b9-9687-f79114e0da03>
        .\n\n<http://localhost:8983/fedora/rest/anno/bb62ce29-99c8-49b9-9687-f79114e0da03>
        a oa:Annotation ;\n\toa:motivatedBy oa:commenting .\n"
    http_version: 
  recorded_at: Mon, 27 Apr 2015 19:06:19 GMT
- request:
    method: delete
    uri: http://localhost:8983/fedora/rest/anno/bb62ce29-99c8-49b9-9687-f79114e0da03/b
    body:
      encoding: US-ASCII
      string: ''
    headers:
      User-Agent:
      - Faraday v0.9.1
      Prefer:
      - return=respresentation; omit="http://fedora.info/definitions/v4/repository#ServerManaged"
      Accept-Encoding:
      - gzip;q=1.0,deflate;q=0.6,identity;q=0.3
      Accept:
      - "*/*"
  response:
    status:
      code: 204
      message: No Content
    headers: {}
    body:
      encoding: UTF-8
      string: ''
    http_version: 
  recorded_at: Mon, 27 Apr 2015 19:06:19 GMT
- request:
    method: get
    uri: http://localhost:8983/fedora/rest/anno/bb62ce29-99c8-49b9-9687-f79114e0da03/b/cfc58a7a-9a27-4b44-9cc3-2ed29beb1bee
    body:
      encoding: US-ASCII
      string: ''
    headers:
      User-Agent:
      - Faraday v0.9.1
      Accept-Encoding:
      - gzip;q=1.0,deflate;q=0.6,identity;q=0.3
      Accept:
      - "*/*"
  response:
    status:
      code: 404
      message: Not Found
    headers:
      Content-Type:
      - text/html;charset=ISO-8859-1
      Cache-Control:
      - must-revalidate,no-cache,no-store
      Content-Length:
      - '1457'
    body:
      encoding: UTF-8
      string: "<html>\n<head>\n<meta http-equiv=\"Content-Type\" content=\"text/html;
        charset=ISO-8859-1\"/>\n<title>Error 404 Not Found</title>\n</head>\n<body><h2>HTTP
        ERROR 404</h2>\n<p>Problem accessing /fedora/rest/anno/bb62ce29-99c8-49b9-9687-f79114e0da03/b/cfc58a7a-9a27-4b44-9cc3-2ed29beb1bee.
        Reason:\n<pre>    Not Found</pre></p><hr /><i><small>Powered by Jetty://</small></i><br/>
        \                                               \n<br/>                                                \n<br/>
        \                                               \n<br/>                                                \n<br/>
        \                                               \n<br/>                                                \n<br/>
        \                                               \n<br/>                                                \n<br/>
        \                                               \n<br/>                                                \n<br/>
        \                                               \n<br/>                                                \n<br/>
        \                                               \n<br/>                                                \n<br/>
        \                                               \n<br/>                                                \n<br/>
        \                                               \n<br/>                                                \n<br/>
        \                                               \n<br/>                                                \n\n</body>\n</html>\n"
    http_version: 
  recorded_at: Mon, 27 Apr 2015 19:06:19 GMT
recorded_with: VCR 2.9.3
