---
http_interactions:
- request:
    method: post
    uri: http://localhost:8983/fedora/rest/anno
    body:
      encoding: UTF-8
      string: |
        @prefix ldp: <http://www.w3.org/ns/ldp#> .
        @prefix oa: <http://www.w3.org/ns/oa#> .
        @prefix rdf: <http://www.w3.org/1999/02/22-rdf-syntax-ns#> .

        <> a oa:Annotation,
             ldp:BasicContainer;
           oa:motivatedBy oa:commenting .
    headers:
      User-Agent:
      - Faraday v0.9.1
      Prefer:
      - return=respresentation; omit="http://fedora.info/definitions/v4/repository#ServerManaged"
      Content-Type:
      - application/x-turtle
      Accept-Encoding:
      - gzip;q=1.0,deflate;q=0.6,identity;q=0.3
      Accept:
      - "*/*"
  response:
    status:
      code: 201
      message: Created
    headers:
      Etag:
      - '"6d80ededc94be498526a3807053ac539f0dcb264"'
      Last-Modified:
      - Wed, 10 Jun 2015 18:06:29 GMT
      Content-Length:
      - '87'
      Location:
      - http://localhost:8983/fedora/rest/anno/d1/43/33/5c/d143335c-b72d-490b-97ad-6865109fefdc
      Content-Type:
      - text/plain
    body:
      encoding: UTF-8
      string: http://localhost:8983/fedora/rest/anno/d1/43/33/5c/d143335c-b72d-490b-97ad-6865109fefdc
    http_version: 
  recorded_at: Wed, 10 Jun 2015 18:06:29 GMT
- request:
    method: post
    uri: http://localhost:8983/fedora/rest/anno/d1/43/33/5c/d143335c-b72d-490b-97ad-6865109fefdc
    body:
      encoding: UTF-8
      string: |
        @prefix ldp: <http://www.w3.org/ns/ldp#> .
        @prefix oa: <http://www.w3.org/ns/oa#> .
        @prefix rdf: <http://www.w3.org/1999/02/22-rdf-syntax-ns#> .

        <> a ldp:DirectContainer;
           ldp:hasMemberRelation oa:hasBody;
           ldp:membershipResource <http://localhost:8983/fedora/rest/anno/d1/43/33/5c/d143335c-b72d-490b-97ad-6865109fefdc> .
    headers:
      User-Agent:
      - Faraday v0.9.1
      Prefer:
      - return=respresentation; omit="http://fedora.info/definitions/v4/repository#ServerManaged"
      Content-Type:
      - application/x-turtle
      Slug:
      - b
      Accept-Encoding:
      - gzip;q=1.0,deflate;q=0.6,identity;q=0.3
      Accept:
      - "*/*"
  response:
    status:
      code: 201
      message: Created
    headers:
      Etag:
      - '"fb18530b22cd0876a65a0a02ff12c9e717486fcc"'
      Last-Modified:
      - Wed, 10 Jun 2015 18:06:29 GMT
      Content-Length:
      - '89'
      Location:
      - http://localhost:8983/fedora/rest/anno/d1/43/33/5c/d143335c-b72d-490b-97ad-6865109fefdc/b
      Content-Type:
      - text/plain
    body:
      encoding: UTF-8
      string: http://localhost:8983/fedora/rest/anno/d1/43/33/5c/d143335c-b72d-490b-97ad-6865109fefdc/b
    http_version: 
  recorded_at: Wed, 10 Jun 2015 18:06:29 GMT
- request:
    method: post
    uri: http://localhost:8983/fedora/rest/anno/d1/43/33/5c/d143335c-b72d-490b-97ad-6865109fefdc/b
    body:
      encoding: UTF-8
      string: |
        @prefix cnt: <http://www.w3.org/2011/content#> .
        @prefix dcmitype: <http://purl.org/dc/dcmitype/> .
        @prefix ldp: <http://www.w3.org/ns/ldp#> .
        @prefix rdf: <http://www.w3.org/1999/02/22-rdf-syntax-ns#> .
        @prefix xsd: <http://www.w3.org/2001/XMLSchema#> .

        <> a ldp:BasicContainer,
             cnt:ContentAsText,
             dcmitype:Text;
           cnt:chars "I love this!" .
    headers:
      User-Agent:
      - Faraday v0.9.1
      Prefer:
      - return=respresentation; omit="http://fedora.info/definitions/v4/repository#ServerManaged"
      Content-Type:
      - application/x-turtle
      Accept-Encoding:
      - gzip;q=1.0,deflate;q=0.6,identity;q=0.3
      Accept:
      - "*/*"
  response:
    status:
      code: 201
      message: Created
    headers:
      Etag:
      - '"70d91b2420106000957bfc89780665154dd8d100"'
      Last-Modified:
      - Wed, 10 Jun 2015 18:06:29 GMT
      Content-Length:
      - '138'
      Location:
      - http://localhost:8983/fedora/rest/anno/d1/43/33/5c/d143335c-b72d-490b-97ad-6865109fefdc/b/24/23/c8/97/2423c897-5fbf-4199-864f-5ae6ed406df4
      Content-Type:
      - text/plain
    body:
      encoding: UTF-8
      string: http://localhost:8983/fedora/rest/anno/d1/43/33/5c/d143335c-b72d-490b-97ad-6865109fefdc/b/24/23/c8/97/2423c897-5fbf-4199-864f-5ae6ed406df4
    http_version: 
  recorded_at: Wed, 10 Jun 2015 18:06:29 GMT
- request:
    method: post
    uri: http://localhost:8983/fedora/rest/anno/d1/43/33/5c/d143335c-b72d-490b-97ad-6865109fefdc
    body:
      encoding: UTF-8
      string: |
        @prefix ldp: <http://www.w3.org/ns/ldp#> .
        @prefix oa: <http://www.w3.org/ns/oa#> .
        @prefix rdf: <http://www.w3.org/1999/02/22-rdf-syntax-ns#> .

        <> a ldp:DirectContainer;
           ldp:hasMemberRelation oa:hasTarget;
           ldp:membershipResource <http://localhost:8983/fedora/rest/anno/d1/43/33/5c/d143335c-b72d-490b-97ad-6865109fefdc> .
    headers:
      User-Agent:
      - Faraday v0.9.1
      Prefer:
      - return=respresentation; omit="http://fedora.info/definitions/v4/repository#ServerManaged"
      Content-Type:
      - application/x-turtle
      Slug:
      - t
      Accept-Encoding:
      - gzip;q=1.0,deflate;q=0.6,identity;q=0.3
      Accept:
      - "*/*"
  response:
    status:
      code: 201
      message: Created
    headers:
      Etag:
      - '"de0c6219e176518b46f902fd9435945d38763835"'
      Last-Modified:
      - Wed, 10 Jun 2015 18:06:29 GMT
      Content-Length:
      - '89'
      Location:
      - http://localhost:8983/fedora/rest/anno/d1/43/33/5c/d143335c-b72d-490b-97ad-6865109fefdc/t
      Content-Type:
      - text/plain
    body:
      encoding: UTF-8
      string: http://localhost:8983/fedora/rest/anno/d1/43/33/5c/d143335c-b72d-490b-97ad-6865109fefdc/t
    http_version: 
  recorded_at: Wed, 10 Jun 2015 18:06:29 GMT
- request:
    method: post
    uri: http://localhost:8983/fedora/rest/anno/d1/43/33/5c/d143335c-b72d-490b-97ad-6865109fefdc/t
    body:
      encoding: UTF-8
      string: |
        @prefix ldp: <http://www.w3.org/ns/ldp#> .
        @prefix rdf: <http://www.w3.org/1999/02/22-rdf-syntax-ns#> .
        @prefix triannon: <http://triannon.stanford.edu/ns/> .

        <> a ldp:BasicContainer;
           triannon:externalReference <http://purl.stanford.edu/kq131cs7229> .
    headers:
      User-Agent:
      - Faraday v0.9.1
      Prefer:
      - return=respresentation; omit="http://fedora.info/definitions/v4/repository#ServerManaged"
      Content-Type:
      - application/x-turtle
      Accept-Encoding:
      - gzip;q=1.0,deflate;q=0.6,identity;q=0.3
      Accept:
      - "*/*"
  response:
    status:
      code: 201
      message: Created
    headers:
      Etag:
      - '"151eab3907aeac37d14d6b54e1e376657000cddc"'
      Last-Modified:
      - Wed, 10 Jun 2015 18:06:29 GMT
      Content-Length:
      - '138'
      Location:
      - http://localhost:8983/fedora/rest/anno/d1/43/33/5c/d143335c-b72d-490b-97ad-6865109fefdc/t/70/76/64/17/70766417-8c54-4508-84eb-a413effedcc0
      Content-Type:
      - text/plain
    body:
      encoding: UTF-8
      string: http://localhost:8983/fedora/rest/anno/d1/43/33/5c/d143335c-b72d-490b-97ad-6865109fefdc/t/70/76/64/17/70766417-8c54-4508-84eb-a413effedcc0
    http_version: 
  recorded_at: Wed, 10 Jun 2015 18:06:29 GMT
- request:
    method: get
    uri: http://localhost:8983/fedora/rest/anno/d1/43/33/5c/d143335c-b72d-490b-97ad-6865109fefdc
    body:
      encoding: US-ASCII
      string: ''
    headers:
      User-Agent:
      - Faraday v0.9.1
      Prefer:
      - return=respresentation; omit="http://fedora.info/definitions/v4/repository#ServerManaged"
      Accept:
      - application/x-turtle
      Accept-Encoding:
      - gzip;q=1.0,deflate;q=0.6,identity;q=0.3
  response:
    status:
      code: 200
      message: OK
    headers:
      Etag:
      - '"e35722fa8813f80f30596a845e9a9ad86b637a06"'
      Last-Modified:
      - Wed, 10 Jun 2015 18:06:29 GMT
      Link:
      - <http://www.w3.org/ns/ldp#BasicContainer>;rel="type"
      - <http://www.w3.org/ns/ldp#Container>;rel="type"
      - <http://www.w3.org/ns/ldp#Resource>;rel="type"
      Accept-Patch:
      - application/sparql-update
      Accept-Post:
      - text/turtle,text/rdf+n3,text/n3,application/rdf+xml,application/n-triples,multipart/form-data,application/sparql-update
      Allow:
      - MOVE,COPY,DELETE,POST,HEAD,GET,PUT,PATCH,OPTIONS
      Preference-Applied:
      - return=representation
      Vary:
      - Accept, Range, Accept-Encoding, Accept-Language
      - Prefer
      Content-Length:
      - '1844'
      Content-Type:
      - application/x-turtle
    body:
      encoding: UTF-8
      string: "@prefix premis: <http://www.loc.gov/premis/rdf/v1#> .\n@prefix nt:
        <http://www.jcp.org/jcr/nt/1.0> .\n@prefix rdfs: <http://www.w3.org/2000/01/rdf-schema#>
        .\n@prefix xsi: <http://www.w3.org/2001/XMLSchema-instance> .\n@prefix mode:
        <http://www.modeshape.org/1.0> .\n@prefix oa: <http://www.w3.org/ns/oa#> .\n@prefix
        xml: <http://www.w3.org/XML/1998/namespace> .\n@prefix fedoraconfig: <http://fedora.info/definitions/v4/config#>
        .\n@prefix mix: <http://www.jcp.org/jcr/mix/1.0> .\n@prefix prov: <http://www.w3.org/ns/prov#>
        .\n@prefix foaf: <http://xmlns.com/foaf/0.1/> .\n@prefix image: <http://www.modeshape.org/images/1.0>
        .\n@prefix sv: <http://www.jcp.org/jcr/sv/1.0> .\n@prefix test: <info:fedora/test/>
        .\n@prefix cnt: <http://www.w3.org/2011/content#> .\n@prefix dcmitype: <http://purl.org/dc/dcmitype/>
        .\n@prefix dc11: <http://purl.org/dc/elements/1.1/> .\n@prefix triannon: <http://triannon.stanford.edu/ns/>
        .\n@prefix rdf: <http://www.w3.org/1999/02/22-rdf-syntax-ns#> .\n@prefix fedora:
        <http://fedora.info/definitions/v4/repository#> .\n@prefix ldp: <http://www.w3.org/ns/ldp#>
        .\n@prefix xs: <http://www.w3.org/2001/XMLSchema> .\n@prefix dc: <http://purl.org/dc/terms/>
        .\n\n\n<http://localhost:8983/fedora/rest/anno/d1/43/33/5c/d143335c-b72d-490b-97ad-6865109fefdc>
        a oa:Annotation , ldp:BasicContainer ;\n\toa:motivatedBy oa:commenting ;\n\tldp:contains
        <http://localhost:8983/fedora/rest/anno/d1/43/33/5c/d143335c-b72d-490b-97ad-6865109fefdc/b>
        , <http://localhost:8983/fedora/rest/anno/d1/43/33/5c/d143335c-b72d-490b-97ad-6865109fefdc/t>
        ;\n\toa:hasBody <http://localhost:8983/fedora/rest/anno/d1/43/33/5c/d143335c-b72d-490b-97ad-6865109fefdc/b/24/23/c8/97/2423c897-5fbf-4199-864f-5ae6ed406df4>
        ;\n\toa:hasTarget <http://localhost:8983/fedora/rest/anno/d1/43/33/5c/d143335c-b72d-490b-97ad-6865109fefdc/t/70/76/64/17/70766417-8c54-4508-84eb-a413effedcc0>
        .\n"
    http_version: 
  recorded_at: Wed, 10 Jun 2015 18:06:29 GMT
- request:
    method: delete
    uri: http://localhost:8983/fedora/rest/anno/d1/43/33/5c/d143335c-b72d-490b-97ad-6865109fefdc/b/24/23/c8/97/2423c897-5fbf-4199-864f-5ae6ed406df4
    body:
      encoding: US-ASCII
      string: ''
    headers:
      User-Agent:
      - Faraday v0.9.1
      Prefer:
      - return=respresentation; omit="http://fedora.info/definitions/v4/repository#ServerManaged"
      Accept-Encoding:
      - gzip;q=1.0,deflate;q=0.6,identity;q=0.3
      Accept:
      - "*/*"
  response:
    status:
      code: 204
      message: No Content
    headers: {}
    body:
      encoding: UTF-8
      string: ''
    http_version: 
  recorded_at: Wed, 10 Jun 2015 18:06:29 GMT
- request:
    method: get
    uri: http://localhost:8983/fedora/rest/anno/d1/43/33/5c/d143335c-b72d-490b-97ad-6865109fefdc/b
    body:
      encoding: US-ASCII
      string: ''
    headers:
      User-Agent:
      - Faraday v0.9.1
      Accept-Encoding:
      - gzip;q=1.0,deflate;q=0.6,identity;q=0.3
      Accept:
      - "*/*"
  response:
    status:
      code: 200
      message: OK
    headers:
      Etag:
      - '"afb5716f0cbac1342f955bba9c05e484cf69edb0"'
      Last-Modified:
      - Wed, 10 Jun 2015 18:06:29 GMT
      Link:
      - <http://www.w3.org/ns/ldp#Container>;rel="type"
      - <http://www.w3.org/ns/ldp#DirectContainer>;rel="type"
      - <http://www.w3.org/ns/ldp#Resource>;rel="type"
      Accept-Patch:
      - application/sparql-update
      Accept-Post:
      - text/turtle,text/rdf+n3,text/n3,application/rdf+xml,application/n-triples,multipart/form-data,application/sparql-update
      Allow:
      - MOVE,COPY,DELETE,POST,HEAD,GET,PUT,PATCH,OPTIONS
      Preference-Applied:
      - return=representation
      Vary:
      - Accept, Range, Accept-Encoding, Accept-Language
      - Prefer
      Content-Length:
      - '3298'
      Content-Type:
      - text/turtle
    body:
      encoding: UTF-8
      string: "@prefix premis: <http://www.loc.gov/premis/rdf/v1#> .\n@prefix nt:
        <http://www.jcp.org/jcr/nt/1.0> .\n@prefix rdfs: <http://www.w3.org/2000/01/rdf-schema#>
        .\n@prefix xsi: <http://www.w3.org/2001/XMLSchema-instance> .\n@prefix mode:
        <http://www.modeshape.org/1.0> .\n@prefix oa: <http://www.w3.org/ns/oa#> .\n@prefix
        xml: <http://www.w3.org/XML/1998/namespace> .\n@prefix fedoraconfig: <http://fedora.info/definitions/v4/config#>
        .\n@prefix mix: <http://www.jcp.org/jcr/mix/1.0> .\n@prefix prov: <http://www.w3.org/ns/prov#>
        .\n@prefix foaf: <http://xmlns.com/foaf/0.1/> .\n@prefix image: <http://www.modeshape.org/images/1.0>
        .\n@prefix sv: <http://www.jcp.org/jcr/sv/1.0> .\n@prefix test: <info:fedora/test/>
        .\n@prefix cnt: <http://www.w3.org/2011/content#> .\n@prefix dcmitype: <http://purl.org/dc/dcmitype/>
        .\n@prefix dc11: <http://purl.org/dc/elements/1.1/> .\n@prefix triannon: <http://triannon.stanford.edu/ns/>
        .\n@prefix rdf: <http://www.w3.org/1999/02/22-rdf-syntax-ns#> .\n@prefix fedora:
        <http://fedora.info/definitions/v4/repository#> .\n@prefix ldp: <http://www.w3.org/ns/ldp#>
        .\n@prefix xs: <http://www.w3.org/2001/XMLSchema> .\n@prefix dc: <http://purl.org/dc/terms/>
        .\n\n\n<http://localhost:8983/fedora/rest/anno/d1/43/33/5c/d143335c-b72d-490b-97ad-6865109fefdc/b>
        a ldp:RDFSource , ldp:Container , <http://www.jcp.org/jcr/nt/1.0folder> ,
        <http://www.jcp.org/jcr/nt/1.0hierarchyNode> , <http://www.jcp.org/jcr/nt/1.0base>
        , <http://www.jcp.org/jcr/mix/1.0created> , fedora:Container , fedora:Resource
        , ldp:DirectContainer , fedora:Resource , <http://www.jcp.org/jcr/mix/1.0created>
        , <http://www.jcp.org/jcr/mix/1.0lastModified> , <http://www.jcp.org/jcr/mix/1.0referenceable>
        , fedora:Container ;\n\tfedora:lastModifiedBy \"bypassAdmin\"^^<http://www.w3.org/2001/XMLSchema#string>
        ;\n\tfedora:uuid \"5318c273-ffd4-4a86-b97d-eea8d0b00a9e\"^^<http://www.w3.org/2001/XMLSchema#string>
        ;\n\tfedora:createdBy \"bypassAdmin\"^^<http://www.w3.org/2001/XMLSchema#string>
        ;\n\tfedora:primaryType \"nt:folder\"^^<http://www.w3.org/2001/XMLSchema#string>
        ;\n\tfedora:created \"2015-06-10T18:06:29.754Z\"^^<http://www.w3.org/2001/XMLSchema#dateTime>
        ;\n\tfedora:mixinTypes \"fedora:Container\"^^<http://www.w3.org/2001/XMLSchema#string>
        , \"fedora:Resource\"^^<http://www.w3.org/2001/XMLSchema#string> , \"ldp:DirectContainer\"^^<http://www.w3.org/2001/XMLSchema#string>
        ;\n\tfedora:lastModified \"2015-06-10T18:06:29.785Z\"^^<http://www.w3.org/2001/XMLSchema#dateTime>
        ;\n\tldp:membershipResource <http://localhost:8983/fedora/rest/anno/d1/43/33/5c/d143335c-b72d-490b-97ad-6865109fefdc>
        ;\n\tldp:hasMemberRelation oa:hasBody ;\n\tfedora:writable \"true\"^^<http://www.w3.org/2001/XMLSchema#boolean>
        ;\n\tfedora:hasParent <http://localhost:8983/fedora/rest/anno/d1/43/33/5c/d143335c-b72d-490b-97ad-6865109fefdc>
        .\n\n<http://localhost:8983/fedora/rest/anno/d1/43/33/5c/d143335c-b72d-490b-97ad-6865109fefdc/b/fcr:export?format=jcr/xml>
        dc11:format <http://fedora.info/definitions/v4/repository#jcr/xml> .\n\n<http://localhost:8983/fedora/rest/anno/d1/43/33/5c/d143335c-b72d-490b-97ad-6865109fefdc/b>
        fedora:exportsAs <http://localhost:8983/fedora/rest/anno/d1/43/33/5c/d143335c-b72d-490b-97ad-6865109fefdc/b/fcr:export?format=jcr/xml>
        .\n\n<http://fedora.info/definitions/v4/repository#jcr/xml> rdfs:label \"jcr/xml\"^^<http://www.w3.org/2001/XMLSchema#string>
        .\n"
    http_version: 
  recorded_at: Wed, 10 Jun 2015 18:06:29 GMT
recorded_with: VCR 2.9.3
