---
http_interactions:
- request:
    method: head
    uri: http://localhost:8983/fedora/rest/anno/joy
    body:
      encoding: US-ASCII
      string: ''
    headers:
      User-Agent:
      - Faraday v0.9.1
      Accept:
      - "*/*"
  response:
    status:
      code: 200
      message: OK
    headers:
      Etag:
      - '"0d918d674affd48c144124feb87030b6176de0d9"'
      Last-Modified:
      - Fri, 22 May 2015 19:38:54 GMT
      Link:
      - <http://www.w3.org/ns/ldp#BasicContainer>;rel="type"
      - <http://www.w3.org/ns/ldp#Container>;rel="type"
      - <http://www.w3.org/ns/ldp#Resource>;rel="type"
      Accept-Patch:
      - application/sparql-update
      Accept-Post:
      - text/turtle,text/rdf+n3,text/n3,application/rdf+xml,application/n-triples,multipart/form-data,application/sparql-update
      Allow:
      - MOVE,COPY,DELETE,POST,HEAD,GET,PUT,PATCH,OPTIONS
      Content-Type:
      - text/tab-separated-values
      Content-Length:
      - '0'
    body:
      encoding: UTF-8
      string: ''
    http_version: 
  recorded_at: Fri, 22 May 2015 19:47:51 GMT
- request:
    method: post
    uri: http://localhost:8983/fedora/rest/anno/joy
    body:
      encoding: UTF-8
      string: |
        @prefix ldp: <http://www.w3.org/ns/ldp#> .
        @prefix oa: <http://www.w3.org/ns/oa#> .
        @prefix rdf: <http://www.w3.org/1999/02/22-rdf-syntax-ns#> .

        <> a oa:Annotation,
             ldp:BasicContainer;
           oa:motivatedBy oa:commenting .
    headers:
      User-Agent:
      - Faraday v0.9.1
      Prefer:
      - return=respresentation; omit="http://fedora.info/definitions/v4/repository#ServerManaged"
      Content-Type:
      - application/x-turtle
      Accept-Encoding:
      - gzip;q=1.0,deflate;q=0.6,identity;q=0.3
      Accept:
      - "*/*"
  response:
    status:
      code: 201
      message: Created
    headers:
      Etag:
      - '"576d05483f39d79c82cabc375c202ce4b1e9b830"'
      Last-Modified:
      - Fri, 22 May 2015 19:47:51 GMT
      Content-Length:
      - '91'
      Location:
      - http://localhost:8983/fedora/rest/anno/joy/57/02/d0/d4/5702d0d4-c0dd-45c0-962d-80e55f7cbe3b
      Content-Type:
      - text/plain
    body:
      encoding: UTF-8
      string: http://localhost:8983/fedora/rest/anno/joy/57/02/d0/d4/5702d0d4-c0dd-45c0-962d-80e55f7cbe3b
    http_version: 
  recorded_at: Fri, 22 May 2015 19:47:51 GMT
- request:
    method: delete
    uri: http://localhost:8983/fedora/rest/anno/joy/57/02/d0/d4/5702d0d4-c0dd-45c0-962d-80e55f7cbe3b
    body:
      encoding: US-ASCII
      string: ''
    headers:
      User-Agent:
      - Faraday v0.9.1
      Prefer:
      - return=respresentation; omit="http://fedora.info/definitions/v4/repository#ServerManaged"
      Accept-Encoding:
      - gzip;q=1.0,deflate;q=0.6,identity;q=0.3
      Accept:
      - "*/*"
  response:
    status:
      code: 204
      message: No Content
    headers: {}
    body:
      encoding: UTF-8
      string: ''
    http_version: 
  recorded_at: Fri, 22 May 2015 19:47:51 GMT
- request:
    method: get
    uri: http://localhost:8983/fedora/rest/anno/joy/57/02/d0/d4/5702d0d4-c0dd-45c0-962d-80e55f7cbe3b
    body:
      encoding: US-ASCII
      string: ''
    headers:
      User-Agent:
      - Faraday v0.9.1
      Accept-Encoding:
      - gzip;q=1.0,deflate;q=0.6,identity;q=0.3
      Accept:
      - "*/*"
  response:
    status:
      code: 410
      message: Gone
    headers:
      Content-Length:
      - '196'
      Link:
      - <http://localhost:8983/fedora/rest/anno/joy/57/02/d0/d4/5702d0d4-c0dd-45c0-962d-80e55f7cbe3b/fcr:tombstone>;
        rel="hasTombstone"
      Content-Type:
      - text/turtle
    body:
      encoding: UTF-8
      string: Discovered tombstone resource at /anno/joy/57/02/d0/d4/5702d0d4-c0dd-45c0-962d-80e55f7cbe3b
        {jcr:createdBy=bypassAdmin, jcr:primaryType=fedora:Tombstone, jcr:created=2015-05-22T12:47:51.793-07:00}
    http_version: 
  recorded_at: Fri, 22 May 2015 19:47:51 GMT
- request:
    method: head
    uri: http://localhost:8983/fedora/rest/anno/ldpw_spec
    body:
      encoding: US-ASCII
      string: ''
    headers:
      User-Agent:
      - Faraday v0.9.1
      Accept:
      - "*/*"
  response:
    status:
      code: 200
      message: OK
    headers:
      Etag:
      - '"3ed1c94b9d5eadf17c7169c6324f12041d608136"'
      Last-Modified:
      - Fri, 22 May 2015 20:08:24 GMT
      Link:
      - <http://www.w3.org/ns/ldp#BasicContainer>;rel="type"
      - <http://www.w3.org/ns/ldp#Container>;rel="type"
      - <http://www.w3.org/ns/ldp#Resource>;rel="type"
      Accept-Patch:
      - application/sparql-update
      Accept-Post:
      - text/turtle,text/rdf+n3,text/n3,application/rdf+xml,application/n-triples,multipart/form-data,application/sparql-update
      Allow:
      - MOVE,COPY,DELETE,POST,HEAD,GET,PUT,PATCH,OPTIONS
      Content-Type:
      - text/tab-separated-values
      Content-Length:
      - '0'
    body:
      encoding: UTF-8
      string: ''
    http_version: 
  recorded_at: Fri, 22 May 2015 20:08:24 GMT
- request:
    method: post
    uri: http://localhost:8983/fedora/rest/anno/ldpw_spec
    body:
      encoding: UTF-8
      string: |
        @prefix ldp: <http://www.w3.org/ns/ldp#> .
        @prefix oa: <http://www.w3.org/ns/oa#> .
        @prefix rdf: <http://www.w3.org/1999/02/22-rdf-syntax-ns#> .

        <> a oa:Annotation,
             ldp:BasicContainer;
           oa:motivatedBy oa:commenting .
    headers:
      User-Agent:
      - Faraday v0.9.1
      Prefer:
      - return=respresentation; omit="http://fedora.info/definitions/v4/repository#ServerManaged"
      Content-Type:
      - application/x-turtle
      Accept-Encoding:
      - gzip;q=1.0,deflate;q=0.6,identity;q=0.3
      Accept:
      - "*/*"
  response:
    status:
      code: 201
      message: Created
    headers:
      Etag:
      - '"def87f548d944da45a9187034fd35732f1aa0812"'
      Last-Modified:
      - Fri, 22 May 2015 20:08:24 GMT
      Content-Length:
      - '97'
      Location:
      - http://localhost:8983/fedora/rest/anno/ldpw_spec/f1/f0/1a/b6/f1f01ab6-ca1f-40d5-af39-4120ced8442a
      Content-Type:
      - text/plain
    body:
      encoding: UTF-8
      string: http://localhost:8983/fedora/rest/anno/ldpw_spec/f1/f0/1a/b6/f1f01ab6-ca1f-40d5-af39-4120ced8442a
    http_version: 
  recorded_at: Fri, 22 May 2015 20:08:24 GMT
- request:
    method: delete
    uri: http://localhost:8983/fedora/rest/anno/ldpw_spec/f1/f0/1a/b6/f1f01ab6-ca1f-40d5-af39-4120ced8442a
    body:
      encoding: US-ASCII
      string: ''
    headers:
      User-Agent:
      - Faraday v0.9.1
      Prefer:
      - return=respresentation; omit="http://fedora.info/definitions/v4/repository#ServerManaged"
      Accept-Encoding:
      - gzip;q=1.0,deflate;q=0.6,identity;q=0.3
      Accept:
      - "*/*"
  response:
    status:
      code: 204
      message: No Content
    headers: {}
    body:
      encoding: UTF-8
      string: ''
    http_version: 
  recorded_at: Fri, 22 May 2015 20:08:50 GMT
- request:
    method: get
    uri: http://localhost:8983/fedora/rest/anno/ldpw_spec/f1/f0/1a/b6/f1f01ab6-ca1f-40d5-af39-4120ced8442a
    body:
      encoding: US-ASCII
      string: ''
    headers:
      User-Agent:
      - Faraday v0.9.1
      Accept-Encoding:
      - gzip;q=1.0,deflate;q=0.6,identity;q=0.3
      Accept:
      - "*/*"
  response:
    status:
      code: 410
      message: Gone
    headers:
      Content-Length:
      - '202'
      Link:
      - <http://localhost:8983/fedora/rest/anno/ldpw_spec/f1/f0/1a/b6/f1f01ab6-ca1f-40d5-af39-4120ced8442a/fcr:tombstone>;
        rel="hasTombstone"
      Content-Type:
      - text/turtle
    body:
      encoding: UTF-8
      string: Discovered tombstone resource at /anno/ldpw_spec/f1/f0/1a/b6/f1f01ab6-ca1f-40d5-af39-4120ced8442a
        {jcr:createdBy=bypassAdmin, jcr:primaryType=fedora:Tombstone, jcr:created=2015-05-22T13:08:50.876-07:00}
    http_version: 
  recorded_at: Fri, 22 May 2015 20:08:50 GMT
recorded_with: VCR 2.9.3
