---
http_interactions:
- request:
    method: head
    uri: http://localhost:8983/fedora/rest/anno/joy
    body:
      encoding: US-ASCII
      string: ''
    headers:
      User-Agent:
      - Faraday v0.9.1
      Accept:
      - "*/*"
  response:
    status:
      code: 200
      message: OK
    headers:
      Etag:
      - '"0d918d674affd48c144124feb87030b6176de0d9"'
      Last-Modified:
      - Fri, 22 May 2015 19:38:54 GMT
      Link:
      - <http://www.w3.org/ns/ldp#BasicContainer>;rel="type"
      - <http://www.w3.org/ns/ldp#Container>;rel="type"
      - <http://www.w3.org/ns/ldp#Resource>;rel="type"
      Accept-Patch:
      - application/sparql-update
      Accept-Post:
      - text/turtle,text/rdf+n3,text/n3,application/rdf+xml,application/n-triples,multipart/form-data,application/sparql-update
      Allow:
      - MOVE,COPY,DELETE,POST,HEAD,GET,PUT,PATCH,OPTIONS
      Content-Type:
      - text/tab-separated-values
      Content-Length:
      - '0'
    body:
      encoding: UTF-8
      string: ''
    http_version: 
  recorded_at: Fri, 22 May 2015 19:47:51 GMT
- request:
    method: post
    uri: http://localhost:8983/fedora/rest/anno/joy
    body:
      encoding: UTF-8
      string: |
        @prefix ldp: <http://www.w3.org/ns/ldp#> .
        @prefix oa: <http://www.w3.org/ns/oa#> .
        @prefix rdf: <http://www.w3.org/1999/02/22-rdf-syntax-ns#> .

        <> a oa:Annotation,
             ldp:BasicContainer;
           oa:motivatedBy oa:commenting .
    headers:
      User-Agent:
      - Faraday v0.9.1
      Prefer:
      - return=respresentation; omit="http://fedora.info/definitions/v4/repository#ServerManaged"
      Content-Type:
      - application/x-turtle
      Accept-Encoding:
      - gzip;q=1.0,deflate;q=0.6,identity;q=0.3
      Accept:
      - "*/*"
  response:
    status:
      code: 201
      message: Created
    headers:
      Etag:
      - '"d8ca2c5e9226d14b39c4e8047ebd2cde33fd8d3c"'
      Last-Modified:
      - Fri, 22 May 2015 19:47:51 GMT
      Content-Length:
      - '91'
      Location:
      - http://localhost:8983/fedora/rest/anno/joy/eb/8c/15/8d/eb8c158d-5be6-48c6-a11a-1a10f62a2a36
      Content-Type:
      - text/plain
    body:
      encoding: UTF-8
      string: http://localhost:8983/fedora/rest/anno/joy/eb/8c/15/8d/eb8c158d-5be6-48c6-a11a-1a10f62a2a36
    http_version: 
  recorded_at: Fri, 22 May 2015 19:47:51 GMT
- request:
    method: delete
    uri: http://localhost:8983/fedora/rest/anno/joy/eb/8c/15/8d/eb8c158d-5be6-48c6-a11a-1a10f62a2a36
    body:
      encoding: US-ASCII
      string: ''
    headers:
      User-Agent:
      - Faraday v0.9.1
      Prefer:
      - return=respresentation; omit="http://fedora.info/definitions/v4/repository#ServerManaged"
      Accept-Encoding:
      - gzip;q=1.0,deflate;q=0.6,identity;q=0.3
      Accept:
      - "*/*"
  response:
    status:
      code: 204
      message: No Content
    headers: {}
    body:
      encoding: UTF-8
      string: ''
    http_version: 
  recorded_at: Fri, 22 May 2015 19:47:51 GMT
- request:
    method: get
    uri: http://localhost:8983/fedora/rest/anno/joy/eb/8c/15/8d/eb8c158d-5be6-48c6-a11a-1a10f62a2a36
    body:
      encoding: US-ASCII
      string: ''
    headers:
      User-Agent:
      - Faraday v0.9.1
      Accept-Encoding:
      - gzip;q=1.0,deflate;q=0.6,identity;q=0.3
      Accept:
      - "*/*"
  response:
    status:
      code: 410
      message: Gone
    headers:
      Content-Length:
      - '196'
      Link:
      - <http://localhost:8983/fedora/rest/anno/joy/eb/8c/15/8d/eb8c158d-5be6-48c6-a11a-1a10f62a2a36/fcr:tombstone>;
        rel="hasTombstone"
      Content-Type:
      - text/turtle
    body:
      encoding: UTF-8
      string: Discovered tombstone resource at /anno/joy/eb/8c/15/8d/eb8c158d-5be6-48c6-a11a-1a10f62a2a36
        {jcr:createdBy=bypassAdmin, jcr:primaryType=fedora:Tombstone, jcr:created=2015-05-22T12:47:51.853-07:00}
    http_version: 
  recorded_at: Fri, 22 May 2015 19:47:51 GMT
- request:
    method: head
    uri: http://localhost:8983/fedora/rest/anno/ldpw_spec
    body:
      encoding: US-ASCII
      string: ''
    headers:
      User-Agent:
      - Faraday v0.9.1
      Accept:
      - "*/*"
  response:
    status:
      code: 200
      message: OK
    headers:
      Etag:
      - '"86da80e65c1be56bbddc72e6f783ab1986d6c660"'
      Last-Modified:
      - Fri, 22 May 2015 20:08:24 GMT
      Link:
      - <http://www.w3.org/ns/ldp#BasicContainer>;rel="type"
      - <http://www.w3.org/ns/ldp#Container>;rel="type"
      - <http://www.w3.org/ns/ldp#Resource>;rel="type"
      Accept-Patch:
      - application/sparql-update
      Accept-Post:
      - text/turtle,text/rdf+n3,text/n3,application/rdf+xml,application/n-triples,multipart/form-data,application/sparql-update
      Allow:
      - MOVE,COPY,DELETE,POST,HEAD,GET,PUT,PATCH,OPTIONS
      Content-Type:
      - text/tab-separated-values
      Content-Length:
      - '0'
    body:
      encoding: UTF-8
      string: ''
    http_version: 
  recorded_at: Fri, 22 May 2015 20:08:24 GMT
- request:
    method: post
    uri: http://localhost:8983/fedora/rest/anno/ldpw_spec
    body:
      encoding: UTF-8
      string: |
        @prefix ldp: <http://www.w3.org/ns/ldp#> .
        @prefix oa: <http://www.w3.org/ns/oa#> .
        @prefix rdf: <http://www.w3.org/1999/02/22-rdf-syntax-ns#> .

        <> a oa:Annotation,
             ldp:BasicContainer;
           oa:motivatedBy oa:commenting .
    headers:
      User-Agent:
      - Faraday v0.9.1
      Prefer:
      - return=respresentation; omit="http://fedora.info/definitions/v4/repository#ServerManaged"
      Content-Type:
      - application/x-turtle
      Accept-Encoding:
      - gzip;q=1.0,deflate;q=0.6,identity;q=0.3
      Accept:
      - "*/*"
  response:
    status:
      code: 201
      message: Created
    headers:
      Etag:
      - '"d80d63f3c6335de25248e2ddb9fa239782ff56b5"'
      Last-Modified:
      - Fri, 22 May 2015 20:08:24 GMT
      Content-Length:
      - '97'
      Location:
      - http://localhost:8983/fedora/rest/anno/ldpw_spec/17/e0/44/ff/17e044ff-182e-4128-a7bd-cddb5b169039
      Content-Type:
      - text/plain
    body:
      encoding: UTF-8
      string: http://localhost:8983/fedora/rest/anno/ldpw_spec/17/e0/44/ff/17e044ff-182e-4128-a7bd-cddb5b169039
    http_version: 
  recorded_at: Fri, 22 May 2015 20:08:24 GMT
- request:
    method: delete
    uri: http://localhost:8983/fedora/rest/anno/ldpw_spec/17/e0/44/ff/17e044ff-182e-4128-a7bd-cddb5b169039
    body:
      encoding: US-ASCII
      string: ''
    headers:
      User-Agent:
      - Faraday v0.9.1
      Prefer:
      - return=respresentation; omit="http://fedora.info/definitions/v4/repository#ServerManaged"
      Accept-Encoding:
      - gzip;q=1.0,deflate;q=0.6,identity;q=0.3
      Accept:
      - "*/*"
  response:
    status:
      code: 204
      message: No Content
    headers: {}
    body:
      encoding: UTF-8
      string: ''
    http_version: 
  recorded_at: Fri, 22 May 2015 20:08:24 GMT
- request:
    method: get
    uri: http://localhost:8983/fedora/rest/anno/ldpw_spec/17/e0/44/ff/17e044ff-182e-4128-a7bd-cddb5b169039
    body:
      encoding: US-ASCII
      string: ''
    headers:
      User-Agent:
      - Faraday v0.9.1
      Accept-Encoding:
      - gzip;q=1.0,deflate;q=0.6,identity;q=0.3
      Accept:
      - "*/*"
  response:
    status:
      code: 410
      message: Gone
    headers:
      Content-Length:
      - '202'
      Link:
      - <http://localhost:8983/fedora/rest/anno/ldpw_spec/17/e0/44/ff/17e044ff-182e-4128-a7bd-cddb5b169039/fcr:tombstone>;
        rel="hasTombstone"
      Content-Type:
      - text/turtle
    body:
      encoding: UTF-8
      string: Discovered tombstone resource at /anno/ldpw_spec/17/e0/44/ff/17e044ff-182e-4128-a7bd-cddb5b169039
        {jcr:createdBy=bypassAdmin, jcr:primaryType=fedora:Tombstone, jcr:created=2015-05-22T13:08:24.942-07:00}
    http_version: 
  recorded_at: Fri, 22 May 2015 20:08:24 GMT
recorded_with: VCR 2.9.3
