---
http_interactions:
- request:
    method: head
    uri: http://localhost:8983/fedora/rest/anno/anno_controller_destroy_specs
    body:
      encoding: US-ASCII
      string: ''
    headers:
      User-Agent:
      - Faraday v0.9.1
      Accept:
      - "*/*"
  response:
    status:
      code: 200
      message: OK
    headers:
      Etag:
      - '"ba9be768c2823770531bcfe59aade2f55998f6d9"'
      Last-Modified:
      - Tue, 04 Aug 2015 16:45:47 GMT
      Link:
      - <http://www.w3.org/ns/ldp#BasicContainer>;rel="type"
      - <http://www.w3.org/ns/ldp#Container>;rel="type"
      - <http://www.w3.org/ns/ldp#Resource>;rel="type"
      Accept-Patch:
      - application/sparql-update
      Accept-Post:
      - text/turtle,text/rdf+n3,text/n3,application/rdf+xml,application/n-triples,multipart/form-data,application/sparql-update
      Allow:
      - MOVE,COPY,DELETE,POST,HEAD,GET,PUT,PATCH,OPTIONS
      Content-Type:
      - text/tab-separated-values
      Content-Length:
      - '0'
    body:
      encoding: UTF-8
      string: ''
    http_version: 
  recorded_at: Tue, 04 Aug 2015 16:45:47 GMT
- request:
    method: post
    uri: http://localhost:8983/fedora/rest/anno/anno_controller_destroy_specs
    body:
      encoding: UTF-8
      string: |
        @prefix ldp: <http://www.w3.org/ns/ldp#> .
        @prefix oa: <http://www.w3.org/ns/oa#> .
        @prefix rdf: <http://www.w3.org/1999/02/22-rdf-syntax-ns#> .

        <> a oa:Annotation,
             ldp:BasicContainer;
           oa:motivatedBy oa:commenting .
    headers:
      User-Agent:
      - Faraday v0.9.1
      Prefer:
      - return=respresentation; omit="http://fedora.info/definitions/v4/repository#ServerManaged"
      Content-Type:
      - application/x-turtle
      Accept-Encoding:
      - gzip;q=1.0,deflate;q=0.6,identity;q=0.3
      Accept:
      - "*/*"
  response:
    status:
      code: 201
      message: Created
    headers:
      Etag:
      - '"4e103d4ace93bf225d0cd628ac8471f43491dd23"'
      Last-Modified:
      - Tue, 04 Aug 2015 16:45:47 GMT
      Content-Length:
      - '117'
      Location:
      - http://localhost:8983/fedora/rest/anno/anno_controller_destroy_specs/05/6c/24/59/056c2459-187c-425d-9d32-56dedd4b8343
      Content-Type:
      - text/plain
    body:
      encoding: UTF-8
      string: http://localhost:8983/fedora/rest/anno/anno_controller_destroy_specs/05/6c/24/59/056c2459-187c-425d-9d32-56dedd4b8343
    http_version: 
  recorded_at: Tue, 04 Aug 2015 16:45:47 GMT
- request:
    method: post
    uri: http://localhost:8983/fedora/rest/anno/anno_controller_destroy_specs/05/6c/24/59/056c2459-187c-425d-9d32-56dedd4b8343
    body:
      encoding: UTF-8
      string: |
        @prefix ldp: <http://www.w3.org/ns/ldp#> .
        @prefix oa: <http://www.w3.org/ns/oa#> .
        @prefix rdf: <http://www.w3.org/1999/02/22-rdf-syntax-ns#> .

        <> a ldp:DirectContainer;
           ldp:hasMemberRelation oa:hasBody;
           ldp:membershipResource <http://localhost:8983/fedora/rest/anno/anno_controller_destroy_specs/05/6c/24/59/056c2459-187c-425d-9d32-56dedd4b8343> .
    headers:
      User-Agent:
      - Faraday v0.9.1
      Prefer:
      - return=respresentation; omit="http://fedora.info/definitions/v4/repository#ServerManaged"
      Content-Type:
      - application/x-turtle
      Slug:
      - b
      Accept-Encoding:
      - gzip;q=1.0,deflate;q=0.6,identity;q=0.3
      Accept:
      - "*/*"
  response:
    status:
      code: 201
      message: Created
    headers:
      Etag:
      - '"1af92dd6a42d41ffb216a1e81fb6299c98e0a33c"'
      Last-Modified:
      - Tue, 04 Aug 2015 16:45:47 GMT
      Content-Length:
      - '119'
      Location:
      - http://localhost:8983/fedora/rest/anno/anno_controller_destroy_specs/05/6c/24/59/056c2459-187c-425d-9d32-56dedd4b8343/b
      Content-Type:
      - text/plain
    body:
      encoding: UTF-8
      string: http://localhost:8983/fedora/rest/anno/anno_controller_destroy_specs/05/6c/24/59/056c2459-187c-425d-9d32-56dedd4b8343/b
    http_version: 
  recorded_at: Tue, 04 Aug 2015 16:45:47 GMT
- request:
    method: post
    uri: http://localhost:8983/fedora/rest/anno/anno_controller_destroy_specs/05/6c/24/59/056c2459-187c-425d-9d32-56dedd4b8343/b
    body:
      encoding: UTF-8
      string: |
        @prefix cnt: <http://www.w3.org/2011/content#> .
        @prefix dcmitype: <http://purl.org/dc/dcmitype/> .
        @prefix ldp: <http://www.w3.org/ns/ldp#> .
        @prefix rdf: <http://www.w3.org/1999/02/22-rdf-syntax-ns#> .
        @prefix xsd: <http://www.w3.org/2001/XMLSchema#> .

        <> a ldp:BasicContainer,
             cnt:ContentAsText,
             dcmitype:Text;
           cnt:chars "I love this!" .
    headers:
      User-Agent:
      - Faraday v0.9.1
      Prefer:
      - return=respresentation; omit="http://fedora.info/definitions/v4/repository#ServerManaged"
      Content-Type:
      - application/x-turtle
      Accept-Encoding:
      - gzip;q=1.0,deflate;q=0.6,identity;q=0.3
      Accept:
      - "*/*"
  response:
    status:
      code: 201
      message: Created
    headers:
      Etag:
      - '"875a1021de1939ea1d574edde6d436711f9d9250"'
      Last-Modified:
      - Tue, 04 Aug 2015 16:45:47 GMT
      Content-Length:
      - '168'
      Location:
      - http://localhost:8983/fedora/rest/anno/anno_controller_destroy_specs/05/6c/24/59/056c2459-187c-425d-9d32-56dedd4b8343/b/e3/30/09/c8/e33009c8-7a77-494a-a462-ab7ac190589f
      Content-Type:
      - text/plain
    body:
      encoding: UTF-8
      string: http://localhost:8983/fedora/rest/anno/anno_controller_destroy_specs/05/6c/24/59/056c2459-187c-425d-9d32-56dedd4b8343/b/e3/30/09/c8/e33009c8-7a77-494a-a462-ab7ac190589f
    http_version: 
  recorded_at: Tue, 04 Aug 2015 16:45:47 GMT
- request:
    method: post
    uri: http://localhost:8983/fedora/rest/anno/anno_controller_destroy_specs/05/6c/24/59/056c2459-187c-425d-9d32-56dedd4b8343
    body:
      encoding: UTF-8
      string: |
        @prefix ldp: <http://www.w3.org/ns/ldp#> .
        @prefix oa: <http://www.w3.org/ns/oa#> .
        @prefix rdf: <http://www.w3.org/1999/02/22-rdf-syntax-ns#> .

        <> a ldp:DirectContainer;
           ldp:hasMemberRelation oa:hasTarget;
           ldp:membershipResource <http://localhost:8983/fedora/rest/anno/anno_controller_destroy_specs/05/6c/24/59/056c2459-187c-425d-9d32-56dedd4b8343> .
    headers:
      User-Agent:
      - Faraday v0.9.1
      Prefer:
      - return=respresentation; omit="http://fedora.info/definitions/v4/repository#ServerManaged"
      Content-Type:
      - application/x-turtle
      Slug:
      - t
      Accept-Encoding:
      - gzip;q=1.0,deflate;q=0.6,identity;q=0.3
      Accept:
      - "*/*"
  response:
    status:
      code: 201
      message: Created
    headers:
      Etag:
      - '"2bbe80705f7035cba6d4a8e948ff49eb5585e903"'
      Last-Modified:
      - Tue, 04 Aug 2015 16:45:47 GMT
      Content-Length:
      - '119'
      Location:
      - http://localhost:8983/fedora/rest/anno/anno_controller_destroy_specs/05/6c/24/59/056c2459-187c-425d-9d32-56dedd4b8343/t
      Content-Type:
      - text/plain
    body:
      encoding: UTF-8
      string: http://localhost:8983/fedora/rest/anno/anno_controller_destroy_specs/05/6c/24/59/056c2459-187c-425d-9d32-56dedd4b8343/t
    http_version: 
  recorded_at: Tue, 04 Aug 2015 16:45:47 GMT
- request:
    method: post
    uri: http://localhost:8983/fedora/rest/anno/anno_controller_destroy_specs/05/6c/24/59/056c2459-187c-425d-9d32-56dedd4b8343/t
    body:
      encoding: UTF-8
      string: |
        @prefix ldp: <http://www.w3.org/ns/ldp#> .
        @prefix rdf: <http://www.w3.org/1999/02/22-rdf-syntax-ns#> .
        @prefix triannon: <http://triannon.stanford.edu/ns/> .

        <> a ldp:BasicContainer;
           triannon:externalReference <http://purl.stanford.edu/kq131cs7229> .
    headers:
      User-Agent:
      - Faraday v0.9.1
      Prefer:
      - return=respresentation; omit="http://fedora.info/definitions/v4/repository#ServerManaged"
      Content-Type:
      - application/x-turtle
      Accept-Encoding:
      - gzip;q=1.0,deflate;q=0.6,identity;q=0.3
      Accept:
      - "*/*"
  response:
    status:
      code: 201
      message: Created
    headers:
      Etag:
      - '"aa2fb390f9b7cb2e1121c4fcebffa7748f71dc36"'
      Last-Modified:
      - Tue, 04 Aug 2015 16:45:47 GMT
      Content-Length:
      - '168'
      Location:
      - http://localhost:8983/fedora/rest/anno/anno_controller_destroy_specs/05/6c/24/59/056c2459-187c-425d-9d32-56dedd4b8343/t/9b/e2/c5/4d/9be2c54d-3c1e-40de-899a-db98d70d898b
      Content-Type:
      - text/plain
    body:
      encoding: UTF-8
      string: http://localhost:8983/fedora/rest/anno/anno_controller_destroy_specs/05/6c/24/59/056c2459-187c-425d-9d32-56dedd4b8343/t/9b/e2/c5/4d/9be2c54d-3c1e-40de-899a-db98d70d898b
    http_version: 
  recorded_at: Tue, 04 Aug 2015 16:45:47 GMT
- request:
    method: get
    uri: http://localhost:8983/fedora/rest/anno/anno_controller_destroy_specs/05/6c/24/59/056c2459-187c-425d-9d32-56dedd4b8343
    body:
      encoding: US-ASCII
      string: ''
    headers:
      User-Agent:
      - Faraday v0.9.1
      Prefer:
      - return=respresentation; omit="http://fedora.info/definitions/v4/repository#ServerManaged"
      Accept:
      - application/x-turtle
      Accept-Encoding:
      - gzip;q=1.0,deflate;q=0.6,identity;q=0.3
  response:
    status:
      code: 200
      message: OK
    headers:
      Etag:
      - '"3023e6b2f3399d475222bddb36ac296ff20a1f4c"'
      Last-Modified:
      - Tue, 04 Aug 2015 16:45:47 GMT
      Link:
      - <http://www.w3.org/ns/ldp#BasicContainer>;rel="type"
      - <http://www.w3.org/ns/ldp#Container>;rel="type"
      - <http://www.w3.org/ns/ldp#Resource>;rel="type"
      Accept-Patch:
      - application/sparql-update
      Accept-Post:
      - text/turtle,text/rdf+n3,text/n3,application/rdf+xml,application/n-triples,multipart/form-data,application/sparql-update
      Allow:
      - MOVE,COPY,DELETE,POST,HEAD,GET,PUT,PATCH,OPTIONS
      Preference-Applied:
      - return=representation
      Vary:
      - Accept, Range, Accept-Encoding, Accept-Language
      - Prefer
      Content-Length:
      - '1905'
      Content-Type:
      - application/x-turtle
    body:
      encoding: UTF-8
      string: "@prefix premis: <http://www.loc.gov/premis/rdf/v1#> .\n@prefix image:
        <http://www.modeshape.org/images/1.0> .\n@prefix sv: <http://www.jcp.org/jcr/sv/1.0>
        .\n@prefix test: <info:fedora/test/> .\n@prefix nt: <http://www.jcp.org/jcr/nt/1.0>
        .\n@prefix cnt: <http://www.w3.org/2011/content#> .\n@prefix dcmitype: <http://purl.org/dc/dcmitype/>
        .\n@prefix rdfs: <http://www.w3.org/2000/01/rdf-schema#> .\n@prefix xsi: <http://www.w3.org/2001/XMLSchema-instance>
        .\n@prefix mode: <http://www.modeshape.org/1.0> .\n@prefix oa: <http://www.w3.org/ns/oa#>
        .\n@prefix triannon: <http://triannon.stanford.edu/ns/> .\n@prefix rdf: <http://www.w3.org/1999/02/22-rdf-syntax-ns#>
        .\n@prefix fedora: <http://fedora.info/definitions/v4/repository#> .\n@prefix
        xml: <http://www.w3.org/XML/1998/namespace> .\n@prefix ldp: <http://www.w3.org/ns/ldp#>
        .\n@prefix xs: <http://www.w3.org/2001/XMLSchema> .\n@prefix fedoraconfig:
        <http://fedora.info/definitions/v4/config#> .\n@prefix mix: <http://www.jcp.org/jcr/mix/1.0>
        .\n@prefix foaf: <http://xmlns.com/foaf/0.1/> .\n@prefix dc: <http://purl.org/dc/elements/1.1/>
        .\n\n\n<http://localhost:8983/fedora/rest/anno/anno_controller_destroy_specs/05/6c/24/59/056c2459-187c-425d-9d32-56dedd4b8343>
        a oa:Annotation , ldp:BasicContainer ;\n\toa:motivatedBy oa:commenting ;\n\tldp:contains
        <http://localhost:8983/fedora/rest/anno/anno_controller_destroy_specs/05/6c/24/59/056c2459-187c-425d-9d32-56dedd4b8343/b>
        , <http://localhost:8983/fedora/rest/anno/anno_controller_destroy_specs/05/6c/24/59/056c2459-187c-425d-9d32-56dedd4b8343/t>
        ;\n\toa:hasTarget <http://localhost:8983/fedora/rest/anno/anno_controller_destroy_specs/05/6c/24/59/056c2459-187c-425d-9d32-56dedd4b8343/t/9b/e2/c5/4d/9be2c54d-3c1e-40de-899a-db98d70d898b>
        ;\n\toa:hasBody <http://localhost:8983/fedora/rest/anno/anno_controller_destroy_specs/05/6c/24/59/056c2459-187c-425d-9d32-56dedd4b8343/b/e3/30/09/c8/e33009c8-7a77-494a-a462-ab7ac190589f>
        .\n"
    http_version: 
  recorded_at: Tue, 04 Aug 2015 16:45:47 GMT
- request:
    method: get
    uri: http://localhost:8983/fedora/rest/anno/anno_controller_destroy_specs/05/6c/24/59/056c2459-187c-425d-9d32-56dedd4b8343/b/e3/30/09/c8/e33009c8-7a77-494a-a462-ab7ac190589f
    body:
      encoding: US-ASCII
      string: ''
    headers:
      User-Agent:
      - Faraday v0.9.1
      Prefer:
      - return=respresentation; omit="http://fedora.info/definitions/v4/repository#ServerManaged"
      Accept:
      - application/x-turtle
      Accept-Encoding:
      - gzip;q=1.0,deflate;q=0.6,identity;q=0.3
  response:
    status:
      code: 200
      message: OK
    headers:
      Etag:
      - '"875a1021de1939ea1d574edde6d436711f9d9250"'
      Last-Modified:
      - Tue, 04 Aug 2015 16:45:47 GMT
      Link:
      - <http://www.w3.org/ns/ldp#BasicContainer>;rel="type"
      - <http://www.w3.org/ns/ldp#Container>;rel="type"
      - <http://www.w3.org/ns/ldp#Resource>;rel="type"
      Accept-Patch:
      - application/sparql-update
      Accept-Post:
      - text/turtle,text/rdf+n3,text/n3,application/rdf+xml,application/n-triples,multipart/form-data,application/sparql-update
      Allow:
      - MOVE,COPY,DELETE,POST,HEAD,GET,PUT,PATCH,OPTIONS
      Preference-Applied:
      - return=representation
      Vary:
      - Accept, Range, Accept-Encoding, Accept-Language
      - Prefer
      Content-Length:
      - '1381'
      Content-Type:
      - application/x-turtle
    body:
      encoding: UTF-8
      string: "@prefix premis: <http://www.loc.gov/premis/rdf/v1#> .\n@prefix image:
        <http://www.modeshape.org/images/1.0> .\n@prefix sv: <http://www.jcp.org/jcr/sv/1.0>
        .\n@prefix test: <info:fedora/test/> .\n@prefix nt: <http://www.jcp.org/jcr/nt/1.0>
        .\n@prefix cnt: <http://www.w3.org/2011/content#> .\n@prefix dcmitype: <http://purl.org/dc/dcmitype/>
        .\n@prefix rdfs: <http://www.w3.org/2000/01/rdf-schema#> .\n@prefix xsi: <http://www.w3.org/2001/XMLSchema-instance>
        .\n@prefix mode: <http://www.modeshape.org/1.0> .\n@prefix oa: <http://www.w3.org/ns/oa#>
        .\n@prefix triannon: <http://triannon.stanford.edu/ns/> .\n@prefix rdf: <http://www.w3.org/1999/02/22-rdf-syntax-ns#>
        .\n@prefix fedora: <http://fedora.info/definitions/v4/repository#> .\n@prefix
        xml: <http://www.w3.org/XML/1998/namespace> .\n@prefix ldp: <http://www.w3.org/ns/ldp#>
        .\n@prefix xs: <http://www.w3.org/2001/XMLSchema> .\n@prefix fedoraconfig:
        <http://fedora.info/definitions/v4/config#> .\n@prefix mix: <http://www.jcp.org/jcr/mix/1.0>
        .\n@prefix foaf: <http://xmlns.com/foaf/0.1/> .\n@prefix dc: <http://purl.org/dc/elements/1.1/>
        .\n\n\n<http://localhost:8983/fedora/rest/anno/anno_controller_destroy_specs/05/6c/24/59/056c2459-187c-425d-9d32-56dedd4b8343/b/e3/30/09/c8/e33009c8-7a77-494a-a462-ab7ac190589f>
        a dcmitype:Text , ldp:BasicContainer , cnt:ContentAsText ;\n\tcnt:chars \"I
        love this!\"^^<http://www.w3.org/2001/XMLSchema#string> .\n"
    http_version: 
  recorded_at: Tue, 04 Aug 2015 16:45:47 GMT
- request:
    method: get
    uri: http://localhost:8983/fedora/rest/anno/anno_controller_destroy_specs/05/6c/24/59/056c2459-187c-425d-9d32-56dedd4b8343/t/9b/e2/c5/4d/9be2c54d-3c1e-40de-899a-db98d70d898b
    body:
      encoding: US-ASCII
      string: ''
    headers:
      User-Agent:
      - Faraday v0.9.1
      Prefer:
      - return=respresentation; omit="http://fedora.info/definitions/v4/repository#ServerManaged"
      Accept:
      - application/x-turtle
      Accept-Encoding:
      - gzip;q=1.0,deflate;q=0.6,identity;q=0.3
  response:
    status:
      code: 200
      message: OK
    headers:
      Etag:
      - '"aa2fb390f9b7cb2e1121c4fcebffa7748f71dc36"'
      Last-Modified:
      - Tue, 04 Aug 2015 16:45:47 GMT
      Link:
      - <http://www.w3.org/ns/ldp#BasicContainer>;rel="type"
      - <http://www.w3.org/ns/ldp#Container>;rel="type"
      - <http://www.w3.org/ns/ldp#Resource>;rel="type"
      Accept-Patch:
      - application/sparql-update
      Accept-Post:
      - text/turtle,text/rdf+n3,text/n3,application/rdf+xml,application/n-triples,multipart/form-data,application/sparql-update
      Allow:
      - MOVE,COPY,DELETE,POST,HEAD,GET,PUT,PATCH,OPTIONS
      Preference-Applied:
      - return=representation
      Vary:
      - Accept, Range, Accept-Encoding, Accept-Language
      - Prefer
      Content-Length:
      - '1343'
      Content-Type:
      - application/x-turtle
    body:
      encoding: UTF-8
      string: "@prefix premis: <http://www.loc.gov/premis/rdf/v1#> .\n@prefix image:
        <http://www.modeshape.org/images/1.0> .\n@prefix sv: <http://www.jcp.org/jcr/sv/1.0>
        .\n@prefix test: <info:fedora/test/> .\n@prefix nt: <http://www.jcp.org/jcr/nt/1.0>
        .\n@prefix cnt: <http://www.w3.org/2011/content#> .\n@prefix dcmitype: <http://purl.org/dc/dcmitype/>
        .\n@prefix rdfs: <http://www.w3.org/2000/01/rdf-schema#> .\n@prefix xsi: <http://www.w3.org/2001/XMLSchema-instance>
        .\n@prefix mode: <http://www.modeshape.org/1.0> .\n@prefix oa: <http://www.w3.org/ns/oa#>
        .\n@prefix triannon: <http://triannon.stanford.edu/ns/> .\n@prefix rdf: <http://www.w3.org/1999/02/22-rdf-syntax-ns#>
        .\n@prefix fedora: <http://fedora.info/definitions/v4/repository#> .\n@prefix
        xml: <http://www.w3.org/XML/1998/namespace> .\n@prefix ldp: <http://www.w3.org/ns/ldp#>
        .\n@prefix xs: <http://www.w3.org/2001/XMLSchema> .\n@prefix fedoraconfig:
        <http://fedora.info/definitions/v4/config#> .\n@prefix mix: <http://www.jcp.org/jcr/mix/1.0>
        .\n@prefix foaf: <http://xmlns.com/foaf/0.1/> .\n@prefix dc: <http://purl.org/dc/elements/1.1/>
        .\n\n\n<http://localhost:8983/fedora/rest/anno/anno_controller_destroy_specs/05/6c/24/59/056c2459-187c-425d-9d32-56dedd4b8343/t/9b/e2/c5/4d/9be2c54d-3c1e-40de-899a-db98d70d898b>
        a ldp:BasicContainer ;\n\ttriannon:externalReference <http://purl.stanford.edu/kq131cs7229>
        .\n"
    http_version: 
  recorded_at: Tue, 04 Aug 2015 16:45:47 GMT
- request:
    method: post
    uri: http://localhost:8983/solr/triannon/update?wt=ruby
    body:
      encoding: UTF-8
      string: <?xml version="1.0" encoding="UTF-8"?><add commitWithin="500"><doc><field
        name="id">anno_controller_destroy_specs/05/6c/24/59/056c2459-187c-425d-9d32-56dedd4b8343</field><field
        name="root">anno_controller_destroy_specs</field><field name="motivation">commenting</field><field
        name="target_url">http://purl.stanford.edu/kq131cs7229</field><field name="target_type">external_URI</field><field
        name="body_type">content_as_text</field><field name="body_chars_exact">I love
        this!</field><field name="anno_jsonld">{"@context":"http://www.w3.org/ns/oa-context-20130208.json","@graph":[{"@id":"_:g70329178953520","@type":["dctypes:Text","cnt:ContentAsText"],"chars":"I
        love this!"},{"@id":"http://your.triannon-server.com/annotations/anno_controller_destroy_specs/05/6c/24/59/056c2459-187c-425d-9d32-56dedd4b8343","@type":"oa:Annotation","hasBody":"_:g70329178953520","hasTarget":"http://purl.stanford.edu/kq131cs7229","motivatedBy":"oa:commenting"}]}</field></doc></add>
    headers:
      Content-Type:
      - text/xml
  response:
    status:
      code: 200
      message: OK
    headers:
      Content-Type:
      - text/plain;charset=UTF-8
      Transfer-Encoding:
      - chunked
    body:
      encoding: UTF-8
      string: |
        {'responseHeader'=>{'status'=>0,'QTime'=>3}}
    http_version: 
  recorded_at: Tue, 04 Aug 2015 16:45:47 GMT
- request:
    method: get
    uri: http://localhost:8983/fedora/rest/anno/anno_controller_destroy_specs/05/6c/24/59/056c2459-187c-425d-9d32-56dedd4b8343
    body:
      encoding: US-ASCII
      string: ''
    headers:
      User-Agent:
      - Faraday v0.9.1
      Prefer:
      - return=respresentation; omit="http://fedora.info/definitions/v4/repository#ServerManaged"
      Accept:
      - application/x-turtle
      Accept-Encoding:
      - gzip;q=1.0,deflate;q=0.6,identity;q=0.3
  response:
    status:
      code: 200
      message: OK
    headers:
      Etag:
      - '"3023e6b2f3399d475222bddb36ac296ff20a1f4c"'
      Last-Modified:
      - Tue, 04 Aug 2015 16:45:47 GMT
      Link:
      - <http://www.w3.org/ns/ldp#BasicContainer>;rel="type"
      - <http://www.w3.org/ns/ldp#Container>;rel="type"
      - <http://www.w3.org/ns/ldp#Resource>;rel="type"
      Accept-Patch:
      - application/sparql-update
      Accept-Post:
      - text/turtle,text/rdf+n3,text/n3,application/rdf+xml,application/n-triples,multipart/form-data,application/sparql-update
      Allow:
      - MOVE,COPY,DELETE,POST,HEAD,GET,PUT,PATCH,OPTIONS
      Preference-Applied:
      - return=representation
      Vary:
      - Accept, Range, Accept-Encoding, Accept-Language
      - Prefer
      Content-Length:
      - '1905'
      Content-Type:
      - application/x-turtle
    body:
      encoding: UTF-8
      string: "@prefix premis: <http://www.loc.gov/premis/rdf/v1#> .\n@prefix image:
        <http://www.modeshape.org/images/1.0> .\n@prefix sv: <http://www.jcp.org/jcr/sv/1.0>
        .\n@prefix test: <info:fedora/test/> .\n@prefix nt: <http://www.jcp.org/jcr/nt/1.0>
        .\n@prefix cnt: <http://www.w3.org/2011/content#> .\n@prefix dcmitype: <http://purl.org/dc/dcmitype/>
        .\n@prefix rdfs: <http://www.w3.org/2000/01/rdf-schema#> .\n@prefix xsi: <http://www.w3.org/2001/XMLSchema-instance>
        .\n@prefix mode: <http://www.modeshape.org/1.0> .\n@prefix oa: <http://www.w3.org/ns/oa#>
        .\n@prefix triannon: <http://triannon.stanford.edu/ns/> .\n@prefix rdf: <http://www.w3.org/1999/02/22-rdf-syntax-ns#>
        .\n@prefix fedora: <http://fedora.info/definitions/v4/repository#> .\n@prefix
        xml: <http://www.w3.org/XML/1998/namespace> .\n@prefix ldp: <http://www.w3.org/ns/ldp#>
        .\n@prefix xs: <http://www.w3.org/2001/XMLSchema> .\n@prefix fedoraconfig:
        <http://fedora.info/definitions/v4/config#> .\n@prefix mix: <http://www.jcp.org/jcr/mix/1.0>
        .\n@prefix foaf: <http://xmlns.com/foaf/0.1/> .\n@prefix dc: <http://purl.org/dc/elements/1.1/>
        .\n\n\n<http://localhost:8983/fedora/rest/anno/anno_controller_destroy_specs/05/6c/24/59/056c2459-187c-425d-9d32-56dedd4b8343>
        a oa:Annotation , ldp:BasicContainer ;\n\toa:motivatedBy oa:commenting ;\n\tldp:contains
        <http://localhost:8983/fedora/rest/anno/anno_controller_destroy_specs/05/6c/24/59/056c2459-187c-425d-9d32-56dedd4b8343/b>
        , <http://localhost:8983/fedora/rest/anno/anno_controller_destroy_specs/05/6c/24/59/056c2459-187c-425d-9d32-56dedd4b8343/t>
        ;\n\toa:hasTarget <http://localhost:8983/fedora/rest/anno/anno_controller_destroy_specs/05/6c/24/59/056c2459-187c-425d-9d32-56dedd4b8343/t/9b/e2/c5/4d/9be2c54d-3c1e-40de-899a-db98d70d898b>
        ;\n\toa:hasBody <http://localhost:8983/fedora/rest/anno/anno_controller_destroy_specs/05/6c/24/59/056c2459-187c-425d-9d32-56dedd4b8343/b/e3/30/09/c8/e33009c8-7a77-494a-a462-ab7ac190589f>
        .\n"
    http_version: 
  recorded_at: Tue, 04 Aug 2015 16:45:47 GMT
- request:
    method: get
    uri: http://localhost:8983/fedora/rest/anno/anno_controller_destroy_specs/05/6c/24/59/056c2459-187c-425d-9d32-56dedd4b8343/b/e3/30/09/c8/e33009c8-7a77-494a-a462-ab7ac190589f
    body:
      encoding: US-ASCII
      string: ''
    headers:
      User-Agent:
      - Faraday v0.9.1
      Prefer:
      - return=respresentation; omit="http://fedora.info/definitions/v4/repository#ServerManaged"
      Accept:
      - application/x-turtle
      Accept-Encoding:
      - gzip;q=1.0,deflate;q=0.6,identity;q=0.3
  response:
    status:
      code: 200
      message: OK
    headers:
      Etag:
      - '"875a1021de1939ea1d574edde6d436711f9d9250"'
      Last-Modified:
      - Tue, 04 Aug 2015 16:45:47 GMT
      Link:
      - <http://www.w3.org/ns/ldp#BasicContainer>;rel="type"
      - <http://www.w3.org/ns/ldp#Container>;rel="type"
      - <http://www.w3.org/ns/ldp#Resource>;rel="type"
      Accept-Patch:
      - application/sparql-update
      Accept-Post:
      - text/turtle,text/rdf+n3,text/n3,application/rdf+xml,application/n-triples,multipart/form-data,application/sparql-update
      Allow:
      - MOVE,COPY,DELETE,POST,HEAD,GET,PUT,PATCH,OPTIONS
      Preference-Applied:
      - return=representation
      Vary:
      - Accept, Range, Accept-Encoding, Accept-Language
      - Prefer
      Content-Length:
      - '1381'
      Content-Type:
      - application/x-turtle
    body:
      encoding: UTF-8
      string: "@prefix premis: <http://www.loc.gov/premis/rdf/v1#> .\n@prefix image:
        <http://www.modeshape.org/images/1.0> .\n@prefix sv: <http://www.jcp.org/jcr/sv/1.0>
        .\n@prefix test: <info:fedora/test/> .\n@prefix nt: <http://www.jcp.org/jcr/nt/1.0>
        .\n@prefix cnt: <http://www.w3.org/2011/content#> .\n@prefix dcmitype: <http://purl.org/dc/dcmitype/>
        .\n@prefix rdfs: <http://www.w3.org/2000/01/rdf-schema#> .\n@prefix xsi: <http://www.w3.org/2001/XMLSchema-instance>
        .\n@prefix mode: <http://www.modeshape.org/1.0> .\n@prefix oa: <http://www.w3.org/ns/oa#>
        .\n@prefix triannon: <http://triannon.stanford.edu/ns/> .\n@prefix rdf: <http://www.w3.org/1999/02/22-rdf-syntax-ns#>
        .\n@prefix fedora: <http://fedora.info/definitions/v4/repository#> .\n@prefix
        xml: <http://www.w3.org/XML/1998/namespace> .\n@prefix ldp: <http://www.w3.org/ns/ldp#>
        .\n@prefix xs: <http://www.w3.org/2001/XMLSchema> .\n@prefix fedoraconfig:
        <http://fedora.info/definitions/v4/config#> .\n@prefix mix: <http://www.jcp.org/jcr/mix/1.0>
        .\n@prefix foaf: <http://xmlns.com/foaf/0.1/> .\n@prefix dc: <http://purl.org/dc/elements/1.1/>
        .\n\n\n<http://localhost:8983/fedora/rest/anno/anno_controller_destroy_specs/05/6c/24/59/056c2459-187c-425d-9d32-56dedd4b8343/b/e3/30/09/c8/e33009c8-7a77-494a-a462-ab7ac190589f>
        a dcmitype:Text , ldp:BasicContainer , cnt:ContentAsText ;\n\tcnt:chars \"I
        love this!\"^^<http://www.w3.org/2001/XMLSchema#string> .\n"
    http_version: 
  recorded_at: Tue, 04 Aug 2015 16:45:47 GMT
- request:
    method: get
    uri: http://localhost:8983/fedora/rest/anno/anno_controller_destroy_specs/05/6c/24/59/056c2459-187c-425d-9d32-56dedd4b8343/t/9b/e2/c5/4d/9be2c54d-3c1e-40de-899a-db98d70d898b
    body:
      encoding: US-ASCII
      string: ''
    headers:
      User-Agent:
      - Faraday v0.9.1
      Prefer:
      - return=respresentation; omit="http://fedora.info/definitions/v4/repository#ServerManaged"
      Accept:
      - application/x-turtle
      Accept-Encoding:
      - gzip;q=1.0,deflate;q=0.6,identity;q=0.3
  response:
    status:
      code: 200
      message: OK
    headers:
      Etag:
      - '"aa2fb390f9b7cb2e1121c4fcebffa7748f71dc36"'
      Last-Modified:
      - Tue, 04 Aug 2015 16:45:47 GMT
      Link:
      - <http://www.w3.org/ns/ldp#BasicContainer>;rel="type"
      - <http://www.w3.org/ns/ldp#Container>;rel="type"
      - <http://www.w3.org/ns/ldp#Resource>;rel="type"
      Accept-Patch:
      - application/sparql-update
      Accept-Post:
      - text/turtle,text/rdf+n3,text/n3,application/rdf+xml,application/n-triples,multipart/form-data,application/sparql-update
      Allow:
      - MOVE,COPY,DELETE,POST,HEAD,GET,PUT,PATCH,OPTIONS
      Preference-Applied:
      - return=representation
      Vary:
      - Accept, Range, Accept-Encoding, Accept-Language
      - Prefer
      Content-Length:
      - '1343'
      Content-Type:
      - application/x-turtle
    body:
      encoding: UTF-8
      string: "@prefix premis: <http://www.loc.gov/premis/rdf/v1#> .\n@prefix image:
        <http://www.modeshape.org/images/1.0> .\n@prefix sv: <http://www.jcp.org/jcr/sv/1.0>
        .\n@prefix test: <info:fedora/test/> .\n@prefix nt: <http://www.jcp.org/jcr/nt/1.0>
        .\n@prefix cnt: <http://www.w3.org/2011/content#> .\n@prefix dcmitype: <http://purl.org/dc/dcmitype/>
        .\n@prefix rdfs: <http://www.w3.org/2000/01/rdf-schema#> .\n@prefix xsi: <http://www.w3.org/2001/XMLSchema-instance>
        .\n@prefix mode: <http://www.modeshape.org/1.0> .\n@prefix oa: <http://www.w3.org/ns/oa#>
        .\n@prefix triannon: <http://triannon.stanford.edu/ns/> .\n@prefix rdf: <http://www.w3.org/1999/02/22-rdf-syntax-ns#>
        .\n@prefix fedora: <http://fedora.info/definitions/v4/repository#> .\n@prefix
        xml: <http://www.w3.org/XML/1998/namespace> .\n@prefix ldp: <http://www.w3.org/ns/ldp#>
        .\n@prefix xs: <http://www.w3.org/2001/XMLSchema> .\n@prefix fedoraconfig:
        <http://fedora.info/definitions/v4/config#> .\n@prefix mix: <http://www.jcp.org/jcr/mix/1.0>
        .\n@prefix foaf: <http://xmlns.com/foaf/0.1/> .\n@prefix dc: <http://purl.org/dc/elements/1.1/>
        .\n\n\n<http://localhost:8983/fedora/rest/anno/anno_controller_destroy_specs/05/6c/24/59/056c2459-187c-425d-9d32-56dedd4b8343/t/9b/e2/c5/4d/9be2c54d-3c1e-40de-899a-db98d70d898b>
        a ldp:BasicContainer ;\n\ttriannon:externalReference <http://purl.stanford.edu/kq131cs7229>
        .\n"
    http_version: 
  recorded_at: Tue, 04 Aug 2015 16:45:47 GMT
- request:
    method: get
    uri: http://localhost:8983/fedora/rest/anno/anno_controller_destroy_specs/05/6c/24/59/056c2459-187c-425d-9d32-56dedd4b8343
    body:
      encoding: US-ASCII
      string: ''
    headers:
      User-Agent:
      - Faraday v0.9.1
      Prefer:
      - return=respresentation; omit="http://fedora.info/definitions/v4/repository#ServerManaged"
      Accept:
      - application/x-turtle
      Accept-Encoding:
      - gzip;q=1.0,deflate;q=0.6,identity;q=0.3
  response:
    status:
      code: 200
      message: OK
    headers:
      Etag:
      - '"3023e6b2f3399d475222bddb36ac296ff20a1f4c"'
      Last-Modified:
      - Tue, 04 Aug 2015 16:45:47 GMT
      Link:
      - <http://www.w3.org/ns/ldp#BasicContainer>;rel="type"
      - <http://www.w3.org/ns/ldp#Container>;rel="type"
      - <http://www.w3.org/ns/ldp#Resource>;rel="type"
      Accept-Patch:
      - application/sparql-update
      Accept-Post:
      - text/turtle,text/rdf+n3,text/n3,application/rdf+xml,application/n-triples,multipart/form-data,application/sparql-update
      Allow:
      - MOVE,COPY,DELETE,POST,HEAD,GET,PUT,PATCH,OPTIONS
      Preference-Applied:
      - return=representation
      Vary:
      - Accept, Range, Accept-Encoding, Accept-Language
      - Prefer
      Content-Length:
      - '1905'
      Content-Type:
      - application/x-turtle
    body:
      encoding: UTF-8
      string: "@prefix premis: <http://www.loc.gov/premis/rdf/v1#> .\n@prefix image:
        <http://www.modeshape.org/images/1.0> .\n@prefix sv: <http://www.jcp.org/jcr/sv/1.0>
        .\n@prefix test: <info:fedora/test/> .\n@prefix nt: <http://www.jcp.org/jcr/nt/1.0>
        .\n@prefix cnt: <http://www.w3.org/2011/content#> .\n@prefix dcmitype: <http://purl.org/dc/dcmitype/>
        .\n@prefix rdfs: <http://www.w3.org/2000/01/rdf-schema#> .\n@prefix xsi: <http://www.w3.org/2001/XMLSchema-instance>
        .\n@prefix mode: <http://www.modeshape.org/1.0> .\n@prefix oa: <http://www.w3.org/ns/oa#>
        .\n@prefix triannon: <http://triannon.stanford.edu/ns/> .\n@prefix rdf: <http://www.w3.org/1999/02/22-rdf-syntax-ns#>
        .\n@prefix fedora: <http://fedora.info/definitions/v4/repository#> .\n@prefix
        xml: <http://www.w3.org/XML/1998/namespace> .\n@prefix ldp: <http://www.w3.org/ns/ldp#>
        .\n@prefix xs: <http://www.w3.org/2001/XMLSchema> .\n@prefix fedoraconfig:
        <http://fedora.info/definitions/v4/config#> .\n@prefix mix: <http://www.jcp.org/jcr/mix/1.0>
        .\n@prefix foaf: <http://xmlns.com/foaf/0.1/> .\n@prefix dc: <http://purl.org/dc/elements/1.1/>
        .\n\n\n<http://localhost:8983/fedora/rest/anno/anno_controller_destroy_specs/05/6c/24/59/056c2459-187c-425d-9d32-56dedd4b8343>
        a oa:Annotation , ldp:BasicContainer ;\n\toa:motivatedBy oa:commenting ;\n\tldp:contains
        <http://localhost:8983/fedora/rest/anno/anno_controller_destroy_specs/05/6c/24/59/056c2459-187c-425d-9d32-56dedd4b8343/b>
        , <http://localhost:8983/fedora/rest/anno/anno_controller_destroy_specs/05/6c/24/59/056c2459-187c-425d-9d32-56dedd4b8343/t>
        ;\n\toa:hasTarget <http://localhost:8983/fedora/rest/anno/anno_controller_destroy_specs/05/6c/24/59/056c2459-187c-425d-9d32-56dedd4b8343/t/9b/e2/c5/4d/9be2c54d-3c1e-40de-899a-db98d70d898b>
        ;\n\toa:hasBody <http://localhost:8983/fedora/rest/anno/anno_controller_destroy_specs/05/6c/24/59/056c2459-187c-425d-9d32-56dedd4b8343/b/e3/30/09/c8/e33009c8-7a77-494a-a462-ab7ac190589f>
        .\n"
    http_version: 
  recorded_at: Tue, 04 Aug 2015 16:45:47 GMT
- request:
    method: get
    uri: http://localhost:8983/fedora/rest/anno/anno_controller_destroy_specs/05/6c/24/59/056c2459-187c-425d-9d32-56dedd4b8343/b/e3/30/09/c8/e33009c8-7a77-494a-a462-ab7ac190589f
    body:
      encoding: US-ASCII
      string: ''
    headers:
      User-Agent:
      - Faraday v0.9.1
      Prefer:
      - return=respresentation; omit="http://fedora.info/definitions/v4/repository#ServerManaged"
      Accept:
      - application/x-turtle
      Accept-Encoding:
      - gzip;q=1.0,deflate;q=0.6,identity;q=0.3
  response:
    status:
      code: 200
      message: OK
    headers:
      Etag:
      - '"875a1021de1939ea1d574edde6d436711f9d9250"'
      Last-Modified:
      - Tue, 04 Aug 2015 16:45:47 GMT
      Link:
      - <http://www.w3.org/ns/ldp#BasicContainer>;rel="type"
      - <http://www.w3.org/ns/ldp#Container>;rel="type"
      - <http://www.w3.org/ns/ldp#Resource>;rel="type"
      Accept-Patch:
      - application/sparql-update
      Accept-Post:
      - text/turtle,text/rdf+n3,text/n3,application/rdf+xml,application/n-triples,multipart/form-data,application/sparql-update
      Allow:
      - MOVE,COPY,DELETE,POST,HEAD,GET,PUT,PATCH,OPTIONS
      Preference-Applied:
      - return=representation
      Vary:
      - Accept, Range, Accept-Encoding, Accept-Language
      - Prefer
      Content-Length:
      - '1381'
      Content-Type:
      - application/x-turtle
    body:
      encoding: UTF-8
      string: "@prefix premis: <http://www.loc.gov/premis/rdf/v1#> .\n@prefix image:
        <http://www.modeshape.org/images/1.0> .\n@prefix sv: <http://www.jcp.org/jcr/sv/1.0>
        .\n@prefix test: <info:fedora/test/> .\n@prefix nt: <http://www.jcp.org/jcr/nt/1.0>
        .\n@prefix cnt: <http://www.w3.org/2011/content#> .\n@prefix dcmitype: <http://purl.org/dc/dcmitype/>
        .\n@prefix rdfs: <http://www.w3.org/2000/01/rdf-schema#> .\n@prefix xsi: <http://www.w3.org/2001/XMLSchema-instance>
        .\n@prefix mode: <http://www.modeshape.org/1.0> .\n@prefix oa: <http://www.w3.org/ns/oa#>
        .\n@prefix triannon: <http://triannon.stanford.edu/ns/> .\n@prefix rdf: <http://www.w3.org/1999/02/22-rdf-syntax-ns#>
        .\n@prefix fedora: <http://fedora.info/definitions/v4/repository#> .\n@prefix
        xml: <http://www.w3.org/XML/1998/namespace> .\n@prefix ldp: <http://www.w3.org/ns/ldp#>
        .\n@prefix xs: <http://www.w3.org/2001/XMLSchema> .\n@prefix fedoraconfig:
        <http://fedora.info/definitions/v4/config#> .\n@prefix mix: <http://www.jcp.org/jcr/mix/1.0>
        .\n@prefix foaf: <http://xmlns.com/foaf/0.1/> .\n@prefix dc: <http://purl.org/dc/elements/1.1/>
        .\n\n\n<http://localhost:8983/fedora/rest/anno/anno_controller_destroy_specs/05/6c/24/59/056c2459-187c-425d-9d32-56dedd4b8343/b/e3/30/09/c8/e33009c8-7a77-494a-a462-ab7ac190589f>
        a dcmitype:Text , ldp:BasicContainer , cnt:ContentAsText ;\n\tcnt:chars \"I
        love this!\"^^<http://www.w3.org/2001/XMLSchema#string> .\n"
    http_version: 
  recorded_at: Tue, 04 Aug 2015 16:45:47 GMT
- request:
    method: get
    uri: http://localhost:8983/fedora/rest/anno/anno_controller_destroy_specs/05/6c/24/59/056c2459-187c-425d-9d32-56dedd4b8343/t/9b/e2/c5/4d/9be2c54d-3c1e-40de-899a-db98d70d898b
    body:
      encoding: US-ASCII
      string: ''
    headers:
      User-Agent:
      - Faraday v0.9.1
      Prefer:
      - return=respresentation; omit="http://fedora.info/definitions/v4/repository#ServerManaged"
      Accept:
      - application/x-turtle
      Accept-Encoding:
      - gzip;q=1.0,deflate;q=0.6,identity;q=0.3
  response:
    status:
      code: 200
      message: OK
    headers:
      Etag:
      - '"aa2fb390f9b7cb2e1121c4fcebffa7748f71dc36"'
      Last-Modified:
      - Tue, 04 Aug 2015 16:45:47 GMT
      Link:
      - <http://www.w3.org/ns/ldp#BasicContainer>;rel="type"
      - <http://www.w3.org/ns/ldp#Container>;rel="type"
      - <http://www.w3.org/ns/ldp#Resource>;rel="type"
      Accept-Patch:
      - application/sparql-update
      Accept-Post:
      - text/turtle,text/rdf+n3,text/n3,application/rdf+xml,application/n-triples,multipart/form-data,application/sparql-update
      Allow:
      - MOVE,COPY,DELETE,POST,HEAD,GET,PUT,PATCH,OPTIONS
      Preference-Applied:
      - return=representation
      Vary:
      - Accept, Range, Accept-Encoding, Accept-Language
      - Prefer
      Content-Length:
      - '1343'
      Content-Type:
      - application/x-turtle
    body:
      encoding: UTF-8
      string: "@prefix premis: <http://www.loc.gov/premis/rdf/v1#> .\n@prefix image:
        <http://www.modeshape.org/images/1.0> .\n@prefix sv: <http://www.jcp.org/jcr/sv/1.0>
        .\n@prefix test: <info:fedora/test/> .\n@prefix nt: <http://www.jcp.org/jcr/nt/1.0>
        .\n@prefix cnt: <http://www.w3.org/2011/content#> .\n@prefix dcmitype: <http://purl.org/dc/dcmitype/>
        .\n@prefix rdfs: <http://www.w3.org/2000/01/rdf-schema#> .\n@prefix xsi: <http://www.w3.org/2001/XMLSchema-instance>
        .\n@prefix mode: <http://www.modeshape.org/1.0> .\n@prefix oa: <http://www.w3.org/ns/oa#>
        .\n@prefix triannon: <http://triannon.stanford.edu/ns/> .\n@prefix rdf: <http://www.w3.org/1999/02/22-rdf-syntax-ns#>
        .\n@prefix fedora: <http://fedora.info/definitions/v4/repository#> .\n@prefix
        xml: <http://www.w3.org/XML/1998/namespace> .\n@prefix ldp: <http://www.w3.org/ns/ldp#>
        .\n@prefix xs: <http://www.w3.org/2001/XMLSchema> .\n@prefix fedoraconfig:
        <http://fedora.info/definitions/v4/config#> .\n@prefix mix: <http://www.jcp.org/jcr/mix/1.0>
        .\n@prefix foaf: <http://xmlns.com/foaf/0.1/> .\n@prefix dc: <http://purl.org/dc/elements/1.1/>
        .\n\n\n<http://localhost:8983/fedora/rest/anno/anno_controller_destroy_specs/05/6c/24/59/056c2459-187c-425d-9d32-56dedd4b8343/t/9b/e2/c5/4d/9be2c54d-3c1e-40de-899a-db98d70d898b>
        a ldp:BasicContainer ;\n\ttriannon:externalReference <http://purl.stanford.edu/kq131cs7229>
        .\n"
    http_version: 
  recorded_at: Tue, 04 Aug 2015 16:45:47 GMT
- request:
    method: delete
    uri: http://localhost:8983/fedora/rest/anno/anno_controller_destroy_specs/05/6c/24/59/056c2459-187c-425d-9d32-56dedd4b8343
    body:
      encoding: US-ASCII
      string: ''
    headers:
      User-Agent:
      - Faraday v0.9.1
      Prefer:
      - return=respresentation; omit="http://fedora.info/definitions/v4/repository#ServerManaged"
      Accept-Encoding:
      - gzip;q=1.0,deflate;q=0.6,identity;q=0.3
      Accept:
      - "*/*"
  response:
    status:
      code: 204
      message: No Content
    headers: {}
    body:
      encoding: UTF-8
      string: ''
    http_version: 
  recorded_at: Tue, 04 Aug 2015 16:45:48 GMT
- request:
    method: post
    uri: http://localhost:8983/solr/triannon/update?wt=ruby
    body:
      encoding: UTF-8
      string: <?xml version="1.0" encoding="UTF-8"?><delete><id>anno_controller_destroy_specs/05/6c/24/59/056c2459-187c-425d-9d32-56dedd4b8343</id></delete>
    headers:
      Content-Type:
      - text/xml
  response:
    status:
      code: 200
      message: OK
    headers:
      Content-Type:
      - text/plain;charset=UTF-8
      Transfer-Encoding:
      - chunked
    body:
      encoding: UTF-8
      string: |
        {'responseHeader'=>{'status'=>0,'QTime'=>0}}
    http_version: 
  recorded_at: Tue, 04 Aug 2015 16:45:48 GMT
- request:
    method: post
    uri: http://localhost:8983/solr/triannon/update?wt=ruby
    body:
      encoding: UTF-8
      string: <?xml version="1.0" encoding="UTF-8"?><commit/>
    headers:
      Content-Type:
      - text/xml
  response:
    status:
      code: 200
      message: OK
    headers:
      Content-Type:
      - text/plain;charset=UTF-8
      Transfer-Encoding:
      - chunked
    body:
      encoding: UTF-8
      string: |
        {'responseHeader'=>{'status'=>0,'QTime'=>32}}
    http_version: 
  recorded_at: Tue, 04 Aug 2015 16:45:48 GMT
recorded_with: VCR 2.9.3
