---
http_interactions:
- request:
    method: head
    uri: http://localhost:8983/fedora/rest/anno/ldpwprotspec
    body:
      encoding: US-ASCII
      string: ''
    headers:
      User-Agent:
      - Faraday v0.9.1
      Accept:
      - "*/*"
  response:
    status:
      code: 200
      message: OK
    headers:
      Etag:
      - '"9bee230712b9f0f5997490a2784dc9dc6ed6526c"'
      Last-Modified:
      - Thu, 09 Jul 2015 22:56:20 GMT
      Link:
      - <http://www.w3.org/ns/ldp#BasicContainer>;rel="type"
      - <http://www.w3.org/ns/ldp#Container>;rel="type"
      - <http://www.w3.org/ns/ldp#Resource>;rel="type"
      Accept-Patch:
      - application/sparql-update
      Accept-Post:
      - text/turtle,text/rdf+n3,text/n3,application/rdf+xml,application/n-triples,multipart/form-data,application/sparql-update
      Allow:
      - MOVE,COPY,DELETE,POST,HEAD,GET,PUT,PATCH,OPTIONS
      Content-Type:
      - text/tab-separated-values
      Content-Length:
      - '0'
    body:
      encoding: UTF-8
      string: ''
    http_version: 
  recorded_at: Thu, 09 Jul 2015 22:56:20 GMT
- request:
    method: post
    uri: http://localhost:8983/fedora/rest/anno/ldpwprotspec
    body:
      encoding: UTF-8
      string: |
        @prefix ldp: <http://www.w3.org/ns/ldp#> .
        @prefix oa: <http://www.w3.org/ns/oa#> .
        @prefix rdf: <http://www.w3.org/1999/02/22-rdf-syntax-ns#> .

        <> a oa:Annotation,
             ldp:BasicContainer .
    headers:
      User-Agent:
      - Faraday v0.9.1
      Prefer:
      - return=respresentation; omit="http://fedora.info/definitions/v4/repository#ServerManaged"
      Content-Type:
      - application/x-turtle
      Accept-Encoding:
      - gzip;q=1.0,deflate;q=0.6,identity;q=0.3
      Accept:
      - "*/*"
  response:
    status:
      code: 201
      message: Created
    headers:
      Etag:
      - '"0227e80a71c85178150b4dbee48b51bafec9cabf"'
      Last-Modified:
      - Thu, 09 Jul 2015 22:56:20 GMT
      Content-Length:
      - '100'
      Location:
      - http://localhost:8983/fedora/rest/anno/ldpwprotspec/97/47/4f/df/97474fdf-3ca1-4186-bead-0257d0e98cef
      Content-Type:
      - text/plain
    body:
      encoding: UTF-8
      string: http://localhost:8983/fedora/rest/anno/ldpwprotspec/97/47/4f/df/97474fdf-3ca1-4186-bead-0257d0e98cef
    http_version: 
  recorded_at: Thu, 09 Jul 2015 22:56:20 GMT
- request:
    method: post
    uri: http://localhost:8983/fedora/rest/anno/ldpwprotspec/97/47/4f/df/97474fdf-3ca1-4186-bead-0257d0e98cef
    body:
      encoding: UTF-8
      string: |
        @prefix ldp: <http://www.w3.org/ns/ldp#> .
        @prefix oa: <http://www.w3.org/ns/oa#> .
        @prefix rdf: <http://www.w3.org/1999/02/22-rdf-syntax-ns#> .

        <> a ldp:DirectContainer;
           ldp:hasMemberRelation oa:hasTarget;
           ldp:membershipResource <http://localhost:8983/fedora/rest/anno/ldpwprotspec/97/47/4f/df/97474fdf-3ca1-4186-bead-0257d0e98cef> .
    headers:
      User-Agent:
      - Faraday v0.9.1
      Prefer:
      - return=respresentation; omit="http://fedora.info/definitions/v4/repository#ServerManaged"
      Content-Type:
      - application/x-turtle
      Slug:
      - t
      Accept-Encoding:
      - gzip;q=1.0,deflate;q=0.6,identity;q=0.3
      Accept:
      - "*/*"
  response:
    status:
      code: 201
      message: Created
    headers:
      Etag:
      - '"fbd932e924ce251ec5a8df63d32aa4ffed326b4f"'
      Last-Modified:
      - Thu, 09 Jul 2015 22:56:20 GMT
      Content-Length:
      - '102'
      Location:
      - http://localhost:8983/fedora/rest/anno/ldpwprotspec/97/47/4f/df/97474fdf-3ca1-4186-bead-0257d0e98cef/t
      Content-Type:
      - text/plain
    body:
      encoding: UTF-8
      string: http://localhost:8983/fedora/rest/anno/ldpwprotspec/97/47/4f/df/97474fdf-3ca1-4186-bead-0257d0e98cef/t
    http_version: 
  recorded_at: Thu, 09 Jul 2015 22:56:20 GMT
- request:
    method: post
    uri: http://localhost:8983/fedora/rest/anno/ldpwprotspec/97/47/4f/df/97474fdf-3ca1-4186-bead-0257d0e98cef/t
    body:
      encoding: UTF-8
      string: |
        @prefix ldp: <http://www.w3.org/ns/ldp#> .
        @prefix rdf: <http://www.w3.org/1999/02/22-rdf-syntax-ns#> .
        @prefix triannon: <http://triannon.stanford.edu/ns/> .

        <> a ldp:BasicContainer;
           triannon:externalReference <http://purl.stanford.edu/kq131cs7229> .
    headers:
      User-Agent:
      - Faraday v0.9.1
      Prefer:
      - return=respresentation; omit="http://fedora.info/definitions/v4/repository#ServerManaged"
      Content-Type:
      - application/x-turtle
      Accept-Encoding:
      - gzip;q=1.0,deflate;q=0.6,identity;q=0.3
      Accept:
      - "*/*"
  response:
    status:
      code: 201
      message: Created
    headers:
      Etag:
      - '"6359ead62dab76ab0415b0dcc7df6ea337ba6708"'
      Last-Modified:
      - Thu, 09 Jul 2015 22:56:20 GMT
      Content-Length:
      - '151'
      Location:
      - http://localhost:8983/fedora/rest/anno/ldpwprotspec/97/47/4f/df/97474fdf-3ca1-4186-bead-0257d0e98cef/t/f2/a0/2d/64/f2a02d64-dff1-4b3b-b685-827cdfb97fff
      Content-Type:
      - text/plain
    body:
      encoding: UTF-8
      string: http://localhost:8983/fedora/rest/anno/ldpwprotspec/97/47/4f/df/97474fdf-3ca1-4186-bead-0257d0e98cef/t/f2/a0/2d/64/f2a02d64-dff1-4b3b-b685-827cdfb97fff
    http_version: 
  recorded_at: Thu, 09 Jul 2015 22:56:20 GMT
- request:
    method: post
    uri: http://localhost:8983/fedora/rest/anno/ldpwprotspec/97/47/4f/df/97474fdf-3ca1-4186-bead-0257d0e98cef/t
    body:
      encoding: UTF-8
      string: |
        @prefix dcmitype: <http://purl.org/dc/dcmitype/> .
        @prefix ldp: <http://www.w3.org/ns/ldp#> .
        @prefix rdf: <http://www.w3.org/1999/02/22-rdf-syntax-ns#> .
        @prefix triannon: <http://triannon.stanford.edu/ns/> .

        <> a ldp:BasicContainer,
             dcmitype:Image;
           triannon:externalReference <https://stacks.stanford.edu/image/kq131cs7229/kq131cs7229_05_0032_thumb.jpg> .
    headers:
      User-Agent:
      - Faraday v0.9.1
      Prefer:
      - return=respresentation; omit="http://fedora.info/definitions/v4/repository#ServerManaged"
      Content-Type:
      - application/x-turtle
      Accept-Encoding:
      - gzip;q=1.0,deflate;q=0.6,identity;q=0.3
      Accept:
      - "*/*"
  response:
    status:
      code: 201
      message: Created
    headers:
      Etag:
      - '"86588db0a84d98aab18c25ca173813463ec13943"'
      Last-Modified:
      - Thu, 09 Jul 2015 22:56:20 GMT
      Content-Length:
      - '151'
      Location:
      - http://localhost:8983/fedora/rest/anno/ldpwprotspec/97/47/4f/df/97474fdf-3ca1-4186-bead-0257d0e98cef/t/a1/34/25/d4/a13425d4-dce1-4ec7-baf4-1b111394afba
      Content-Type:
      - text/plain
    body:
      encoding: UTF-8
      string: http://localhost:8983/fedora/rest/anno/ldpwprotspec/97/47/4f/df/97474fdf-3ca1-4186-bead-0257d0e98cef/t/a1/34/25/d4/a13425d4-dce1-4ec7-baf4-1b111394afba
    http_version: 
  recorded_at: Thu, 09 Jul 2015 22:56:20 GMT
- request:
    method: post
    uri: http://localhost:8983/fedora/rest/anno/ldpwprotspec/97/47/4f/df/97474fdf-3ca1-4186-bead-0257d0e98cef/t
    body:
      encoding: UTF-8
      string: |
        @prefix dcmitype: <http://purl.org/dc/dcmitype/> .
        @prefix ldp: <http://www.w3.org/ns/ldp#> .
        @prefix rdf: <http://www.w3.org/1999/02/22-rdf-syntax-ns#> .
        @prefix triannon: <http://triannon.stanford.edu/ns/> .

        <> a ldp:BasicContainer,
             dcmitype:Image;
           triannon:externalReference <https://stacks.stanford.edu/image/kq131cs7229/kq131cs7229_05_0032_large.jpg> .
    headers:
      User-Agent:
      - Faraday v0.9.1
      Prefer:
      - return=respresentation; omit="http://fedora.info/definitions/v4/repository#ServerManaged"
      Content-Type:
      - application/x-turtle
      Accept-Encoding:
      - gzip;q=1.0,deflate;q=0.6,identity;q=0.3
      Accept:
      - "*/*"
  response:
    status:
      code: 201
      message: Created
    headers:
      Etag:
      - '"796ab220f66c04dcf1f48ab3754a0eba001bee53"'
      Last-Modified:
      - Thu, 09 Jul 2015 22:56:20 GMT
      Content-Length:
      - '151'
      Location:
      - http://localhost:8983/fedora/rest/anno/ldpwprotspec/97/47/4f/df/97474fdf-3ca1-4186-bead-0257d0e98cef/t/c1/1d/a9/27/c11da927-f256-4686-a245-5390b03c9601
      Content-Type:
      - text/plain
    body:
      encoding: UTF-8
      string: http://localhost:8983/fedora/rest/anno/ldpwprotspec/97/47/4f/df/97474fdf-3ca1-4186-bead-0257d0e98cef/t/c1/1d/a9/27/c11da927-f256-4686-a245-5390b03c9601
    http_version: 
  recorded_at: Thu, 09 Jul 2015 22:56:20 GMT
- request:
    method: get
    uri: http://localhost:8983/fedora/rest/anno/ldpwprotspec/97/47/4f/df/97474fdf-3ca1-4186-bead-0257d0e98cef/t
    body:
      encoding: US-ASCII
      string: ''
    headers:
      User-Agent:
      - Faraday v0.9.1
      Accept:
      - application/x-turtle
      Accept-Encoding:
      - gzip;q=1.0,deflate;q=0.6,identity;q=0.3
  response:
    status:
      code: 200
      message: OK
    headers:
      Etag:
      - '"9599b725a67c7d41dcdce1c49ca0f0b890c20e1b"'
      Last-Modified:
      - Thu, 09 Jul 2015 22:56:20 GMT
      Link:
      - <http://www.w3.org/ns/ldp#Container>;rel="type"
      - <http://www.w3.org/ns/ldp#DirectContainer>;rel="type"
      - <http://www.w3.org/ns/ldp#Resource>;rel="type"
      Accept-Patch:
      - application/sparql-update
      Accept-Post:
      - text/turtle,text/rdf+n3,text/n3,application/rdf+xml,application/n-triples,multipart/form-data,application/sparql-update
      Allow:
      - MOVE,COPY,DELETE,POST,HEAD,GET,PUT,PATCH,OPTIONS
      Preference-Applied:
      - return=representation
      Vary:
      - Accept, Range, Accept-Encoding, Accept-Language
      - Prefer
      Content-Length:
      - '3815'
      Content-Type:
      - application/x-turtle
    body:
      encoding: UTF-8
      string: "@prefix premis: <http://www.loc.gov/premis/rdf/v1#> .\n@prefix image:
        <http://www.modeshape.org/images/1.0> .\n@prefix sv: <http://www.jcp.org/jcr/sv/1.0>
        .\n@prefix test: <info:fedora/test/> .\n@prefix nt: <http://www.jcp.org/jcr/nt/1.0>
        .\n@prefix cnt: <http://www.w3.org/2011/content#> .\n@prefix dcmitype: <http://purl.org/dc/dcmitype/>
        .\n@prefix rdfs: <http://www.w3.org/2000/01/rdf-schema#> .\n@prefix xsi: <http://www.w3.org/2001/XMLSchema-instance>
        .\n@prefix mode: <http://www.modeshape.org/1.0> .\n@prefix dc11: <http://purl.org/dc/elements/1.1/>
        .\n@prefix oa: <http://www.w3.org/ns/oa#> .\n@prefix triannon: <http://triannon.stanford.edu/ns/>
        .\n@prefix rdf: <http://www.w3.org/1999/02/22-rdf-syntax-ns#> .\n@prefix fedora:
        <http://fedora.info/definitions/v4/repository#> .\n@prefix xml: <http://www.w3.org/XML/1998/namespace>
        .\n@prefix ldp: <http://www.w3.org/ns/ldp#> .\n@prefix xs: <http://www.w3.org/2001/XMLSchema>
        .\n@prefix fedoraconfig: <http://fedora.info/definitions/v4/config#> .\n@prefix
        mix: <http://www.jcp.org/jcr/mix/1.0> .\n@prefix foaf: <http://xmlns.com/foaf/0.1/>
        .\n@prefix dc: <http://purl.org/dc/terms/> .\n\n\n<http://localhost:8983/fedora/rest/anno/ldpwprotspec/97/47/4f/df/97474fdf-3ca1-4186-bead-0257d0e98cef/t>
        a ldp:RDFSource , ldp:Container , <http://www.jcp.org/jcr/nt/1.0folder> ,
        <http://www.jcp.org/jcr/nt/1.0hierarchyNode> , <http://www.jcp.org/jcr/nt/1.0base>
        , <http://www.jcp.org/jcr/mix/1.0created> , fedora:Container , fedora:Resource
        , ldp:DirectContainer , fedora:Resource , <http://www.jcp.org/jcr/mix/1.0created>
        , <http://www.jcp.org/jcr/mix/1.0lastModified> , <http://www.jcp.org/jcr/mix/1.0referenceable>
        , fedora:Container ;\n\tfedora:lastModifiedBy \"bypassAdmin\"^^<http://www.w3.org/2001/XMLSchema#string>
        ;\n\tfedora:uuid \"dfc00ccc-8b3f-46b7-b367-cee840b69264\"^^<http://www.w3.org/2001/XMLSchema#string>
        ;\n\tfedora:createdBy \"bypassAdmin\"^^<http://www.w3.org/2001/XMLSchema#string>
        ;\n\tfedora:primaryType \"nt:folder\"^^<http://www.w3.org/2001/XMLSchema#string>
        ;\n\tfedora:created \"2015-07-09T22:56:20.918Z\"^^<http://www.w3.org/2001/XMLSchema#dateTime>
        ;\n\tfedora:mixinTypes \"fedora:Container\"^^<http://www.w3.org/2001/XMLSchema#string>
        , \"fedora:Resource\"^^<http://www.w3.org/2001/XMLSchema#string> , \"ldp:DirectContainer\"^^<http://www.w3.org/2001/XMLSchema#string>
        ;\n\tfedora:lastModified \"2015-07-09T22:56:20.983Z\"^^<http://www.w3.org/2001/XMLSchema#dateTime>
        ;\n\tldp:membershipResource <http://localhost:8983/fedora/rest/anno/ldpwprotspec/97/47/4f/df/97474fdf-3ca1-4186-bead-0257d0e98cef>
        ;\n\tldp:hasMemberRelation oa:hasTarget ;\n\tfedora:writable \"true\"^^<http://www.w3.org/2001/XMLSchema#boolean>
        ;\n\tfedora:hasParent <http://localhost:8983/fedora/rest/anno/ldpwprotspec/97/47/4f/df/97474fdf-3ca1-4186-bead-0257d0e98cef>
        ;\n\tldp:contains <http://localhost:8983/fedora/rest/anno/ldpwprotspec/97/47/4f/df/97474fdf-3ca1-4186-bead-0257d0e98cef/t/f2/a0/2d/64/f2a02d64-dff1-4b3b-b685-827cdfb97fff>
        , <http://localhost:8983/fedora/rest/anno/ldpwprotspec/97/47/4f/df/97474fdf-3ca1-4186-bead-0257d0e98cef/t/a1/34/25/d4/a13425d4-dce1-4ec7-baf4-1b111394afba>
        , <http://localhost:8983/fedora/rest/anno/ldpwprotspec/97/47/4f/df/97474fdf-3ca1-4186-bead-0257d0e98cef/t/c1/1d/a9/27/c11da927-f256-4686-a245-5390b03c9601>
        .\n\n<http://localhost:8983/fedora/rest/anno/ldpwprotspec/97/47/4f/df/97474fdf-3ca1-4186-bead-0257d0e98cef/t/fcr:export?format=jcr/xml>
        dc11:format <http://fedora.info/definitions/v4/repository#jcr/xml> .\n\n<http://localhost:8983/fedora/rest/anno/ldpwprotspec/97/47/4f/df/97474fdf-3ca1-4186-bead-0257d0e98cef/t>
        fedora:exportsAs <http://localhost:8983/fedora/rest/anno/ldpwprotspec/97/47/4f/df/97474fdf-3ca1-4186-bead-0257d0e98cef/t/fcr:export?format=jcr/xml>
        .\n\n<http://fedora.info/definitions/v4/repository#jcr/xml> rdfs:label \"jcr/xml\"^^<http://www.w3.org/2001/XMLSchema#string>
        .\n"
    http_version: 
  recorded_at: Thu, 09 Jul 2015 22:56:21 GMT
- request:
    method: get
    uri: http://localhost:8983/fedora/rest/anno/ldpwprotspec/97/47/4f/df/97474fdf-3ca1-4186-bead-0257d0e98cef/t/f2/a0/2d/64/f2a02d64-dff1-4b3b-b685-827cdfb97fff
    body:
      encoding: US-ASCII
      string: ''
    headers:
      User-Agent:
      - Faraday v0.9.1
      Accept:
      - application/x-turtle
      Accept-Encoding:
      - gzip;q=1.0,deflate;q=0.6,identity;q=0.3
  response:
    status:
      code: 200
      message: OK
    headers:
      Etag:
      - '"6359ead62dab76ab0415b0dcc7df6ea337ba6708"'
      Last-Modified:
      - Thu, 09 Jul 2015 22:56:20 GMT
      Link:
      - <http://www.w3.org/ns/ldp#BasicContainer>;rel="type"
      - <http://www.w3.org/ns/ldp#Container>;rel="type"
      - <http://www.w3.org/ns/ldp#Resource>;rel="type"
      Accept-Patch:
      - application/sparql-update
      Accept-Post:
      - text/turtle,text/rdf+n3,text/n3,application/rdf+xml,application/n-triples,multipart/form-data,application/sparql-update
      Allow:
      - MOVE,COPY,DELETE,POST,HEAD,GET,PUT,PATCH,OPTIONS
      Preference-Applied:
      - return=representation
      Vary:
      - Accept, Range, Accept-Encoding, Accept-Language
      - Prefer
      Content-Length:
      - '3429'
      Content-Type:
      - application/x-turtle
    body:
      encoding: UTF-8
      string: "@prefix premis: <http://www.loc.gov/premis/rdf/v1#> .\n@prefix image:
        <http://www.modeshape.org/images/1.0> .\n@prefix sv: <http://www.jcp.org/jcr/sv/1.0>
        .\n@prefix test: <info:fedora/test/> .\n@prefix nt: <http://www.jcp.org/jcr/nt/1.0>
        .\n@prefix cnt: <http://www.w3.org/2011/content#> .\n@prefix dcmitype: <http://purl.org/dc/dcmitype/>
        .\n@prefix rdfs: <http://www.w3.org/2000/01/rdf-schema#> .\n@prefix xsi: <http://www.w3.org/2001/XMLSchema-instance>
        .\n@prefix mode: <http://www.modeshape.org/1.0> .\n@prefix dc11: <http://purl.org/dc/elements/1.1/>
        .\n@prefix oa: <http://www.w3.org/ns/oa#> .\n@prefix triannon: <http://triannon.stanford.edu/ns/>
        .\n@prefix rdf: <http://www.w3.org/1999/02/22-rdf-syntax-ns#> .\n@prefix fedora:
        <http://fedora.info/definitions/v4/repository#> .\n@prefix xml: <http://www.w3.org/XML/1998/namespace>
        .\n@prefix ldp: <http://www.w3.org/ns/ldp#> .\n@prefix xs: <http://www.w3.org/2001/XMLSchema>
        .\n@prefix fedoraconfig: <http://fedora.info/definitions/v4/config#> .\n@prefix
        mix: <http://www.jcp.org/jcr/mix/1.0> .\n@prefix foaf: <http://xmlns.com/foaf/0.1/>
        .\n@prefix dc: <http://purl.org/dc/terms/> .\n\n\n<http://localhost:8983/fedora/rest/anno/ldpwprotspec/97/47/4f/df/97474fdf-3ca1-4186-bead-0257d0e98cef/t/f2/a0/2d/64/f2a02d64-dff1-4b3b-b685-827cdfb97fff>
        a ldp:RDFSource , ldp:Container , <http://www.jcp.org/jcr/nt/1.0folder> ,
        <http://www.jcp.org/jcr/nt/1.0hierarchyNode> , <http://www.jcp.org/jcr/nt/1.0base>
        , <http://www.jcp.org/jcr/mix/1.0created> , fedora:Container , fedora:Resource
        , ldp:BasicContainer , fedora:Resource , <http://www.jcp.org/jcr/mix/1.0created>
        , <http://www.jcp.org/jcr/mix/1.0lastModified> , <http://www.jcp.org/jcr/mix/1.0referenceable>
        , fedora:Container ;\n\tfedora:lastModifiedBy \"bypassAdmin\"^^<http://www.w3.org/2001/XMLSchema#string>
        ;\n\tfedora:uuid \"e550035a-24ed-4fea-953b-5bd1e9b4b155\"^^<http://www.w3.org/2001/XMLSchema#string>
        ;\n\tfedora:createdBy \"bypassAdmin\"^^<http://www.w3.org/2001/XMLSchema#string>
        ;\n\tfedora:primaryType \"nt:folder\"^^<http://www.w3.org/2001/XMLSchema#string>
        ;\n\tfedora:created \"2015-07-09T22:56:20.94Z\"^^<http://www.w3.org/2001/XMLSchema#dateTime>
        ;\n\ttriannon:externalReference <http://purl.stanford.edu/kq131cs7229> ;\n\tfedora:mixinTypes
        \"fedora:Container\"^^<http://www.w3.org/2001/XMLSchema#string> , \"fedora:Resource\"^^<http://www.w3.org/2001/XMLSchema#string>
        , \"ldp:BasicContainer\"^^<http://www.w3.org/2001/XMLSchema#string> ;\n\tfedora:lastModified
        \"2015-07-09T22:56:20.94Z\"^^<http://www.w3.org/2001/XMLSchema#dateTime> ;\n\tfedora:writable
        \"true\"^^<http://www.w3.org/2001/XMLSchema#boolean> ;\n\tfedora:hasParent
        <http://localhost:8983/fedora/rest/anno/ldpwprotspec/97/47/4f/df/97474fdf-3ca1-4186-bead-0257d0e98cef/t>
        .\n\n<http://localhost:8983/fedora/rest/anno/ldpwprotspec/97/47/4f/df/97474fdf-3ca1-4186-bead-0257d0e98cef/t/f2/a0/2d/64/f2a02d64-dff1-4b3b-b685-827cdfb97fff/fcr:export?format=jcr/xml>
        dc11:format <http://fedora.info/definitions/v4/repository#jcr/xml> .\n\n<http://localhost:8983/fedora/rest/anno/ldpwprotspec/97/47/4f/df/97474fdf-3ca1-4186-bead-0257d0e98cef/t/f2/a0/2d/64/f2a02d64-dff1-4b3b-b685-827cdfb97fff>
        fedora:exportsAs <http://localhost:8983/fedora/rest/anno/ldpwprotspec/97/47/4f/df/97474fdf-3ca1-4186-bead-0257d0e98cef/t/f2/a0/2d/64/f2a02d64-dff1-4b3b-b685-827cdfb97fff/fcr:export?format=jcr/xml>
        .\n\n<http://fedora.info/definitions/v4/repository#jcr/xml> rdfs:label \"jcr/xml\"^^<http://www.w3.org/2001/XMLSchema#string>
        .\n"
    http_version: 
  recorded_at: Thu, 09 Jul 2015 22:56:21 GMT
- request:
    method: get
    uri: http://localhost:8983/fedora/rest/anno/ldpwprotspec/97/47/4f/df/97474fdf-3ca1-4186-bead-0257d0e98cef/t/a1/34/25/d4/a13425d4-dce1-4ec7-baf4-1b111394afba
    body:
      encoding: US-ASCII
      string: ''
    headers:
      User-Agent:
      - Faraday v0.9.1
      Accept:
      - application/x-turtle
      Accept-Encoding:
      - gzip;q=1.0,deflate;q=0.6,identity;q=0.3
  response:
    status:
      code: 200
      message: OK
    headers:
      Etag:
      - '"86588db0a84d98aab18c25ca173813463ec13943"'
      Last-Modified:
      - Thu, 09 Jul 2015 22:56:20 GMT
      Link:
      - <http://www.w3.org/ns/ldp#BasicContainer>;rel="type"
      - <http://www.w3.org/ns/ldp#Container>;rel="type"
      - <http://www.w3.org/ns/ldp#Resource>;rel="type"
      Accept-Patch:
      - application/sparql-update
      Accept-Post:
      - text/turtle,text/rdf+n3,text/n3,application/rdf+xml,application/n-triples,multipart/form-data,application/sparql-update
      Allow:
      - MOVE,COPY,DELETE,POST,HEAD,GET,PUT,PATCH,OPTIONS
      Preference-Applied:
      - return=representation
      Vary:
      - Accept, Range, Accept-Encoding, Accept-Language
      - Prefer
      Content-Length:
      - '3395'
      Content-Type:
      - application/x-turtle
    body:
      encoding: UTF-8
      string: "@prefix premis: <http://www.loc.gov/premis/rdf/v1#> .\n@prefix image:
        <http://www.modeshape.org/images/1.0> .\n@prefix sv: <http://www.jcp.org/jcr/sv/1.0>
        .\n@prefix test: <info:fedora/test/> .\n@prefix nt: <http://www.jcp.org/jcr/nt/1.0>
        .\n@prefix cnt: <http://www.w3.org/2011/content#> .\n@prefix dcmitype: <http://purl.org/dc/dcmitype/>
        .\n@prefix rdfs: <http://www.w3.org/2000/01/rdf-schema#> .\n@prefix xsi: <http://www.w3.org/2001/XMLSchema-instance>
        .\n@prefix mode: <http://www.modeshape.org/1.0> .\n@prefix dc11: <http://purl.org/dc/elements/1.1/>
        .\n@prefix oa: <http://www.w3.org/ns/oa#> .\n@prefix triannon: <http://triannon.stanford.edu/ns/>
        .\n@prefix rdf: <http://www.w3.org/1999/02/22-rdf-syntax-ns#> .\n@prefix fedora:
        <http://fedora.info/definitions/v4/repository#> .\n@prefix xml: <http://www.w3.org/XML/1998/namespace>
        .\n@prefix ldp: <http://www.w3.org/ns/ldp#> .\n@prefix xs: <http://www.w3.org/2001/XMLSchema>
        .\n@prefix fedoraconfig: <http://fedora.info/definitions/v4/config#> .\n@prefix
        mix: <http://www.jcp.org/jcr/mix/1.0> .\n@prefix foaf: <http://xmlns.com/foaf/0.1/>
        .\n@prefix dc: <http://purl.org/dc/terms/> .\n\n\n<http://localhost:8983/fedora/rest/anno/ldpwprotspec/97/47/4f/df/97474fdf-3ca1-4186-bead-0257d0e98cef/t/a1/34/25/d4/a13425d4-dce1-4ec7-baf4-1b111394afba>
        a ldp:RDFSource , ldp:Container , <http://www.jcp.org/jcr/nt/1.0folder> ,
        <http://www.jcp.org/jcr/nt/1.0hierarchyNode> , <http://www.jcp.org/jcr/nt/1.0base>
        , <http://www.jcp.org/jcr/mix/1.0created> , fedora:Container , dcmitype:Image
        , fedora:Resource , ldp:BasicContainer , fedora:Resource , <http://www.jcp.org/jcr/mix/1.0created>
        , <http://www.jcp.org/jcr/mix/1.0lastModified> , <http://www.jcp.org/jcr/mix/1.0referenceable>
        , fedora:Container ;\n\tfedora:lastModifiedBy \"bypassAdmin\"^^<http://www.w3.org/2001/XMLSchema#string>
        ;\n\tfedora:uuid \"079f223e-ebfb-47f1-9af4-932169311f2f\"^^<http://www.w3.org/2001/XMLSchema#string>
        ;\n\tfedora:createdBy \"bypassAdmin\"^^<http://www.w3.org/2001/XMLSchema#string>
        ;\n\tfedora:primaryType \"nt:folder\"^^<http://www.w3.org/2001/XMLSchema#string>
        ;\n\tfedora:created \"2015-07-09T22:56:20.961Z\"^^<http://www.w3.org/2001/XMLSchema#dateTime>
        ;\n\ttriannon:externalReference <https://stacks.stanford.edu/image/kq131cs7229/kq131cs7229_05_0032_thumb.jpg>
        ;\n\tfedora:mixinTypes \"fedora:Container\"^^<http://www.w3.org/2001/XMLSchema#string>
        , \"dcmitype:Image\"^^<http://www.w3.org/2001/XMLSchema#string> , \"fedora:Resource\"^^<http://www.w3.org/2001/XMLSchema#string>
        , \"ldp:BasicContainer\"^^<http://www.w3.org/2001/XMLSchema#string> ;\n\tfedora:lastModified
        \"2015-07-09T22:56:20.961Z\"^^<http://www.w3.org/2001/XMLSchema#dateTime>
        ;\n\tfedora:writable \"true\"^^<http://www.w3.org/2001/XMLSchema#boolean>
        ;\n\tfedora:hasParent <http://localhost:8983/fedora/rest/anno/ldpwprotspec/97/47/4f/df/97474fdf-3ca1-4186-bead-0257d0e98cef/t>
        ;\n\tfedora:exportsAs <http://localhost:8983/fedora/rest/anno/ldpwprotspec/97/47/4f/df/97474fdf-3ca1-4186-bead-0257d0e98cef/t/a1/34/25/d4/a13425d4-dce1-4ec7-baf4-1b111394afba/fcr:export?format=jcr/xml>
        .\n\n<http://localhost:8983/fedora/rest/anno/ldpwprotspec/97/47/4f/df/97474fdf-3ca1-4186-bead-0257d0e98cef/t/a1/34/25/d4/a13425d4-dce1-4ec7-baf4-1b111394afba/fcr:export?format=jcr/xml>
        dc11:format <http://fedora.info/definitions/v4/repository#jcr/xml> .\n\n<http://fedora.info/definitions/v4/repository#jcr/xml>
        rdfs:label \"jcr/xml\"^^<http://www.w3.org/2001/XMLSchema#string> .\n"
    http_version: 
  recorded_at: Thu, 09 Jul 2015 22:56:21 GMT
- request:
    method: get
    uri: http://localhost:8983/fedora/rest/anno/ldpwprotspec/97/47/4f/df/97474fdf-3ca1-4186-bead-0257d0e98cef/t/c1/1d/a9/27/c11da927-f256-4686-a245-5390b03c9601
    body:
      encoding: US-ASCII
      string: ''
    headers:
      User-Agent:
      - Faraday v0.9.1
      Accept:
      - application/x-turtle
      Accept-Encoding:
      - gzip;q=1.0,deflate;q=0.6,identity;q=0.3
  response:
    status:
      code: 200
      message: OK
    headers:
      Etag:
      - '"796ab220f66c04dcf1f48ab3754a0eba001bee53"'
      Last-Modified:
      - Thu, 09 Jul 2015 22:56:20 GMT
      Link:
      - <http://www.w3.org/ns/ldp#BasicContainer>;rel="type"
      - <http://www.w3.org/ns/ldp#Container>;rel="type"
      - <http://www.w3.org/ns/ldp#Resource>;rel="type"
      Accept-Patch:
      - application/sparql-update
      Accept-Post:
      - text/turtle,text/rdf+n3,text/n3,application/rdf+xml,application/n-triples,multipart/form-data,application/sparql-update
      Allow:
      - MOVE,COPY,DELETE,POST,HEAD,GET,PUT,PATCH,OPTIONS
      Preference-Applied:
      - return=representation
      Vary:
      - Accept, Range, Accept-Encoding, Accept-Language
      - Prefer
      Content-Length:
      - '3549'
      Content-Type:
      - application/x-turtle
    body:
      encoding: UTF-8
      string: "@prefix premis: <http://www.loc.gov/premis/rdf/v1#> .\n@prefix image:
        <http://www.modeshape.org/images/1.0> .\n@prefix sv: <http://www.jcp.org/jcr/sv/1.0>
        .\n@prefix test: <info:fedora/test/> .\n@prefix nt: <http://www.jcp.org/jcr/nt/1.0>
        .\n@prefix cnt: <http://www.w3.org/2011/content#> .\n@prefix dcmitype: <http://purl.org/dc/dcmitype/>
        .\n@prefix rdfs: <http://www.w3.org/2000/01/rdf-schema#> .\n@prefix xsi: <http://www.w3.org/2001/XMLSchema-instance>
        .\n@prefix mode: <http://www.modeshape.org/1.0> .\n@prefix dc11: <http://purl.org/dc/elements/1.1/>
        .\n@prefix oa: <http://www.w3.org/ns/oa#> .\n@prefix triannon: <http://triannon.stanford.edu/ns/>
        .\n@prefix rdf: <http://www.w3.org/1999/02/22-rdf-syntax-ns#> .\n@prefix fedora:
        <http://fedora.info/definitions/v4/repository#> .\n@prefix xml: <http://www.w3.org/XML/1998/namespace>
        .\n@prefix ldp: <http://www.w3.org/ns/ldp#> .\n@prefix xs: <http://www.w3.org/2001/XMLSchema>
        .\n@prefix fedoraconfig: <http://fedora.info/definitions/v4/config#> .\n@prefix
        mix: <http://www.jcp.org/jcr/mix/1.0> .\n@prefix foaf: <http://xmlns.com/foaf/0.1/>
        .\n@prefix dc: <http://purl.org/dc/terms/> .\n\n\n<http://localhost:8983/fedora/rest/anno/ldpwprotspec/97/47/4f/df/97474fdf-3ca1-4186-bead-0257d0e98cef/t/c1/1d/a9/27/c11da927-f256-4686-a245-5390b03c9601>
        a ldp:RDFSource , ldp:Container , <http://www.jcp.org/jcr/nt/1.0folder> ,
        <http://www.jcp.org/jcr/nt/1.0hierarchyNode> , <http://www.jcp.org/jcr/nt/1.0base>
        , <http://www.jcp.org/jcr/mix/1.0created> , fedora:Container , dcmitype:Image
        , fedora:Resource , ldp:BasicContainer , fedora:Resource , <http://www.jcp.org/jcr/mix/1.0created>
        , <http://www.jcp.org/jcr/mix/1.0lastModified> , <http://www.jcp.org/jcr/mix/1.0referenceable>
        , fedora:Container ;\n\tfedora:lastModifiedBy \"bypassAdmin\"^^<http://www.w3.org/2001/XMLSchema#string>
        ;\n\tfedora:uuid \"2c5bd71b-c1e0-44dd-a883-0d96989e6bee\"^^<http://www.w3.org/2001/XMLSchema#string>
        ;\n\tfedora:createdBy \"bypassAdmin\"^^<http://www.w3.org/2001/XMLSchema#string>
        ;\n\tfedora:primaryType \"nt:folder\"^^<http://www.w3.org/2001/XMLSchema#string>
        ;\n\tfedora:created \"2015-07-09T22:56:20.983Z\"^^<http://www.w3.org/2001/XMLSchema#dateTime>
        ;\n\ttriannon:externalReference <https://stacks.stanford.edu/image/kq131cs7229/kq131cs7229_05_0032_large.jpg>
        ;\n\tfedora:mixinTypes \"fedora:Container\"^^<http://www.w3.org/2001/XMLSchema#string>
        , \"dcmitype:Image\"^^<http://www.w3.org/2001/XMLSchema#string> , \"fedora:Resource\"^^<http://www.w3.org/2001/XMLSchema#string>
        , \"ldp:BasicContainer\"^^<http://www.w3.org/2001/XMLSchema#string> ;\n\tfedora:lastModified
        \"2015-07-09T22:56:20.983Z\"^^<http://www.w3.org/2001/XMLSchema#dateTime>
        ;\n\tfedora:writable \"true\"^^<http://www.w3.org/2001/XMLSchema#boolean>
        ;\n\tfedora:hasParent <http://localhost:8983/fedora/rest/anno/ldpwprotspec/97/47/4f/df/97474fdf-3ca1-4186-bead-0257d0e98cef/t>
        .\n\n<http://localhost:8983/fedora/rest/anno/ldpwprotspec/97/47/4f/df/97474fdf-3ca1-4186-bead-0257d0e98cef/t/c1/1d/a9/27/c11da927-f256-4686-a245-5390b03c9601/fcr:export?format=jcr/xml>
        dc11:format <http://fedora.info/definitions/v4/repository#jcr/xml> .\n\n<http://fedora.info/definitions/v4/repository#jcr/xml>
        rdfs:label \"jcr/xml\"^^<http://www.w3.org/2001/XMLSchema#string> .\n\n<http://localhost:8983/fedora/rest/anno/ldpwprotspec/97/47/4f/df/97474fdf-3ca1-4186-bead-0257d0e98cef/t/c1/1d/a9/27/c11da927-f256-4686-a245-5390b03c9601>
        fedora:exportsAs <http://localhost:8983/fedora/rest/anno/ldpwprotspec/97/47/4f/df/97474fdf-3ca1-4186-bead-0257d0e98cef/t/c1/1d/a9/27/c11da927-f256-4686-a245-5390b03c9601/fcr:export?format=jcr/xml>
        .\n"
    http_version: 
  recorded_at: Thu, 09 Jul 2015 22:56:21 GMT
recorded_with: VCR 2.9.3
