---
http_interactions:
- request:
    method: head
    uri: http://localhost:8983/fedora/rest/anno/ldpwinstancespec
    body:
      encoding: US-ASCII
      string: ''
    headers:
      User-Agent:
      - Faraday v0.9.1
      Accept:
      - "*/*"
  response:
    status:
      code: 200
      message: OK
    headers:
      Etag:
      - '"eee6a6b79e1198d712ca16b18c83e5e1f192f30d"'
      Last-Modified:
      - Thu, 04 Jun 2015 23:22:16 GMT
      Link:
      - <http://www.w3.org/ns/ldp#BasicContainer>;rel="type"
      - <http://www.w3.org/ns/ldp#Container>;rel="type"
      - <http://www.w3.org/ns/ldp#Resource>;rel="type"
      Accept-Patch:
      - application/sparql-update
      Accept-Post:
      - text/turtle,text/rdf+n3,text/n3,application/rdf+xml,application/n-triples,multipart/form-data,application/sparql-update
      Allow:
      - MOVE,COPY,DELETE,POST,HEAD,GET,PUT,PATCH,OPTIONS
      Content-Type:
      - text/tab-separated-values
      Content-Length:
      - '0'
    body:
      encoding: UTF-8
      string: ''
    http_version: 
  recorded_at: Thu, 04 Jun 2015 23:22:16 GMT
- request:
    method: post
    uri: http://localhost:8983/fedora/rest/anno/ldpwinstancespec
    body:
      encoding: UTF-8
      string: |
        @prefix ldp: <http://www.w3.org/ns/ldp#> .
        @prefix oa: <http://www.w3.org/ns/oa#> .
        @prefix rdf: <http://www.w3.org/1999/02/22-rdf-syntax-ns#> .

        <> a oa:Annotation,
             ldp:BasicContainer;
           oa:motivatedBy oa:commenting .
    headers:
      User-Agent:
      - Faraday v0.9.1
      Prefer:
      - return=respresentation; omit="http://fedora.info/definitions/v4/repository#ServerManaged"
      Content-Type:
      - application/x-turtle
      Accept-Encoding:
      - gzip;q=1.0,deflate;q=0.6,identity;q=0.3
      Accept:
      - "*/*"
  response:
    status:
      code: 201
      message: Created
    headers:
      Etag:
      - '"10c9bc0d651d2c10cd5a80414d404a5c3897ecde"'
      Last-Modified:
      - Thu, 04 Jun 2015 23:22:16 GMT
      Content-Length:
      - '104'
      Location:
      - http://localhost:8983/fedora/rest/anno/ldpwinstancespec/a6/88/00/55/a6880055-24cf-4dd5-a083-c76b3f19e4cb
      Content-Type:
      - text/plain
    body:
      encoding: UTF-8
      string: http://localhost:8983/fedora/rest/anno/ldpwinstancespec/a6/88/00/55/a6880055-24cf-4dd5-a083-c76b3f19e4cb
    http_version: 
  recorded_at: Thu, 04 Jun 2015 23:22:16 GMT
- request:
    method: post
    uri: http://localhost:8983/fedora/rest/anno/ldpwinstancespec/a6/88/00/55/a6880055-24cf-4dd5-a083-c76b3f19e4cb
    body:
      encoding: UTF-8
      string: |
        @prefix ldp: <http://www.w3.org/ns/ldp#> .
        @prefix oa: <http://www.w3.org/ns/oa#> .
        @prefix rdf: <http://www.w3.org/1999/02/22-rdf-syntax-ns#> .

        <> a ldp:DirectContainer;
           ldp:hasMemberRelation oa:hasBody;
           ldp:membershipResource <http://localhost:8983/fedora/rest/anno/ldpwinstancespec/a6/88/00/55/a6880055-24cf-4dd5-a083-c76b3f19e4cb> .
    headers:
      User-Agent:
      - Faraday v0.9.1
      Prefer:
      - return=respresentation; omit="http://fedora.info/definitions/v4/repository#ServerManaged"
      Content-Type:
      - application/x-turtle
      Slug:
      - b
      Accept-Encoding:
      - gzip;q=1.0,deflate;q=0.6,identity;q=0.3
      Accept:
      - "*/*"
  response:
    status:
      code: 201
      message: Created
    headers:
      Etag:
      - '"8aa611bfadac86d33c92dfcd798b83a091c6f0e5"'
      Last-Modified:
      - Thu, 04 Jun 2015 23:22:16 GMT
      Content-Length:
      - '106'
      Location:
      - http://localhost:8983/fedora/rest/anno/ldpwinstancespec/a6/88/00/55/a6880055-24cf-4dd5-a083-c76b3f19e4cb/b
      Content-Type:
      - text/plain
    body:
      encoding: UTF-8
      string: http://localhost:8983/fedora/rest/anno/ldpwinstancespec/a6/88/00/55/a6880055-24cf-4dd5-a083-c76b3f19e4cb/b
    http_version: 
  recorded_at: Thu, 04 Jun 2015 23:22:16 GMT
recorded_with: VCR 2.9.3
