---
http_interactions:
- request:
    method: post
    uri: http://localhost:8983/fedora/rest/anno
    body:
      encoding: UTF-8
      string: |
        @prefix openannotation: <http://www.w3.org/ns/oa#> .
        @prefix rdf: <http://www.w3.org/1999/02/22-rdf-syntax-ns#> .

        <> a openannotation:Annotation;
           openannotation:motivatedBy openannotation:commenting .
    headers:
      User-Agent:
      - Faraday v0.9.0
      Content-Type:
      - application/x-turtle
      Accept-Encoding:
      - gzip;q=1.0,deflate;q=0.6,identity;q=0.3
      Accept:
      - "*/*"
  response:
    status:
      code: 201
      message: Created
    headers:
      Etag:
      - '"27bc01f6f4a010690bb07ca584e28a4209c57dc1"'
      Last-Modified:
      - Thu, 08 Jan 2015 00:09:05 GMT
      Content-Length:
      - '75'
      Location:
      - http://localhost:8983/fedora/rest/anno/69e9ea9d-e5be-46a0-b757-6d5465311847
      Content-Type:
      - text/plain
    body:
      encoding: UTF-8
      string: http://localhost:8983/fedora/rest/anno/69e9ea9d-e5be-46a0-b757-6d5465311847
    http_version: 
  recorded_at: Thu, 08 Jan 2015 00:09:05 GMT
- request:
    method: post
    uri: http://localhost:8983/fedora/rest/anno/69e9ea9d-e5be-46a0-b757-6d5465311847
    body:
      encoding: UTF-8
      string: |
        @prefix ldp: <http://www.w3.org/ns/ldp#> .
        @prefix openannotation: <http://www.w3.org/ns/oa#> .
        @prefix rdf: <http://www.w3.org/1999/02/22-rdf-syntax-ns#> .

        <> a ldp:DirectContainer;
           ldp:hasMemberRelation openannotation:hasTarget;
           ldp:membershipResource <http://localhost:8983/fedora/rest/anno/69e9ea9d-e5be-46a0-b757-6d5465311847> .
    headers:
      User-Agent:
      - Faraday v0.9.0
      Content-Type:
      - application/x-turtle
      Slug:
      - t
      Accept-Encoding:
      - gzip;q=1.0,deflate;q=0.6,identity;q=0.3
      Accept:
      - "*/*"
  response:
    status:
      code: 201
      message: Created
    headers:
      Etag:
      - '"46fd673e0409939ef884656ea64d7bce4bb8c8d7"'
      Last-Modified:
      - Thu, 08 Jan 2015 00:09:05 GMT
      Content-Length:
      - '77'
      Location:
      - http://localhost:8983/fedora/rest/anno/69e9ea9d-e5be-46a0-b757-6d5465311847/t
      Content-Type:
      - text/plain
    body:
      encoding: UTF-8
      string: http://localhost:8983/fedora/rest/anno/69e9ea9d-e5be-46a0-b757-6d5465311847/t
    http_version: 
  recorded_at: Thu, 08 Jan 2015 00:09:05 GMT
- request:
    method: post
    uri: http://localhost:8983/fedora/rest/anno/69e9ea9d-e5be-46a0-b757-6d5465311847/t
    body:
      encoding: UTF-8
      string: |
        @prefix dcmitype: <http://purl.org/dc/dcmitype/> .
        @prefix openannotation: <http://www.w3.org/ns/oa#> .
        @prefix rdf: <http://www.w3.org/1999/02/22-rdf-syntax-ns#> .
        @prefix triannon: <http://triannon.stanford.edu/ns/> .

        <> a openannotation:Choice;
           openannotation:default <#default>;
           openannotation:item <#item1>,
             <#item2> .

        <#default> a dcmitype:Image;
           triannon:externalReference <http://images.com/small> .

        <#item1> a dcmitype:Image;
           triannon:externalReference <http://images.com/large> .

        <#item2> a dcmitype:Image;
           triannon:externalReference <http://images.com/huge> .
    headers:
      User-Agent:
      - Faraday v0.9.0
      Content-Type:
      - application/x-turtle
      Accept-Encoding:
      - gzip;q=1.0,deflate;q=0.6,identity;q=0.3
      Accept:
      - "*/*"
  response:
    status:
      code: 201
      message: Created
    headers:
      Etag:
      - '"bb15340968ee4dd0ead1c1af558f01d8b300f03c"'
      Last-Modified:
      - Thu, 08 Jan 2015 00:09:05 GMT
      Content-Length:
      - '114'
      Location:
      - http://localhost:8983/fedora/rest/anno/69e9ea9d-e5be-46a0-b757-6d5465311847/t/30ff61eb-868a-4471-b3eb-0a888aab3f52
      Content-Type:
      - text/plain
    body:
      encoding: UTF-8
      string: http://localhost:8983/fedora/rest/anno/69e9ea9d-e5be-46a0-b757-6d5465311847/t/30ff61eb-868a-4471-b3eb-0a888aab3f52
    http_version: 
  recorded_at: Thu, 08 Jan 2015 00:09:05 GMT
- request:
    method: get
    uri: http://localhost:8983/fedora/rest/anno/69e9ea9d-e5be-46a0-b757-6d5465311847/t/30ff61eb-868a-4471-b3eb-0a888aab3f52
    body:
      encoding: US-ASCII
      string: ''
    headers:
      User-Agent:
      - Faraday v0.9.0
      Accept:
      - application/x-turtle
      Accept-Encoding:
      - gzip;q=1.0,deflate;q=0.6,identity;q=0.3
  response:
    status:
      code: 200
      message: OK
    headers:
      Etag:
      - '"bb15340968ee4dd0ead1c1af558f01d8b300f03c"'
      Last-Modified:
      - Thu, 08 Jan 2015 00:09:05 GMT
      Link:
      - <http://www.w3.org/ns/ldp#DirectContainer>;rel="type"
      - <http://www.w3.org/ns/ldp#Resource>;rel="type"
      Accept-Patch:
      - application/sparql-update
      Accept-Post:
      - text/turtle,text/rdf+n3,application/n3,text/n3,application/rdf+xml,application/n-triples,multipart/form-data,application/sparql-update
      Allow:
      - MOVE,COPY,DELETE,POST,HEAD,GET,PUT,PATCH,OPTIONS
      Vary:
      - Accept, Range, Accept-Encoding, Accept-Language
      Content-Length:
      - '7869'
      Content-Type:
      - application/x-turtle
    body:
      encoding: UTF-8
      string: "@prefix premis: <http://www.loc.gov/premis/rdf/v1#> .\n@prefix fedorarelsext:
        <http://fedora.info/definitions/v4/rels-ext#> .\n@prefix nt: <http://www.jcp.org/jcr/nt/1.0>
        .\n@prefix rdfs: <http://www.w3.org/2000/01/rdf-schema#> .\n@prefix content:
        <http://www.w3.org/2011/content#> .\n@prefix ns001: <http://purl.org/dc/elements/1.1/>
        .\n@prefix xsi: <http://www.w3.org/2001/XMLSchema-instance> .\n@prefix mode:
        <http://www.modeshape.org/1.0> .\n@prefix openannotation: <http://www.w3.org/ns/oa#>
        .\n@prefix xml: <http://www.w3.org/XML/1998/namespace> .\n@prefix fcrepo:
        <http://fedora.info/definitions/v4/repository#> .\n@prefix fedoraconfig: <http://fedora.info/definitions/v4/config#>
        .\n@prefix mix: <http://www.jcp.org/jcr/mix/1.0> .\n@prefix prov: <http://www.w3.org/ns/prov#>
        .\n@prefix foaf: <http://xmlns.com/foaf/0.1/> .\n@prefix image: <http://www.modeshape.org/images/1.0>
        .\n@prefix sv: <http://www.jcp.org/jcr/sv/1.0> .\n@prefix test: <info:fedora/test/>
        .\n@prefix dcmitype: <http://purl.org/dc/dcmitype/> .\n@prefix triannon: <http://triannon.stanford.edu/ns/>
        .\n@prefix rdf: <http://www.w3.org/1999/02/22-rdf-syntax-ns#> .\n@prefix fedora:
        <http://fedora.info/definitions/v4/rest-api#> .\n@prefix ldp: <http://www.w3.org/ns/ldp#>
        .\n@prefix xs: <http://www.w3.org/2001/XMLSchema> .\n@prefix dc: <http://purl.org/dc/terms/>
        .\n\n\n<http://localhost:8983/fedora/rest/anno/69e9ea9d-e5be-46a0-b757-6d5465311847/t/30ff61eb-868a-4471-b3eb-0a888aab3f52>
        ldp:membershipResource <http://localhost:8983/fedora/rest/anno/69e9ea9d-e5be-46a0-b757-6d5465311847/t/30ff61eb-868a-4471-b3eb-0a888aab3f52>
        ;\n\tldp:hasMemberRelation ldp:member ;\n\ta ldp:Container , ldp:DirectContainer
        , ldp:RDFSource ;\n\tfcrepo:hasParent <http://localhost:8983/fedora/rest/anno/69e9ea9d-e5be-46a0-b757-6d5465311847/t>
        .\n\n<http://localhost:8983/fedora/rest/anno/69e9ea9d-e5be-46a0-b757-6d5465311847/t/30ff61eb-868a-4471-b3eb-0a888aab3f52#item2>
        a <http://www.jcp.org/jcr/nt/1.0folder> , <http://www.jcp.org/jcr/nt/1.0hierarchyNode>
        , <http://www.jcp.org/jcr/nt/1.0base> , <http://www.jcp.org/jcr/mix/1.0created>
        , fedora:resource , dcmitype:Image , fedora:relations , <http://www.jcp.org/jcr/mix/1.0created>
        , <http://www.jcp.org/jcr/mix/1.0lastModified> , <http://www.jcp.org/jcr/mix/1.0referenceable>
        , fedora:DublinCoreDescribable ;\n\tfcrepo:lastModifiedBy \"bypassAdmin\"^^<http://www.w3.org/2001/XMLSchema#string>
        ;\n\tfcrepo:uuid \"4737046c-58c5-4005-857e-26ea11c26eac\"^^<http://www.w3.org/2001/XMLSchema#string>
        ;\n\tfcrepo:createdBy \"bypassAdmin\"^^<http://www.w3.org/2001/XMLSchema#string>
        ;\n\tfcrepo:primaryType \"nt:folder\"^^<http://www.w3.org/2001/XMLSchema#string>
        ;\n\tfcrepo:created \"2015-01-08T00:09:05.45Z\"^^<http://www.w3.org/2001/XMLSchema#dateTime>
        ;\n\ttriannon:externalReference <http://images.com/huge> ;\n\tfcrepo:mixinTypes
        \"fedora:resource\"^^<http://www.w3.org/2001/XMLSchema#string> , \"dcmitype:Image\"^^<http://www.w3.org/2001/XMLSchema#string>
        ;\n\tfcrepo:lastModified \"2015-01-08T00:09:05.45Z\"^^<http://www.w3.org/2001/XMLSchema#dateTime>
        .\n\n<http://localhost:8983/fedora/rest/anno/69e9ea9d-e5be-46a0-b757-6d5465311847/t/30ff61eb-868a-4471-b3eb-0a888aab3f52#item1>
        a <http://www.jcp.org/jcr/nt/1.0folder> , <http://www.jcp.org/jcr/nt/1.0hierarchyNode>
        , <http://www.jcp.org/jcr/nt/1.0base> , <http://www.jcp.org/jcr/mix/1.0created>
        , fedora:resource , dcmitype:Image , fedora:relations , <http://www.jcp.org/jcr/mix/1.0created>
        , <http://www.jcp.org/jcr/mix/1.0lastModified> , <http://www.jcp.org/jcr/mix/1.0referenceable>
        , fedora:DublinCoreDescribable ;\n\tfcrepo:lastModifiedBy \"bypassAdmin\"^^<http://www.w3.org/2001/XMLSchema#string>
        ;\n\tfcrepo:uuid \"77e280aa-7055-4c00-bd56-e01b41d87614\"^^<http://www.w3.org/2001/XMLSchema#string>
        ;\n\tfcrepo:createdBy \"bypassAdmin\"^^<http://www.w3.org/2001/XMLSchema#string>
        ;\n\tfcrepo:primaryType \"nt:folder\"^^<http://www.w3.org/2001/XMLSchema#string>
        ;\n\tfcrepo:created \"2015-01-08T00:09:05.45Z\"^^<http://www.w3.org/2001/XMLSchema#dateTime>
        ;\n\ttriannon:externalReference <http://images.com/large> ;\n\tfcrepo:mixinTypes
        \"fedora:resource\"^^<http://www.w3.org/2001/XMLSchema#string> , \"dcmitype:Image\"^^<http://www.w3.org/2001/XMLSchema#string>
        ;\n\tfcrepo:lastModified \"2015-01-08T00:09:05.45Z\"^^<http://www.w3.org/2001/XMLSchema#dateTime>
        .\n\n<http://localhost:8983/fedora/rest/anno/69e9ea9d-e5be-46a0-b757-6d5465311847/t/30ff61eb-868a-4471-b3eb-0a888aab3f52#default>
        a <http://www.jcp.org/jcr/nt/1.0folder> , <http://www.jcp.org/jcr/nt/1.0hierarchyNode>
        , <http://www.jcp.org/jcr/nt/1.0base> , <http://www.jcp.org/jcr/mix/1.0created>
        , fedora:resource , dcmitype:Image , fedora:relations , <http://www.jcp.org/jcr/mix/1.0created>
        , <http://www.jcp.org/jcr/mix/1.0lastModified> , <http://www.jcp.org/jcr/mix/1.0referenceable>
        , fedora:DublinCoreDescribable ;\n\tfcrepo:lastModifiedBy \"bypassAdmin\"^^<http://www.w3.org/2001/XMLSchema#string>
        ;\n\tfcrepo:uuid \"a1b7143f-674f-4dc4-9977-877cf5c9fcc0\"^^<http://www.w3.org/2001/XMLSchema#string>
        ;\n\tfcrepo:createdBy \"bypassAdmin\"^^<http://www.w3.org/2001/XMLSchema#string>
        ;\n\tfcrepo:primaryType \"nt:folder\"^^<http://www.w3.org/2001/XMLSchema#string>
        ;\n\tfcrepo:created \"2015-01-08T00:09:05.45Z\"^^<http://www.w3.org/2001/XMLSchema#dateTime>
        ;\n\ttriannon:externalReference <http://images.com/small> ;\n\tfcrepo:mixinTypes
        \"fedora:resource\"^^<http://www.w3.org/2001/XMLSchema#string> , \"dcmitype:Image\"^^<http://www.w3.org/2001/XMLSchema#string>
        ;\n\tfcrepo:lastModified \"2015-01-08T00:09:05.45Z\"^^<http://www.w3.org/2001/XMLSchema#dateTime>
        .\n\n<http://localhost:8983/fedora/rest/anno/69e9ea9d-e5be-46a0-b757-6d5465311847/t/30ff61eb-868a-4471-b3eb-0a888aab3f52>
        fedora:writable \"true\"^^<http://www.w3.org/2001/XMLSchema#boolean> ;\n\tfedora:exportsAs
        <http://localhost:8983/fedora/rest/anno/69e9ea9d-e5be-46a0-b757-6d5465311847/t/30ff61eb-868a-4471-b3eb-0a888aab3f52/fcr:export?format=jcr/xml>
        .\n\n<http://localhost:8983/fedora/rest/anno/69e9ea9d-e5be-46a0-b757-6d5465311847/t/30ff61eb-868a-4471-b3eb-0a888aab3f52/fcr:export?format=jcr/xml>
        ns001:format <http://fedora.info/definitions/v4/repository#jcr/xml> .\n\n<http://fedora.info/definitions/v4/repository#jcr/xml>
        rdfs:label \"jcr/xml\"^^<http://www.w3.org/2001/XMLSchema#string> .\n\n<http://localhost:8983/fedora/rest/anno/69e9ea9d-e5be-46a0-b757-6d5465311847/t/30ff61eb-868a-4471-b3eb-0a888aab3f52>
        a <http://www.jcp.org/jcr/nt/1.0folder> , <http://www.jcp.org/jcr/nt/1.0hierarchyNode>
        , <http://www.jcp.org/jcr/nt/1.0base> , <http://www.jcp.org/jcr/mix/1.0created>
        , openannotation:Choice , fedora:resource , fedora:object , fedora:relations
        , <http://www.jcp.org/jcr/mix/1.0created> , <http://www.jcp.org/jcr/mix/1.0lastModified>
        , <http://www.jcp.org/jcr/mix/1.0referenceable> , fedora:DublinCoreDescribable
        , fedora:resource , ldp:Container ;\n\tfcrepo:lastModifiedBy \"bypassAdmin\"^^<http://www.w3.org/2001/XMLSchema#string>
        ;\n\tfcrepo:uuid \"c2bf9118-7c7e-4ce8-b4ee-2818709b9dff\"^^<http://www.w3.org/2001/XMLSchema#string>
        ;\n\tfcrepo:createdBy \"bypassAdmin\"^^<http://www.w3.org/2001/XMLSchema#string>
        ;\n\tfcrepo:primaryType \"nt:folder\"^^<http://www.w3.org/2001/XMLSchema#string>
        ;\n\tfcrepo:created \"2015-01-08T00:09:05.45Z\"^^<http://www.w3.org/2001/XMLSchema#dateTime>
        ;\n\tfcrepo:lastModified \"2015-01-08T00:09:05.45Z\"^^<http://www.w3.org/2001/XMLSchema#dateTime>
        ;\n\tfcrepo:mixinTypes \"openannotation:Choice\"^^<http://www.w3.org/2001/XMLSchema#string>
        , \"fedora:resource\"^^<http://www.w3.org/2001/XMLSchema#string> , \"fedora:object\"^^<http://www.w3.org/2001/XMLSchema#string>
        ;\n\topenannotation:item <http://localhost:8983/fedora/rest/anno/69e9ea9d-e5be-46a0-b757-6d5465311847/t/30ff61eb-868a-4471-b3eb-0a888aab3f52#item2>
        , <http://localhost:8983/fedora/rest/anno/69e9ea9d-e5be-46a0-b757-6d5465311847/t/30ff61eb-868a-4471-b3eb-0a888aab3f52#item1>
        ;\n\topenannotation:default <http://localhost:8983/fedora/rest/anno/69e9ea9d-e5be-46a0-b757-6d5465311847/t/30ff61eb-868a-4471-b3eb-0a888aab3f52#default>
        .\n"
    http_version: 
  recorded_at: Thu, 08 Jan 2015 00:09:05 GMT
recorded_with: VCR 2.9.3
