---
http_interactions:
- request:
    method: head
    uri: http://localhost:8983/fedora/rest/bar/36/74/d0/36/3674d036-0533-497d-939b-6e8837e24a43
    body:
      encoding: US-ASCII
      string: ''
    headers:
      User-Agent:
      - Faraday v0.9.1
      Accept:
      - "*/*"
  response:
    status:
      code: 404
      message: Not Found
    headers:
      Content-Type:
      - text/html;charset=ISO-8859-1
      Cache-Control:
      - must-revalidate,no-cache,no-store
      Content-Length:
      - '1429'
    body:
      encoding: UTF-8
      string: ''
    http_version: 
  recorded_at: Wed, 22 Jul 2015 18:13:47 GMT
- request:
    method: head
    uri: http://localhost:8983/fedora/rest/bar/02/8c/a2/31/028ca231-2412-46f7-8cbb-0ef538179760
    body:
      encoding: US-ASCII
      string: ''
    headers:
      User-Agent:
      - Faraday v0.9.1
      Accept:
      - "*/*"
  response:
    status:
      code: 404
      message: Not Found
    headers:
      Content-Type:
      - text/html;charset=ISO-8859-1
      Cache-Control:
      - must-revalidate,no-cache,no-store
      Content-Length:
      - '1429'
    body:
      encoding: UTF-8
      string: ''
    http_version: 
  recorded_at: Wed, 22 Jul 2015 18:13:47 GMT
- request:
    method: head
    uri: http://localhost:8983/fedora/rest/bar/83/8e/a8/ec/838ea8ec-2220-4ad0-a9b9-ba6f5f64e65a
    body:
      encoding: US-ASCII
      string: ''
    headers:
      User-Agent:
      - Faraday v0.9.1
      Accept:
      - "*/*"
  response:
    status:
      code: 404
      message: Not Found
    headers:
      Content-Type:
      - text/html;charset=ISO-8859-1
      Cache-Control:
      - must-revalidate,no-cache,no-store
      Content-Length:
      - '1429'
    body:
      encoding: UTF-8
      string: ''
    http_version: 
  recorded_at: Wed, 22 Jul 2015 18:13:47 GMT
- request:
    method: head
    uri: http://localhost:8983/fedora/rest/anno/bar
    body:
      encoding: US-ASCII
      string: ''
    headers:
      User-Agent:
      - Faraday v0.9.1
      Accept:
      - "*/*"
  response:
    status:
      code: 200
      message: OK
    headers:
      Etag:
      - '"23fa688611feed84c8fcc8c66b37e600a24eb097"'
      Last-Modified:
      - Wed, 22 Jul 2015 18:13:47 GMT
      Link:
      - <http://www.w3.org/ns/ldp#BasicContainer>;rel="type"
      - <http://www.w3.org/ns/ldp#Container>;rel="type"
      - <http://www.w3.org/ns/ldp#Resource>;rel="type"
      Accept-Patch:
      - application/sparql-update
      Accept-Post:
      - text/turtle,text/rdf+n3,text/n3,application/rdf+xml,application/n-triples,multipart/form-data,application/sparql-update
      Allow:
      - MOVE,COPY,DELETE,POST,HEAD,GET,PUT,PATCH,OPTIONS
      Content-Type:
      - text/tab-separated-values
      Content-Length:
      - '0'
    body:
      encoding: UTF-8
      string: ''
    http_version: 
  recorded_at: Wed, 22 Jul 2015 18:13:47 GMT
- request:
    method: delete
    uri: http://localhost:8983/fedora/rest/anno/bar
    body:
      encoding: US-ASCII
      string: ''
    headers:
      User-Agent:
      - Faraday v0.9.1
      Prefer:
      - return=respresentation; omit="http://fedora.info/definitions/v4/repository#ServerManaged"
      Accept-Encoding:
      - gzip;q=1.0,deflate;q=0.6,identity;q=0.3
      Accept:
      - "*/*"
  response:
    status:
      code: 204
      message: No Content
    headers: {}
    body:
      encoding: UTF-8
      string: ''
    http_version: 
  recorded_at: Wed, 22 Jul 2015 18:13:47 GMT
- request:
    method: delete
    uri: http://localhost:8983/fedora/rest/anno/bar/fcr:tombstone
    body:
      encoding: US-ASCII
      string: ''
    headers:
      User-Agent:
      - Faraday v0.9.1
      Accept-Encoding:
      - gzip;q=1.0,deflate;q=0.6,identity;q=0.3
      Accept:
      - "*/*"
  response:
    status:
      code: 204
      message: No Content
    headers: {}
    body:
      encoding: UTF-8
      string: ''
    http_version: 
  recorded_at: Wed, 22 Jul 2015 18:13:47 GMT
- request:
    method: post
    uri: http://localhost:8983/solr/triannon/update?wt=ruby
    body:
      encoding: UTF-8
      string: <?xml version="1.0" encoding="UTF-8"?><delete><id>bar/36/74/d0/36/3674d036-0533-497d-939b-6e8837e24a43</id></delete>
    headers:
      Content-Type:
      - text/xml
  response:
    status:
      code: 200
      message: OK
    headers:
      Content-Type:
      - text/plain;charset=UTF-8
      Transfer-Encoding:
      - chunked
    body:
      encoding: UTF-8
      string: |
        {'responseHeader'=>{'status'=>0,'QTime'=>0}}
    http_version: 
  recorded_at: Wed, 22 Jul 2015 18:13:47 GMT
- request:
    method: post
    uri: http://localhost:8983/solr/triannon/update?wt=ruby
    body:
      encoding: UTF-8
      string: <?xml version="1.0" encoding="UTF-8"?><delete><id>bar/02/8c/a2/31/028ca231-2412-46f7-8cbb-0ef538179760</id></delete>
    headers:
      Content-Type:
      - text/xml
  response:
    status:
      code: 200
      message: OK
    headers:
      Content-Type:
      - text/plain;charset=UTF-8
      Transfer-Encoding:
      - chunked
    body:
      encoding: UTF-8
      string: |
        {'responseHeader'=>{'status'=>0,'QTime'=>2}}
    http_version: 
  recorded_at: Wed, 22 Jul 2015 18:13:47 GMT
- request:
    method: post
    uri: http://localhost:8983/solr/triannon/update?wt=ruby
    body:
      encoding: UTF-8
      string: <?xml version="1.0" encoding="UTF-8"?><delete><id>bar/83/8e/a8/ec/838ea8ec-2220-4ad0-a9b9-ba6f5f64e65a</id></delete>
    headers:
      Content-Type:
      - text/xml
  response:
    status:
      code: 200
      message: OK
    headers:
      Content-Type:
      - text/plain;charset=UTF-8
      Transfer-Encoding:
      - chunked
    body:
      encoding: UTF-8
      string: |
        {'responseHeader'=>{'status'=>0,'QTime'=>0}}
    http_version: 
  recorded_at: Wed, 22 Jul 2015 18:13:47 GMT
- request:
    method: post
    uri: http://localhost:8983/solr/triannon/update?wt=ruby
    body:
      encoding: UTF-8
      string: <?xml version="1.0" encoding="UTF-8"?><commit/>
    headers:
      Content-Type:
      - text/xml
  response:
    status:
      code: 200
      message: OK
    headers:
      Content-Type:
      - text/plain;charset=UTF-8
      Transfer-Encoding:
      - chunked
    body:
      encoding: UTF-8
      string: |
        {'responseHeader'=>{'status'=>0,'QTime'=>29}}
    http_version: 
  recorded_at: Wed, 22 Jul 2015 18:13:47 GMT
recorded_with: VCR 2.9.3
