---
http_interactions:
- request:
    method: head
    uri: http://localhost:8983/fedora/rest/anno/ldpwprotspec
    body:
      encoding: US-ASCII
      string: ''
    headers:
      User-Agent:
      - Faraday v0.9.1
      Accept:
      - "*/*"
  response:
    status:
      code: 200
      message: OK
    headers:
      Etag:
      - '"9603ddab5c946d4c534d0ae244504d9721a11fea"'
      Last-Modified:
      - Mon, 22 Jun 2015 19:54:29 GMT
      Link:
      - <http://www.w3.org/ns/ldp#BasicContainer>;rel="type"
      - <http://www.w3.org/ns/ldp#Container>;rel="type"
      - <http://www.w3.org/ns/ldp#Resource>;rel="type"
      Accept-Patch:
      - application/sparql-update
      Accept-Post:
      - text/turtle,text/rdf+n3,text/n3,application/rdf+xml,application/n-triples,multipart/form-data,application/sparql-update
      Allow:
      - MOVE,COPY,DELETE,POST,HEAD,GET,PUT,PATCH,OPTIONS
      Content-Type:
      - text/tab-separated-values
      Content-Length:
      - '0'
    body:
      encoding: UTF-8
      string: ''
    http_version: 
  recorded_at: Mon, 22 Jun 2015 19:54:29 GMT
- request:
    method: post
    uri: http://localhost:8983/fedora/rest/anno/ldpwprotspec
    body:
      encoding: UTF-8
      string: |
        @prefix ldp: <http://www.w3.org/ns/ldp#> .
        @prefix oa: <http://www.w3.org/ns/oa#> .
        @prefix rdf: <http://www.w3.org/1999/02/22-rdf-syntax-ns#> .

        <> a oa:Annotation,
             ldp:BasicContainer .
    headers:
      User-Agent:
      - Faraday v0.9.1
      Prefer:
      - return=respresentation; omit="http://fedora.info/definitions/v4/repository#ServerManaged"
      Content-Type:
      - application/x-turtle
      Accept-Encoding:
      - gzip;q=1.0,deflate;q=0.6,identity;q=0.3
      Accept:
      - "*/*"
  response:
    status:
      code: 201
      message: Created
    headers:
      Etag:
      - '"a6e6d7b2e8b6d402d168ac965c6fb130968153fe"'
      Last-Modified:
      - Mon, 22 Jun 2015 19:54:29 GMT
      Content-Length:
      - '100'
      Location:
      - http://localhost:8983/fedora/rest/anno/ldpwprotspec/8b/cd/58/ac/8bcd58ac-049b-4cd7-a087-541b8093ee6e
      Content-Type:
      - text/plain
    body:
      encoding: UTF-8
      string: http://localhost:8983/fedora/rest/anno/ldpwprotspec/8b/cd/58/ac/8bcd58ac-049b-4cd7-a087-541b8093ee6e
    http_version: 
  recorded_at: Mon, 22 Jun 2015 19:54:29 GMT
- request:
    method: post
    uri: http://localhost:8983/fedora/rest/anno/ldpwprotspec/8b/cd/58/ac/8bcd58ac-049b-4cd7-a087-541b8093ee6e
    body:
      encoding: UTF-8
      string: |
        @prefix ldp: <http://www.w3.org/ns/ldp#> .
        @prefix oa: <http://www.w3.org/ns/oa#> .
        @prefix rdf: <http://www.w3.org/1999/02/22-rdf-syntax-ns#> .

        <> a ldp:DirectContainer;
           ldp:hasMemberRelation oa:hasTarget;
           ldp:membershipResource <http://localhost:8983/fedora/rest/anno/ldpwprotspec/8b/cd/58/ac/8bcd58ac-049b-4cd7-a087-541b8093ee6e> .
    headers:
      User-Agent:
      - Faraday v0.9.1
      Prefer:
      - return=respresentation; omit="http://fedora.info/definitions/v4/repository#ServerManaged"
      Content-Type:
      - application/x-turtle
      Slug:
      - t
      Accept-Encoding:
      - gzip;q=1.0,deflate;q=0.6,identity;q=0.3
      Accept:
      - "*/*"
  response:
    status:
      code: 201
      message: Created
    headers:
      Etag:
      - '"4f355d17a14861d9e2964ceed7b04ccd54eba184"'
      Last-Modified:
      - Mon, 22 Jun 2015 19:54:29 GMT
      Content-Length:
      - '102'
      Location:
      - http://localhost:8983/fedora/rest/anno/ldpwprotspec/8b/cd/58/ac/8bcd58ac-049b-4cd7-a087-541b8093ee6e/t
      Content-Type:
      - text/plain
    body:
      encoding: UTF-8
      string: http://localhost:8983/fedora/rest/anno/ldpwprotspec/8b/cd/58/ac/8bcd58ac-049b-4cd7-a087-541b8093ee6e/t
    http_version: 
  recorded_at: Mon, 22 Jun 2015 19:54:29 GMT
- request:
    method: post
    uri: http://localhost:8983/fedora/rest/anno/ldpwprotspec/8b/cd/58/ac/8bcd58ac-049b-4cd7-a087-541b8093ee6e/t
    body:
      encoding: UTF-8
      string: |
        @prefix ldp: <http://www.w3.org/ns/ldp#> .
        @prefix rdf: <http://www.w3.org/1999/02/22-rdf-syntax-ns#> .
        @prefix triannon: <http://triannon.stanford.edu/ns/> .

        <> a ldp:BasicContainer;
           triannon:externalReference <http://purl.stanford.edu/kq131cs7229> .
    headers:
      User-Agent:
      - Faraday v0.9.1
      Prefer:
      - return=respresentation; omit="http://fedora.info/definitions/v4/repository#ServerManaged"
      Content-Type:
      - application/x-turtle
      Accept-Encoding:
      - gzip;q=1.0,deflate;q=0.6,identity;q=0.3
      Accept:
      - "*/*"
  response:
    status:
      code: 201
      message: Created
    headers:
      Etag:
      - '"6ddfba4f677ea1332cd6377e2ff75e3abdb540f7"'
      Last-Modified:
      - Mon, 22 Jun 2015 19:54:29 GMT
      Content-Length:
      - '151'
      Location:
      - http://localhost:8983/fedora/rest/anno/ldpwprotspec/8b/cd/58/ac/8bcd58ac-049b-4cd7-a087-541b8093ee6e/t/83/18/32/88/83183288-77ef-4753-ab57-7777a7b2f965
      Content-Type:
      - text/plain
    body:
      encoding: UTF-8
      string: http://localhost:8983/fedora/rest/anno/ldpwprotspec/8b/cd/58/ac/8bcd58ac-049b-4cd7-a087-541b8093ee6e/t/83/18/32/88/83183288-77ef-4753-ab57-7777a7b2f965
    http_version: 
  recorded_at: Mon, 22 Jun 2015 19:54:29 GMT
- request:
    method: post
    uri: http://localhost:8983/fedora/rest/anno/ldpwprotspec/8b/cd/58/ac/8bcd58ac-049b-4cd7-a087-541b8093ee6e/t
    body:
      encoding: UTF-8
      string: |
        @prefix ldp: <http://www.w3.org/ns/ldp#> .
        @prefix oa: <http://www.w3.org/ns/oa#> .
        @prefix rdf: <http://www.w3.org/1999/02/22-rdf-syntax-ns#> .
        @prefix triannon: <http://triannon.stanford.edu/ns/> .
        @prefix xsd: <http://www.w3.org/2001/XMLSchema#> .

        <> a ldp:BasicContainer,
             oa:SpecificResource;
           oa:hasSelector [
             a oa:TextPositionSelector;
             oa:end "66"^^xsd:nonNegativeInteger;
             oa:start "0"^^xsd:nonNegativeInteger
           ];
           oa:hasSource <#source> .

        <#source> triannon:externalReference <http://purl.stanford.edu/kq666cs6666.html> .
    headers:
      User-Agent:
      - Faraday v0.9.1
      Prefer:
      - return=respresentation; omit="http://fedora.info/definitions/v4/repository#ServerManaged"
      Content-Type:
      - application/x-turtle
      Accept-Encoding:
      - gzip;q=1.0,deflate;q=0.6,identity;q=0.3
      Accept:
      - "*/*"
  response:
    status:
      code: 201
      message: Created
    headers:
      Etag:
      - '"f7613b93c76413c20c1f7ffc59a8eba1d5811b4e"'
      Last-Modified:
      - Mon, 22 Jun 2015 19:54:30 GMT
      Content-Length:
      - '151'
      Location:
      - http://localhost:8983/fedora/rest/anno/ldpwprotspec/8b/cd/58/ac/8bcd58ac-049b-4cd7-a087-541b8093ee6e/t/35/6a/11/97/356a1197-166a-4c53-a2c3-abaff2a2a0ff
      Content-Type:
      - text/plain
    body:
      encoding: UTF-8
      string: http://localhost:8983/fedora/rest/anno/ldpwprotspec/8b/cd/58/ac/8bcd58ac-049b-4cd7-a087-541b8093ee6e/t/35/6a/11/97/356a1197-166a-4c53-a2c3-abaff2a2a0ff
    http_version: 
  recorded_at: Mon, 22 Jun 2015 19:54:30 GMT
- request:
    method: post
    uri: http://localhost:8983/fedora/rest/anno/ldpwprotspec/8b/cd/58/ac/8bcd58ac-049b-4cd7-a087-541b8093ee6e/t
    body:
      encoding: UTF-8
      string: |
        @prefix dc: <http://purl.org/dc/terms/> .
        @prefix dcmitype: <http://purl.org/dc/dcmitype/> .
        @prefix ldp: <http://www.w3.org/ns/ldp#> .
        @prefix oa: <http://www.w3.org/ns/oa#> .
        @prefix rdf: <http://www.w3.org/1999/02/22-rdf-syntax-ns#> .
        @prefix triannon: <http://triannon.stanford.edu/ns/> .
        @prefix xsd: <http://www.w3.org/2001/XMLSchema#> .

        <> a ldp:BasicContainer,
             oa:SpecificResource;
           oa:hasSelector [
             a oa:FragmentSelector;
             dc:conformsTo <http://www.w3.org/TR/media-frags/>;
             rdf:value "xywh=0,0,200,200"
           ];
           oa:hasSource <#source> .

        <#source> a dcmitype:Image;
           triannon:externalReference <https://stacks.stanford.edu/image/kq131cs7229/kq131cs7229_05_0032_large.jpg> .
    headers:
      User-Agent:
      - Faraday v0.9.1
      Prefer:
      - return=respresentation; omit="http://fedora.info/definitions/v4/repository#ServerManaged"
      Content-Type:
      - application/x-turtle
      Accept-Encoding:
      - gzip;q=1.0,deflate;q=0.6,identity;q=0.3
      Accept:
      - "*/*"
  response:
    status:
      code: 201
      message: Created
    headers:
      Etag:
      - '"ae627f3fcb4091d3033f150aa813d97f785235d9"'
      Last-Modified:
      - Mon, 22 Jun 2015 19:54:30 GMT
      Content-Length:
      - '151'
      Location:
      - http://localhost:8983/fedora/rest/anno/ldpwprotspec/8b/cd/58/ac/8bcd58ac-049b-4cd7-a087-541b8093ee6e/t/2a/59/a2/c4/2a59a2c4-1a33-439f-99ac-e4f7e9f6ef96
      Content-Type:
      - text/plain
    body:
      encoding: UTF-8
      string: http://localhost:8983/fedora/rest/anno/ldpwprotspec/8b/cd/58/ac/8bcd58ac-049b-4cd7-a087-541b8093ee6e/t/2a/59/a2/c4/2a59a2c4-1a33-439f-99ac-e4f7e9f6ef96
    http_version: 
  recorded_at: Mon, 22 Jun 2015 19:54:30 GMT
- request:
    method: get
    uri: http://localhost:8983/fedora/rest/anno/ldpwprotspec/8b/cd/58/ac/8bcd58ac-049b-4cd7-a087-541b8093ee6e/t
    body:
      encoding: US-ASCII
      string: ''
    headers:
      User-Agent:
      - Faraday v0.9.1
      Accept:
      - application/x-turtle
      Accept-Encoding:
      - gzip;q=1.0,deflate;q=0.6,identity;q=0.3
  response:
    status:
      code: 200
      message: OK
    headers:
      Etag:
      - '"c28968e916cd26c9f1de002b665a983434deb600"'
      Last-Modified:
      - Mon, 22 Jun 2015 19:54:30 GMT
      Link:
      - <http://www.w3.org/ns/ldp#Container>;rel="type"
      - <http://www.w3.org/ns/ldp#DirectContainer>;rel="type"
      - <http://www.w3.org/ns/ldp#Resource>;rel="type"
      Accept-Patch:
      - application/sparql-update
      Accept-Post:
      - text/turtle,text/rdf+n3,text/n3,application/rdf+xml,application/n-triples,multipart/form-data,application/sparql-update
      Allow:
      - MOVE,COPY,DELETE,POST,HEAD,GET,PUT,PATCH,OPTIONS
      Preference-Applied:
      - return=representation
      Vary:
      - Accept, Range, Accept-Encoding, Accept-Language
      - Prefer
      Content-Length:
      - '3815'
      Content-Type:
      - application/x-turtle
    body:
      encoding: UTF-8
      string: "@prefix premis: <http://www.loc.gov/premis/rdf/v1#> .\n@prefix image:
        <http://www.modeshape.org/images/1.0> .\n@prefix sv: <http://www.jcp.org/jcr/sv/1.0>
        .\n@prefix test: <info:fedora/test/> .\n@prefix nt: <http://www.jcp.org/jcr/nt/1.0>
        .\n@prefix cnt: <http://www.w3.org/2011/content#> .\n@prefix dcmitype: <http://purl.org/dc/dcmitype/>
        .\n@prefix rdfs: <http://www.w3.org/2000/01/rdf-schema#> .\n@prefix xsi: <http://www.w3.org/2001/XMLSchema-instance>
        .\n@prefix mode: <http://www.modeshape.org/1.0> .\n@prefix dc11: <http://purl.org/dc/elements/1.1/>
        .\n@prefix oa: <http://www.w3.org/ns/oa#> .\n@prefix triannon: <http://triannon.stanford.edu/ns/>
        .\n@prefix rdf: <http://www.w3.org/1999/02/22-rdf-syntax-ns#> .\n@prefix fedora:
        <http://fedora.info/definitions/v4/repository#> .\n@prefix xml: <http://www.w3.org/XML/1998/namespace>
        .\n@prefix ldp: <http://www.w3.org/ns/ldp#> .\n@prefix xs: <http://www.w3.org/2001/XMLSchema>
        .\n@prefix fedoraconfig: <http://fedora.info/definitions/v4/config#> .\n@prefix
        mix: <http://www.jcp.org/jcr/mix/1.0> .\n@prefix foaf: <http://xmlns.com/foaf/0.1/>
        .\n@prefix dc: <http://purl.org/dc/terms/> .\n\n\n<http://localhost:8983/fedora/rest/anno/ldpwprotspec/8b/cd/58/ac/8bcd58ac-049b-4cd7-a087-541b8093ee6e/t>
        a ldp:RDFSource , ldp:Container , <http://www.jcp.org/jcr/nt/1.0folder> ,
        <http://www.jcp.org/jcr/nt/1.0hierarchyNode> , <http://www.jcp.org/jcr/nt/1.0base>
        , <http://www.jcp.org/jcr/mix/1.0created> , fedora:Container , fedora:Resource
        , ldp:DirectContainer , fedora:Resource , <http://www.jcp.org/jcr/mix/1.0created>
        , <http://www.jcp.org/jcr/mix/1.0lastModified> , <http://www.jcp.org/jcr/mix/1.0referenceable>
        , fedora:Container ;\n\tfedora:lastModifiedBy \"bypassAdmin\"^^<http://www.w3.org/2001/XMLSchema#string>
        ;\n\tfedora:uuid \"adc21f9d-3f0f-4cf0-a01f-b8223f6e613a\"^^<http://www.w3.org/2001/XMLSchema#string>
        ;\n\tfedora:createdBy \"bypassAdmin\"^^<http://www.w3.org/2001/XMLSchema#string>
        ;\n\tfedora:primaryType \"nt:folder\"^^<http://www.w3.org/2001/XMLSchema#string>
        ;\n\tfedora:created \"2015-06-22T19:54:29.944Z\"^^<http://www.w3.org/2001/XMLSchema#dateTime>
        ;\n\tfedora:mixinTypes \"fedora:Container\"^^<http://www.w3.org/2001/XMLSchema#string>
        , \"fedora:Resource\"^^<http://www.w3.org/2001/XMLSchema#string> , \"ldp:DirectContainer\"^^<http://www.w3.org/2001/XMLSchema#string>
        ;\n\tfedora:lastModified \"2015-06-22T19:54:30.045Z\"^^<http://www.w3.org/2001/XMLSchema#dateTime>
        ;\n\tldp:membershipResource <http://localhost:8983/fedora/rest/anno/ldpwprotspec/8b/cd/58/ac/8bcd58ac-049b-4cd7-a087-541b8093ee6e>
        ;\n\tldp:hasMemberRelation oa:hasTarget ;\n\tfedora:writable \"true\"^^<http://www.w3.org/2001/XMLSchema#boolean>
        ;\n\tfedora:hasParent <http://localhost:8983/fedora/rest/anno/ldpwprotspec/8b/cd/58/ac/8bcd58ac-049b-4cd7-a087-541b8093ee6e>
        ;\n\tldp:contains <http://localhost:8983/fedora/rest/anno/ldpwprotspec/8b/cd/58/ac/8bcd58ac-049b-4cd7-a087-541b8093ee6e/t/83/18/32/88/83183288-77ef-4753-ab57-7777a7b2f965>
        , <http://localhost:8983/fedora/rest/anno/ldpwprotspec/8b/cd/58/ac/8bcd58ac-049b-4cd7-a087-541b8093ee6e/t/35/6a/11/97/356a1197-166a-4c53-a2c3-abaff2a2a0ff>
        , <http://localhost:8983/fedora/rest/anno/ldpwprotspec/8b/cd/58/ac/8bcd58ac-049b-4cd7-a087-541b8093ee6e/t/2a/59/a2/c4/2a59a2c4-1a33-439f-99ac-e4f7e9f6ef96>
        .\n\n<http://localhost:8983/fedora/rest/anno/ldpwprotspec/8b/cd/58/ac/8bcd58ac-049b-4cd7-a087-541b8093ee6e/t/fcr:export?format=jcr/xml>
        dc11:format <http://fedora.info/definitions/v4/repository#jcr/xml> .\n\n<http://localhost:8983/fedora/rest/anno/ldpwprotspec/8b/cd/58/ac/8bcd58ac-049b-4cd7-a087-541b8093ee6e/t>
        fedora:exportsAs <http://localhost:8983/fedora/rest/anno/ldpwprotspec/8b/cd/58/ac/8bcd58ac-049b-4cd7-a087-541b8093ee6e/t/fcr:export?format=jcr/xml>
        .\n\n<http://fedora.info/definitions/v4/repository#jcr/xml> rdfs:label \"jcr/xml\"^^<http://www.w3.org/2001/XMLSchema#string>
        .\n"
    http_version: 
  recorded_at: Mon, 22 Jun 2015 19:54:30 GMT
- request:
    method: get
    uri: http://localhost:8983/fedora/rest/anno/ldpwprotspec/8b/cd/58/ac/8bcd58ac-049b-4cd7-a087-541b8093ee6e/t/83/18/32/88/83183288-77ef-4753-ab57-7777a7b2f965
    body:
      encoding: US-ASCII
      string: ''
    headers:
      User-Agent:
      - Faraday v0.9.1
      Accept:
      - application/x-turtle
      Accept-Encoding:
      - gzip;q=1.0,deflate;q=0.6,identity;q=0.3
  response:
    status:
      code: 200
      message: OK
    headers:
      Etag:
      - '"6ddfba4f677ea1332cd6377e2ff75e3abdb540f7"'
      Last-Modified:
      - Mon, 22 Jun 2015 19:54:29 GMT
      Link:
      - <http://www.w3.org/ns/ldp#BasicContainer>;rel="type"
      - <http://www.w3.org/ns/ldp#Container>;rel="type"
      - <http://www.w3.org/ns/ldp#Resource>;rel="type"
      Accept-Patch:
      - application/sparql-update
      Accept-Post:
      - text/turtle,text/rdf+n3,text/n3,application/rdf+xml,application/n-triples,multipart/form-data,application/sparql-update
      Allow:
      - MOVE,COPY,DELETE,POST,HEAD,GET,PUT,PATCH,OPTIONS
      Preference-Applied:
      - return=representation
      Vary:
      - Accept, Range, Accept-Encoding, Accept-Language
      - Prefer
      Content-Length:
      - '3431'
      Content-Type:
      - application/x-turtle
    body:
      encoding: UTF-8
      string: "@prefix premis: <http://www.loc.gov/premis/rdf/v1#> .\n@prefix image:
        <http://www.modeshape.org/images/1.0> .\n@prefix sv: <http://www.jcp.org/jcr/sv/1.0>
        .\n@prefix test: <info:fedora/test/> .\n@prefix nt: <http://www.jcp.org/jcr/nt/1.0>
        .\n@prefix cnt: <http://www.w3.org/2011/content#> .\n@prefix dcmitype: <http://purl.org/dc/dcmitype/>
        .\n@prefix rdfs: <http://www.w3.org/2000/01/rdf-schema#> .\n@prefix xsi: <http://www.w3.org/2001/XMLSchema-instance>
        .\n@prefix mode: <http://www.modeshape.org/1.0> .\n@prefix dc11: <http://purl.org/dc/elements/1.1/>
        .\n@prefix oa: <http://www.w3.org/ns/oa#> .\n@prefix triannon: <http://triannon.stanford.edu/ns/>
        .\n@prefix rdf: <http://www.w3.org/1999/02/22-rdf-syntax-ns#> .\n@prefix fedora:
        <http://fedora.info/definitions/v4/repository#> .\n@prefix xml: <http://www.w3.org/XML/1998/namespace>
        .\n@prefix ldp: <http://www.w3.org/ns/ldp#> .\n@prefix xs: <http://www.w3.org/2001/XMLSchema>
        .\n@prefix fedoraconfig: <http://fedora.info/definitions/v4/config#> .\n@prefix
        mix: <http://www.jcp.org/jcr/mix/1.0> .\n@prefix foaf: <http://xmlns.com/foaf/0.1/>
        .\n@prefix dc: <http://purl.org/dc/terms/> .\n\n\n<http://localhost:8983/fedora/rest/anno/ldpwprotspec/8b/cd/58/ac/8bcd58ac-049b-4cd7-a087-541b8093ee6e/t/83/18/32/88/83183288-77ef-4753-ab57-7777a7b2f965>
        a ldp:RDFSource , ldp:Container , <http://www.jcp.org/jcr/nt/1.0folder> ,
        <http://www.jcp.org/jcr/nt/1.0hierarchyNode> , <http://www.jcp.org/jcr/nt/1.0base>
        , <http://www.jcp.org/jcr/mix/1.0created> , fedora:Container , fedora:Resource
        , ldp:BasicContainer , fedora:Resource , <http://www.jcp.org/jcr/mix/1.0created>
        , <http://www.jcp.org/jcr/mix/1.0lastModified> , <http://www.jcp.org/jcr/mix/1.0referenceable>
        , fedora:Container ;\n\tfedora:lastModifiedBy \"bypassAdmin\"^^<http://www.w3.org/2001/XMLSchema#string>
        ;\n\tfedora:uuid \"29ff71c2-8de5-4a9a-a5c7-751e9d939d74\"^^<http://www.w3.org/2001/XMLSchema#string>
        ;\n\tfedora:createdBy \"bypassAdmin\"^^<http://www.w3.org/2001/XMLSchema#string>
        ;\n\tfedora:primaryType \"nt:folder\"^^<http://www.w3.org/2001/XMLSchema#string>
        ;\n\tfedora:created \"2015-06-22T19:54:29.968Z\"^^<http://www.w3.org/2001/XMLSchema#dateTime>
        ;\n\ttriannon:externalReference <http://purl.stanford.edu/kq131cs7229> ;\n\tfedora:mixinTypes
        \"fedora:Container\"^^<http://www.w3.org/2001/XMLSchema#string> , \"fedora:Resource\"^^<http://www.w3.org/2001/XMLSchema#string>
        , \"ldp:BasicContainer\"^^<http://www.w3.org/2001/XMLSchema#string> ;\n\tfedora:lastModified
        \"2015-06-22T19:54:29.968Z\"^^<http://www.w3.org/2001/XMLSchema#dateTime>
        ;\n\tfedora:writable \"true\"^^<http://www.w3.org/2001/XMLSchema#boolean>
        ;\n\tfedora:hasParent <http://localhost:8983/fedora/rest/anno/ldpwprotspec/8b/cd/58/ac/8bcd58ac-049b-4cd7-a087-541b8093ee6e/t>
        .\n\n<http://localhost:8983/fedora/rest/anno/ldpwprotspec/8b/cd/58/ac/8bcd58ac-049b-4cd7-a087-541b8093ee6e/t/83/18/32/88/83183288-77ef-4753-ab57-7777a7b2f965/fcr:export?format=jcr/xml>
        dc11:format <http://fedora.info/definitions/v4/repository#jcr/xml> .\n\n<http://localhost:8983/fedora/rest/anno/ldpwprotspec/8b/cd/58/ac/8bcd58ac-049b-4cd7-a087-541b8093ee6e/t/83/18/32/88/83183288-77ef-4753-ab57-7777a7b2f965>
        fedora:exportsAs <http://localhost:8983/fedora/rest/anno/ldpwprotspec/8b/cd/58/ac/8bcd58ac-049b-4cd7-a087-541b8093ee6e/t/83/18/32/88/83183288-77ef-4753-ab57-7777a7b2f965/fcr:export?format=jcr/xml>
        .\n\n<http://fedora.info/definitions/v4/repository#jcr/xml> rdfs:label \"jcr/xml\"^^<http://www.w3.org/2001/XMLSchema#string>
        .\n"
    http_version: 
  recorded_at: Mon, 22 Jun 2015 19:54:30 GMT
- request:
    method: get
    uri: http://localhost:8983/fedora/rest/anno/ldpwprotspec/8b/cd/58/ac/8bcd58ac-049b-4cd7-a087-541b8093ee6e/t/35/6a/11/97/356a1197-166a-4c53-a2c3-abaff2a2a0ff
    body:
      encoding: US-ASCII
      string: ''
    headers:
      User-Agent:
      - Faraday v0.9.1
      Accept:
      - application/x-turtle
      Accept-Encoding:
      - gzip;q=1.0,deflate;q=0.6,identity;q=0.3
  response:
    status:
      code: 200
      message: OK
    headers:
      Etag:
      - '"f7613b93c76413c20c1f7ffc59a8eba1d5811b4e"'
      Last-Modified:
      - Mon, 22 Jun 2015 19:54:30 GMT
      Link:
      - <http://www.w3.org/ns/ldp#BasicContainer>;rel="type"
      - <http://www.w3.org/ns/ldp#Container>;rel="type"
      - <http://www.w3.org/ns/ldp#Resource>;rel="type"
      Accept-Patch:
      - application/sparql-update
      Accept-Post:
      - text/turtle,text/rdf+n3,text/n3,application/rdf+xml,application/n-triples,multipart/form-data,application/sparql-update
      Allow:
      - MOVE,COPY,DELETE,POST,HEAD,GET,PUT,PATCH,OPTIONS
      Preference-Applied:
      - return=representation
      Vary:
      - Accept, Range, Accept-Encoding, Accept-Language
      - Prefer
      Content-Length:
      - '5667'
      Content-Type:
      - application/x-turtle
    body:
      encoding: UTF-8
      string: "@prefix premis: <http://www.loc.gov/premis/rdf/v1#> .\n@prefix image:
        <http://www.modeshape.org/images/1.0> .\n@prefix sv: <http://www.jcp.org/jcr/sv/1.0>
        .\n@prefix test: <info:fedora/test/> .\n@prefix nt: <http://www.jcp.org/jcr/nt/1.0>
        .\n@prefix cnt: <http://www.w3.org/2011/content#> .\n@prefix dcmitype: <http://purl.org/dc/dcmitype/>
        .\n@prefix rdfs: <http://www.w3.org/2000/01/rdf-schema#> .\n@prefix xsi: <http://www.w3.org/2001/XMLSchema-instance>
        .\n@prefix mode: <http://www.modeshape.org/1.0> .\n@prefix dc11: <http://purl.org/dc/elements/1.1/>
        .\n@prefix oa: <http://www.w3.org/ns/oa#> .\n@prefix triannon: <http://triannon.stanford.edu/ns/>
        .\n@prefix rdf: <http://www.w3.org/1999/02/22-rdf-syntax-ns#> .\n@prefix fedora:
        <http://fedora.info/definitions/v4/repository#> .\n@prefix xml: <http://www.w3.org/XML/1998/namespace>
        .\n@prefix ldp: <http://www.w3.org/ns/ldp#> .\n@prefix xs: <http://www.w3.org/2001/XMLSchema>
        .\n@prefix fedoraconfig: <http://fedora.info/definitions/v4/config#> .\n@prefix
        mix: <http://www.jcp.org/jcr/mix/1.0> .\n@prefix foaf: <http://xmlns.com/foaf/0.1/>
        .\n@prefix dc: <http://purl.org/dc/terms/> .\n\n\n<http://localhost:8983/fedora/rest/anno/ldpwprotspec/8b/cd/58/ac/8bcd58ac-049b-4cd7-a087-541b8093ee6e/t/35/6a/11/97/356a1197-166a-4c53-a2c3-abaff2a2a0ff>
        a ldp:RDFSource , ldp:Container , <http://www.jcp.org/jcr/nt/1.0folder> ,
        <http://www.jcp.org/jcr/nt/1.0hierarchyNode> , <http://www.jcp.org/jcr/nt/1.0base>
        , <http://www.jcp.org/jcr/mix/1.0created> , fedora:Container , oa:SpecificResource
        , fedora:Resource , ldp:BasicContainer , fedora:Resource , <http://www.jcp.org/jcr/mix/1.0created>
        , <http://www.jcp.org/jcr/mix/1.0lastModified> , <http://www.jcp.org/jcr/mix/1.0referenceable>
        , fedora:Container ;\n\tfedora:lastModifiedBy \"bypassAdmin\"^^<http://www.w3.org/2001/XMLSchema#string>
        ;\n\toa:hasSelector <http://localhost:8983/fedora/rest/.well-known/genid/84/7f/67/72/847f6772-d371-4d59-9d58-84ae0664a3a0>
        ;\n\tfedora:uuid \"097930db-7c8d-4baf-9a61-678cb4697875\"^^<http://www.w3.org/2001/XMLSchema#string>
        ;\n\tfedora:createdBy \"bypassAdmin\"^^<http://www.w3.org/2001/XMLSchema#string>
        ;\n\tfedora:primaryType \"nt:folder\"^^<http://www.w3.org/2001/XMLSchema#string>
        ;\n\tfedora:created \"2015-06-22T19:54:30.007Z\"^^<http://www.w3.org/2001/XMLSchema#dateTime>
        ;\n\tfedora:lastModified \"2015-06-22T19:54:30.007Z\"^^<http://www.w3.org/2001/XMLSchema#dateTime>
        ;\n\tfedora:mixinTypes \"fedora:Container\"^^<http://www.w3.org/2001/XMLSchema#string>
        , \"oa:SpecificResource\"^^<http://www.w3.org/2001/XMLSchema#string> , \"fedora:Resource\"^^<http://www.w3.org/2001/XMLSchema#string>
        , \"ldp:BasicContainer\"^^<http://www.w3.org/2001/XMLSchema#string> ;\n\toa:hasSource
        <http://localhost:8983/fedora/rest/anno/ldpwprotspec/8b/cd/58/ac/8bcd58ac-049b-4cd7-a087-541b8093ee6e/t/35/6a/11/97/356a1197-166a-4c53-a2c3-abaff2a2a0ff#source>
        ;\n\tfedora:writable \"true\"^^<http://www.w3.org/2001/XMLSchema#boolean>
        ;\n\tfedora:hasParent <http://localhost:8983/fedora/rest/anno/ldpwprotspec/8b/cd/58/ac/8bcd58ac-049b-4cd7-a087-541b8093ee6e/t>
        .\n\n<http://localhost:8983/fedora/rest/anno/ldpwprotspec/8b/cd/58/ac/8bcd58ac-049b-4cd7-a087-541b8093ee6e/t/35/6a/11/97/356a1197-166a-4c53-a2c3-abaff2a2a0ff#source>
        a <http://www.jcp.org/jcr/nt/1.0folder> , <http://www.jcp.org/jcr/nt/1.0hierarchyNode>
        , <http://www.jcp.org/jcr/nt/1.0base> , <http://www.jcp.org/jcr/mix/1.0created>
        , fedora:Resource , <http://www.jcp.org/jcr/mix/1.0created> , <http://www.jcp.org/jcr/mix/1.0lastModified>
        , <http://www.jcp.org/jcr/mix/1.0referenceable> ;\n\tfedora:lastModifiedBy
        \"bypassAdmin\"^^<http://www.w3.org/2001/XMLSchema#string> ;\n\tfedora:uuid
        \"b7ca2360-f0ac-43b3-a099-54f68cddfa2a\"^^<http://www.w3.org/2001/XMLSchema#string>
        ;\n\tfedora:createdBy \"bypassAdmin\"^^<http://www.w3.org/2001/XMLSchema#string>
        ;\n\tfedora:primaryType \"nt:folder\"^^<http://www.w3.org/2001/XMLSchema#string>
        ;\n\tfedora:created \"2015-06-22T19:54:30.007Z\"^^<http://www.w3.org/2001/XMLSchema#dateTime>
        ;\n\ttriannon:externalReference <http://purl.stanford.edu/kq666cs6666.html>
        ;\n\tfedora:mixinTypes \"fedora:Resource\"^^<http://www.w3.org/2001/XMLSchema#string>
        ;\n\tfedora:lastModified \"2015-06-22T19:54:30.007Z\"^^<http://www.w3.org/2001/XMLSchema#dateTime>
        .\n\n<http://localhost:8983/fedora/rest/.well-known/genid/84/7f/67/72/847f6772-d371-4d59-9d58-84ae0664a3a0>
        a <http://www.jcp.org/jcr/nt/1.0unstructured> , <http://www.jcp.org/jcr/nt/1.0base>
        , fedora:Blanknode , oa:TextPositionSelector , <http://www.jcp.org/jcr/mix/1.0referenceable>
        ;\n\tfedora:uuid \"57f2e659-d90f-4540-a06a-bdbad4673ba4\"^^<http://www.w3.org/2001/XMLSchema#string>
        ;\n\tfedora:primaryType \"nt:unstructured\"^^<http://www.w3.org/2001/XMLSchema#string>
        ;\n\tfedora:mixinTypes \"fedora:Blanknode\"^^<http://www.w3.org/2001/XMLSchema#string>
        , \"oa:TextPositionSelector\"^^<http://www.w3.org/2001/XMLSchema#string> ;\n\toa:end
        \"66\"^^<http://www.w3.org/2001/XMLSchema#nonNegativeInteger> ;\n\toa:start
        \"0\"^^<http://www.w3.org/2001/XMLSchema#nonNegativeInteger> .\n\n<http://localhost:8983/fedora/rest/anno/ldpwprotspec/8b/cd/58/ac/8bcd58ac-049b-4cd7-a087-541b8093ee6e/t/35/6a/11/97/356a1197-166a-4c53-a2c3-abaff2a2a0ff/fcr:export?format=jcr/xml>
        dc11:format <http://fedora.info/definitions/v4/repository#jcr/xml> .\n\n<http://localhost:8983/fedora/rest/anno/ldpwprotspec/8b/cd/58/ac/8bcd58ac-049b-4cd7-a087-541b8093ee6e/t/35/6a/11/97/356a1197-166a-4c53-a2c3-abaff2a2a0ff>
        fedora:exportsAs <http://localhost:8983/fedora/rest/anno/ldpwprotspec/8b/cd/58/ac/8bcd58ac-049b-4cd7-a087-541b8093ee6e/t/35/6a/11/97/356a1197-166a-4c53-a2c3-abaff2a2a0ff/fcr:export?format=jcr/xml>
        .\n\n<http://fedora.info/definitions/v4/repository#jcr/xml> rdfs:label \"jcr/xml\"^^<http://www.w3.org/2001/XMLSchema#string>
        .\n"
    http_version: 
  recorded_at: Mon, 22 Jun 2015 19:54:30 GMT
- request:
    method: get
    uri: http://localhost:8983/fedora/rest/.well-known/genid/84/7f/67/72/847f6772-d371-4d59-9d58-84ae0664a3a0
    body:
      encoding: US-ASCII
      string: ''
    headers:
      User-Agent:
      - Faraday v0.9.1
      Accept:
      - application/x-turtle
      Accept-Encoding:
      - gzip;q=1.0,deflate;q=0.6,identity;q=0.3
  response:
    status:
      code: 200
      message: OK
    headers:
      Link:
      - <http://www.w3.org/ns/ldp#BasicContainer>;rel="type"
      - <http://www.w3.org/ns/ldp#Container>;rel="type"
      - <http://www.w3.org/ns/ldp#Resource>;rel="type"
      Accept-Patch:
      - application/sparql-update
      Accept-Post:
      - text/turtle,text/rdf+n3,text/n3,application/rdf+xml,application/n-triples,multipart/form-data,application/sparql-update
      Allow:
      - MOVE,COPY,DELETE,POST,HEAD,GET,PUT,PATCH,OPTIONS
      Preference-Applied:
      - return=representation
      Vary:
      - Accept, Range, Accept-Encoding, Accept-Language
      - Prefer
      Content-Length:
      - '2651'
      Content-Type:
      - application/x-turtle
    body:
      encoding: UTF-8
      string: "@prefix premis: <http://www.loc.gov/premis/rdf/v1#> .\n@prefix image:
        <http://www.modeshape.org/images/1.0> .\n@prefix sv: <http://www.jcp.org/jcr/sv/1.0>
        .\n@prefix test: <info:fedora/test/> .\n@prefix nt: <http://www.jcp.org/jcr/nt/1.0>
        .\n@prefix cnt: <http://www.w3.org/2011/content#> .\n@prefix dcmitype: <http://purl.org/dc/dcmitype/>
        .\n@prefix rdfs: <http://www.w3.org/2000/01/rdf-schema#> .\n@prefix xsi: <http://www.w3.org/2001/XMLSchema-instance>
        .\n@prefix mode: <http://www.modeshape.org/1.0> .\n@prefix dc11: <http://purl.org/dc/elements/1.1/>
        .\n@prefix oa: <http://www.w3.org/ns/oa#> .\n@prefix triannon: <http://triannon.stanford.edu/ns/>
        .\n@prefix rdf: <http://www.w3.org/1999/02/22-rdf-syntax-ns#> .\n@prefix fedora:
        <http://fedora.info/definitions/v4/repository#> .\n@prefix xml: <http://www.w3.org/XML/1998/namespace>
        .\n@prefix ldp: <http://www.w3.org/ns/ldp#> .\n@prefix xs: <http://www.w3.org/2001/XMLSchema>
        .\n@prefix fedoraconfig: <http://fedora.info/definitions/v4/config#> .\n@prefix
        mix: <http://www.jcp.org/jcr/mix/1.0> .\n@prefix foaf: <http://xmlns.com/foaf/0.1/>
        .\n@prefix dc: <http://purl.org/dc/terms/> .\n\n\n<http://localhost:8983/fedora/rest/.well-known/genid/84/7f/67/72/847f6772-d371-4d59-9d58-84ae0664a3a0>
        a ldp:RDFSource , ldp:Container , ldp:BasicContainer , <http://www.jcp.org/jcr/nt/1.0unstructured>
        , <http://www.jcp.org/jcr/nt/1.0base> , fedora:Blanknode , oa:TextPositionSelector
        , <http://www.jcp.org/jcr/mix/1.0referenceable> ;\n\tfedora:uuid \"57f2e659-d90f-4540-a06a-bdbad4673ba4\"^^<http://www.w3.org/2001/XMLSchema#string>
        ;\n\tfedora:primaryType \"nt:unstructured\"^^<http://www.w3.org/2001/XMLSchema#string>
        ;\n\tfedora:mixinTypes \"fedora:Blanknode\"^^<http://www.w3.org/2001/XMLSchema#string>
        , \"oa:TextPositionSelector\"^^<http://www.w3.org/2001/XMLSchema#string> ;\n\toa:end
        \"66\"^^<http://www.w3.org/2001/XMLSchema#nonNegativeInteger> ;\n\toa:start
        \"0\"^^<http://www.w3.org/2001/XMLSchema#nonNegativeInteger> ;\n\tfedora:writable
        \"true\"^^<http://www.w3.org/2001/XMLSchema#boolean> ;\n\tfedora:hasParent
        <http://localhost:8983/fedora/rest/.well-known/genid> .\n\n<http://localhost:8983/fedora/rest/.well-known/genid/84/7f/67/72/847f6772-d371-4d59-9d58-84ae0664a3a0/fcr:export?format=jcr/xml>
        dc11:format <http://fedora.info/definitions/v4/repository#jcr/xml> .\n\n<http://localhost:8983/fedora/rest/.well-known/genid/84/7f/67/72/847f6772-d371-4d59-9d58-84ae0664a3a0>
        fedora:exportsAs <http://localhost:8983/fedora/rest/.well-known/genid/84/7f/67/72/847f6772-d371-4d59-9d58-84ae0664a3a0/fcr:export?format=jcr/xml>
        .\n\n<http://fedora.info/definitions/v4/repository#jcr/xml> rdfs:label \"jcr/xml\"^^<http://www.w3.org/2001/XMLSchema#string>
        .\n"
    http_version: 
  recorded_at: Mon, 22 Jun 2015 19:54:30 GMT
- request:
    method: get
    uri: http://localhost:8983/fedora/rest/anno/ldpwprotspec/8b/cd/58/ac/8bcd58ac-049b-4cd7-a087-541b8093ee6e/t/2a/59/a2/c4/2a59a2c4-1a33-439f-99ac-e4f7e9f6ef96
    body:
      encoding: US-ASCII
      string: ''
    headers:
      User-Agent:
      - Faraday v0.9.1
      Accept:
      - application/x-turtle
      Accept-Encoding:
      - gzip;q=1.0,deflate;q=0.6,identity;q=0.3
  response:
    status:
      code: 200
      message: OK
    headers:
      Etag:
      - '"ae627f3fcb4091d3033f150aa813d97f785235d9"'
      Last-Modified:
      - Mon, 22 Jun 2015 19:54:30 GMT
      Link:
      - <http://www.w3.org/ns/ldp#BasicContainer>;rel="type"
      - <http://www.w3.org/ns/ldp#Container>;rel="type"
      - <http://www.w3.org/ns/ldp#Resource>;rel="type"
      Accept-Patch:
      - application/sparql-update
      Accept-Post:
      - text/turtle,text/rdf+n3,text/n3,application/rdf+xml,application/n-triples,multipart/form-data,application/sparql-update
      Allow:
      - MOVE,COPY,DELETE,POST,HEAD,GET,PUT,PATCH,OPTIONS
      Preference-Applied:
      - return=representation
      Vary:
      - Accept, Range, Accept-Encoding, Accept-Language
      - Prefer
      Content-Length:
      - '5759'
      Content-Type:
      - application/x-turtle
    body:
      encoding: UTF-8
      string: "@prefix premis: <http://www.loc.gov/premis/rdf/v1#> .\n@prefix image:
        <http://www.modeshape.org/images/1.0> .\n@prefix sv: <http://www.jcp.org/jcr/sv/1.0>
        .\n@prefix test: <info:fedora/test/> .\n@prefix nt: <http://www.jcp.org/jcr/nt/1.0>
        .\n@prefix cnt: <http://www.w3.org/2011/content#> .\n@prefix dcmitype: <http://purl.org/dc/dcmitype/>
        .\n@prefix rdfs: <http://www.w3.org/2000/01/rdf-schema#> .\n@prefix xsi: <http://www.w3.org/2001/XMLSchema-instance>
        .\n@prefix mode: <http://www.modeshape.org/1.0> .\n@prefix dc11: <http://purl.org/dc/elements/1.1/>
        .\n@prefix oa: <http://www.w3.org/ns/oa#> .\n@prefix triannon: <http://triannon.stanford.edu/ns/>
        .\n@prefix rdf: <http://www.w3.org/1999/02/22-rdf-syntax-ns#> .\n@prefix fedora:
        <http://fedora.info/definitions/v4/repository#> .\n@prefix xml: <http://www.w3.org/XML/1998/namespace>
        .\n@prefix ldp: <http://www.w3.org/ns/ldp#> .\n@prefix xs: <http://www.w3.org/2001/XMLSchema>
        .\n@prefix fedoraconfig: <http://fedora.info/definitions/v4/config#> .\n@prefix
        mix: <http://www.jcp.org/jcr/mix/1.0> .\n@prefix foaf: <http://xmlns.com/foaf/0.1/>
        .\n@prefix dc: <http://purl.org/dc/terms/> .\n\n\n<http://localhost:8983/fedora/rest/anno/ldpwprotspec/8b/cd/58/ac/8bcd58ac-049b-4cd7-a087-541b8093ee6e/t/2a/59/a2/c4/2a59a2c4-1a33-439f-99ac-e4f7e9f6ef96>
        a ldp:RDFSource , ldp:Container , <http://www.jcp.org/jcr/nt/1.0folder> ,
        <http://www.jcp.org/jcr/nt/1.0hierarchyNode> , <http://www.jcp.org/jcr/nt/1.0base>
        , <http://www.jcp.org/jcr/mix/1.0created> , fedora:Container , oa:SpecificResource
        , fedora:Resource , ldp:BasicContainer , fedora:Resource , <http://www.jcp.org/jcr/mix/1.0created>
        , <http://www.jcp.org/jcr/mix/1.0lastModified> , <http://www.jcp.org/jcr/mix/1.0referenceable>
        , fedora:Container ;\n\tfedora:lastModifiedBy \"bypassAdmin\"^^<http://www.w3.org/2001/XMLSchema#string>
        ;\n\toa:hasSelector <http://localhost:8983/fedora/rest/.well-known/genid/f5/01/49/60/f5014960-87ac-4181-b0e6-9e203b68382c>
        ;\n\tfedora:uuid \"b352b550-fbcd-485a-a35d-82f54cde48f0\"^^<http://www.w3.org/2001/XMLSchema#string>
        ;\n\tfedora:createdBy \"bypassAdmin\"^^<http://www.w3.org/2001/XMLSchema#string>
        ;\n\tfedora:primaryType \"nt:folder\"^^<http://www.w3.org/2001/XMLSchema#string>
        ;\n\tfedora:created \"2015-06-22T19:54:30.045Z\"^^<http://www.w3.org/2001/XMLSchema#dateTime>
        ;\n\tfedora:lastModified \"2015-06-22T19:54:30.045Z\"^^<http://www.w3.org/2001/XMLSchema#dateTime>
        ;\n\tfedora:mixinTypes \"fedora:Container\"^^<http://www.w3.org/2001/XMLSchema#string>
        , \"oa:SpecificResource\"^^<http://www.w3.org/2001/XMLSchema#string> , \"fedora:Resource\"^^<http://www.w3.org/2001/XMLSchema#string>
        , \"ldp:BasicContainer\"^^<http://www.w3.org/2001/XMLSchema#string> ;\n\toa:hasSource
        <http://localhost:8983/fedora/rest/anno/ldpwprotspec/8b/cd/58/ac/8bcd58ac-049b-4cd7-a087-541b8093ee6e/t/2a/59/a2/c4/2a59a2c4-1a33-439f-99ac-e4f7e9f6ef96#source>
        ;\n\tfedora:writable \"true\"^^<http://www.w3.org/2001/XMLSchema#boolean>
        ;\n\tfedora:hasParent <http://localhost:8983/fedora/rest/anno/ldpwprotspec/8b/cd/58/ac/8bcd58ac-049b-4cd7-a087-541b8093ee6e/t>
        .\n\n<http://localhost:8983/fedora/rest/anno/ldpwprotspec/8b/cd/58/ac/8bcd58ac-049b-4cd7-a087-541b8093ee6e/t/2a/59/a2/c4/2a59a2c4-1a33-439f-99ac-e4f7e9f6ef96#source>
        a <http://www.jcp.org/jcr/nt/1.0folder> , <http://www.jcp.org/jcr/nt/1.0hierarchyNode>
        , <http://www.jcp.org/jcr/nt/1.0base> , <http://www.jcp.org/jcr/mix/1.0created>
        , dcmitype:Image , fedora:Resource , <http://www.jcp.org/jcr/mix/1.0created>
        , <http://www.jcp.org/jcr/mix/1.0lastModified> , <http://www.jcp.org/jcr/mix/1.0referenceable>
        ;\n\tfedora:lastModifiedBy \"bypassAdmin\"^^<http://www.w3.org/2001/XMLSchema#string>
        ;\n\tfedora:uuid \"11c499e6-f054-4fd1-8b03-d744bc4a7aa9\"^^<http://www.w3.org/2001/XMLSchema#string>
        ;\n\tfedora:createdBy \"bypassAdmin\"^^<http://www.w3.org/2001/XMLSchema#string>
        ;\n\tfedora:primaryType \"nt:folder\"^^<http://www.w3.org/2001/XMLSchema#string>
        ;\n\tfedora:created \"2015-06-22T19:54:30.045Z\"^^<http://www.w3.org/2001/XMLSchema#dateTime>
        ;\n\ttriannon:externalReference <https://stacks.stanford.edu/image/kq131cs7229/kq131cs7229_05_0032_large.jpg>
        ;\n\tfedora:mixinTypes \"dcmitype:Image\"^^<http://www.w3.org/2001/XMLSchema#string>
        , \"fedora:Resource\"^^<http://www.w3.org/2001/XMLSchema#string> ;\n\tfedora:lastModified
        \"2015-06-22T19:54:30.045Z\"^^<http://www.w3.org/2001/XMLSchema#dateTime>
        .\n\n<http://localhost:8983/fedora/rest/.well-known/genid/f5/01/49/60/f5014960-87ac-4181-b0e6-9e203b68382c>
        a <http://www.jcp.org/jcr/nt/1.0unstructured> , <http://www.jcp.org/jcr/nt/1.0base>
        , fedora:Blanknode , oa:FragmentSelector , <http://www.jcp.org/jcr/mix/1.0referenceable>
        ;\n\trdf:value \"xywh=0,0,200,200\"^^<http://www.w3.org/2001/XMLSchema#string>
        ;\n\tfedora:uuid \"8b6cf968-d066-4fcc-9edc-25a4da9a5f20\"^^<http://www.w3.org/2001/XMLSchema#string>
        ;\n\tfedora:primaryType \"nt:unstructured\"^^<http://www.w3.org/2001/XMLSchema#string>
        ;\n\tfedora:mixinTypes \"fedora:Blanknode\"^^<http://www.w3.org/2001/XMLSchema#string>
        , \"oa:FragmentSelector\"^^<http://www.w3.org/2001/XMLSchema#string> ;\n\tdc:conformsTo
        <http://www.w3.org/TR/media-frags/> .\n\n<http://localhost:8983/fedora/rest/anno/ldpwprotspec/8b/cd/58/ac/8bcd58ac-049b-4cd7-a087-541b8093ee6e/t/2a/59/a2/c4/2a59a2c4-1a33-439f-99ac-e4f7e9f6ef96/fcr:export?format=jcr/xml>
        dc11:format <http://fedora.info/definitions/v4/repository#jcr/xml> .\n\n<http://fedora.info/definitions/v4/repository#jcr/xml>
        rdfs:label \"jcr/xml\"^^<http://www.w3.org/2001/XMLSchema#string> .\n\n<http://localhost:8983/fedora/rest/anno/ldpwprotspec/8b/cd/58/ac/8bcd58ac-049b-4cd7-a087-541b8093ee6e/t/2a/59/a2/c4/2a59a2c4-1a33-439f-99ac-e4f7e9f6ef96>
        fedora:exportsAs <http://localhost:8983/fedora/rest/anno/ldpwprotspec/8b/cd/58/ac/8bcd58ac-049b-4cd7-a087-541b8093ee6e/t/2a/59/a2/c4/2a59a2c4-1a33-439f-99ac-e4f7e9f6ef96/fcr:export?format=jcr/xml>
        .\n"
    http_version: 
  recorded_at: Mon, 22 Jun 2015 19:54:30 GMT
- request:
    method: get
    uri: http://localhost:8983/fedora/rest/.well-known/genid/f5/01/49/60/f5014960-87ac-4181-b0e6-9e203b68382c
    body:
      encoding: US-ASCII
      string: ''
    headers:
      User-Agent:
      - Faraday v0.9.1
      Accept:
      - application/x-turtle
      Accept-Encoding:
      - gzip;q=1.0,deflate;q=0.6,identity;q=0.3
  response:
    status:
      code: 200
      message: OK
    headers:
      Link:
      - <http://www.w3.org/ns/ldp#BasicContainer>;rel="type"
      - <http://www.w3.org/ns/ldp#Container>;rel="type"
      - <http://www.w3.org/ns/ldp#Resource>;rel="type"
      Accept-Patch:
      - application/sparql-update
      Accept-Post:
      - text/turtle,text/rdf+n3,text/n3,application/rdf+xml,application/n-triples,multipart/form-data,application/sparql-update
      Allow:
      - MOVE,COPY,DELETE,POST,HEAD,GET,PUT,PATCH,OPTIONS
      Preference-Applied:
      - return=representation
      Vary:
      - Accept, Range, Accept-Encoding, Accept-Language
      - Prefer
      Content-Length:
      - '2527'
      Content-Type:
      - application/x-turtle
    body:
      encoding: UTF-8
      string: "@prefix premis: <http://www.loc.gov/premis/rdf/v1#> .\n@prefix image:
        <http://www.modeshape.org/images/1.0> .\n@prefix sv: <http://www.jcp.org/jcr/sv/1.0>
        .\n@prefix test: <info:fedora/test/> .\n@prefix nt: <http://www.jcp.org/jcr/nt/1.0>
        .\n@prefix cnt: <http://www.w3.org/2011/content#> .\n@prefix dcmitype: <http://purl.org/dc/dcmitype/>
        .\n@prefix rdfs: <http://www.w3.org/2000/01/rdf-schema#> .\n@prefix xsi: <http://www.w3.org/2001/XMLSchema-instance>
        .\n@prefix mode: <http://www.modeshape.org/1.0> .\n@prefix dc11: <http://purl.org/dc/elements/1.1/>
        .\n@prefix oa: <http://www.w3.org/ns/oa#> .\n@prefix triannon: <http://triannon.stanford.edu/ns/>
        .\n@prefix rdf: <http://www.w3.org/1999/02/22-rdf-syntax-ns#> .\n@prefix fedora:
        <http://fedora.info/definitions/v4/repository#> .\n@prefix xml: <http://www.w3.org/XML/1998/namespace>
        .\n@prefix ldp: <http://www.w3.org/ns/ldp#> .\n@prefix xs: <http://www.w3.org/2001/XMLSchema>
        .\n@prefix fedoraconfig: <http://fedora.info/definitions/v4/config#> .\n@prefix
        mix: <http://www.jcp.org/jcr/mix/1.0> .\n@prefix foaf: <http://xmlns.com/foaf/0.1/>
        .\n@prefix dc: <http://purl.org/dc/terms/> .\n\n\n<http://localhost:8983/fedora/rest/.well-known/genid/f5/01/49/60/f5014960-87ac-4181-b0e6-9e203b68382c>
        a ldp:RDFSource , ldp:Container , ldp:BasicContainer , <http://www.jcp.org/jcr/nt/1.0unstructured>
        , <http://www.jcp.org/jcr/nt/1.0base> , fedora:Blanknode , oa:FragmentSelector
        , <http://www.jcp.org/jcr/mix/1.0referenceable> ;\n\trdf:value \"xywh=0,0,200,200\"^^<http://www.w3.org/2001/XMLSchema#string>
        ;\n\tfedora:uuid \"8b6cf968-d066-4fcc-9edc-25a4da9a5f20\"^^<http://www.w3.org/2001/XMLSchema#string>
        ;\n\tfedora:primaryType \"nt:unstructured\"^^<http://www.w3.org/2001/XMLSchema#string>
        ;\n\tfedora:mixinTypes \"fedora:Blanknode\"^^<http://www.w3.org/2001/XMLSchema#string>
        , \"oa:FragmentSelector\"^^<http://www.w3.org/2001/XMLSchema#string> ;\n\tdc:conformsTo
        <http://www.w3.org/TR/media-frags/> ;\n\tfedora:writable \"true\"^^<http://www.w3.org/2001/XMLSchema#boolean>
        ;\n\tfedora:hasParent <http://localhost:8983/fedora/rest/.well-known/genid>
        ;\n\tfedora:exportsAs <http://localhost:8983/fedora/rest/.well-known/genid/f5/01/49/60/f5014960-87ac-4181-b0e6-9e203b68382c/fcr:export?format=jcr/xml>
        .\n\n<http://localhost:8983/fedora/rest/.well-known/genid/f5/01/49/60/f5014960-87ac-4181-b0e6-9e203b68382c/fcr:export?format=jcr/xml>
        dc11:format <http://fedora.info/definitions/v4/repository#jcr/xml> .\n\n<http://fedora.info/definitions/v4/repository#jcr/xml>
        rdfs:label \"jcr/xml\"^^<http://www.w3.org/2001/XMLSchema#string> .\n"
    http_version: 
  recorded_at: Mon, 22 Jun 2015 19:54:30 GMT
recorded_with: VCR 2.9.3
