---
http_interactions:
- request:
    method: head
    uri: http://localhost:8983/fedora/rest/anno/ldpwprotspec
    body:
      encoding: US-ASCII
      string: ''
    headers:
      User-Agent:
      - Faraday v0.9.1
      Accept:
      - "*/*"
  response:
    status:
      code: 200
      message: OK
    headers:
      Etag:
      - '"dcf8b674234dfd316baf30dc80e8504526b7a1a3"'
      Last-Modified:
      - Fri, 19 Jun 2015 22:46:20 GMT
      Link:
      - <http://www.w3.org/ns/ldp#BasicContainer>;rel="type"
      - <http://www.w3.org/ns/ldp#Container>;rel="type"
      - <http://www.w3.org/ns/ldp#Resource>;rel="type"
      Accept-Patch:
      - application/sparql-update
      Accept-Post:
      - text/turtle,text/rdf+n3,text/n3,application/rdf+xml,application/n-triples,multipart/form-data,application/sparql-update
      Allow:
      - MOVE,COPY,DELETE,POST,HEAD,GET,PUT,PATCH,OPTIONS
      Content-Type:
      - text/tab-separated-values
      Content-Length:
      - '0'
    body:
      encoding: UTF-8
      string: ''
    http_version: 
  recorded_at: Fri, 19 Jun 2015 22:46:20 GMT
- request:
    method: post
    uri: http://localhost:8983/fedora/rest/anno/ldpwprotspec
    body:
      encoding: UTF-8
      string: |
        @prefix ldp: <http://www.w3.org/ns/ldp#> .
        @prefix oa: <http://www.w3.org/ns/oa#> .
        @prefix rdf: <http://www.w3.org/1999/02/22-rdf-syntax-ns#> .

        <> a oa:Annotation,
             ldp:BasicContainer .
    headers:
      User-Agent:
      - Faraday v0.9.1
      Prefer:
      - return=respresentation; omit="http://fedora.info/definitions/v4/repository#ServerManaged"
      Content-Type:
      - application/x-turtle
      Accept-Encoding:
      - gzip;q=1.0,deflate;q=0.6,identity;q=0.3
      Accept:
      - "*/*"
  response:
    status:
      code: 201
      message: Created
    headers:
      Etag:
      - '"80124bca5ab7e5f15dc38606947e0a47fd499c15"'
      Last-Modified:
      - Fri, 19 Jun 2015 22:46:20 GMT
      Content-Length:
      - '100'
      Location:
      - http://localhost:8983/fedora/rest/anno/ldpwprotspec/bb/e0/4d/b0/bbe04db0-b43f-4d1e-9349-5b5ab874a637
      Content-Type:
      - text/plain
    body:
      encoding: UTF-8
      string: http://localhost:8983/fedora/rest/anno/ldpwprotspec/bb/e0/4d/b0/bbe04db0-b43f-4d1e-9349-5b5ab874a637
    http_version: 
  recorded_at: Fri, 19 Jun 2015 22:46:20 GMT
- request:
    method: post
    uri: http://localhost:8983/fedora/rest/anno/ldpwprotspec/bb/e0/4d/b0/bbe04db0-b43f-4d1e-9349-5b5ab874a637
    body:
      encoding: UTF-8
      string: |
        @prefix ldp: <http://www.w3.org/ns/ldp#> .
        @prefix oa: <http://www.w3.org/ns/oa#> .
        @prefix rdf: <http://www.w3.org/1999/02/22-rdf-syntax-ns#> .

        <> a ldp:DirectContainer;
           ldp:hasMemberRelation oa:hasTarget;
           ldp:membershipResource <http://localhost:8983/fedora/rest/anno/ldpwprotspec/bb/e0/4d/b0/bbe04db0-b43f-4d1e-9349-5b5ab874a637> .
    headers:
      User-Agent:
      - Faraday v0.9.1
      Prefer:
      - return=respresentation; omit="http://fedora.info/definitions/v4/repository#ServerManaged"
      Content-Type:
      - application/x-turtle
      Slug:
      - t
      Accept-Encoding:
      - gzip;q=1.0,deflate;q=0.6,identity;q=0.3
      Accept:
      - "*/*"
  response:
    status:
      code: 201
      message: Created
    headers:
      Etag:
      - '"fdc87aef15cd05d2de348a9d28fb560f7d28a76a"'
      Last-Modified:
      - Fri, 19 Jun 2015 22:46:20 GMT
      Content-Length:
      - '102'
      Location:
      - http://localhost:8983/fedora/rest/anno/ldpwprotspec/bb/e0/4d/b0/bbe04db0-b43f-4d1e-9349-5b5ab874a637/t
      Content-Type:
      - text/plain
    body:
      encoding: UTF-8
      string: http://localhost:8983/fedora/rest/anno/ldpwprotspec/bb/e0/4d/b0/bbe04db0-b43f-4d1e-9349-5b5ab874a637/t
    http_version: 
  recorded_at: Fri, 19 Jun 2015 22:46:20 GMT
- request:
    method: post
    uri: http://localhost:8983/fedora/rest/anno/ldpwprotspec/bb/e0/4d/b0/bbe04db0-b43f-4d1e-9349-5b5ab874a637/t
    body:
      encoding: UTF-8
      string: |
        @prefix ldp: <http://www.w3.org/ns/ldp#> .
        @prefix rdf: <http://www.w3.org/1999/02/22-rdf-syntax-ns#> .
        @prefix triannon: <http://triannon.stanford.edu/ns/> .

        <> a ldp:BasicContainer;
           triannon:externalReference <http://purl.stanford.edu/kq131cs7229> .
    headers:
      User-Agent:
      - Faraday v0.9.1
      Prefer:
      - return=respresentation; omit="http://fedora.info/definitions/v4/repository#ServerManaged"
      Content-Type:
      - application/x-turtle
      Accept-Encoding:
      - gzip;q=1.0,deflate;q=0.6,identity;q=0.3
      Accept:
      - "*/*"
  response:
    status:
      code: 201
      message: Created
    headers:
      Etag:
      - '"84f6450d5cdf7ee88539a5d7bc5467fdd721213d"'
      Last-Modified:
      - Fri, 19 Jun 2015 22:46:20 GMT
      Content-Length:
      - '151'
      Location:
      - http://localhost:8983/fedora/rest/anno/ldpwprotspec/bb/e0/4d/b0/bbe04db0-b43f-4d1e-9349-5b5ab874a637/t/f0/30/6e/2f/f0306e2f-0d8a-48e4-8129-d8d8525620c7
      Content-Type:
      - text/plain
    body:
      encoding: UTF-8
      string: http://localhost:8983/fedora/rest/anno/ldpwprotspec/bb/e0/4d/b0/bbe04db0-b43f-4d1e-9349-5b5ab874a637/t/f0/30/6e/2f/f0306e2f-0d8a-48e4-8129-d8d8525620c7
    http_version: 
  recorded_at: Fri, 19 Jun 2015 22:46:20 GMT
- request:
    method: post
    uri: http://localhost:8983/fedora/rest/anno/ldpwprotspec/bb/e0/4d/b0/bbe04db0-b43f-4d1e-9349-5b5ab874a637/t
    body:
      encoding: UTF-8
      string: |
        @prefix ldp: <http://www.w3.org/ns/ldp#> .
        @prefix oa: <http://www.w3.org/ns/oa#> .
        @prefix rdf: <http://www.w3.org/1999/02/22-rdf-syntax-ns#> .
        @prefix triannon: <http://triannon.stanford.edu/ns/> .
        @prefix xsd: <http://www.w3.org/2001/XMLSchema#> .

        <> a ldp:BasicContainer,
             oa:SpecificResource;
           oa:hasSelector [
             a oa:TextPositionSelector;
             oa:end "66"^^xsd:nonNegativeInteger;
             oa:start "0"^^xsd:nonNegativeInteger
           ];
           oa:hasSource <#source> .

        <#source> triannon:externalReference <http://purl.stanford.edu/kq666cs6666.html> .
    headers:
      User-Agent:
      - Faraday v0.9.1
      Prefer:
      - return=respresentation; omit="http://fedora.info/definitions/v4/repository#ServerManaged"
      Content-Type:
      - application/x-turtle
      Accept-Encoding:
      - gzip;q=1.0,deflate;q=0.6,identity;q=0.3
      Accept:
      - "*/*"
  response:
    status:
      code: 201
      message: Created
    headers:
      Etag:
      - '"323f634a00cd615161824f6f3176b88df9658cc7"'
      Last-Modified:
      - Fri, 19 Jun 2015 22:46:20 GMT
      Content-Length:
      - '151'
      Location:
      - http://localhost:8983/fedora/rest/anno/ldpwprotspec/bb/e0/4d/b0/bbe04db0-b43f-4d1e-9349-5b5ab874a637/t/48/42/81/d7/484281d7-5bbb-47f4-94e3-5f18c694a0f5
      Content-Type:
      - text/plain
    body:
      encoding: UTF-8
      string: http://localhost:8983/fedora/rest/anno/ldpwprotspec/bb/e0/4d/b0/bbe04db0-b43f-4d1e-9349-5b5ab874a637/t/48/42/81/d7/484281d7-5bbb-47f4-94e3-5f18c694a0f5
    http_version: 
  recorded_at: Fri, 19 Jun 2015 22:46:20 GMT
- request:
    method: post
    uri: http://localhost:8983/fedora/rest/anno/ldpwprotspec/bb/e0/4d/b0/bbe04db0-b43f-4d1e-9349-5b5ab874a637/t
    body:
      encoding: UTF-8
      string: |
        @prefix dc: <http://purl.org/dc/terms/> .
        @prefix dcmitype: <http://purl.org/dc/dcmitype/> .
        @prefix ldp: <http://www.w3.org/ns/ldp#> .
        @prefix oa: <http://www.w3.org/ns/oa#> .
        @prefix rdf: <http://www.w3.org/1999/02/22-rdf-syntax-ns#> .
        @prefix triannon: <http://triannon.stanford.edu/ns/> .
        @prefix xsd: <http://www.w3.org/2001/XMLSchema#> .

        <> a ldp:BasicContainer,
             oa:SpecificResource;
           oa:hasSelector [
             a oa:FragmentSelector;
             dc:conformsTo <http://www.w3.org/TR/media-frags/>;
             rdf:value "xywh=0,0,200,200"
           ];
           oa:hasSource <#source> .

        <#source> a dcmitype:Image;
           triannon:externalReference <https://stacks.stanford.edu/image/kq131cs7229/kq131cs7229_05_0032_large.jpg> .
    headers:
      User-Agent:
      - Faraday v0.9.1
      Prefer:
      - return=respresentation; omit="http://fedora.info/definitions/v4/repository#ServerManaged"
      Content-Type:
      - application/x-turtle
      Accept-Encoding:
      - gzip;q=1.0,deflate;q=0.6,identity;q=0.3
      Accept:
      - "*/*"
  response:
    status:
      code: 201
      message: Created
    headers:
      Etag:
      - '"b94809047fdb466091c5ed77b1e03835ebae83f0"'
      Last-Modified:
      - Fri, 19 Jun 2015 22:46:20 GMT
      Content-Length:
      - '151'
      Location:
      - http://localhost:8983/fedora/rest/anno/ldpwprotspec/bb/e0/4d/b0/bbe04db0-b43f-4d1e-9349-5b5ab874a637/t/15/6b/36/23/156b3623-2cfd-4030-92bc-f573055609de
      Content-Type:
      - text/plain
    body:
      encoding: UTF-8
      string: http://localhost:8983/fedora/rest/anno/ldpwprotspec/bb/e0/4d/b0/bbe04db0-b43f-4d1e-9349-5b5ab874a637/t/15/6b/36/23/156b3623-2cfd-4030-92bc-f573055609de
    http_version: 
  recorded_at: Fri, 19 Jun 2015 22:46:20 GMT
- request:
    method: get
    uri: http://localhost:8983/fedora/rest/anno/ldpwprotspec/bb/e0/4d/b0/bbe04db0-b43f-4d1e-9349-5b5ab874a637/t
    body:
      encoding: US-ASCII
      string: ''
    headers:
      User-Agent:
      - Faraday v0.9.1
      Accept:
      - application/x-turtle
      Accept-Encoding:
      - gzip;q=1.0,deflate;q=0.6,identity;q=0.3
  response:
    status:
      code: 200
      message: OK
    headers:
      Etag:
      - '"31d803161241b28196461fbd8ecc1ad6aa8ddedb"'
      Last-Modified:
      - Fri, 19 Jun 2015 22:46:20 GMT
      Link:
      - <http://www.w3.org/ns/ldp#Container>;rel="type"
      - <http://www.w3.org/ns/ldp#DirectContainer>;rel="type"
      - <http://www.w3.org/ns/ldp#Resource>;rel="type"
      Accept-Patch:
      - application/sparql-update
      Accept-Post:
      - text/turtle,text/rdf+n3,text/n3,application/rdf+xml,application/n-triples,multipart/form-data,application/sparql-update
      Allow:
      - MOVE,COPY,DELETE,POST,HEAD,GET,PUT,PATCH,OPTIONS
      Preference-Applied:
      - return=representation
      Vary:
      - Accept, Range, Accept-Encoding, Accept-Language
      - Prefer
      Content-Length:
      - '3815'
      Content-Type:
      - application/x-turtle
    body:
      encoding: UTF-8
      string: "@prefix premis: <http://www.loc.gov/premis/rdf/v1#> .\n@prefix image:
        <http://www.modeshape.org/images/1.0> .\n@prefix sv: <http://www.jcp.org/jcr/sv/1.0>
        .\n@prefix test: <info:fedora/test/> .\n@prefix nt: <http://www.jcp.org/jcr/nt/1.0>
        .\n@prefix cnt: <http://www.w3.org/2011/content#> .\n@prefix dcmitype: <http://purl.org/dc/dcmitype/>
        .\n@prefix rdfs: <http://www.w3.org/2000/01/rdf-schema#> .\n@prefix xsi: <http://www.w3.org/2001/XMLSchema-instance>
        .\n@prefix mode: <http://www.modeshape.org/1.0> .\n@prefix dc11: <http://purl.org/dc/elements/1.1/>
        .\n@prefix oa: <http://www.w3.org/ns/oa#> .\n@prefix triannon: <http://triannon.stanford.edu/ns/>
        .\n@prefix rdf: <http://www.w3.org/1999/02/22-rdf-syntax-ns#> .\n@prefix fedora:
        <http://fedora.info/definitions/v4/repository#> .\n@prefix xml: <http://www.w3.org/XML/1998/namespace>
        .\n@prefix ldp: <http://www.w3.org/ns/ldp#> .\n@prefix xs: <http://www.w3.org/2001/XMLSchema>
        .\n@prefix fedoraconfig: <http://fedora.info/definitions/v4/config#> .\n@prefix
        mix: <http://www.jcp.org/jcr/mix/1.0> .\n@prefix foaf: <http://xmlns.com/foaf/0.1/>
        .\n@prefix dc: <http://purl.org/dc/terms/> .\n\n\n<http://localhost:8983/fedora/rest/anno/ldpwprotspec/bb/e0/4d/b0/bbe04db0-b43f-4d1e-9349-5b5ab874a637/t>
        a ldp:RDFSource , ldp:Container , <http://www.jcp.org/jcr/nt/1.0folder> ,
        <http://www.jcp.org/jcr/nt/1.0hierarchyNode> , <http://www.jcp.org/jcr/nt/1.0base>
        , <http://www.jcp.org/jcr/mix/1.0created> , fedora:Container , fedora:Resource
        , ldp:DirectContainer , fedora:Resource , <http://www.jcp.org/jcr/mix/1.0created>
        , <http://www.jcp.org/jcr/mix/1.0lastModified> , <http://www.jcp.org/jcr/mix/1.0referenceable>
        , fedora:Container ;\n\tfedora:lastModifiedBy \"bypassAdmin\"^^<http://www.w3.org/2001/XMLSchema#string>
        ;\n\tfedora:uuid \"4edee287-bcef-456e-a159-c47c82d1c5b7\"^^<http://www.w3.org/2001/XMLSchema#string>
        ;\n\tfedora:createdBy \"bypassAdmin\"^^<http://www.w3.org/2001/XMLSchema#string>
        ;\n\tfedora:primaryType \"nt:folder\"^^<http://www.w3.org/2001/XMLSchema#string>
        ;\n\tfedora:created \"2015-06-19T22:46:20.397Z\"^^<http://www.w3.org/2001/XMLSchema#dateTime>
        ;\n\tfedora:mixinTypes \"fedora:Container\"^^<http://www.w3.org/2001/XMLSchema#string>
        , \"fedora:Resource\"^^<http://www.w3.org/2001/XMLSchema#string> , \"ldp:DirectContainer\"^^<http://www.w3.org/2001/XMLSchema#string>
        ;\n\tfedora:lastModified \"2015-06-19T22:46:20.487Z\"^^<http://www.w3.org/2001/XMLSchema#dateTime>
        ;\n\tldp:membershipResource <http://localhost:8983/fedora/rest/anno/ldpwprotspec/bb/e0/4d/b0/bbe04db0-b43f-4d1e-9349-5b5ab874a637>
        ;\n\tldp:hasMemberRelation oa:hasTarget ;\n\tfedora:writable \"true\"^^<http://www.w3.org/2001/XMLSchema#boolean>
        ;\n\tfedora:hasParent <http://localhost:8983/fedora/rest/anno/ldpwprotspec/bb/e0/4d/b0/bbe04db0-b43f-4d1e-9349-5b5ab874a637>
        ;\n\tldp:contains <http://localhost:8983/fedora/rest/anno/ldpwprotspec/bb/e0/4d/b0/bbe04db0-b43f-4d1e-9349-5b5ab874a637/t/f0/30/6e/2f/f0306e2f-0d8a-48e4-8129-d8d8525620c7>
        , <http://localhost:8983/fedora/rest/anno/ldpwprotspec/bb/e0/4d/b0/bbe04db0-b43f-4d1e-9349-5b5ab874a637/t/48/42/81/d7/484281d7-5bbb-47f4-94e3-5f18c694a0f5>
        , <http://localhost:8983/fedora/rest/anno/ldpwprotspec/bb/e0/4d/b0/bbe04db0-b43f-4d1e-9349-5b5ab874a637/t/15/6b/36/23/156b3623-2cfd-4030-92bc-f573055609de>
        .\n\n<http://localhost:8983/fedora/rest/anno/ldpwprotspec/bb/e0/4d/b0/bbe04db0-b43f-4d1e-9349-5b5ab874a637/t/fcr:export?format=jcr/xml>
        dc11:format <http://fedora.info/definitions/v4/repository#jcr/xml> .\n\n<http://fedora.info/definitions/v4/repository#jcr/xml>
        rdfs:label \"jcr/xml\"^^<http://www.w3.org/2001/XMLSchema#string> .\n\n<http://localhost:8983/fedora/rest/anno/ldpwprotspec/bb/e0/4d/b0/bbe04db0-b43f-4d1e-9349-5b5ab874a637/t>
        fedora:exportsAs <http://localhost:8983/fedora/rest/anno/ldpwprotspec/bb/e0/4d/b0/bbe04db0-b43f-4d1e-9349-5b5ab874a637/t/fcr:export?format=jcr/xml>
        .\n"
    http_version: 
  recorded_at: Fri, 19 Jun 2015 22:46:20 GMT
- request:
    method: get
    uri: http://localhost:8983/fedora/rest/anno/ldpwprotspec/bb/e0/4d/b0/bbe04db0-b43f-4d1e-9349-5b5ab874a637/t/f0/30/6e/2f/f0306e2f-0d8a-48e4-8129-d8d8525620c7
    body:
      encoding: US-ASCII
      string: ''
    headers:
      User-Agent:
      - Faraday v0.9.1
      Accept:
      - application/x-turtle
      Accept-Encoding:
      - gzip;q=1.0,deflate;q=0.6,identity;q=0.3
  response:
    status:
      code: 200
      message: OK
    headers:
      Etag:
      - '"84f6450d5cdf7ee88539a5d7bc5467fdd721213d"'
      Last-Modified:
      - Fri, 19 Jun 2015 22:46:20 GMT
      Link:
      - <http://www.w3.org/ns/ldp#BasicContainer>;rel="type"
      - <http://www.w3.org/ns/ldp#Container>;rel="type"
      - <http://www.w3.org/ns/ldp#Resource>;rel="type"
      Accept-Patch:
      - application/sparql-update
      Accept-Post:
      - text/turtle,text/rdf+n3,text/n3,application/rdf+xml,application/n-triples,multipart/form-data,application/sparql-update
      Allow:
      - MOVE,COPY,DELETE,POST,HEAD,GET,PUT,PATCH,OPTIONS
      Preference-Applied:
      - return=representation
      Vary:
      - Accept, Range, Accept-Encoding, Accept-Language
      - Prefer
      Content-Length:
      - '3431'
      Content-Type:
      - application/x-turtle
    body:
      encoding: UTF-8
      string: "@prefix premis: <http://www.loc.gov/premis/rdf/v1#> .\n@prefix image:
        <http://www.modeshape.org/images/1.0> .\n@prefix sv: <http://www.jcp.org/jcr/sv/1.0>
        .\n@prefix test: <info:fedora/test/> .\n@prefix nt: <http://www.jcp.org/jcr/nt/1.0>
        .\n@prefix cnt: <http://www.w3.org/2011/content#> .\n@prefix dcmitype: <http://purl.org/dc/dcmitype/>
        .\n@prefix rdfs: <http://www.w3.org/2000/01/rdf-schema#> .\n@prefix xsi: <http://www.w3.org/2001/XMLSchema-instance>
        .\n@prefix mode: <http://www.modeshape.org/1.0> .\n@prefix dc11: <http://purl.org/dc/elements/1.1/>
        .\n@prefix oa: <http://www.w3.org/ns/oa#> .\n@prefix triannon: <http://triannon.stanford.edu/ns/>
        .\n@prefix rdf: <http://www.w3.org/1999/02/22-rdf-syntax-ns#> .\n@prefix fedora:
        <http://fedora.info/definitions/v4/repository#> .\n@prefix xml: <http://www.w3.org/XML/1998/namespace>
        .\n@prefix ldp: <http://www.w3.org/ns/ldp#> .\n@prefix xs: <http://www.w3.org/2001/XMLSchema>
        .\n@prefix fedoraconfig: <http://fedora.info/definitions/v4/config#> .\n@prefix
        mix: <http://www.jcp.org/jcr/mix/1.0> .\n@prefix foaf: <http://xmlns.com/foaf/0.1/>
        .\n@prefix dc: <http://purl.org/dc/terms/> .\n\n\n<http://localhost:8983/fedora/rest/anno/ldpwprotspec/bb/e0/4d/b0/bbe04db0-b43f-4d1e-9349-5b5ab874a637/t/f0/30/6e/2f/f0306e2f-0d8a-48e4-8129-d8d8525620c7>
        a ldp:RDFSource , ldp:Container , <http://www.jcp.org/jcr/nt/1.0folder> ,
        <http://www.jcp.org/jcr/nt/1.0hierarchyNode> , <http://www.jcp.org/jcr/nt/1.0base>
        , <http://www.jcp.org/jcr/mix/1.0created> , fedora:Container , fedora:Resource
        , ldp:BasicContainer , fedora:Resource , <http://www.jcp.org/jcr/mix/1.0created>
        , <http://www.jcp.org/jcr/mix/1.0lastModified> , <http://www.jcp.org/jcr/mix/1.0referenceable>
        , fedora:Container ;\n\tfedora:lastModifiedBy \"bypassAdmin\"^^<http://www.w3.org/2001/XMLSchema#string>
        ;\n\tfedora:uuid \"30a5244b-8435-4b40-81f8-d1fb1ad62461\"^^<http://www.w3.org/2001/XMLSchema#string>
        ;\n\tfedora:createdBy \"bypassAdmin\"^^<http://www.w3.org/2001/XMLSchema#string>
        ;\n\tfedora:primaryType \"nt:folder\"^^<http://www.w3.org/2001/XMLSchema#string>
        ;\n\tfedora:created \"2015-06-19T22:46:20.417Z\"^^<http://www.w3.org/2001/XMLSchema#dateTime>
        ;\n\ttriannon:externalReference <http://purl.stanford.edu/kq131cs7229> ;\n\tfedora:lastModified
        \"2015-06-19T22:46:20.417Z\"^^<http://www.w3.org/2001/XMLSchema#dateTime>
        ;\n\tfedora:mixinTypes \"fedora:Container\"^^<http://www.w3.org/2001/XMLSchema#string>
        , \"fedora:Resource\"^^<http://www.w3.org/2001/XMLSchema#string> , \"ldp:BasicContainer\"^^<http://www.w3.org/2001/XMLSchema#string>
        ;\n\tfedora:writable \"true\"^^<http://www.w3.org/2001/XMLSchema#boolean>
        ;\n\tfedora:hasParent <http://localhost:8983/fedora/rest/anno/ldpwprotspec/bb/e0/4d/b0/bbe04db0-b43f-4d1e-9349-5b5ab874a637/t>
        .\n\n<http://localhost:8983/fedora/rest/anno/ldpwprotspec/bb/e0/4d/b0/bbe04db0-b43f-4d1e-9349-5b5ab874a637/t/f0/30/6e/2f/f0306e2f-0d8a-48e4-8129-d8d8525620c7/fcr:export?format=jcr/xml>
        dc11:format <http://fedora.info/definitions/v4/repository#jcr/xml> .\n\n<http://fedora.info/definitions/v4/repository#jcr/xml>
        rdfs:label \"jcr/xml\"^^<http://www.w3.org/2001/XMLSchema#string> .\n\n<http://localhost:8983/fedora/rest/anno/ldpwprotspec/bb/e0/4d/b0/bbe04db0-b43f-4d1e-9349-5b5ab874a637/t/f0/30/6e/2f/f0306e2f-0d8a-48e4-8129-d8d8525620c7>
        fedora:exportsAs <http://localhost:8983/fedora/rest/anno/ldpwprotspec/bb/e0/4d/b0/bbe04db0-b43f-4d1e-9349-5b5ab874a637/t/f0/30/6e/2f/f0306e2f-0d8a-48e4-8129-d8d8525620c7/fcr:export?format=jcr/xml>
        .\n"
    http_version: 
  recorded_at: Fri, 19 Jun 2015 22:46:20 GMT
- request:
    method: get
    uri: http://localhost:8983/fedora/rest/anno/ldpwprotspec/bb/e0/4d/b0/bbe04db0-b43f-4d1e-9349-5b5ab874a637/t/48/42/81/d7/484281d7-5bbb-47f4-94e3-5f18c694a0f5
    body:
      encoding: US-ASCII
      string: ''
    headers:
      User-Agent:
      - Faraday v0.9.1
      Accept:
      - application/x-turtle
      Accept-Encoding:
      - gzip;q=1.0,deflate;q=0.6,identity;q=0.3
  response:
    status:
      code: 200
      message: OK
    headers:
      Etag:
      - '"323f634a00cd615161824f6f3176b88df9658cc7"'
      Last-Modified:
      - Fri, 19 Jun 2015 22:46:20 GMT
      Link:
      - <http://www.w3.org/ns/ldp#BasicContainer>;rel="type"
      - <http://www.w3.org/ns/ldp#Container>;rel="type"
      - <http://www.w3.org/ns/ldp#Resource>;rel="type"
      Accept-Patch:
      - application/sparql-update
      Accept-Post:
      - text/turtle,text/rdf+n3,text/n3,application/rdf+xml,application/n-triples,multipart/form-data,application/sparql-update
      Allow:
      - MOVE,COPY,DELETE,POST,HEAD,GET,PUT,PATCH,OPTIONS
      Preference-Applied:
      - return=representation
      Vary:
      - Accept, Range, Accept-Encoding, Accept-Language
      - Prefer
      Content-Length:
      - '5667'
      Content-Type:
      - application/x-turtle
    body:
      encoding: UTF-8
      string: "@prefix premis: <http://www.loc.gov/premis/rdf/v1#> .\n@prefix image:
        <http://www.modeshape.org/images/1.0> .\n@prefix sv: <http://www.jcp.org/jcr/sv/1.0>
        .\n@prefix test: <info:fedora/test/> .\n@prefix nt: <http://www.jcp.org/jcr/nt/1.0>
        .\n@prefix cnt: <http://www.w3.org/2011/content#> .\n@prefix dcmitype: <http://purl.org/dc/dcmitype/>
        .\n@prefix rdfs: <http://www.w3.org/2000/01/rdf-schema#> .\n@prefix xsi: <http://www.w3.org/2001/XMLSchema-instance>
        .\n@prefix mode: <http://www.modeshape.org/1.0> .\n@prefix dc11: <http://purl.org/dc/elements/1.1/>
        .\n@prefix oa: <http://www.w3.org/ns/oa#> .\n@prefix triannon: <http://triannon.stanford.edu/ns/>
        .\n@prefix rdf: <http://www.w3.org/1999/02/22-rdf-syntax-ns#> .\n@prefix fedora:
        <http://fedora.info/definitions/v4/repository#> .\n@prefix xml: <http://www.w3.org/XML/1998/namespace>
        .\n@prefix ldp: <http://www.w3.org/ns/ldp#> .\n@prefix xs: <http://www.w3.org/2001/XMLSchema>
        .\n@prefix fedoraconfig: <http://fedora.info/definitions/v4/config#> .\n@prefix
        mix: <http://www.jcp.org/jcr/mix/1.0> .\n@prefix foaf: <http://xmlns.com/foaf/0.1/>
        .\n@prefix dc: <http://purl.org/dc/terms/> .\n\n\n<http://localhost:8983/fedora/rest/anno/ldpwprotspec/bb/e0/4d/b0/bbe04db0-b43f-4d1e-9349-5b5ab874a637/t/48/42/81/d7/484281d7-5bbb-47f4-94e3-5f18c694a0f5>
        a ldp:RDFSource , ldp:Container , <http://www.jcp.org/jcr/nt/1.0folder> ,
        <http://www.jcp.org/jcr/nt/1.0hierarchyNode> , <http://www.jcp.org/jcr/nt/1.0base>
        , <http://www.jcp.org/jcr/mix/1.0created> , fedora:Container , oa:SpecificResource
        , fedora:Resource , ldp:BasicContainer , fedora:Resource , <http://www.jcp.org/jcr/mix/1.0created>
        , <http://www.jcp.org/jcr/mix/1.0lastModified> , <http://www.jcp.org/jcr/mix/1.0referenceable>
        , fedora:Container ;\n\tfedora:lastModifiedBy \"bypassAdmin\"^^<http://www.w3.org/2001/XMLSchema#string>
        ;\n\toa:hasSelector <http://localhost:8983/fedora/rest/.well-known/genid/96/68/cc/15/9668cc15-47ba-41af-bd4b-2856d8bf3d72>
        ;\n\tfedora:uuid \"0c5247c6-6585-4f16-87a8-143946f6c060\"^^<http://www.w3.org/2001/XMLSchema#string>
        ;\n\tfedora:createdBy \"bypassAdmin\"^^<http://www.w3.org/2001/XMLSchema#string>
        ;\n\tfedora:primaryType \"nt:folder\"^^<http://www.w3.org/2001/XMLSchema#string>
        ;\n\tfedora:created \"2015-06-19T22:46:20.449Z\"^^<http://www.w3.org/2001/XMLSchema#dateTime>
        ;\n\tfedora:mixinTypes \"fedora:Container\"^^<http://www.w3.org/2001/XMLSchema#string>
        , \"oa:SpecificResource\"^^<http://www.w3.org/2001/XMLSchema#string> , \"fedora:Resource\"^^<http://www.w3.org/2001/XMLSchema#string>
        , \"ldp:BasicContainer\"^^<http://www.w3.org/2001/XMLSchema#string> ;\n\tfedora:lastModified
        \"2015-06-19T22:46:20.449Z\"^^<http://www.w3.org/2001/XMLSchema#dateTime>
        ;\n\toa:hasSource <http://localhost:8983/fedora/rest/anno/ldpwprotspec/bb/e0/4d/b0/bbe04db0-b43f-4d1e-9349-5b5ab874a637/t/48/42/81/d7/484281d7-5bbb-47f4-94e3-5f18c694a0f5#source>
        ;\n\tfedora:writable \"true\"^^<http://www.w3.org/2001/XMLSchema#boolean>
        ;\n\tfedora:hasParent <http://localhost:8983/fedora/rest/anno/ldpwprotspec/bb/e0/4d/b0/bbe04db0-b43f-4d1e-9349-5b5ab874a637/t>
        .\n\n<http://localhost:8983/fedora/rest/anno/ldpwprotspec/bb/e0/4d/b0/bbe04db0-b43f-4d1e-9349-5b5ab874a637/t/48/42/81/d7/484281d7-5bbb-47f4-94e3-5f18c694a0f5#source>
        a <http://www.jcp.org/jcr/nt/1.0folder> , <http://www.jcp.org/jcr/nt/1.0hierarchyNode>
        , <http://www.jcp.org/jcr/nt/1.0base> , <http://www.jcp.org/jcr/mix/1.0created>
        , fedora:Resource , <http://www.jcp.org/jcr/mix/1.0created> , <http://www.jcp.org/jcr/mix/1.0lastModified>
        , <http://www.jcp.org/jcr/mix/1.0referenceable> ;\n\tfedora:lastModifiedBy
        \"bypassAdmin\"^^<http://www.w3.org/2001/XMLSchema#string> ;\n\tfedora:uuid
        \"56fc569c-437d-4b32-af2a-4bb6387ed7d7\"^^<http://www.w3.org/2001/XMLSchema#string>
        ;\n\tfedora:createdBy \"bypassAdmin\"^^<http://www.w3.org/2001/XMLSchema#string>
        ;\n\tfedora:primaryType \"nt:folder\"^^<http://www.w3.org/2001/XMLSchema#string>
        ;\n\tfedora:created \"2015-06-19T22:46:20.449Z\"^^<http://www.w3.org/2001/XMLSchema#dateTime>
        ;\n\ttriannon:externalReference <http://purl.stanford.edu/kq666cs6666.html>
        ;\n\tfedora:mixinTypes \"fedora:Resource\"^^<http://www.w3.org/2001/XMLSchema#string>
        ;\n\tfedora:lastModified \"2015-06-19T22:46:20.449Z\"^^<http://www.w3.org/2001/XMLSchema#dateTime>
        .\n\n<http://localhost:8983/fedora/rest/.well-known/genid/96/68/cc/15/9668cc15-47ba-41af-bd4b-2856d8bf3d72>
        a <http://www.jcp.org/jcr/nt/1.0unstructured> , <http://www.jcp.org/jcr/nt/1.0base>
        , fedora:Blanknode , oa:TextPositionSelector , <http://www.jcp.org/jcr/mix/1.0referenceable>
        ;\n\tfedora:uuid \"d0cf36e4-9cbd-411b-a2ef-54a0f57a67e2\"^^<http://www.w3.org/2001/XMLSchema#string>
        ;\n\tfedora:primaryType \"nt:unstructured\"^^<http://www.w3.org/2001/XMLSchema#string>
        ;\n\tfedora:mixinTypes \"fedora:Blanknode\"^^<http://www.w3.org/2001/XMLSchema#string>
        , \"oa:TextPositionSelector\"^^<http://www.w3.org/2001/XMLSchema#string> ;\n\toa:end
        \"66\"^^<http://www.w3.org/2001/XMLSchema#nonNegativeInteger> ;\n\toa:start
        \"0\"^^<http://www.w3.org/2001/XMLSchema#nonNegativeInteger> .\n\n<http://localhost:8983/fedora/rest/anno/ldpwprotspec/bb/e0/4d/b0/bbe04db0-b43f-4d1e-9349-5b5ab874a637/t/48/42/81/d7/484281d7-5bbb-47f4-94e3-5f18c694a0f5>
        fedora:exportsAs <http://localhost:8983/fedora/rest/anno/ldpwprotspec/bb/e0/4d/b0/bbe04db0-b43f-4d1e-9349-5b5ab874a637/t/48/42/81/d7/484281d7-5bbb-47f4-94e3-5f18c694a0f5/fcr:export?format=jcr/xml>
        .\n\n<http://localhost:8983/fedora/rest/anno/ldpwprotspec/bb/e0/4d/b0/bbe04db0-b43f-4d1e-9349-5b5ab874a637/t/48/42/81/d7/484281d7-5bbb-47f4-94e3-5f18c694a0f5/fcr:export?format=jcr/xml>
        dc11:format <http://fedora.info/definitions/v4/repository#jcr/xml> .\n\n<http://fedora.info/definitions/v4/repository#jcr/xml>
        rdfs:label \"jcr/xml\"^^<http://www.w3.org/2001/XMLSchema#string> .\n"
    http_version: 
  recorded_at: Fri, 19 Jun 2015 22:46:20 GMT
- request:
    method: get
    uri: http://localhost:8983/fedora/rest/.well-known/genid/96/68/cc/15/9668cc15-47ba-41af-bd4b-2856d8bf3d72
    body:
      encoding: US-ASCII
      string: ''
    headers:
      User-Agent:
      - Faraday v0.9.1
      Accept:
      - application/x-turtle
      Accept-Encoding:
      - gzip;q=1.0,deflate;q=0.6,identity;q=0.3
  response:
    status:
      code: 200
      message: OK
    headers:
      Link:
      - <http://www.w3.org/ns/ldp#BasicContainer>;rel="type"
      - <http://www.w3.org/ns/ldp#Container>;rel="type"
      - <http://www.w3.org/ns/ldp#Resource>;rel="type"
      Accept-Patch:
      - application/sparql-update
      Accept-Post:
      - text/turtle,text/rdf+n3,text/n3,application/rdf+xml,application/n-triples,multipart/form-data,application/sparql-update
      Allow:
      - MOVE,COPY,DELETE,POST,HEAD,GET,PUT,PATCH,OPTIONS
      Preference-Applied:
      - return=representation
      Vary:
      - Accept, Range, Accept-Encoding, Accept-Language
      - Prefer
      Content-Length:
      - '2651'
      Content-Type:
      - application/x-turtle
    body:
      encoding: UTF-8
      string: "@prefix premis: <http://www.loc.gov/premis/rdf/v1#> .\n@prefix image:
        <http://www.modeshape.org/images/1.0> .\n@prefix sv: <http://www.jcp.org/jcr/sv/1.0>
        .\n@prefix test: <info:fedora/test/> .\n@prefix nt: <http://www.jcp.org/jcr/nt/1.0>
        .\n@prefix cnt: <http://www.w3.org/2011/content#> .\n@prefix dcmitype: <http://purl.org/dc/dcmitype/>
        .\n@prefix rdfs: <http://www.w3.org/2000/01/rdf-schema#> .\n@prefix xsi: <http://www.w3.org/2001/XMLSchema-instance>
        .\n@prefix mode: <http://www.modeshape.org/1.0> .\n@prefix dc11: <http://purl.org/dc/elements/1.1/>
        .\n@prefix oa: <http://www.w3.org/ns/oa#> .\n@prefix triannon: <http://triannon.stanford.edu/ns/>
        .\n@prefix rdf: <http://www.w3.org/1999/02/22-rdf-syntax-ns#> .\n@prefix fedora:
        <http://fedora.info/definitions/v4/repository#> .\n@prefix xml: <http://www.w3.org/XML/1998/namespace>
        .\n@prefix ldp: <http://www.w3.org/ns/ldp#> .\n@prefix xs: <http://www.w3.org/2001/XMLSchema>
        .\n@prefix fedoraconfig: <http://fedora.info/definitions/v4/config#> .\n@prefix
        mix: <http://www.jcp.org/jcr/mix/1.0> .\n@prefix foaf: <http://xmlns.com/foaf/0.1/>
        .\n@prefix dc: <http://purl.org/dc/terms/> .\n\n\n<http://localhost:8983/fedora/rest/.well-known/genid/96/68/cc/15/9668cc15-47ba-41af-bd4b-2856d8bf3d72>
        a ldp:RDFSource , ldp:Container , ldp:BasicContainer , <http://www.jcp.org/jcr/nt/1.0unstructured>
        , <http://www.jcp.org/jcr/nt/1.0base> , fedora:Blanknode , oa:TextPositionSelector
        , <http://www.jcp.org/jcr/mix/1.0referenceable> ;\n\tfedora:uuid \"d0cf36e4-9cbd-411b-a2ef-54a0f57a67e2\"^^<http://www.w3.org/2001/XMLSchema#string>
        ;\n\tfedora:primaryType \"nt:unstructured\"^^<http://www.w3.org/2001/XMLSchema#string>
        ;\n\tfedora:mixinTypes \"fedora:Blanknode\"^^<http://www.w3.org/2001/XMLSchema#string>
        , \"oa:TextPositionSelector\"^^<http://www.w3.org/2001/XMLSchema#string> ;\n\toa:end
        \"66\"^^<http://www.w3.org/2001/XMLSchema#nonNegativeInteger> ;\n\toa:start
        \"0\"^^<http://www.w3.org/2001/XMLSchema#nonNegativeInteger> ;\n\tfedora:writable
        \"true\"^^<http://www.w3.org/2001/XMLSchema#boolean> ;\n\tfedora:hasParent
        <http://localhost:8983/fedora/rest/.well-known/genid> .\n\n<http://localhost:8983/fedora/rest/.well-known/genid/96/68/cc/15/9668cc15-47ba-41af-bd4b-2856d8bf3d72/fcr:export?format=jcr/xml>
        dc11:format <http://fedora.info/definitions/v4/repository#jcr/xml> .\n\n<http://localhost:8983/fedora/rest/.well-known/genid/96/68/cc/15/9668cc15-47ba-41af-bd4b-2856d8bf3d72>
        fedora:exportsAs <http://localhost:8983/fedora/rest/.well-known/genid/96/68/cc/15/9668cc15-47ba-41af-bd4b-2856d8bf3d72/fcr:export?format=jcr/xml>
        .\n\n<http://fedora.info/definitions/v4/repository#jcr/xml> rdfs:label \"jcr/xml\"^^<http://www.w3.org/2001/XMLSchema#string>
        .\n"
    http_version: 
  recorded_at: Fri, 19 Jun 2015 22:46:20 GMT
- request:
    method: get
    uri: http://localhost:8983/fedora/rest/anno/ldpwprotspec/bb/e0/4d/b0/bbe04db0-b43f-4d1e-9349-5b5ab874a637/t/15/6b/36/23/156b3623-2cfd-4030-92bc-f573055609de
    body:
      encoding: US-ASCII
      string: ''
    headers:
      User-Agent:
      - Faraday v0.9.1
      Accept:
      - application/x-turtle
      Accept-Encoding:
      - gzip;q=1.0,deflate;q=0.6,identity;q=0.3
  response:
    status:
      code: 200
      message: OK
    headers:
      Etag:
      - '"b94809047fdb466091c5ed77b1e03835ebae83f0"'
      Last-Modified:
      - Fri, 19 Jun 2015 22:46:20 GMT
      Link:
      - <http://www.w3.org/ns/ldp#BasicContainer>;rel="type"
      - <http://www.w3.org/ns/ldp#Container>;rel="type"
      - <http://www.w3.org/ns/ldp#Resource>;rel="type"
      Accept-Patch:
      - application/sparql-update
      Accept-Post:
      - text/turtle,text/rdf+n3,text/n3,application/rdf+xml,application/n-triples,multipart/form-data,application/sparql-update
      Allow:
      - MOVE,COPY,DELETE,POST,HEAD,GET,PUT,PATCH,OPTIONS
      Preference-Applied:
      - return=representation
      Vary:
      - Accept, Range, Accept-Encoding, Accept-Language
      - Prefer
      Content-Length:
      - '5759'
      Content-Type:
      - application/x-turtle
    body:
      encoding: UTF-8
      string: "@prefix premis: <http://www.loc.gov/premis/rdf/v1#> .\n@prefix image:
        <http://www.modeshape.org/images/1.0> .\n@prefix sv: <http://www.jcp.org/jcr/sv/1.0>
        .\n@prefix test: <info:fedora/test/> .\n@prefix nt: <http://www.jcp.org/jcr/nt/1.0>
        .\n@prefix cnt: <http://www.w3.org/2011/content#> .\n@prefix dcmitype: <http://purl.org/dc/dcmitype/>
        .\n@prefix rdfs: <http://www.w3.org/2000/01/rdf-schema#> .\n@prefix xsi: <http://www.w3.org/2001/XMLSchema-instance>
        .\n@prefix mode: <http://www.modeshape.org/1.0> .\n@prefix dc11: <http://purl.org/dc/elements/1.1/>
        .\n@prefix oa: <http://www.w3.org/ns/oa#> .\n@prefix triannon: <http://triannon.stanford.edu/ns/>
        .\n@prefix rdf: <http://www.w3.org/1999/02/22-rdf-syntax-ns#> .\n@prefix fedora:
        <http://fedora.info/definitions/v4/repository#> .\n@prefix xml: <http://www.w3.org/XML/1998/namespace>
        .\n@prefix ldp: <http://www.w3.org/ns/ldp#> .\n@prefix xs: <http://www.w3.org/2001/XMLSchema>
        .\n@prefix fedoraconfig: <http://fedora.info/definitions/v4/config#> .\n@prefix
        mix: <http://www.jcp.org/jcr/mix/1.0> .\n@prefix foaf: <http://xmlns.com/foaf/0.1/>
        .\n@prefix dc: <http://purl.org/dc/terms/> .\n\n\n<http://localhost:8983/fedora/rest/anno/ldpwprotspec/bb/e0/4d/b0/bbe04db0-b43f-4d1e-9349-5b5ab874a637/t/15/6b/36/23/156b3623-2cfd-4030-92bc-f573055609de>
        a ldp:RDFSource , ldp:Container , <http://www.jcp.org/jcr/nt/1.0folder> ,
        <http://www.jcp.org/jcr/nt/1.0hierarchyNode> , <http://www.jcp.org/jcr/nt/1.0base>
        , <http://www.jcp.org/jcr/mix/1.0created> , fedora:Container , oa:SpecificResource
        , fedora:Resource , ldp:BasicContainer , fedora:Resource , <http://www.jcp.org/jcr/mix/1.0created>
        , <http://www.jcp.org/jcr/mix/1.0lastModified> , <http://www.jcp.org/jcr/mix/1.0referenceable>
        , fedora:Container ;\n\tfedora:lastModifiedBy \"bypassAdmin\"^^<http://www.w3.org/2001/XMLSchema#string>
        ;\n\toa:hasSelector <http://localhost:8983/fedora/rest/.well-known/genid/49/ea/6e/c7/49ea6ec7-6bae-4100-ba79-bf938f200cd1>
        ;\n\tfedora:uuid \"2982ed3b-fc54-4df0-aa3f-fec1d15f5e90\"^^<http://www.w3.org/2001/XMLSchema#string>
        ;\n\tfedora:createdBy \"bypassAdmin\"^^<http://www.w3.org/2001/XMLSchema#string>
        ;\n\tfedora:primaryType \"nt:folder\"^^<http://www.w3.org/2001/XMLSchema#string>
        ;\n\tfedora:created \"2015-06-19T22:46:20.487Z\"^^<http://www.w3.org/2001/XMLSchema#dateTime>
        ;\n\tfedora:mixinTypes \"fedora:Container\"^^<http://www.w3.org/2001/XMLSchema#string>
        , \"oa:SpecificResource\"^^<http://www.w3.org/2001/XMLSchema#string> , \"fedora:Resource\"^^<http://www.w3.org/2001/XMLSchema#string>
        , \"ldp:BasicContainer\"^^<http://www.w3.org/2001/XMLSchema#string> ;\n\tfedora:lastModified
        \"2015-06-19T22:46:20.487Z\"^^<http://www.w3.org/2001/XMLSchema#dateTime>
        ;\n\toa:hasSource <http://localhost:8983/fedora/rest/anno/ldpwprotspec/bb/e0/4d/b0/bbe04db0-b43f-4d1e-9349-5b5ab874a637/t/15/6b/36/23/156b3623-2cfd-4030-92bc-f573055609de#source>
        ;\n\tfedora:writable \"true\"^^<http://www.w3.org/2001/XMLSchema#boolean>
        ;\n\tfedora:hasParent <http://localhost:8983/fedora/rest/anno/ldpwprotspec/bb/e0/4d/b0/bbe04db0-b43f-4d1e-9349-5b5ab874a637/t>
        .\n\n<http://localhost:8983/fedora/rest/anno/ldpwprotspec/bb/e0/4d/b0/bbe04db0-b43f-4d1e-9349-5b5ab874a637/t/15/6b/36/23/156b3623-2cfd-4030-92bc-f573055609de#source>
        a <http://www.jcp.org/jcr/nt/1.0folder> , <http://www.jcp.org/jcr/nt/1.0hierarchyNode>
        , <http://www.jcp.org/jcr/nt/1.0base> , <http://www.jcp.org/jcr/mix/1.0created>
        , dcmitype:Image , fedora:Resource , <http://www.jcp.org/jcr/mix/1.0created>
        , <http://www.jcp.org/jcr/mix/1.0lastModified> , <http://www.jcp.org/jcr/mix/1.0referenceable>
        ;\n\tfedora:lastModifiedBy \"bypassAdmin\"^^<http://www.w3.org/2001/XMLSchema#string>
        ;\n\tfedora:uuid \"c79bbc8a-75c3-4c5c-bb93-daffb78c8433\"^^<http://www.w3.org/2001/XMLSchema#string>
        ;\n\tfedora:createdBy \"bypassAdmin\"^^<http://www.w3.org/2001/XMLSchema#string>
        ;\n\tfedora:primaryType \"nt:folder\"^^<http://www.w3.org/2001/XMLSchema#string>
        ;\n\tfedora:created \"2015-06-19T22:46:20.487Z\"^^<http://www.w3.org/2001/XMLSchema#dateTime>
        ;\n\ttriannon:externalReference <https://stacks.stanford.edu/image/kq131cs7229/kq131cs7229_05_0032_large.jpg>
        ;\n\tfedora:mixinTypes \"dcmitype:Image\"^^<http://www.w3.org/2001/XMLSchema#string>
        , \"fedora:Resource\"^^<http://www.w3.org/2001/XMLSchema#string> ;\n\tfedora:lastModified
        \"2015-06-19T22:46:20.487Z\"^^<http://www.w3.org/2001/XMLSchema#dateTime>
        .\n\n<http://localhost:8983/fedora/rest/.well-known/genid/49/ea/6e/c7/49ea6ec7-6bae-4100-ba79-bf938f200cd1>
        a <http://www.jcp.org/jcr/nt/1.0unstructured> , <http://www.jcp.org/jcr/nt/1.0base>
        , fedora:Blanknode , oa:FragmentSelector , <http://www.jcp.org/jcr/mix/1.0referenceable>
        ;\n\trdf:value \"xywh=0,0,200,200\"^^<http://www.w3.org/2001/XMLSchema#string>
        ;\n\tfedora:uuid \"ed2d86fe-6ef1-48a9-a646-705af93346f1\"^^<http://www.w3.org/2001/XMLSchema#string>
        ;\n\tfedora:primaryType \"nt:unstructured\"^^<http://www.w3.org/2001/XMLSchema#string>
        ;\n\tfedora:mixinTypes \"fedora:Blanknode\"^^<http://www.w3.org/2001/XMLSchema#string>
        , \"oa:FragmentSelector\"^^<http://www.w3.org/2001/XMLSchema#string> ;\n\tdc:conformsTo
        <http://www.w3.org/TR/media-frags/> .\n\n<http://localhost:8983/fedora/rest/anno/ldpwprotspec/bb/e0/4d/b0/bbe04db0-b43f-4d1e-9349-5b5ab874a637/t/15/6b/36/23/156b3623-2cfd-4030-92bc-f573055609de/fcr:export?format=jcr/xml>
        dc11:format <http://fedora.info/definitions/v4/repository#jcr/xml> .\n\n<http://fedora.info/definitions/v4/repository#jcr/xml>
        rdfs:label \"jcr/xml\"^^<http://www.w3.org/2001/XMLSchema#string> .\n\n<http://localhost:8983/fedora/rest/anno/ldpwprotspec/bb/e0/4d/b0/bbe04db0-b43f-4d1e-9349-5b5ab874a637/t/15/6b/36/23/156b3623-2cfd-4030-92bc-f573055609de>
        fedora:exportsAs <http://localhost:8983/fedora/rest/anno/ldpwprotspec/bb/e0/4d/b0/bbe04db0-b43f-4d1e-9349-5b5ab874a637/t/15/6b/36/23/156b3623-2cfd-4030-92bc-f573055609de/fcr:export?format=jcr/xml>
        .\n"
    http_version: 
  recorded_at: Fri, 19 Jun 2015 22:46:20 GMT
- request:
    method: get
    uri: http://localhost:8983/fedora/rest/.well-known/genid/49/ea/6e/c7/49ea6ec7-6bae-4100-ba79-bf938f200cd1
    body:
      encoding: US-ASCII
      string: ''
    headers:
      User-Agent:
      - Faraday v0.9.1
      Accept:
      - application/x-turtle
      Accept-Encoding:
      - gzip;q=1.0,deflate;q=0.6,identity;q=0.3
  response:
    status:
      code: 200
      message: OK
    headers:
      Link:
      - <http://www.w3.org/ns/ldp#BasicContainer>;rel="type"
      - <http://www.w3.org/ns/ldp#Container>;rel="type"
      - <http://www.w3.org/ns/ldp#Resource>;rel="type"
      Accept-Patch:
      - application/sparql-update
      Accept-Post:
      - text/turtle,text/rdf+n3,text/n3,application/rdf+xml,application/n-triples,multipart/form-data,application/sparql-update
      Allow:
      - MOVE,COPY,DELETE,POST,HEAD,GET,PUT,PATCH,OPTIONS
      Preference-Applied:
      - return=representation
      Vary:
      - Accept, Range, Accept-Encoding, Accept-Language
      - Prefer
      Content-Length:
      - '2527'
      Content-Type:
      - application/x-turtle
    body:
      encoding: UTF-8
      string: "@prefix premis: <http://www.loc.gov/premis/rdf/v1#> .\n@prefix image:
        <http://www.modeshape.org/images/1.0> .\n@prefix sv: <http://www.jcp.org/jcr/sv/1.0>
        .\n@prefix test: <info:fedora/test/> .\n@prefix nt: <http://www.jcp.org/jcr/nt/1.0>
        .\n@prefix cnt: <http://www.w3.org/2011/content#> .\n@prefix dcmitype: <http://purl.org/dc/dcmitype/>
        .\n@prefix rdfs: <http://www.w3.org/2000/01/rdf-schema#> .\n@prefix xsi: <http://www.w3.org/2001/XMLSchema-instance>
        .\n@prefix mode: <http://www.modeshape.org/1.0> .\n@prefix dc11: <http://purl.org/dc/elements/1.1/>
        .\n@prefix oa: <http://www.w3.org/ns/oa#> .\n@prefix triannon: <http://triannon.stanford.edu/ns/>
        .\n@prefix rdf: <http://www.w3.org/1999/02/22-rdf-syntax-ns#> .\n@prefix fedora:
        <http://fedora.info/definitions/v4/repository#> .\n@prefix xml: <http://www.w3.org/XML/1998/namespace>
        .\n@prefix ldp: <http://www.w3.org/ns/ldp#> .\n@prefix xs: <http://www.w3.org/2001/XMLSchema>
        .\n@prefix fedoraconfig: <http://fedora.info/definitions/v4/config#> .\n@prefix
        mix: <http://www.jcp.org/jcr/mix/1.0> .\n@prefix foaf: <http://xmlns.com/foaf/0.1/>
        .\n@prefix dc: <http://purl.org/dc/terms/> .\n\n\n<http://localhost:8983/fedora/rest/.well-known/genid/49/ea/6e/c7/49ea6ec7-6bae-4100-ba79-bf938f200cd1>
        a ldp:RDFSource , ldp:Container , ldp:BasicContainer , <http://www.jcp.org/jcr/nt/1.0unstructured>
        , <http://www.jcp.org/jcr/nt/1.0base> , fedora:Blanknode , oa:FragmentSelector
        , <http://www.jcp.org/jcr/mix/1.0referenceable> ;\n\trdf:value \"xywh=0,0,200,200\"^^<http://www.w3.org/2001/XMLSchema#string>
        ;\n\tfedora:uuid \"ed2d86fe-6ef1-48a9-a646-705af93346f1\"^^<http://www.w3.org/2001/XMLSchema#string>
        ;\n\tfedora:primaryType \"nt:unstructured\"^^<http://www.w3.org/2001/XMLSchema#string>
        ;\n\tfedora:mixinTypes \"fedora:Blanknode\"^^<http://www.w3.org/2001/XMLSchema#string>
        , \"oa:FragmentSelector\"^^<http://www.w3.org/2001/XMLSchema#string> ;\n\tdc:conformsTo
        <http://www.w3.org/TR/media-frags/> ;\n\tfedora:writable \"true\"^^<http://www.w3.org/2001/XMLSchema#boolean>
        ;\n\tfedora:hasParent <http://localhost:8983/fedora/rest/.well-known/genid>
        ;\n\tfedora:exportsAs <http://localhost:8983/fedora/rest/.well-known/genid/49/ea/6e/c7/49ea6ec7-6bae-4100-ba79-bf938f200cd1/fcr:export?format=jcr/xml>
        .\n\n<http://localhost:8983/fedora/rest/.well-known/genid/49/ea/6e/c7/49ea6ec7-6bae-4100-ba79-bf938f200cd1/fcr:export?format=jcr/xml>
        dc11:format <http://fedora.info/definitions/v4/repository#jcr/xml> .\n\n<http://fedora.info/definitions/v4/repository#jcr/xml>
        rdfs:label \"jcr/xml\"^^<http://www.w3.org/2001/XMLSchema#string> .\n"
    http_version: 
  recorded_at: Fri, 19 Jun 2015 22:46:20 GMT
recorded_with: VCR 2.9.3
