---
http_interactions:
- request:
    method: head
    uri: http://localhost:8983/fedora/rest/anno/ldpwprotspec
    body:
      encoding: US-ASCII
      string: ''
    headers:
      User-Agent:
      - Faraday v0.9.1
      Accept:
      - "*/*"
  response:
    status:
      code: 200
      message: OK
    headers:
      Etag:
      - '"3a6ea95232feb96de0f414ea5dd5f51d4a5c31cd"'
      Last-Modified:
      - Fri, 19 Jun 2015 22:46:18 GMT
      Link:
      - <http://www.w3.org/ns/ldp#BasicContainer>;rel="type"
      - <http://www.w3.org/ns/ldp#Container>;rel="type"
      - <http://www.w3.org/ns/ldp#Resource>;rel="type"
      Accept-Patch:
      - application/sparql-update
      Accept-Post:
      - text/turtle,text/rdf+n3,text/n3,application/rdf+xml,application/n-triples,multipart/form-data,application/sparql-update
      Allow:
      - MOVE,COPY,DELETE,POST,HEAD,GET,PUT,PATCH,OPTIONS
      Content-Type:
      - text/tab-separated-values
      Content-Length:
      - '0'
    body:
      encoding: UTF-8
      string: ''
    http_version: 
  recorded_at: Fri, 19 Jun 2015 22:46:19 GMT
- request:
    method: post
    uri: http://localhost:8983/fedora/rest/anno/ldpwprotspec
    body:
      encoding: UTF-8
      string: |
        @prefix ldp: <http://www.w3.org/ns/ldp#> .
        @prefix oa: <http://www.w3.org/ns/oa#> .
        @prefix rdf: <http://www.w3.org/1999/02/22-rdf-syntax-ns#> .

        <> a oa:Annotation,
             ldp:BasicContainer .
    headers:
      User-Agent:
      - Faraday v0.9.1
      Prefer:
      - return=respresentation; omit="http://fedora.info/definitions/v4/repository#ServerManaged"
      Content-Type:
      - application/x-turtle
      Accept-Encoding:
      - gzip;q=1.0,deflate;q=0.6,identity;q=0.3
      Accept:
      - "*/*"
  response:
    status:
      code: 201
      message: Created
    headers:
      Etag:
      - '"2f7a731714e41af91f9d986b3d8a83c6c95ebced"'
      Last-Modified:
      - Fri, 19 Jun 2015 22:46:19 GMT
      Content-Length:
      - '100'
      Location:
      - http://localhost:8983/fedora/rest/anno/ldpwprotspec/12/b6/8d/65/12b68d65-b2be-43b0-b0e9-83fa27c70430
      Content-Type:
      - text/plain
    body:
      encoding: UTF-8
      string: http://localhost:8983/fedora/rest/anno/ldpwprotspec/12/b6/8d/65/12b68d65-b2be-43b0-b0e9-83fa27c70430
    http_version: 
  recorded_at: Fri, 19 Jun 2015 22:46:19 GMT
- request:
    method: post
    uri: http://localhost:8983/fedora/rest/anno/ldpwprotspec/12/b6/8d/65/12b68d65-b2be-43b0-b0e9-83fa27c70430
    body:
      encoding: UTF-8
      string: |
        @prefix ldp: <http://www.w3.org/ns/ldp#> .
        @prefix oa: <http://www.w3.org/ns/oa#> .
        @prefix rdf: <http://www.w3.org/1999/02/22-rdf-syntax-ns#> .

        <> a ldp:DirectContainer;
           ldp:hasMemberRelation oa:hasTarget;
           ldp:membershipResource <http://localhost:8983/fedora/rest/anno/ldpwprotspec/12/b6/8d/65/12b68d65-b2be-43b0-b0e9-83fa27c70430> .
    headers:
      User-Agent:
      - Faraday v0.9.1
      Prefer:
      - return=respresentation; omit="http://fedora.info/definitions/v4/repository#ServerManaged"
      Content-Type:
      - application/x-turtle
      Slug:
      - t
      Accept-Encoding:
      - gzip;q=1.0,deflate;q=0.6,identity;q=0.3
      Accept:
      - "*/*"
  response:
    status:
      code: 201
      message: Created
    headers:
      Etag:
      - '"f14e9ba2d8e0187ed159f738408ad3b7f9500e60"'
      Last-Modified:
      - Fri, 19 Jun 2015 22:46:19 GMT
      Content-Length:
      - '102'
      Location:
      - http://localhost:8983/fedora/rest/anno/ldpwprotspec/12/b6/8d/65/12b68d65-b2be-43b0-b0e9-83fa27c70430/t
      Content-Type:
      - text/plain
    body:
      encoding: UTF-8
      string: http://localhost:8983/fedora/rest/anno/ldpwprotspec/12/b6/8d/65/12b68d65-b2be-43b0-b0e9-83fa27c70430/t
    http_version: 
  recorded_at: Fri, 19 Jun 2015 22:46:19 GMT
- request:
    method: post
    uri: http://localhost:8983/fedora/rest/anno/ldpwprotspec/12/b6/8d/65/12b68d65-b2be-43b0-b0e9-83fa27c70430/t
    body:
      encoding: UTF-8
      string: |
        @prefix ldp: <http://www.w3.org/ns/ldp#> .
        @prefix oa: <http://www.w3.org/ns/oa#> .
        @prefix rdf: <http://www.w3.org/1999/02/22-rdf-syntax-ns#> .
        @prefix triannon: <http://triannon.stanford.edu/ns/> .
        @prefix xsd: <http://www.w3.org/2001/XMLSchema#> .

        <> a ldp:BasicContainer,
             oa:SpecificResource;
           oa:hasSelector [
             a oa:TextPositionSelector;
             oa:end "66"^^xsd:nonNegativeInteger;
             oa:start "0"^^xsd:nonNegativeInteger
           ];
           oa:hasSource <#source> .

        <#source> triannon:externalReference <http://purl.stanford.edu/kq131cs7229.html> .
    headers:
      User-Agent:
      - Faraday v0.9.1
      Prefer:
      - return=respresentation; omit="http://fedora.info/definitions/v4/repository#ServerManaged"
      Content-Type:
      - application/x-turtle
      Accept-Encoding:
      - gzip;q=1.0,deflate;q=0.6,identity;q=0.3
      Accept:
      - "*/*"
  response:
    status:
      code: 201
      message: Created
    headers:
      Etag:
      - '"5cd679ceef6bccac1e4d78f955c03af409b75130"'
      Last-Modified:
      - Fri, 19 Jun 2015 22:46:19 GMT
      Content-Length:
      - '151'
      Location:
      - http://localhost:8983/fedora/rest/anno/ldpwprotspec/12/b6/8d/65/12b68d65-b2be-43b0-b0e9-83fa27c70430/t/c3/3f/8f/ac/c33f8fac-7064-44ea-bb7b-bcee07044ad9
      Content-Type:
      - text/plain
    body:
      encoding: UTF-8
      string: http://localhost:8983/fedora/rest/anno/ldpwprotspec/12/b6/8d/65/12b68d65-b2be-43b0-b0e9-83fa27c70430/t/c3/3f/8f/ac/c33f8fac-7064-44ea-bb7b-bcee07044ad9
    http_version: 
  recorded_at: Fri, 19 Jun 2015 22:46:19 GMT
- request:
    method: get
    uri: http://localhost:8983/fedora/rest/anno/ldpwprotspec/12/b6/8d/65/12b68d65-b2be-43b0-b0e9-83fa27c70430/t/c3/3f/8f/ac/c33f8fac-7064-44ea-bb7b-bcee07044ad9
    body:
      encoding: US-ASCII
      string: ''
    headers:
      User-Agent:
      - Faraday v0.9.1
      Accept:
      - application/x-turtle
      Accept-Encoding:
      - gzip;q=1.0,deflate;q=0.6,identity;q=0.3
  response:
    status:
      code: 200
      message: OK
    headers:
      Etag:
      - '"5cd679ceef6bccac1e4d78f955c03af409b75130"'
      Last-Modified:
      - Fri, 19 Jun 2015 22:46:19 GMT
      Link:
      - <http://www.w3.org/ns/ldp#BasicContainer>;rel="type"
      - <http://www.w3.org/ns/ldp#Container>;rel="type"
      - <http://www.w3.org/ns/ldp#Resource>;rel="type"
      Accept-Patch:
      - application/sparql-update
      Accept-Post:
      - text/turtle,text/rdf+n3,text/n3,application/rdf+xml,application/n-triples,multipart/form-data,application/sparql-update
      Allow:
      - MOVE,COPY,DELETE,POST,HEAD,GET,PUT,PATCH,OPTIONS
      Preference-Applied:
      - return=representation
      Vary:
      - Accept, Range, Accept-Encoding, Accept-Language
      - Prefer
      Content-Length:
      - '5667'
      Content-Type:
      - application/x-turtle
    body:
      encoding: UTF-8
      string: "@prefix premis: <http://www.loc.gov/premis/rdf/v1#> .\n@prefix image:
        <http://www.modeshape.org/images/1.0> .\n@prefix sv: <http://www.jcp.org/jcr/sv/1.0>
        .\n@prefix test: <info:fedora/test/> .\n@prefix nt: <http://www.jcp.org/jcr/nt/1.0>
        .\n@prefix cnt: <http://www.w3.org/2011/content#> .\n@prefix dcmitype: <http://purl.org/dc/dcmitype/>
        .\n@prefix rdfs: <http://www.w3.org/2000/01/rdf-schema#> .\n@prefix xsi: <http://www.w3.org/2001/XMLSchema-instance>
        .\n@prefix mode: <http://www.modeshape.org/1.0> .\n@prefix dc11: <http://purl.org/dc/elements/1.1/>
        .\n@prefix oa: <http://www.w3.org/ns/oa#> .\n@prefix triannon: <http://triannon.stanford.edu/ns/>
        .\n@prefix rdf: <http://www.w3.org/1999/02/22-rdf-syntax-ns#> .\n@prefix fedora:
        <http://fedora.info/definitions/v4/repository#> .\n@prefix xml: <http://www.w3.org/XML/1998/namespace>
        .\n@prefix ldp: <http://www.w3.org/ns/ldp#> .\n@prefix xs: <http://www.w3.org/2001/XMLSchema>
        .\n@prefix fedoraconfig: <http://fedora.info/definitions/v4/config#> .\n@prefix
        mix: <http://www.jcp.org/jcr/mix/1.0> .\n@prefix foaf: <http://xmlns.com/foaf/0.1/>
        .\n@prefix dc: <http://purl.org/dc/terms/> .\n\n\n<http://localhost:8983/fedora/rest/anno/ldpwprotspec/12/b6/8d/65/12b68d65-b2be-43b0-b0e9-83fa27c70430/t/c3/3f/8f/ac/c33f8fac-7064-44ea-bb7b-bcee07044ad9>
        a ldp:RDFSource , ldp:Container , <http://www.jcp.org/jcr/nt/1.0folder> ,
        <http://www.jcp.org/jcr/nt/1.0hierarchyNode> , <http://www.jcp.org/jcr/nt/1.0base>
        , <http://www.jcp.org/jcr/mix/1.0created> , fedora:Container , oa:SpecificResource
        , fedora:Resource , ldp:BasicContainer , fedora:Resource , <http://www.jcp.org/jcr/mix/1.0created>
        , <http://www.jcp.org/jcr/mix/1.0lastModified> , <http://www.jcp.org/jcr/mix/1.0referenceable>
        , fedora:Container ;\n\tfedora:lastModifiedBy \"bypassAdmin\"^^<http://www.w3.org/2001/XMLSchema#string>
        ;\n\toa:hasSelector <http://localhost:8983/fedora/rest/.well-known/genid/9a/39/5a/2e/9a395a2e-86c6-46a6-9cf9-2e7e670dba09>
        ;\n\tfedora:uuid \"dc8d35d7-ee3d-457a-b3b4-5882fabec83b\"^^<http://www.w3.org/2001/XMLSchema#string>
        ;\n\tfedora:createdBy \"bypassAdmin\"^^<http://www.w3.org/2001/XMLSchema#string>
        ;\n\tfedora:primaryType \"nt:folder\"^^<http://www.w3.org/2001/XMLSchema#string>
        ;\n\tfedora:created \"2015-06-19T22:46:19.418Z\"^^<http://www.w3.org/2001/XMLSchema#dateTime>
        ;\n\tfedora:mixinTypes \"fedora:Container\"^^<http://www.w3.org/2001/XMLSchema#string>
        , \"oa:SpecificResource\"^^<http://www.w3.org/2001/XMLSchema#string> , \"fedora:Resource\"^^<http://www.w3.org/2001/XMLSchema#string>
        , \"ldp:BasicContainer\"^^<http://www.w3.org/2001/XMLSchema#string> ;\n\tfedora:lastModified
        \"2015-06-19T22:46:19.418Z\"^^<http://www.w3.org/2001/XMLSchema#dateTime>
        ;\n\toa:hasSource <http://localhost:8983/fedora/rest/anno/ldpwprotspec/12/b6/8d/65/12b68d65-b2be-43b0-b0e9-83fa27c70430/t/c3/3f/8f/ac/c33f8fac-7064-44ea-bb7b-bcee07044ad9#source>
        ;\n\tfedora:writable \"true\"^^<http://www.w3.org/2001/XMLSchema#boolean>
        ;\n\tfedora:hasParent <http://localhost:8983/fedora/rest/anno/ldpwprotspec/12/b6/8d/65/12b68d65-b2be-43b0-b0e9-83fa27c70430/t>
        .\n\n<http://localhost:8983/fedora/rest/anno/ldpwprotspec/12/b6/8d/65/12b68d65-b2be-43b0-b0e9-83fa27c70430/t/c3/3f/8f/ac/c33f8fac-7064-44ea-bb7b-bcee07044ad9#source>
        a <http://www.jcp.org/jcr/nt/1.0folder> , <http://www.jcp.org/jcr/nt/1.0hierarchyNode>
        , <http://www.jcp.org/jcr/nt/1.0base> , <http://www.jcp.org/jcr/mix/1.0created>
        , fedora:Resource , <http://www.jcp.org/jcr/mix/1.0created> , <http://www.jcp.org/jcr/mix/1.0lastModified>
        , <http://www.jcp.org/jcr/mix/1.0referenceable> ;\n\tfedora:lastModifiedBy
        \"bypassAdmin\"^^<http://www.w3.org/2001/XMLSchema#string> ;\n\tfedora:uuid
        \"ff1034fb-54ad-4549-a91e-295417c04409\"^^<http://www.w3.org/2001/XMLSchema#string>
        ;\n\tfedora:createdBy \"bypassAdmin\"^^<http://www.w3.org/2001/XMLSchema#string>
        ;\n\tfedora:primaryType \"nt:folder\"^^<http://www.w3.org/2001/XMLSchema#string>
        ;\n\tfedora:created \"2015-06-19T22:46:19.418Z\"^^<http://www.w3.org/2001/XMLSchema#dateTime>
        ;\n\ttriannon:externalReference <http://purl.stanford.edu/kq131cs7229.html>
        ;\n\tfedora:mixinTypes \"fedora:Resource\"^^<http://www.w3.org/2001/XMLSchema#string>
        ;\n\tfedora:lastModified \"2015-06-19T22:46:19.418Z\"^^<http://www.w3.org/2001/XMLSchema#dateTime>
        .\n\n<http://localhost:8983/fedora/rest/.well-known/genid/9a/39/5a/2e/9a395a2e-86c6-46a6-9cf9-2e7e670dba09>
        a <http://www.jcp.org/jcr/nt/1.0unstructured> , <http://www.jcp.org/jcr/nt/1.0base>
        , fedora:Blanknode , oa:TextPositionSelector , <http://www.jcp.org/jcr/mix/1.0referenceable>
        ;\n\tfedora:uuid \"91db105b-34c2-408c-b189-991ddcc6a392\"^^<http://www.w3.org/2001/XMLSchema#string>
        ;\n\tfedora:primaryType \"nt:unstructured\"^^<http://www.w3.org/2001/XMLSchema#string>
        ;\n\tfedora:mixinTypes \"fedora:Blanknode\"^^<http://www.w3.org/2001/XMLSchema#string>
        , \"oa:TextPositionSelector\"^^<http://www.w3.org/2001/XMLSchema#string> ;\n\toa:end
        \"66\"^^<http://www.w3.org/2001/XMLSchema#nonNegativeInteger> ;\n\toa:start
        \"0\"^^<http://www.w3.org/2001/XMLSchema#nonNegativeInteger> .\n\n<http://localhost:8983/fedora/rest/anno/ldpwprotspec/12/b6/8d/65/12b68d65-b2be-43b0-b0e9-83fa27c70430/t/c3/3f/8f/ac/c33f8fac-7064-44ea-bb7b-bcee07044ad9>
        fedora:exportsAs <http://localhost:8983/fedora/rest/anno/ldpwprotspec/12/b6/8d/65/12b68d65-b2be-43b0-b0e9-83fa27c70430/t/c3/3f/8f/ac/c33f8fac-7064-44ea-bb7b-bcee07044ad9/fcr:export?format=jcr/xml>
        .\n\n<http://localhost:8983/fedora/rest/anno/ldpwprotspec/12/b6/8d/65/12b68d65-b2be-43b0-b0e9-83fa27c70430/t/c3/3f/8f/ac/c33f8fac-7064-44ea-bb7b-bcee07044ad9/fcr:export?format=jcr/xml>
        dc11:format <http://fedora.info/definitions/v4/repository#jcr/xml> .\n\n<http://fedora.info/definitions/v4/repository#jcr/xml>
        rdfs:label \"jcr/xml\"^^<http://www.w3.org/2001/XMLSchema#string> .\n"
    http_version: 
  recorded_at: Fri, 19 Jun 2015 22:46:19 GMT
- request:
    method: get
    uri: http://localhost:8983/fedora/rest/.well-known/genid/9a/39/5a/2e/9a395a2e-86c6-46a6-9cf9-2e7e670dba09
    body:
      encoding: US-ASCII
      string: ''
    headers:
      User-Agent:
      - Faraday v0.9.1
      Accept:
      - application/x-turtle
      Accept-Encoding:
      - gzip;q=1.0,deflate;q=0.6,identity;q=0.3
  response:
    status:
      code: 200
      message: OK
    headers:
      Link:
      - <http://www.w3.org/ns/ldp#BasicContainer>;rel="type"
      - <http://www.w3.org/ns/ldp#Container>;rel="type"
      - <http://www.w3.org/ns/ldp#Resource>;rel="type"
      Accept-Patch:
      - application/sparql-update
      Accept-Post:
      - text/turtle,text/rdf+n3,text/n3,application/rdf+xml,application/n-triples,multipart/form-data,application/sparql-update
      Allow:
      - MOVE,COPY,DELETE,POST,HEAD,GET,PUT,PATCH,OPTIONS
      Preference-Applied:
      - return=representation
      Vary:
      - Accept, Range, Accept-Encoding, Accept-Language
      - Prefer
      Content-Length:
      - '2651'
      Content-Type:
      - application/x-turtle
    body:
      encoding: UTF-8
      string: "@prefix premis: <http://www.loc.gov/premis/rdf/v1#> .\n@prefix image:
        <http://www.modeshape.org/images/1.0> .\n@prefix sv: <http://www.jcp.org/jcr/sv/1.0>
        .\n@prefix test: <info:fedora/test/> .\n@prefix nt: <http://www.jcp.org/jcr/nt/1.0>
        .\n@prefix cnt: <http://www.w3.org/2011/content#> .\n@prefix dcmitype: <http://purl.org/dc/dcmitype/>
        .\n@prefix rdfs: <http://www.w3.org/2000/01/rdf-schema#> .\n@prefix xsi: <http://www.w3.org/2001/XMLSchema-instance>
        .\n@prefix mode: <http://www.modeshape.org/1.0> .\n@prefix dc11: <http://purl.org/dc/elements/1.1/>
        .\n@prefix oa: <http://www.w3.org/ns/oa#> .\n@prefix triannon: <http://triannon.stanford.edu/ns/>
        .\n@prefix rdf: <http://www.w3.org/1999/02/22-rdf-syntax-ns#> .\n@prefix fedora:
        <http://fedora.info/definitions/v4/repository#> .\n@prefix xml: <http://www.w3.org/XML/1998/namespace>
        .\n@prefix ldp: <http://www.w3.org/ns/ldp#> .\n@prefix xs: <http://www.w3.org/2001/XMLSchema>
        .\n@prefix fedoraconfig: <http://fedora.info/definitions/v4/config#> .\n@prefix
        mix: <http://www.jcp.org/jcr/mix/1.0> .\n@prefix foaf: <http://xmlns.com/foaf/0.1/>
        .\n@prefix dc: <http://purl.org/dc/terms/> .\n\n\n<http://localhost:8983/fedora/rest/.well-known/genid/9a/39/5a/2e/9a395a2e-86c6-46a6-9cf9-2e7e670dba09>
        a ldp:RDFSource , ldp:Container , ldp:BasicContainer , <http://www.jcp.org/jcr/nt/1.0unstructured>
        , <http://www.jcp.org/jcr/nt/1.0base> , fedora:Blanknode , oa:TextPositionSelector
        , <http://www.jcp.org/jcr/mix/1.0referenceable> ;\n\tfedora:uuid \"91db105b-34c2-408c-b189-991ddcc6a392\"^^<http://www.w3.org/2001/XMLSchema#string>
        ;\n\tfedora:primaryType \"nt:unstructured\"^^<http://www.w3.org/2001/XMLSchema#string>
        ;\n\tfedora:mixinTypes \"fedora:Blanknode\"^^<http://www.w3.org/2001/XMLSchema#string>
        , \"oa:TextPositionSelector\"^^<http://www.w3.org/2001/XMLSchema#string> ;\n\toa:end
        \"66\"^^<http://www.w3.org/2001/XMLSchema#nonNegativeInteger> ;\n\toa:start
        \"0\"^^<http://www.w3.org/2001/XMLSchema#nonNegativeInteger> ;\n\tfedora:writable
        \"true\"^^<http://www.w3.org/2001/XMLSchema#boolean> ;\n\tfedora:hasParent
        <http://localhost:8983/fedora/rest/.well-known/genid> .\n\n<http://localhost:8983/fedora/rest/.well-known/genid/9a/39/5a/2e/9a395a2e-86c6-46a6-9cf9-2e7e670dba09/fcr:export?format=jcr/xml>
        dc11:format <http://fedora.info/definitions/v4/repository#jcr/xml> .\n\n<http://localhost:8983/fedora/rest/.well-known/genid/9a/39/5a/2e/9a395a2e-86c6-46a6-9cf9-2e7e670dba09>
        fedora:exportsAs <http://localhost:8983/fedora/rest/.well-known/genid/9a/39/5a/2e/9a395a2e-86c6-46a6-9cf9-2e7e670dba09/fcr:export?format=jcr/xml>
        .\n\n<http://fedora.info/definitions/v4/repository#jcr/xml> rdfs:label \"jcr/xml\"^^<http://www.w3.org/2001/XMLSchema#string>
        .\n"
    http_version: 
  recorded_at: Fri, 19 Jun 2015 22:46:19 GMT
recorded_with: VCR 2.9.3
