---
http_interactions:
- request:
    method: post
    uri: http://localhost:8983/fedora/rest/anno
    body:
      encoding: UTF-8
      string: |
        @prefix openannotation: <http://www.w3.org/ns/oa#> .
        @prefix rdf: <http://www.w3.org/1999/02/22-rdf-syntax-ns#> .

        <> a openannotation:Annotation .
    headers:
      User-Agent:
      - Faraday v0.9.0
      Content-Type:
      - application/x-turtle
      Accept-Encoding:
      - gzip;q=1.0,deflate;q=0.6,identity;q=0.3
      Accept:
      - "*/*"
  response:
    status:
      code: 201
      message: Created
    headers:
      Etag:
      - '"1ff165122d0587e99e4d02e42ffda5e0a516ce69"'
      Last-Modified:
      - Thu, 08 Jan 2015 00:08:58 GMT
      Content-Length:
      - '75'
      Location:
      - http://localhost:8983/fedora/rest/anno/e81c950f-5918-4564-b3cd-e5824a7ba175
      Content-Type:
      - text/plain
    body:
      encoding: UTF-8
      string: http://localhost:8983/fedora/rest/anno/e81c950f-5918-4564-b3cd-e5824a7ba175
    http_version: 
  recorded_at: Thu, 08 Jan 2015 00:08:58 GMT
- request:
    method: post
    uri: http://localhost:8983/fedora/rest/anno/e81c950f-5918-4564-b3cd-e5824a7ba175
    body:
      encoding: UTF-8
      string: |
        @prefix ldp: <http://www.w3.org/ns/ldp#> .
        @prefix openannotation: <http://www.w3.org/ns/oa#> .
        @prefix rdf: <http://www.w3.org/1999/02/22-rdf-syntax-ns#> .

        <> a ldp:DirectContainer;
           ldp:hasMemberRelation openannotation:hasTarget;
           ldp:membershipResource <http://localhost:8983/fedora/rest/anno/e81c950f-5918-4564-b3cd-e5824a7ba175> .
    headers:
      User-Agent:
      - Faraday v0.9.0
      Content-Type:
      - application/x-turtle
      Slug:
      - t
      Accept-Encoding:
      - gzip;q=1.0,deflate;q=0.6,identity;q=0.3
      Accept:
      - "*/*"
  response:
    status:
      code: 201
      message: Created
    headers:
      Etag:
      - '"b8c34ea4be72f37b3447071dfc893c7f4784a778"'
      Last-Modified:
      - Thu, 08 Jan 2015 00:08:58 GMT
      Content-Length:
      - '77'
      Location:
      - http://localhost:8983/fedora/rest/anno/e81c950f-5918-4564-b3cd-e5824a7ba175/t
      Content-Type:
      - text/plain
    body:
      encoding: UTF-8
      string: http://localhost:8983/fedora/rest/anno/e81c950f-5918-4564-b3cd-e5824a7ba175/t
    http_version: 
  recorded_at: Thu, 08 Jan 2015 00:08:58 GMT
- request:
    method: post
    uri: http://localhost:8983/fedora/rest/anno/e81c950f-5918-4564-b3cd-e5824a7ba175/t
    body:
      encoding: UTF-8
      string: |
        @prefix triannon: <http://triannon.stanford.edu/ns/> .

        <> triannon:externalReference <http://purl.stanford.edu/kq131cs7229> .
    headers:
      User-Agent:
      - Faraday v0.9.0
      Content-Type:
      - application/x-turtle
      Accept-Encoding:
      - gzip;q=1.0,deflate;q=0.6,identity;q=0.3
      Accept:
      - "*/*"
  response:
    status:
      code: 201
      message: Created
    headers:
      Etag:
      - '"43117226f133b437d9f7b78aebdab8e20ec30ecf"'
      Last-Modified:
      - Thu, 08 Jan 2015 00:08:58 GMT
      Content-Length:
      - '114'
      Location:
      - http://localhost:8983/fedora/rest/anno/e81c950f-5918-4564-b3cd-e5824a7ba175/t/c99882c6-9886-4c29-8fa2-24fcf5bed6d0
      Content-Type:
      - text/plain
    body:
      encoding: UTF-8
      string: http://localhost:8983/fedora/rest/anno/e81c950f-5918-4564-b3cd-e5824a7ba175/t/c99882c6-9886-4c29-8fa2-24fcf5bed6d0
    http_version: 
  recorded_at: Thu, 08 Jan 2015 00:08:58 GMT
recorded_with: VCR 2.9.3
