---
http_interactions:
- request:
    method: post
    uri: http://localhost:8983/fedora/rest/anno
    body:
      encoding: UTF-8
      string: |
        @prefix ldp: <http://www.w3.org/ns/ldp#> .
        @prefix openannotation: <http://www.w3.org/ns/oa#> .
        @prefix rdf: <http://www.w3.org/1999/02/22-rdf-syntax-ns#> .

        <> a ldp:DirectContainer;
           ldp:hasMemberRelation openannotation:hasBody;
           ldp:membershipResource <http://localhost:8983/fedora/rest/anno/> .
    headers:
      User-Agent:
      - Faraday v0.9.0
      Content-Type:
      - application/x-turtle
      Slug:
      - b
      Accept-Encoding:
      - gzip;q=1.0,deflate;q=0.6,identity;q=0.3
      Accept:
      - "*/*"
  response:
    status:
      code: 201
      message: Created
    headers:
      Etag:
      - "\"3f63a57f7ff5046ab0725a55686732c999ca859d\""
      Last-Modified:
      - Fri, 24 Oct 2014 23:12:42 GMT
      Content-Length:
      - '75'
      Location:
      - http://localhost:8983/fedora/rest/anno/c5434529-5cb3-4091-8274-470cfca8a0ba
      Content-Type:
      - text/plain
    body:
      encoding: UTF-8
      string: http://localhost:8983/fedora/rest/anno/c5434529-5cb3-4091-8274-470cfca8a0ba
    http_version: 
  recorded_at: Fri, 24 Oct 2014 23:12:42 GMT
- request:
    method: post
    uri: http://localhost:8983/b
    body:
      encoding: UTF-8
      string: |
        @prefix content: <http://www.w3.org/2011/content#> .
        @prefix dcmitype: <http://purl.org/dc/dcmitype/> .
        @prefix rdf: <http://www.w3.org/1999/02/22-rdf-syntax-ns#> .
        @prefix xsd: <http://www.w3.org/2001/XMLSchema#> .

        <> a content:ContentAsText,
             dcmitype:Text;
           content:chars "I love this!" .
    headers:
      User-Agent:
      - Faraday v0.9.0
      Content-Type:
      - application/x-turtle
      Accept-Encoding:
      - gzip;q=1.0,deflate;q=0.6,identity;q=0.3
      Accept:
      - "*/*"
  response:
    status:
      code: 404
      message: Not Found
    headers:
      Content-Type:
      - text/html;charset=ISO-8859-1
      Cache-Control:
      - must-revalidate,no-cache,no-store
      Content-Length:
      - '1366'
    body:
      encoding: UTF-8
      string: "<html>\n<head>\n<meta http-equiv=\"Content-Type\" content=\"text/html;
        charset=ISO-8859-1\"/>\n<title>Error 404 Not Found</title>\n</head>\n<body><h2>HTTP
        ERROR 404</h2>\n<p>Problem accessing /b. Reason:\n<pre>    Not Found</pre></p><hr
        /><i><small>Powered by Jetty://</small></i><br/>                                                \n<br/>
        \                                               \n<br/>                                                \n<br/>
        \                                               \n<br/>                                                \n<br/>
        \                                               \n<br/>                                                \n<br/>
        \                                               \n<br/>                                                \n<br/>
        \                                               \n<br/>                                                \n<br/>
        \                                               \n<br/>                                                \n<br/>
        \                                               \n<br/>                                                \n<br/>
        \                                               \n<br/>                                                \n<br/>
        \                                               \n<br/>                                                \n<br/>
        \                                               \n\n</body>\n</html>\n"
    http_version: 
  recorded_at: Fri, 24 Oct 2014 23:12:42 GMT
- request:
    method: post
    uri: http://localhost:8983/fedora/rest/anno
    body:
      encoding: UTF-8
      string: |
        @prefix ldp: <http://www.w3.org/ns/ldp#> .
        @prefix openannotation: <http://www.w3.org/ns/oa#> .
        @prefix rdf: <http://www.w3.org/1999/02/22-rdf-syntax-ns#> .

        <> a ldp:DirectContainer;
           ldp:hasMemberRelation openannotation:hasTarget;
           ldp:membershipResource <http://localhost:8983/fedora/rest/anno/> .
    headers:
      User-Agent:
      - Faraday v0.9.0
      Content-Type:
      - application/x-turtle
      Slug:
      - t
      Accept-Encoding:
      - gzip;q=1.0,deflate;q=0.6,identity;q=0.3
      Accept:
      - "*/*"
  response:
    status:
      code: 201
      message: Created
    headers:
      Etag:
      - "\"e597bdad92ccd8ca2ba9386e4f6242d49cb52112\""
      Last-Modified:
      - Fri, 24 Oct 2014 23:12:42 GMT
      Content-Length:
      - '75'
      Location:
      - http://localhost:8983/fedora/rest/anno/0c6016d6-8159-4268-9a66-02c973c1e28b
      Content-Type:
      - text/plain
    body:
      encoding: UTF-8
      string: http://localhost:8983/fedora/rest/anno/0c6016d6-8159-4268-9a66-02c973c1e28b
    http_version: 
  recorded_at: Fri, 24 Oct 2014 23:12:42 GMT
- request:
    method: post
    uri: http://localhost:8983/t
    body:
      encoding: UTF-8
      string: |
        @prefix triannon: <http://triannon.stanford.edu/ns/> .

        <> triannon:externalReference <http://purl.stanford.edu/kq131cs7229> .
    headers:
      User-Agent:
      - Faraday v0.9.0
      Content-Type:
      - application/x-turtle
      Accept-Encoding:
      - gzip;q=1.0,deflate;q=0.6,identity;q=0.3
      Accept:
      - "*/*"
  response:
    status:
      code: 404
      message: Not Found
    headers:
      Content-Type:
      - text/html;charset=ISO-8859-1
      Cache-Control:
      - must-revalidate,no-cache,no-store
      Content-Length:
      - '1366'
    body:
      encoding: UTF-8
      string: "<html>\n<head>\n<meta http-equiv=\"Content-Type\" content=\"text/html;
        charset=ISO-8859-1\"/>\n<title>Error 404 Not Found</title>\n</head>\n<body><h2>HTTP
        ERROR 404</h2>\n<p>Problem accessing /t. Reason:\n<pre>    Not Found</pre></p><hr
        /><i><small>Powered by Jetty://</small></i><br/>                                                \n<br/>
        \                                               \n<br/>                                                \n<br/>
        \                                               \n<br/>                                                \n<br/>
        \                                               \n<br/>                                                \n<br/>
        \                                               \n<br/>                                                \n<br/>
        \                                               \n<br/>                                                \n<br/>
        \                                               \n<br/>                                                \n<br/>
        \                                               \n<br/>                                                \n<br/>
        \                                               \n<br/>                                                \n<br/>
        \                                               \n<br/>                                                \n<br/>
        \                                               \n\n</body>\n</html>\n"
    http_version: 
  recorded_at: Fri, 24 Oct 2014 23:12:42 GMT
recorded_with: VCR 2.9.3
