---
http_interactions:
- request:
    method: head
    uri: http://localhost:8983/fedora/rest/anno/ldpwclassspec/stdout-test
    body:
      encoding: US-ASCII
      string: ''
    headers:
      User-Agent:
      - Faraday v0.9.1
      Accept:
      - "*/*"
  response:
    status:
      code: 404
      message: Not Found
    headers:
      Content-Type:
      - text/html;charset=ISO-8859-1
      Cache-Control:
      - must-revalidate,no-cache,no-store
      Content-Length:
      - '1407'
    body:
      encoding: UTF-8
      string: ''
    http_version: 
  recorded_at: Wed, 03 Jun 2015 21:33:24 GMT
- request:
    method: post
    uri: http://localhost:8983/fedora/rest/anno/ldpwclassspec
    body:
      encoding: UTF-8
      string: |
        @prefix ldp: <http://www.w3.org/ns/ldp#> .
        @prefix rdf: <http://www.w3.org/1999/02/22-rdf-syntax-ns#> .

        <> a ldp:BasicContainer .
    headers:
      User-Agent:
      - Faraday v0.9.1
      Content-Type:
      - text/turtle
      Slug:
      - stdout-test
      Accept-Encoding:
      - gzip;q=1.0,deflate;q=0.6,identity;q=0.3
      Accept:
      - "*/*"
  response:
    status:
      code: 201
      message: Created
    headers:
      Etag:
      - '"13198d24fc4254fb136e751f0962212e35986138"'
      Last-Modified:
      - Wed, 03 Jun 2015 21:33:24 GMT
      Content-Length:
      - '64'
      Location:
      - http://localhost:8983/fedora/rest/anno/ldpwclassspec/stdout-test
      Content-Type:
      - text/plain
    body:
      encoding: UTF-8
      string: http://localhost:8983/fedora/rest/anno/ldpwclassspec/stdout-test
    http_version: 
  recorded_at: Wed, 03 Jun 2015 21:33:24 GMT
- request:
    method: get
    uri: http://localhost:8983/fedora/rest/anno/stdout-test
    body:
      encoding: US-ASCII
      string: ''
    headers:
      User-Agent:
      - Faraday v0.9.1
      Accept:
      - application/x-turtle
      Accept-Encoding:
      - gzip;q=1.0,deflate;q=0.6,identity;q=0.3
  response:
    status:
      code: 404
      message: Not Found
    headers:
      Content-Type:
      - text/html;charset=ISO-8859-1
      Cache-Control:
      - must-revalidate,no-cache,no-store
      Content-Length:
      - '1393'
    body:
      encoding: UTF-8
      string: "<html>\n<head>\n<meta http-equiv=\"Content-Type\" content=\"text/html;
        charset=ISO-8859-1\"/>\n<title>Error 404 Not Found</title>\n</head>\n<body><h2>HTTP
        ERROR 404</h2>\n<p>Problem accessing /fedora/rest/anno/stdout-test. Reason:\n<pre>
        \   Not Found</pre></p><hr /><i><small>Powered by Jetty://</small></i><br/>
        \                                               \n<br/>                                                \n<br/>
        \                                               \n<br/>                                                \n<br/>
        \                                               \n<br/>                                                \n<br/>
        \                                               \n<br/>                                                \n<br/>
        \                                               \n<br/>                                                \n<br/>
        \                                               \n<br/>                                                \n<br/>
        \                                               \n<br/>                                                \n<br/>
        \                                               \n<br/>                                                \n<br/>
        \                                               \n<br/>                                                \n<br/>
        \                                               \n<br/>                                                \n\n</body>\n</html>\n"
    http_version: 
  recorded_at: Wed, 03 Jun 2015 21:33:25 GMT
recorded_with: VCR 2.9.3
