---
http_interactions:
- request:
    method: post
    uri: http://localhost:8983/fedora/rest/anno
    body:
      encoding: UTF-8
      string: |
        @prefix ldp: <http://www.w3.org/ns/ldp#> .
        @prefix oa: <http://www.w3.org/ns/oa#> .
        @prefix rdf: <http://www.w3.org/1999/02/22-rdf-syntax-ns#> .

        <> a oa:Annotation,
             ldp:BasicContainer;
           oa:motivatedBy oa:commenting .
    headers:
      User-Agent:
      - Faraday v0.9.1
      Prefer:
      - return=respresentation; omit="http://fedora.info/definitions/v4/repository#ServerManaged"
      Content-Type:
      - application/x-turtle
      Accept-Encoding:
      - gzip;q=1.0,deflate;q=0.6,identity;q=0.3
      Accept:
      - "*/*"
  response:
    status:
      code: 201
      message: Created
    headers:
      Etag:
      - '"247736387ab120d7211d767316b258892d0cd87f"'
      Last-Modified:
      - Wed, 10 Jun 2015 18:05:23 GMT
      Content-Length:
      - '87'
      Location:
      - http://localhost:8983/fedora/rest/anno/bc/59/db/2a/bc59db2a-3d30-4e25-82b7-2780594988e6
      Content-Type:
      - text/plain
    body:
      encoding: UTF-8
      string: http://localhost:8983/fedora/rest/anno/bc/59/db/2a/bc59db2a-3d30-4e25-82b7-2780594988e6
    http_version: 
  recorded_at: Wed, 10 Jun 2015 18:05:23 GMT
- request:
    method: post
    uri: http://localhost:8983/fedora/rest/anno/bc/59/db/2a/bc59db2a-3d30-4e25-82b7-2780594988e6
    body:
      encoding: UTF-8
      string: |
        @prefix ldp: <http://www.w3.org/ns/ldp#> .
        @prefix oa: <http://www.w3.org/ns/oa#> .
        @prefix rdf: <http://www.w3.org/1999/02/22-rdf-syntax-ns#> .

        <> a ldp:DirectContainer;
           ldp:hasMemberRelation oa:hasBody;
           ldp:membershipResource <http://localhost:8983/fedora/rest/anno/bc/59/db/2a/bc59db2a-3d30-4e25-82b7-2780594988e6> .
    headers:
      User-Agent:
      - Faraday v0.9.1
      Prefer:
      - return=respresentation; omit="http://fedora.info/definitions/v4/repository#ServerManaged"
      Content-Type:
      - application/x-turtle
      Slug:
      - b
      Accept-Encoding:
      - gzip;q=1.0,deflate;q=0.6,identity;q=0.3
      Accept:
      - "*/*"
  response:
    status:
      code: 201
      message: Created
    headers:
      Etag:
      - '"3c632e4eb582522e0a01d0c1e710e379530894ff"'
      Last-Modified:
      - Wed, 10 Jun 2015 18:05:23 GMT
      Content-Length:
      - '89'
      Location:
      - http://localhost:8983/fedora/rest/anno/bc/59/db/2a/bc59db2a-3d30-4e25-82b7-2780594988e6/b
      Content-Type:
      - text/plain
    body:
      encoding: UTF-8
      string: http://localhost:8983/fedora/rest/anno/bc/59/db/2a/bc59db2a-3d30-4e25-82b7-2780594988e6/b
    http_version: 
  recorded_at: Wed, 10 Jun 2015 18:05:23 GMT
- request:
    method: post
    uri: http://localhost:8983/fedora/rest/anno/bc/59/db/2a/bc59db2a-3d30-4e25-82b7-2780594988e6/b
    body:
      encoding: UTF-8
      string: |
        @prefix cnt: <http://www.w3.org/2011/content#> .
        @prefix dcmitype: <http://purl.org/dc/dcmitype/> .
        @prefix ldp: <http://www.w3.org/ns/ldp#> .
        @prefix rdf: <http://www.w3.org/1999/02/22-rdf-syntax-ns#> .
        @prefix xsd: <http://www.w3.org/2001/XMLSchema#> .

        <> a ldp:BasicContainer,
             cnt:ContentAsText,
             dcmitype:Text;
           cnt:chars "I love this!" .
    headers:
      User-Agent:
      - Faraday v0.9.1
      Prefer:
      - return=respresentation; omit="http://fedora.info/definitions/v4/repository#ServerManaged"
      Content-Type:
      - application/x-turtle
      Accept-Encoding:
      - gzip;q=1.0,deflate;q=0.6,identity;q=0.3
      Accept:
      - "*/*"
  response:
    status:
      code: 201
      message: Created
    headers:
      Etag:
      - '"37d58b53df61bbbf8a76d1601d7579c87423cef6"'
      Last-Modified:
      - Wed, 10 Jun 2015 18:05:23 GMT
      Content-Length:
      - '138'
      Location:
      - http://localhost:8983/fedora/rest/anno/bc/59/db/2a/bc59db2a-3d30-4e25-82b7-2780594988e6/b/f3/f6/75/00/f3f67500-a6ab-4d38-839f-c3001b00601e
      Content-Type:
      - text/plain
    body:
      encoding: UTF-8
      string: http://localhost:8983/fedora/rest/anno/bc/59/db/2a/bc59db2a-3d30-4e25-82b7-2780594988e6/b/f3/f6/75/00/f3f67500-a6ab-4d38-839f-c3001b00601e
    http_version: 
  recorded_at: Wed, 10 Jun 2015 18:05:23 GMT
- request:
    method: post
    uri: http://localhost:8983/fedora/rest/anno/bc/59/db/2a/bc59db2a-3d30-4e25-82b7-2780594988e6
    body:
      encoding: UTF-8
      string: |
        @prefix ldp: <http://www.w3.org/ns/ldp#> .
        @prefix oa: <http://www.w3.org/ns/oa#> .
        @prefix rdf: <http://www.w3.org/1999/02/22-rdf-syntax-ns#> .

        <> a ldp:DirectContainer;
           ldp:hasMemberRelation oa:hasTarget;
           ldp:membershipResource <http://localhost:8983/fedora/rest/anno/bc/59/db/2a/bc59db2a-3d30-4e25-82b7-2780594988e6> .
    headers:
      User-Agent:
      - Faraday v0.9.1
      Prefer:
      - return=respresentation; omit="http://fedora.info/definitions/v4/repository#ServerManaged"
      Content-Type:
      - application/x-turtle
      Slug:
      - t
      Accept-Encoding:
      - gzip;q=1.0,deflate;q=0.6,identity;q=0.3
      Accept:
      - "*/*"
  response:
    status:
      code: 201
      message: Created
    headers:
      Etag:
      - '"275bc386c96e6c27c0f098c31d02b92ece62ceef"'
      Last-Modified:
      - Wed, 10 Jun 2015 18:05:23 GMT
      Content-Length:
      - '89'
      Location:
      - http://localhost:8983/fedora/rest/anno/bc/59/db/2a/bc59db2a-3d30-4e25-82b7-2780594988e6/t
      Content-Type:
      - text/plain
    body:
      encoding: UTF-8
      string: http://localhost:8983/fedora/rest/anno/bc/59/db/2a/bc59db2a-3d30-4e25-82b7-2780594988e6/t
    http_version: 
  recorded_at: Wed, 10 Jun 2015 18:05:23 GMT
- request:
    method: post
    uri: http://localhost:8983/fedora/rest/anno/bc/59/db/2a/bc59db2a-3d30-4e25-82b7-2780594988e6/t
    body:
      encoding: UTF-8
      string: |
        @prefix ldp: <http://www.w3.org/ns/ldp#> .
        @prefix rdf: <http://www.w3.org/1999/02/22-rdf-syntax-ns#> .
        @prefix triannon: <http://triannon.stanford.edu/ns/> .

        <> a ldp:BasicContainer;
           triannon:externalReference <http://purl.stanford.edu/kq131cs7229> .
    headers:
      User-Agent:
      - Faraday v0.9.1
      Prefer:
      - return=respresentation; omit="http://fedora.info/definitions/v4/repository#ServerManaged"
      Content-Type:
      - application/x-turtle
      Accept-Encoding:
      - gzip;q=1.0,deflate;q=0.6,identity;q=0.3
      Accept:
      - "*/*"
  response:
    status:
      code: 201
      message: Created
    headers:
      Etag:
      - '"8253e58e28d8c06446bad37555c8bd1f7835f487"'
      Last-Modified:
      - Wed, 10 Jun 2015 18:05:23 GMT
      Content-Length:
      - '138'
      Location:
      - http://localhost:8983/fedora/rest/anno/bc/59/db/2a/bc59db2a-3d30-4e25-82b7-2780594988e6/t/9a/c2/44/3a/9ac2443a-c330-4ec9-93ab-a68671f25817
      Content-Type:
      - text/plain
    body:
      encoding: UTF-8
      string: http://localhost:8983/fedora/rest/anno/bc/59/db/2a/bc59db2a-3d30-4e25-82b7-2780594988e6/t/9a/c2/44/3a/9ac2443a-c330-4ec9-93ab-a68671f25817
    http_version: 
  recorded_at: Wed, 10 Jun 2015 18:05:23 GMT
- request:
    method: get
    uri: http://localhost:8983/fedora/rest/anno/bc/59/db/2a/bc59db2a-3d30-4e25-82b7-2780594988e6
    body:
      encoding: US-ASCII
      string: ''
    headers:
      User-Agent:
      - Faraday v0.9.1
      Prefer:
      - return=respresentation; omit="http://fedora.info/definitions/v4/repository#ServerManaged"
      Accept:
      - application/x-turtle
      Accept-Encoding:
      - gzip;q=1.0,deflate;q=0.6,identity;q=0.3
  response:
    status:
      code: 200
      message: OK
    headers:
      Etag:
      - '"13704d95b263d4c17363bfb28e9ed05b90d76571"'
      Last-Modified:
      - Wed, 10 Jun 2015 18:05:23 GMT
      Link:
      - <http://www.w3.org/ns/ldp#BasicContainer>;rel="type"
      - <http://www.w3.org/ns/ldp#Container>;rel="type"
      - <http://www.w3.org/ns/ldp#Resource>;rel="type"
      Accept-Patch:
      - application/sparql-update
      Accept-Post:
      - text/turtle,text/rdf+n3,text/n3,application/rdf+xml,application/n-triples,multipart/form-data,application/sparql-update
      Allow:
      - MOVE,COPY,DELETE,POST,HEAD,GET,PUT,PATCH,OPTIONS
      Preference-Applied:
      - return=representation
      Vary:
      - Accept, Range, Accept-Encoding, Accept-Language
      - Prefer
      Content-Length:
      - '1755'
      Content-Type:
      - application/x-turtle
    body:
      encoding: UTF-8
      string: "@prefix premis: <http://www.loc.gov/premis/rdf/v1#> .\n@prefix image:
        <http://www.modeshape.org/images/1.0> .\n@prefix sv: <http://www.jcp.org/jcr/sv/1.0>
        .\n@prefix test: <info:fedora/test/> .\n@prefix nt: <http://www.jcp.org/jcr/nt/1.0>
        .\n@prefix cnt: <http://www.w3.org/2011/content#> .\n@prefix dcmitype: <http://purl.org/dc/dcmitype/>
        .\n@prefix rdfs: <http://www.w3.org/2000/01/rdf-schema#> .\n@prefix xsi: <http://www.w3.org/2001/XMLSchema-instance>
        .\n@prefix mode: <http://www.modeshape.org/1.0> .\n@prefix oa: <http://www.w3.org/ns/oa#>
        .\n@prefix triannon: <http://triannon.stanford.edu/ns/> .\n@prefix rdf: <http://www.w3.org/1999/02/22-rdf-syntax-ns#>
        .\n@prefix fedora: <http://fedora.info/definitions/v4/repository#> .\n@prefix
        xml: <http://www.w3.org/XML/1998/namespace> .\n@prefix ldp: <http://www.w3.org/ns/ldp#>
        .\n@prefix xs: <http://www.w3.org/2001/XMLSchema> .\n@prefix fedoraconfig:
        <http://fedora.info/definitions/v4/config#> .\n@prefix mix: <http://www.jcp.org/jcr/mix/1.0>
        .\n@prefix foaf: <http://xmlns.com/foaf/0.1/> .\n@prefix dc: <http://purl.org/dc/elements/1.1/>
        .\n\n\n<http://localhost:8983/fedora/rest/anno/bc/59/db/2a/bc59db2a-3d30-4e25-82b7-2780594988e6>
        a oa:Annotation , ldp:BasicContainer ;\n\toa:motivatedBy oa:commenting ;\n\tldp:contains
        <http://localhost:8983/fedora/rest/anno/bc/59/db/2a/bc59db2a-3d30-4e25-82b7-2780594988e6/b>
        , <http://localhost:8983/fedora/rest/anno/bc/59/db/2a/bc59db2a-3d30-4e25-82b7-2780594988e6/t>
        ;\n\toa:hasTarget <http://localhost:8983/fedora/rest/anno/bc/59/db/2a/bc59db2a-3d30-4e25-82b7-2780594988e6/t/9a/c2/44/3a/9ac2443a-c330-4ec9-93ab-a68671f25817>
        ;\n\toa:hasBody <http://localhost:8983/fedora/rest/anno/bc/59/db/2a/bc59db2a-3d30-4e25-82b7-2780594988e6/b/f3/f6/75/00/f3f67500-a6ab-4d38-839f-c3001b00601e>
        .\n"
    http_version: 
  recorded_at: Wed, 10 Jun 2015 18:05:23 GMT
- request:
    method: get
    uri: http://localhost:8983/fedora/rest/anno/bc/59/db/2a/bc59db2a-3d30-4e25-82b7-2780594988e6/b/f3/f6/75/00/f3f67500-a6ab-4d38-839f-c3001b00601e
    body:
      encoding: US-ASCII
      string: ''
    headers:
      User-Agent:
      - Faraday v0.9.1
      Prefer:
      - return=respresentation; omit="http://fedora.info/definitions/v4/repository#ServerManaged"
      Accept:
      - application/x-turtle
      Accept-Encoding:
      - gzip;q=1.0,deflate;q=0.6,identity;q=0.3
  response:
    status:
      code: 200
      message: OK
    headers:
      Etag:
      - '"37d58b53df61bbbf8a76d1601d7579c87423cef6"'
      Last-Modified:
      - Wed, 10 Jun 2015 18:05:23 GMT
      Link:
      - <http://www.w3.org/ns/ldp#BasicContainer>;rel="type"
      - <http://www.w3.org/ns/ldp#Container>;rel="type"
      - <http://www.w3.org/ns/ldp#Resource>;rel="type"
      Accept-Patch:
      - application/sparql-update
      Accept-Post:
      - text/turtle,text/rdf+n3,text/n3,application/rdf+xml,application/n-triples,multipart/form-data,application/sparql-update
      Allow:
      - MOVE,COPY,DELETE,POST,HEAD,GET,PUT,PATCH,OPTIONS
      Preference-Applied:
      - return=representation
      Vary:
      - Accept, Range, Accept-Encoding, Accept-Language
      - Prefer
      Content-Length:
      - '1351'
      Content-Type:
      - application/x-turtle
    body:
      encoding: UTF-8
      string: "@prefix premis: <http://www.loc.gov/premis/rdf/v1#> .\n@prefix image:
        <http://www.modeshape.org/images/1.0> .\n@prefix sv: <http://www.jcp.org/jcr/sv/1.0>
        .\n@prefix test: <info:fedora/test/> .\n@prefix nt: <http://www.jcp.org/jcr/nt/1.0>
        .\n@prefix cnt: <http://www.w3.org/2011/content#> .\n@prefix dcmitype: <http://purl.org/dc/dcmitype/>
        .\n@prefix rdfs: <http://www.w3.org/2000/01/rdf-schema#> .\n@prefix xsi: <http://www.w3.org/2001/XMLSchema-instance>
        .\n@prefix mode: <http://www.modeshape.org/1.0> .\n@prefix oa: <http://www.w3.org/ns/oa#>
        .\n@prefix triannon: <http://triannon.stanford.edu/ns/> .\n@prefix rdf: <http://www.w3.org/1999/02/22-rdf-syntax-ns#>
        .\n@prefix fedora: <http://fedora.info/definitions/v4/repository#> .\n@prefix
        xml: <http://www.w3.org/XML/1998/namespace> .\n@prefix ldp: <http://www.w3.org/ns/ldp#>
        .\n@prefix xs: <http://www.w3.org/2001/XMLSchema> .\n@prefix fedoraconfig:
        <http://fedora.info/definitions/v4/config#> .\n@prefix mix: <http://www.jcp.org/jcr/mix/1.0>
        .\n@prefix foaf: <http://xmlns.com/foaf/0.1/> .\n@prefix dc: <http://purl.org/dc/elements/1.1/>
        .\n\n\n<http://localhost:8983/fedora/rest/anno/bc/59/db/2a/bc59db2a-3d30-4e25-82b7-2780594988e6/b/f3/f6/75/00/f3f67500-a6ab-4d38-839f-c3001b00601e>
        a dcmitype:Text , ldp:BasicContainer , cnt:ContentAsText ;\n\tcnt:chars \"I
        love this!\"^^<http://www.w3.org/2001/XMLSchema#string> .\n"
    http_version: 
  recorded_at: Wed, 10 Jun 2015 18:05:23 GMT
- request:
    method: get
    uri: http://localhost:8983/fedora/rest/anno/bc/59/db/2a/bc59db2a-3d30-4e25-82b7-2780594988e6/t/9a/c2/44/3a/9ac2443a-c330-4ec9-93ab-a68671f25817
    body:
      encoding: US-ASCII
      string: ''
    headers:
      User-Agent:
      - Faraday v0.9.1
      Prefer:
      - return=respresentation; omit="http://fedora.info/definitions/v4/repository#ServerManaged"
      Accept:
      - application/x-turtle
      Accept-Encoding:
      - gzip;q=1.0,deflate;q=0.6,identity;q=0.3
  response:
    status:
      code: 200
      message: OK
    headers:
      Etag:
      - '"8253e58e28d8c06446bad37555c8bd1f7835f487"'
      Last-Modified:
      - Wed, 10 Jun 2015 18:05:23 GMT
      Link:
      - <http://www.w3.org/ns/ldp#BasicContainer>;rel="type"
      - <http://www.w3.org/ns/ldp#Container>;rel="type"
      - <http://www.w3.org/ns/ldp#Resource>;rel="type"
      Accept-Patch:
      - application/sparql-update
      Accept-Post:
      - text/turtle,text/rdf+n3,text/n3,application/rdf+xml,application/n-triples,multipart/form-data,application/sparql-update
      Allow:
      - MOVE,COPY,DELETE,POST,HEAD,GET,PUT,PATCH,OPTIONS
      Preference-Applied:
      - return=representation
      Vary:
      - Accept, Range, Accept-Encoding, Accept-Language
      - Prefer
      Content-Length:
      - '1313'
      Content-Type:
      - application/x-turtle
    body:
      encoding: UTF-8
      string: "@prefix premis: <http://www.loc.gov/premis/rdf/v1#> .\n@prefix image:
        <http://www.modeshape.org/images/1.0> .\n@prefix sv: <http://www.jcp.org/jcr/sv/1.0>
        .\n@prefix test: <info:fedora/test/> .\n@prefix nt: <http://www.jcp.org/jcr/nt/1.0>
        .\n@prefix cnt: <http://www.w3.org/2011/content#> .\n@prefix dcmitype: <http://purl.org/dc/dcmitype/>
        .\n@prefix rdfs: <http://www.w3.org/2000/01/rdf-schema#> .\n@prefix xsi: <http://www.w3.org/2001/XMLSchema-instance>
        .\n@prefix mode: <http://www.modeshape.org/1.0> .\n@prefix oa: <http://www.w3.org/ns/oa#>
        .\n@prefix triannon: <http://triannon.stanford.edu/ns/> .\n@prefix rdf: <http://www.w3.org/1999/02/22-rdf-syntax-ns#>
        .\n@prefix fedora: <http://fedora.info/definitions/v4/repository#> .\n@prefix
        xml: <http://www.w3.org/XML/1998/namespace> .\n@prefix ldp: <http://www.w3.org/ns/ldp#>
        .\n@prefix xs: <http://www.w3.org/2001/XMLSchema> .\n@prefix fedoraconfig:
        <http://fedora.info/definitions/v4/config#> .\n@prefix mix: <http://www.jcp.org/jcr/mix/1.0>
        .\n@prefix foaf: <http://xmlns.com/foaf/0.1/> .\n@prefix dc: <http://purl.org/dc/elements/1.1/>
        .\n\n\n<http://localhost:8983/fedora/rest/anno/bc/59/db/2a/bc59db2a-3d30-4e25-82b7-2780594988e6/t/9a/c2/44/3a/9ac2443a-c330-4ec9-93ab-a68671f25817>
        a ldp:BasicContainer ;\n\ttriannon:externalReference <http://purl.stanford.edu/kq131cs7229>
        .\n"
    http_version: 
  recorded_at: Wed, 10 Jun 2015 18:05:24 GMT
- request:
    method: post
    uri: http://localhost:8983/solr/triannon/update?wt=ruby
    body:
      encoding: UTF-8
      string: <?xml version="1.0" encoding="UTF-8"?><add commitWithin="500"><doc><field
        name="id">bc/59/db/2a/bc59db2a-3d30-4e25-82b7-2780594988e6</field><field name="motivation">commenting</field><field
        name="target_url">http://purl.stanford.edu/kq131cs7229</field><field name="target_type">external_URI</field><field
        name="body_type">content_as_text</field><field name="body_chars_exact">I love
        this!</field><field name="anno_jsonld">{"@context":"http://www.w3.org/ns/oa-context-20130208.json","@graph":[{"@id":"_:g70166092946460","@type":["dctypes:Text","cnt:ContentAsText"],"chars":"I
        love this!"},{"@id":"http://your.triannon-server.com/annotations/bc/59/db/2a/bc59db2a-3d30-4e25-82b7-2780594988e6","@type":"oa:Annotation","hasBody":"_:g70166092946460","hasTarget":"http://purl.stanford.edu/kq131cs7229","motivatedBy":"oa:commenting"}]}</field></doc></add>
    headers:
      Content-Type:
      - text/xml
  response:
    status:
      code: 200
      message: OK
    headers:
      Content-Type:
      - text/plain;charset=UTF-8
      Transfer-Encoding:
      - chunked
    body:
      encoding: UTF-8
      string: |
        {'responseHeader'=>{'status'=>0,'QTime'=>2}}
    http_version: 
  recorded_at: Wed, 10 Jun 2015 18:05:24 GMT
recorded_with: VCR 2.9.3
