---
http_interactions:
- request:
    method: post
    uri: http://localhost:8983/fedora/rest/anno
    body:
      encoding: UTF-8
      string: |
        @prefix ldp: <http://www.w3.org/ns/ldp#> .
        @prefix oa: <http://www.w3.org/ns/oa#> .
        @prefix rdf: <http://www.w3.org/1999/02/22-rdf-syntax-ns#> .

        <> a oa:Annotation,
             ldp:BasicContainer;
           oa:motivatedBy oa:commenting .
    headers:
      User-Agent:
      - Faraday v0.9.1
      Prefer:
      - return=respresentation; omit="http://fedora.info/definitions/v4/repository#ServerManaged"
      Content-Type:
      - application/x-turtle
      Accept-Encoding:
      - gzip;q=1.0,deflate;q=0.6,identity;q=0.3
      Accept:
      - "*/*"
  response:
    status:
      code: 201
      message: Created
    headers:
      Etag:
      - '"f3e14cf265eeb42f70a5f36ad82d68d7703b416a"'
      Last-Modified:
      - Wed, 10 Jun 2015 18:25:44 GMT
      Content-Length:
      - '87'
      Location:
      - http://localhost:8983/fedora/rest/anno/1a/9e/a4/cf/1a9ea4cf-fd7c-495f-920e-cd1d2771f6a8
      Content-Type:
      - text/plain
    body:
      encoding: UTF-8
      string: http://localhost:8983/fedora/rest/anno/1a/9e/a4/cf/1a9ea4cf-fd7c-495f-920e-cd1d2771f6a8
    http_version: 
  recorded_at: Wed, 10 Jun 2015 18:25:44 GMT
- request:
    method: post
    uri: http://localhost:8983/fedora/rest/anno/1a/9e/a4/cf/1a9ea4cf-fd7c-495f-920e-cd1d2771f6a8
    body:
      encoding: UTF-8
      string: |
        @prefix ldp: <http://www.w3.org/ns/ldp#> .
        @prefix oa: <http://www.w3.org/ns/oa#> .
        @prefix rdf: <http://www.w3.org/1999/02/22-rdf-syntax-ns#> .

        <> a ldp:DirectContainer;
           ldp:hasMemberRelation oa:hasBody;
           ldp:membershipResource <http://localhost:8983/fedora/rest/anno/1a/9e/a4/cf/1a9ea4cf-fd7c-495f-920e-cd1d2771f6a8> .
    headers:
      User-Agent:
      - Faraday v0.9.1
      Prefer:
      - return=respresentation; omit="http://fedora.info/definitions/v4/repository#ServerManaged"
      Content-Type:
      - application/x-turtle
      Slug:
      - b
      Accept-Encoding:
      - gzip;q=1.0,deflate;q=0.6,identity;q=0.3
      Accept:
      - "*/*"
  response:
    status:
      code: 201
      message: Created
    headers:
      Etag:
      - '"7406bc4da57eb627edd12f00c2d2eee93dcd0ed2"'
      Last-Modified:
      - Wed, 10 Jun 2015 18:25:44 GMT
      Content-Length:
      - '89'
      Location:
      - http://localhost:8983/fedora/rest/anno/1a/9e/a4/cf/1a9ea4cf-fd7c-495f-920e-cd1d2771f6a8/b
      Content-Type:
      - text/plain
    body:
      encoding: UTF-8
      string: http://localhost:8983/fedora/rest/anno/1a/9e/a4/cf/1a9ea4cf-fd7c-495f-920e-cd1d2771f6a8/b
    http_version: 
  recorded_at: Wed, 10 Jun 2015 18:25:44 GMT
- request:
    method: post
    uri: http://localhost:8983/fedora/rest/anno/1a/9e/a4/cf/1a9ea4cf-fd7c-495f-920e-cd1d2771f6a8/b
    body:
      encoding: UTF-8
      string: |
        @prefix cnt: <http://www.w3.org/2011/content#> .
        @prefix dcmitype: <http://purl.org/dc/dcmitype/> .
        @prefix ldp: <http://www.w3.org/ns/ldp#> .
        @prefix rdf: <http://www.w3.org/1999/02/22-rdf-syntax-ns#> .
        @prefix xsd: <http://www.w3.org/2001/XMLSchema#> .

        <> a ldp:BasicContainer,
             cnt:ContentAsText,
             dcmitype:Text;
           cnt:chars "I love this!" .
    headers:
      User-Agent:
      - Faraday v0.9.1
      Prefer:
      - return=respresentation; omit="http://fedora.info/definitions/v4/repository#ServerManaged"
      Content-Type:
      - application/x-turtle
      Accept-Encoding:
      - gzip;q=1.0,deflate;q=0.6,identity;q=0.3
      Accept:
      - "*/*"
  response:
    status:
      code: 201
      message: Created
    headers:
      Etag:
      - '"588f6abc3577ae8a1ccd466af01a9d912c8967a5"'
      Last-Modified:
      - Wed, 10 Jun 2015 18:25:44 GMT
      Content-Length:
      - '138'
      Location:
      - http://localhost:8983/fedora/rest/anno/1a/9e/a4/cf/1a9ea4cf-fd7c-495f-920e-cd1d2771f6a8/b/4d/70/36/fd/4d7036fd-cc67-4986-aeb8-aaa9aeb82fe0
      Content-Type:
      - text/plain
    body:
      encoding: UTF-8
      string: http://localhost:8983/fedora/rest/anno/1a/9e/a4/cf/1a9ea4cf-fd7c-495f-920e-cd1d2771f6a8/b/4d/70/36/fd/4d7036fd-cc67-4986-aeb8-aaa9aeb82fe0
    http_version: 
  recorded_at: Wed, 10 Jun 2015 18:25:44 GMT
- request:
    method: post
    uri: http://localhost:8983/fedora/rest/anno/1a/9e/a4/cf/1a9ea4cf-fd7c-495f-920e-cd1d2771f6a8
    body:
      encoding: UTF-8
      string: |
        @prefix ldp: <http://www.w3.org/ns/ldp#> .
        @prefix oa: <http://www.w3.org/ns/oa#> .
        @prefix rdf: <http://www.w3.org/1999/02/22-rdf-syntax-ns#> .

        <> a ldp:DirectContainer;
           ldp:hasMemberRelation oa:hasTarget;
           ldp:membershipResource <http://localhost:8983/fedora/rest/anno/1a/9e/a4/cf/1a9ea4cf-fd7c-495f-920e-cd1d2771f6a8> .
    headers:
      User-Agent:
      - Faraday v0.9.1
      Prefer:
      - return=respresentation; omit="http://fedora.info/definitions/v4/repository#ServerManaged"
      Content-Type:
      - application/x-turtle
      Slug:
      - t
      Accept-Encoding:
      - gzip;q=1.0,deflate;q=0.6,identity;q=0.3
      Accept:
      - "*/*"
  response:
    status:
      code: 201
      message: Created
    headers:
      Etag:
      - '"ef13e14a7114b99a5e4023dbedf6728944e062f3"'
      Last-Modified:
      - Wed, 10 Jun 2015 18:25:44 GMT
      Content-Length:
      - '89'
      Location:
      - http://localhost:8983/fedora/rest/anno/1a/9e/a4/cf/1a9ea4cf-fd7c-495f-920e-cd1d2771f6a8/t
      Content-Type:
      - text/plain
    body:
      encoding: UTF-8
      string: http://localhost:8983/fedora/rest/anno/1a/9e/a4/cf/1a9ea4cf-fd7c-495f-920e-cd1d2771f6a8/t
    http_version: 
  recorded_at: Wed, 10 Jun 2015 18:25:44 GMT
- request:
    method: post
    uri: http://localhost:8983/fedora/rest/anno/1a/9e/a4/cf/1a9ea4cf-fd7c-495f-920e-cd1d2771f6a8/t
    body:
      encoding: UTF-8
      string: |
        @prefix ldp: <http://www.w3.org/ns/ldp#> .
        @prefix rdf: <http://www.w3.org/1999/02/22-rdf-syntax-ns#> .
        @prefix triannon: <http://triannon.stanford.edu/ns/> .

        <> a ldp:BasicContainer;
           triannon:externalReference <http://purl.stanford.edu/kq131cs7229> .
    headers:
      User-Agent:
      - Faraday v0.9.1
      Prefer:
      - return=respresentation; omit="http://fedora.info/definitions/v4/repository#ServerManaged"
      Content-Type:
      - application/x-turtle
      Accept-Encoding:
      - gzip;q=1.0,deflate;q=0.6,identity;q=0.3
      Accept:
      - "*/*"
  response:
    status:
      code: 201
      message: Created
    headers:
      Etag:
      - '"7b44d051a6d4df37a9b86fecf1b192fdb210ccd7"'
      Last-Modified:
      - Wed, 10 Jun 2015 18:25:44 GMT
      Content-Length:
      - '138'
      Location:
      - http://localhost:8983/fedora/rest/anno/1a/9e/a4/cf/1a9ea4cf-fd7c-495f-920e-cd1d2771f6a8/t/79/77/46/76/79774676-2e78-43bd-a967-bee37bedf771
      Content-Type:
      - text/plain
    body:
      encoding: UTF-8
      string: http://localhost:8983/fedora/rest/anno/1a/9e/a4/cf/1a9ea4cf-fd7c-495f-920e-cd1d2771f6a8/t/79/77/46/76/79774676-2e78-43bd-a967-bee37bedf771
    http_version: 
  recorded_at: Wed, 10 Jun 2015 18:25:44 GMT
- request:
    method: get
    uri: http://localhost:8983/fedora/rest/anno/1a/9e/a4/cf/1a9ea4cf-fd7c-495f-920e-cd1d2771f6a8
    body:
      encoding: US-ASCII
      string: ''
    headers:
      User-Agent:
      - Faraday v0.9.1
      Prefer:
      - return=respresentation; omit="http://fedora.info/definitions/v4/repository#ServerManaged"
      Accept:
      - application/x-turtle
      Accept-Encoding:
      - gzip;q=1.0,deflate;q=0.6,identity;q=0.3
  response:
    status:
      code: 200
      message: OK
    headers:
      Etag:
      - '"261b6eb06d0a5af6a98039c672bb2f5997788777"'
      Last-Modified:
      - Wed, 10 Jun 2015 18:25:44 GMT
      Link:
      - <http://www.w3.org/ns/ldp#BasicContainer>;rel="type"
      - <http://www.w3.org/ns/ldp#Container>;rel="type"
      - <http://www.w3.org/ns/ldp#Resource>;rel="type"
      Accept-Patch:
      - application/sparql-update
      Accept-Post:
      - text/turtle,text/rdf+n3,text/n3,application/rdf+xml,application/n-triples,multipart/form-data,application/sparql-update
      Allow:
      - MOVE,COPY,DELETE,POST,HEAD,GET,PUT,PATCH,OPTIONS
      Preference-Applied:
      - return=representation
      Vary:
      - Accept, Range, Accept-Encoding, Accept-Language
      - Prefer
      Content-Length:
      - '1755'
      Content-Type:
      - application/x-turtle
    body:
      encoding: UTF-8
      string: "@prefix premis: <http://www.loc.gov/premis/rdf/v1#> .\n@prefix image:
        <http://www.modeshape.org/images/1.0> .\n@prefix sv: <http://www.jcp.org/jcr/sv/1.0>
        .\n@prefix test: <info:fedora/test/> .\n@prefix nt: <http://www.jcp.org/jcr/nt/1.0>
        .\n@prefix cnt: <http://www.w3.org/2011/content#> .\n@prefix dcmitype: <http://purl.org/dc/dcmitype/>
        .\n@prefix rdfs: <http://www.w3.org/2000/01/rdf-schema#> .\n@prefix xsi: <http://www.w3.org/2001/XMLSchema-instance>
        .\n@prefix mode: <http://www.modeshape.org/1.0> .\n@prefix oa: <http://www.w3.org/ns/oa#>
        .\n@prefix triannon: <http://triannon.stanford.edu/ns/> .\n@prefix rdf: <http://www.w3.org/1999/02/22-rdf-syntax-ns#>
        .\n@prefix fedora: <http://fedora.info/definitions/v4/repository#> .\n@prefix
        xml: <http://www.w3.org/XML/1998/namespace> .\n@prefix ldp: <http://www.w3.org/ns/ldp#>
        .\n@prefix xs: <http://www.w3.org/2001/XMLSchema> .\n@prefix fedoraconfig:
        <http://fedora.info/definitions/v4/config#> .\n@prefix mix: <http://www.jcp.org/jcr/mix/1.0>
        .\n@prefix foaf: <http://xmlns.com/foaf/0.1/> .\n@prefix dc: <http://purl.org/dc/elements/1.1/>
        .\n\n\n<http://localhost:8983/fedora/rest/anno/1a/9e/a4/cf/1a9ea4cf-fd7c-495f-920e-cd1d2771f6a8>
        a oa:Annotation , ldp:BasicContainer ;\n\toa:motivatedBy oa:commenting ;\n\tldp:contains
        <http://localhost:8983/fedora/rest/anno/1a/9e/a4/cf/1a9ea4cf-fd7c-495f-920e-cd1d2771f6a8/b>
        , <http://localhost:8983/fedora/rest/anno/1a/9e/a4/cf/1a9ea4cf-fd7c-495f-920e-cd1d2771f6a8/t>
        ;\n\toa:hasTarget <http://localhost:8983/fedora/rest/anno/1a/9e/a4/cf/1a9ea4cf-fd7c-495f-920e-cd1d2771f6a8/t/79/77/46/76/79774676-2e78-43bd-a967-bee37bedf771>
        ;\n\toa:hasBody <http://localhost:8983/fedora/rest/anno/1a/9e/a4/cf/1a9ea4cf-fd7c-495f-920e-cd1d2771f6a8/b/4d/70/36/fd/4d7036fd-cc67-4986-aeb8-aaa9aeb82fe0>
        .\n"
    http_version: 
  recorded_at: Wed, 10 Jun 2015 18:25:44 GMT
- request:
    method: get
    uri: http://localhost:8983/fedora/rest/anno/1a/9e/a4/cf/1a9ea4cf-fd7c-495f-920e-cd1d2771f6a8/b/4d/70/36/fd/4d7036fd-cc67-4986-aeb8-aaa9aeb82fe0
    body:
      encoding: US-ASCII
      string: ''
    headers:
      User-Agent:
      - Faraday v0.9.1
      Prefer:
      - return=respresentation; omit="http://fedora.info/definitions/v4/repository#ServerManaged"
      Accept:
      - application/x-turtle
      Accept-Encoding:
      - gzip;q=1.0,deflate;q=0.6,identity;q=0.3
  response:
    status:
      code: 200
      message: OK
    headers:
      Etag:
      - '"588f6abc3577ae8a1ccd466af01a9d912c8967a5"'
      Last-Modified:
      - Wed, 10 Jun 2015 18:25:44 GMT
      Link:
      - <http://www.w3.org/ns/ldp#BasicContainer>;rel="type"
      - <http://www.w3.org/ns/ldp#Container>;rel="type"
      - <http://www.w3.org/ns/ldp#Resource>;rel="type"
      Accept-Patch:
      - application/sparql-update
      Accept-Post:
      - text/turtle,text/rdf+n3,text/n3,application/rdf+xml,application/n-triples,multipart/form-data,application/sparql-update
      Allow:
      - MOVE,COPY,DELETE,POST,HEAD,GET,PUT,PATCH,OPTIONS
      Preference-Applied:
      - return=representation
      Vary:
      - Accept, Range, Accept-Encoding, Accept-Language
      - Prefer
      Content-Length:
      - '1351'
      Content-Type:
      - application/x-turtle
    body:
      encoding: UTF-8
      string: "@prefix premis: <http://www.loc.gov/premis/rdf/v1#> .\n@prefix image:
        <http://www.modeshape.org/images/1.0> .\n@prefix sv: <http://www.jcp.org/jcr/sv/1.0>
        .\n@prefix test: <info:fedora/test/> .\n@prefix nt: <http://www.jcp.org/jcr/nt/1.0>
        .\n@prefix cnt: <http://www.w3.org/2011/content#> .\n@prefix dcmitype: <http://purl.org/dc/dcmitype/>
        .\n@prefix rdfs: <http://www.w3.org/2000/01/rdf-schema#> .\n@prefix xsi: <http://www.w3.org/2001/XMLSchema-instance>
        .\n@prefix mode: <http://www.modeshape.org/1.0> .\n@prefix oa: <http://www.w3.org/ns/oa#>
        .\n@prefix triannon: <http://triannon.stanford.edu/ns/> .\n@prefix rdf: <http://www.w3.org/1999/02/22-rdf-syntax-ns#>
        .\n@prefix fedora: <http://fedora.info/definitions/v4/repository#> .\n@prefix
        xml: <http://www.w3.org/XML/1998/namespace> .\n@prefix ldp: <http://www.w3.org/ns/ldp#>
        .\n@prefix xs: <http://www.w3.org/2001/XMLSchema> .\n@prefix fedoraconfig:
        <http://fedora.info/definitions/v4/config#> .\n@prefix mix: <http://www.jcp.org/jcr/mix/1.0>
        .\n@prefix foaf: <http://xmlns.com/foaf/0.1/> .\n@prefix dc: <http://purl.org/dc/elements/1.1/>
        .\n\n\n<http://localhost:8983/fedora/rest/anno/1a/9e/a4/cf/1a9ea4cf-fd7c-495f-920e-cd1d2771f6a8/b/4d/70/36/fd/4d7036fd-cc67-4986-aeb8-aaa9aeb82fe0>
        a dcmitype:Text , ldp:BasicContainer , cnt:ContentAsText ;\n\tcnt:chars \"I
        love this!\"^^<http://www.w3.org/2001/XMLSchema#string> .\n"
    http_version: 
  recorded_at: Wed, 10 Jun 2015 18:25:44 GMT
- request:
    method: get
    uri: http://localhost:8983/fedora/rest/anno/1a/9e/a4/cf/1a9ea4cf-fd7c-495f-920e-cd1d2771f6a8/t/79/77/46/76/79774676-2e78-43bd-a967-bee37bedf771
    body:
      encoding: US-ASCII
      string: ''
    headers:
      User-Agent:
      - Faraday v0.9.1
      Prefer:
      - return=respresentation; omit="http://fedora.info/definitions/v4/repository#ServerManaged"
      Accept:
      - application/x-turtle
      Accept-Encoding:
      - gzip;q=1.0,deflate;q=0.6,identity;q=0.3
  response:
    status:
      code: 200
      message: OK
    headers:
      Etag:
      - '"7b44d051a6d4df37a9b86fecf1b192fdb210ccd7"'
      Last-Modified:
      - Wed, 10 Jun 2015 18:25:44 GMT
      Link:
      - <http://www.w3.org/ns/ldp#BasicContainer>;rel="type"
      - <http://www.w3.org/ns/ldp#Container>;rel="type"
      - <http://www.w3.org/ns/ldp#Resource>;rel="type"
      Accept-Patch:
      - application/sparql-update
      Accept-Post:
      - text/turtle,text/rdf+n3,text/n3,application/rdf+xml,application/n-triples,multipart/form-data,application/sparql-update
      Allow:
      - MOVE,COPY,DELETE,POST,HEAD,GET,PUT,PATCH,OPTIONS
      Preference-Applied:
      - return=representation
      Vary:
      - Accept, Range, Accept-Encoding, Accept-Language
      - Prefer
      Content-Length:
      - '1313'
      Content-Type:
      - application/x-turtle
    body:
      encoding: UTF-8
      string: "@prefix premis: <http://www.loc.gov/premis/rdf/v1#> .\n@prefix image:
        <http://www.modeshape.org/images/1.0> .\n@prefix sv: <http://www.jcp.org/jcr/sv/1.0>
        .\n@prefix test: <info:fedora/test/> .\n@prefix nt: <http://www.jcp.org/jcr/nt/1.0>
        .\n@prefix cnt: <http://www.w3.org/2011/content#> .\n@prefix dcmitype: <http://purl.org/dc/dcmitype/>
        .\n@prefix rdfs: <http://www.w3.org/2000/01/rdf-schema#> .\n@prefix xsi: <http://www.w3.org/2001/XMLSchema-instance>
        .\n@prefix mode: <http://www.modeshape.org/1.0> .\n@prefix oa: <http://www.w3.org/ns/oa#>
        .\n@prefix triannon: <http://triannon.stanford.edu/ns/> .\n@prefix rdf: <http://www.w3.org/1999/02/22-rdf-syntax-ns#>
        .\n@prefix fedora: <http://fedora.info/definitions/v4/repository#> .\n@prefix
        xml: <http://www.w3.org/XML/1998/namespace> .\n@prefix ldp: <http://www.w3.org/ns/ldp#>
        .\n@prefix xs: <http://www.w3.org/2001/XMLSchema> .\n@prefix fedoraconfig:
        <http://fedora.info/definitions/v4/config#> .\n@prefix mix: <http://www.jcp.org/jcr/mix/1.0>
        .\n@prefix foaf: <http://xmlns.com/foaf/0.1/> .\n@prefix dc: <http://purl.org/dc/elements/1.1/>
        .\n\n\n<http://localhost:8983/fedora/rest/anno/1a/9e/a4/cf/1a9ea4cf-fd7c-495f-920e-cd1d2771f6a8/t/79/77/46/76/79774676-2e78-43bd-a967-bee37bedf771>
        a ldp:BasicContainer ;\n\ttriannon:externalReference <http://purl.stanford.edu/kq131cs7229>
        .\n"
    http_version: 
  recorded_at: Wed, 10 Jun 2015 18:25:44 GMT
- request:
    method: post
    uri: http://localhost:8983/solr/triannon/update?wt=ruby
    body:
      encoding: UTF-8
      string: <?xml version="1.0" encoding="UTF-8"?><add commitWithin="500"><doc><field
        name="id">1a/9e/a4/cf/1a9ea4cf-fd7c-495f-920e-cd1d2771f6a8</field><field name="motivation">commenting</field><field
        name="target_url">http://purl.stanford.edu/kq131cs7229</field><field name="target_type">external_URI</field><field
        name="body_type">content_as_text</field><field name="body_chars_exact">I love
        this!</field><field name="anno_jsonld">{"@context":"http://www.w3.org/ns/oa-context-20130208.json","@graph":[{"@id":"_:g70233758499860","@type":["dctypes:Text","cnt:ContentAsText"],"chars":"I
        love this!"},{"@id":"http://your.triannon-server.com/annotations/1a/9e/a4/cf/1a9ea4cf-fd7c-495f-920e-cd1d2771f6a8","@type":"oa:Annotation","hasBody":"_:g70233758499860","hasTarget":"http://purl.stanford.edu/kq131cs7229","motivatedBy":"oa:commenting"}]}</field></doc></add>
    headers:
      Content-Type:
      - text/xml
  response:
    status:
      code: 200
      message: OK
    headers:
      Content-Type:
      - text/plain;charset=UTF-8
      Transfer-Encoding:
      - chunked
    body:
      encoding: UTF-8
      string: |
        {'responseHeader'=>{'status'=>0,'QTime'=>4}}
    http_version: 
  recorded_at: Wed, 10 Jun 2015 18:25:44 GMT
recorded_with: VCR 2.9.3
