---
http_interactions:
- request:
    method: head
    uri: http://localhost:8983/fedora/rest/anno/anno_controller_create_specs
    body:
      encoding: US-ASCII
      string: ''
    headers:
      User-Agent:
      - Faraday v0.9.1
      Accept:
      - "*/*"
  response:
    status:
      code: 200
      message: OK
    headers:
      Etag:
      - '"5527962d6405b29eb46b3f087818b148cbe02959"'
      Last-Modified:
      - Tue, 23 Jun 2015 20:59:59 GMT
      Link:
      - <http://www.w3.org/ns/ldp#BasicContainer>;rel="type"
      - <http://www.w3.org/ns/ldp#Container>;rel="type"
      - <http://www.w3.org/ns/ldp#Resource>;rel="type"
      Accept-Patch:
      - application/sparql-update
      Accept-Post:
      - text/turtle,text/rdf+n3,text/n3,application/rdf+xml,application/n-triples,multipart/form-data,application/sparql-update
      Allow:
      - MOVE,COPY,DELETE,POST,HEAD,GET,PUT,PATCH,OPTIONS
      Content-Type:
      - text/tab-separated-values
      Content-Length:
      - '0'
    body:
      encoding: UTF-8
      string: ''
    http_version: 
  recorded_at: Tue, 23 Jun 2015 21:00:00 GMT
- request:
    method: post
    uri: http://localhost:8983/fedora/rest/anno/anno_controller_create_specs
    body:
      encoding: UTF-8
      string: |
        @prefix ldp: <http://www.w3.org/ns/ldp#> .
        @prefix oa: <http://www.w3.org/ns/oa#> .
        @prefix rdf: <http://www.w3.org/1999/02/22-rdf-syntax-ns#> .

        <> a oa:Annotation,
             ldp:BasicContainer;
           oa:motivatedBy oa:commenting .
    headers:
      User-Agent:
      - Faraday v0.9.1
      Prefer:
      - return=respresentation; omit="http://fedora.info/definitions/v4/repository#ServerManaged"
      Content-Type:
      - application/x-turtle
      Accept-Encoding:
      - gzip;q=1.0,deflate;q=0.6,identity;q=0.3
      Accept:
      - "*/*"
  response:
    status:
      code: 201
      message: Created
    headers:
      Etag:
      - '"de224a1da8985df0eee748ad49b95941d31ad62f"'
      Last-Modified:
      - Tue, 23 Jun 2015 21:00:00 GMT
      Content-Length:
      - '116'
      Location:
      - http://localhost:8983/fedora/rest/anno/anno_controller_create_specs/2d/78/72/12/2d787212-0f1d-4e30-a4fc-e7add4d52546
      Content-Type:
      - text/plain
    body:
      encoding: UTF-8
      string: http://localhost:8983/fedora/rest/anno/anno_controller_create_specs/2d/78/72/12/2d787212-0f1d-4e30-a4fc-e7add4d52546
    http_version: 
  recorded_at: Tue, 23 Jun 2015 21:00:00 GMT
- request:
    method: post
    uri: http://localhost:8983/fedora/rest/anno/anno_controller_create_specs/2d/78/72/12/2d787212-0f1d-4e30-a4fc-e7add4d52546
    body:
      encoding: UTF-8
      string: |
        @prefix ldp: <http://www.w3.org/ns/ldp#> .
        @prefix oa: <http://www.w3.org/ns/oa#> .
        @prefix rdf: <http://www.w3.org/1999/02/22-rdf-syntax-ns#> .

        <> a ldp:DirectContainer;
           ldp:hasMemberRelation oa:hasBody;
           ldp:membershipResource <http://localhost:8983/fedora/rest/anno/anno_controller_create_specs/2d/78/72/12/2d787212-0f1d-4e30-a4fc-e7add4d52546> .
    headers:
      User-Agent:
      - Faraday v0.9.1
      Prefer:
      - return=respresentation; omit="http://fedora.info/definitions/v4/repository#ServerManaged"
      Content-Type:
      - application/x-turtle
      Slug:
      - b
      Accept-Encoding:
      - gzip;q=1.0,deflate;q=0.6,identity;q=0.3
      Accept:
      - "*/*"
  response:
    status:
      code: 201
      message: Created
    headers:
      Etag:
      - '"ef038fa7a5b178909a53a336e2ccf165cee031e2"'
      Last-Modified:
      - Tue, 23 Jun 2015 21:00:00 GMT
      Content-Length:
      - '118'
      Location:
      - http://localhost:8983/fedora/rest/anno/anno_controller_create_specs/2d/78/72/12/2d787212-0f1d-4e30-a4fc-e7add4d52546/b
      Content-Type:
      - text/plain
    body:
      encoding: UTF-8
      string: http://localhost:8983/fedora/rest/anno/anno_controller_create_specs/2d/78/72/12/2d787212-0f1d-4e30-a4fc-e7add4d52546/b
    http_version: 
  recorded_at: Tue, 23 Jun 2015 21:00:00 GMT
- request:
    method: post
    uri: http://localhost:8983/fedora/rest/anno/anno_controller_create_specs/2d/78/72/12/2d787212-0f1d-4e30-a4fc-e7add4d52546/b
    body:
      encoding: UTF-8
      string: |
        @prefix cnt: <http://www.w3.org/2011/content#> .
        @prefix dcmitype: <http://purl.org/dc/dcmitype/> .
        @prefix ldp: <http://www.w3.org/ns/ldp#> .
        @prefix rdf: <http://www.w3.org/1999/02/22-rdf-syntax-ns#> .
        @prefix xsd: <http://www.w3.org/2001/XMLSchema#> .

        <> a ldp:BasicContainer,
             cnt:ContentAsText,
             dcmitype:Text;
           cnt:chars "I love this!" .
    headers:
      User-Agent:
      - Faraday v0.9.1
      Prefer:
      - return=respresentation; omit="http://fedora.info/definitions/v4/repository#ServerManaged"
      Content-Type:
      - application/x-turtle
      Accept-Encoding:
      - gzip;q=1.0,deflate;q=0.6,identity;q=0.3
      Accept:
      - "*/*"
  response:
    status:
      code: 201
      message: Created
    headers:
      Etag:
      - '"2d206d6cef982cc97b5ec27fd1d78eb7ba8db108"'
      Last-Modified:
      - Tue, 23 Jun 2015 21:00:00 GMT
      Content-Length:
      - '167'
      Location:
      - http://localhost:8983/fedora/rest/anno/anno_controller_create_specs/2d/78/72/12/2d787212-0f1d-4e30-a4fc-e7add4d52546/b/ac/eb/2e/82/aceb2e82-41ec-407b-9237-8cac725a54b3
      Content-Type:
      - text/plain
    body:
      encoding: UTF-8
      string: http://localhost:8983/fedora/rest/anno/anno_controller_create_specs/2d/78/72/12/2d787212-0f1d-4e30-a4fc-e7add4d52546/b/ac/eb/2e/82/aceb2e82-41ec-407b-9237-8cac725a54b3
    http_version: 
  recorded_at: Tue, 23 Jun 2015 21:00:00 GMT
- request:
    method: post
    uri: http://localhost:8983/fedora/rest/anno/anno_controller_create_specs/2d/78/72/12/2d787212-0f1d-4e30-a4fc-e7add4d52546
    body:
      encoding: UTF-8
      string: |
        @prefix ldp: <http://www.w3.org/ns/ldp#> .
        @prefix oa: <http://www.w3.org/ns/oa#> .
        @prefix rdf: <http://www.w3.org/1999/02/22-rdf-syntax-ns#> .

        <> a ldp:DirectContainer;
           ldp:hasMemberRelation oa:hasTarget;
           ldp:membershipResource <http://localhost:8983/fedora/rest/anno/anno_controller_create_specs/2d/78/72/12/2d787212-0f1d-4e30-a4fc-e7add4d52546> .
    headers:
      User-Agent:
      - Faraday v0.9.1
      Prefer:
      - return=respresentation; omit="http://fedora.info/definitions/v4/repository#ServerManaged"
      Content-Type:
      - application/x-turtle
      Slug:
      - t
      Accept-Encoding:
      - gzip;q=1.0,deflate;q=0.6,identity;q=0.3
      Accept:
      - "*/*"
  response:
    status:
      code: 201
      message: Created
    headers:
      Etag:
      - '"8d93c40a320ed82ec3433175dee05ec99a7f3555"'
      Last-Modified:
      - Tue, 23 Jun 2015 21:00:00 GMT
      Content-Length:
      - '118'
      Location:
      - http://localhost:8983/fedora/rest/anno/anno_controller_create_specs/2d/78/72/12/2d787212-0f1d-4e30-a4fc-e7add4d52546/t
      Content-Type:
      - text/plain
    body:
      encoding: UTF-8
      string: http://localhost:8983/fedora/rest/anno/anno_controller_create_specs/2d/78/72/12/2d787212-0f1d-4e30-a4fc-e7add4d52546/t
    http_version: 
  recorded_at: Tue, 23 Jun 2015 21:00:00 GMT
- request:
    method: post
    uri: http://localhost:8983/fedora/rest/anno/anno_controller_create_specs/2d/78/72/12/2d787212-0f1d-4e30-a4fc-e7add4d52546/t
    body:
      encoding: UTF-8
      string: |
        @prefix ldp: <http://www.w3.org/ns/ldp#> .
        @prefix rdf: <http://www.w3.org/1999/02/22-rdf-syntax-ns#> .
        @prefix triannon: <http://triannon.stanford.edu/ns/> .

        <> a ldp:BasicContainer;
           triannon:externalReference <http://purl.stanford.edu/kq131cs7229> .
    headers:
      User-Agent:
      - Faraday v0.9.1
      Prefer:
      - return=respresentation; omit="http://fedora.info/definitions/v4/repository#ServerManaged"
      Content-Type:
      - application/x-turtle
      Accept-Encoding:
      - gzip;q=1.0,deflate;q=0.6,identity;q=0.3
      Accept:
      - "*/*"
  response:
    status:
      code: 201
      message: Created
    headers:
      Etag:
      - '"612e25ba45d2c0227a199fba7778443789228d5c"'
      Last-Modified:
      - Tue, 23 Jun 2015 21:00:00 GMT
      Content-Length:
      - '167'
      Location:
      - http://localhost:8983/fedora/rest/anno/anno_controller_create_specs/2d/78/72/12/2d787212-0f1d-4e30-a4fc-e7add4d52546/t/a8/00/6f/1d/a8006f1d-cf92-4f41-b5e5-f65a454d851c
      Content-Type:
      - text/plain
    body:
      encoding: UTF-8
      string: http://localhost:8983/fedora/rest/anno/anno_controller_create_specs/2d/78/72/12/2d787212-0f1d-4e30-a4fc-e7add4d52546/t/a8/00/6f/1d/a8006f1d-cf92-4f41-b5e5-f65a454d851c
    http_version: 
  recorded_at: Tue, 23 Jun 2015 21:00:00 GMT
- request:
    method: get
    uri: http://localhost:8983/fedora/rest/anno/anno_controller_create_specs/2d/78/72/12/2d787212-0f1d-4e30-a4fc-e7add4d52546
    body:
      encoding: US-ASCII
      string: ''
    headers:
      User-Agent:
      - Faraday v0.9.1
      Prefer:
      - return=respresentation; omit="http://fedora.info/definitions/v4/repository#ServerManaged"
      Accept:
      - application/x-turtle
      Accept-Encoding:
      - gzip;q=1.0,deflate;q=0.6,identity;q=0.3
  response:
    status:
      code: 200
      message: OK
    headers:
      Etag:
      - '"9a11e3bb461a410e6f52c57fdd2f592c5f9752f5"'
      Last-Modified:
      - Tue, 23 Jun 2015 21:00:00 GMT
      Link:
      - <http://www.w3.org/ns/ldp#BasicContainer>;rel="type"
      - <http://www.w3.org/ns/ldp#Container>;rel="type"
      - <http://www.w3.org/ns/ldp#Resource>;rel="type"
      Accept-Patch:
      - application/sparql-update
      Accept-Post:
      - text/turtle,text/rdf+n3,text/n3,application/rdf+xml,application/n-triples,multipart/form-data,application/sparql-update
      Allow:
      - MOVE,COPY,DELETE,POST,HEAD,GET,PUT,PATCH,OPTIONS
      Preference-Applied:
      - return=representation
      Vary:
      - Accept, Range, Accept-Encoding, Accept-Language
      - Prefer
      Content-Length:
      - '1900'
      Content-Type:
      - application/x-turtle
    body:
      encoding: UTF-8
      string: "@prefix premis: <http://www.loc.gov/premis/rdf/v1#> .\n@prefix image:
        <http://www.modeshape.org/images/1.0> .\n@prefix sv: <http://www.jcp.org/jcr/sv/1.0>
        .\n@prefix test: <info:fedora/test/> .\n@prefix nt: <http://www.jcp.org/jcr/nt/1.0>
        .\n@prefix cnt: <http://www.w3.org/2011/content#> .\n@prefix dcmitype: <http://purl.org/dc/dcmitype/>
        .\n@prefix rdfs: <http://www.w3.org/2000/01/rdf-schema#> .\n@prefix xsi: <http://www.w3.org/2001/XMLSchema-instance>
        .\n@prefix mode: <http://www.modeshape.org/1.0> .\n@prefix oa: <http://www.w3.org/ns/oa#>
        .\n@prefix triannon: <http://triannon.stanford.edu/ns/> .\n@prefix rdf: <http://www.w3.org/1999/02/22-rdf-syntax-ns#>
        .\n@prefix fedora: <http://fedora.info/definitions/v4/repository#> .\n@prefix
        xml: <http://www.w3.org/XML/1998/namespace> .\n@prefix ldp: <http://www.w3.org/ns/ldp#>
        .\n@prefix xs: <http://www.w3.org/2001/XMLSchema> .\n@prefix fedoraconfig:
        <http://fedora.info/definitions/v4/config#> .\n@prefix mix: <http://www.jcp.org/jcr/mix/1.0>
        .\n@prefix foaf: <http://xmlns.com/foaf/0.1/> .\n@prefix dc: <http://purl.org/dc/elements/1.1/>
        .\n\n\n<http://localhost:8983/fedora/rest/anno/anno_controller_create_specs/2d/78/72/12/2d787212-0f1d-4e30-a4fc-e7add4d52546>
        a oa:Annotation , ldp:BasicContainer ;\n\toa:motivatedBy oa:commenting ;\n\tldp:contains
        <http://localhost:8983/fedora/rest/anno/anno_controller_create_specs/2d/78/72/12/2d787212-0f1d-4e30-a4fc-e7add4d52546/b>
        , <http://localhost:8983/fedora/rest/anno/anno_controller_create_specs/2d/78/72/12/2d787212-0f1d-4e30-a4fc-e7add4d52546/t>
        ;\n\toa:hasTarget <http://localhost:8983/fedora/rest/anno/anno_controller_create_specs/2d/78/72/12/2d787212-0f1d-4e30-a4fc-e7add4d52546/t/a8/00/6f/1d/a8006f1d-cf92-4f41-b5e5-f65a454d851c>
        ;\n\toa:hasBody <http://localhost:8983/fedora/rest/anno/anno_controller_create_specs/2d/78/72/12/2d787212-0f1d-4e30-a4fc-e7add4d52546/b/ac/eb/2e/82/aceb2e82-41ec-407b-9237-8cac725a54b3>
        .\n"
    http_version: 
  recorded_at: Tue, 23 Jun 2015 21:00:00 GMT
- request:
    method: get
    uri: http://localhost:8983/fedora/rest/anno/anno_controller_create_specs/2d/78/72/12/2d787212-0f1d-4e30-a4fc-e7add4d52546/b/ac/eb/2e/82/aceb2e82-41ec-407b-9237-8cac725a54b3
    body:
      encoding: US-ASCII
      string: ''
    headers:
      User-Agent:
      - Faraday v0.9.1
      Prefer:
      - return=respresentation; omit="http://fedora.info/definitions/v4/repository#ServerManaged"
      Accept:
      - application/x-turtle
      Accept-Encoding:
      - gzip;q=1.0,deflate;q=0.6,identity;q=0.3
  response:
    status:
      code: 200
      message: OK
    headers:
      Etag:
      - '"2d206d6cef982cc97b5ec27fd1d78eb7ba8db108"'
      Last-Modified:
      - Tue, 23 Jun 2015 21:00:00 GMT
      Link:
      - <http://www.w3.org/ns/ldp#BasicContainer>;rel="type"
      - <http://www.w3.org/ns/ldp#Container>;rel="type"
      - <http://www.w3.org/ns/ldp#Resource>;rel="type"
      Accept-Patch:
      - application/sparql-update
      Accept-Post:
      - text/turtle,text/rdf+n3,text/n3,application/rdf+xml,application/n-triples,multipart/form-data,application/sparql-update
      Allow:
      - MOVE,COPY,DELETE,POST,HEAD,GET,PUT,PATCH,OPTIONS
      Preference-Applied:
      - return=representation
      Vary:
      - Accept, Range, Accept-Encoding, Accept-Language
      - Prefer
      Content-Length:
      - '1380'
      Content-Type:
      - application/x-turtle
    body:
      encoding: UTF-8
      string: "@prefix premis: <http://www.loc.gov/premis/rdf/v1#> .\n@prefix image:
        <http://www.modeshape.org/images/1.0> .\n@prefix sv: <http://www.jcp.org/jcr/sv/1.0>
        .\n@prefix test: <info:fedora/test/> .\n@prefix nt: <http://www.jcp.org/jcr/nt/1.0>
        .\n@prefix cnt: <http://www.w3.org/2011/content#> .\n@prefix dcmitype: <http://purl.org/dc/dcmitype/>
        .\n@prefix rdfs: <http://www.w3.org/2000/01/rdf-schema#> .\n@prefix xsi: <http://www.w3.org/2001/XMLSchema-instance>
        .\n@prefix mode: <http://www.modeshape.org/1.0> .\n@prefix oa: <http://www.w3.org/ns/oa#>
        .\n@prefix triannon: <http://triannon.stanford.edu/ns/> .\n@prefix rdf: <http://www.w3.org/1999/02/22-rdf-syntax-ns#>
        .\n@prefix fedora: <http://fedora.info/definitions/v4/repository#> .\n@prefix
        xml: <http://www.w3.org/XML/1998/namespace> .\n@prefix ldp: <http://www.w3.org/ns/ldp#>
        .\n@prefix xs: <http://www.w3.org/2001/XMLSchema> .\n@prefix fedoraconfig:
        <http://fedora.info/definitions/v4/config#> .\n@prefix mix: <http://www.jcp.org/jcr/mix/1.0>
        .\n@prefix foaf: <http://xmlns.com/foaf/0.1/> .\n@prefix dc: <http://purl.org/dc/elements/1.1/>
        .\n\n\n<http://localhost:8983/fedora/rest/anno/anno_controller_create_specs/2d/78/72/12/2d787212-0f1d-4e30-a4fc-e7add4d52546/b/ac/eb/2e/82/aceb2e82-41ec-407b-9237-8cac725a54b3>
        a dcmitype:Text , ldp:BasicContainer , cnt:ContentAsText ;\n\tcnt:chars \"I
        love this!\"^^<http://www.w3.org/2001/XMLSchema#string> .\n"
    http_version: 
  recorded_at: Tue, 23 Jun 2015 21:00:00 GMT
- request:
    method: get
    uri: http://localhost:8983/fedora/rest/anno/anno_controller_create_specs/2d/78/72/12/2d787212-0f1d-4e30-a4fc-e7add4d52546/t/a8/00/6f/1d/a8006f1d-cf92-4f41-b5e5-f65a454d851c
    body:
      encoding: US-ASCII
      string: ''
    headers:
      User-Agent:
      - Faraday v0.9.1
      Prefer:
      - return=respresentation; omit="http://fedora.info/definitions/v4/repository#ServerManaged"
      Accept:
      - application/x-turtle
      Accept-Encoding:
      - gzip;q=1.0,deflate;q=0.6,identity;q=0.3
  response:
    status:
      code: 200
      message: OK
    headers:
      Etag:
      - '"612e25ba45d2c0227a199fba7778443789228d5c"'
      Last-Modified:
      - Tue, 23 Jun 2015 21:00:00 GMT
      Link:
      - <http://www.w3.org/ns/ldp#BasicContainer>;rel="type"
      - <http://www.w3.org/ns/ldp#Container>;rel="type"
      - <http://www.w3.org/ns/ldp#Resource>;rel="type"
      Accept-Patch:
      - application/sparql-update
      Accept-Post:
      - text/turtle,text/rdf+n3,text/n3,application/rdf+xml,application/n-triples,multipart/form-data,application/sparql-update
      Allow:
      - MOVE,COPY,DELETE,POST,HEAD,GET,PUT,PATCH,OPTIONS
      Preference-Applied:
      - return=representation
      Vary:
      - Accept, Range, Accept-Encoding, Accept-Language
      - Prefer
      Content-Length:
      - '1342'
      Content-Type:
      - application/x-turtle
    body:
      encoding: UTF-8
      string: "@prefix premis: <http://www.loc.gov/premis/rdf/v1#> .\n@prefix image:
        <http://www.modeshape.org/images/1.0> .\n@prefix sv: <http://www.jcp.org/jcr/sv/1.0>
        .\n@prefix test: <info:fedora/test/> .\n@prefix nt: <http://www.jcp.org/jcr/nt/1.0>
        .\n@prefix cnt: <http://www.w3.org/2011/content#> .\n@prefix dcmitype: <http://purl.org/dc/dcmitype/>
        .\n@prefix rdfs: <http://www.w3.org/2000/01/rdf-schema#> .\n@prefix xsi: <http://www.w3.org/2001/XMLSchema-instance>
        .\n@prefix mode: <http://www.modeshape.org/1.0> .\n@prefix oa: <http://www.w3.org/ns/oa#>
        .\n@prefix triannon: <http://triannon.stanford.edu/ns/> .\n@prefix rdf: <http://www.w3.org/1999/02/22-rdf-syntax-ns#>
        .\n@prefix fedora: <http://fedora.info/definitions/v4/repository#> .\n@prefix
        xml: <http://www.w3.org/XML/1998/namespace> .\n@prefix ldp: <http://www.w3.org/ns/ldp#>
        .\n@prefix xs: <http://www.w3.org/2001/XMLSchema> .\n@prefix fedoraconfig:
        <http://fedora.info/definitions/v4/config#> .\n@prefix mix: <http://www.jcp.org/jcr/mix/1.0>
        .\n@prefix foaf: <http://xmlns.com/foaf/0.1/> .\n@prefix dc: <http://purl.org/dc/elements/1.1/>
        .\n\n\n<http://localhost:8983/fedora/rest/anno/anno_controller_create_specs/2d/78/72/12/2d787212-0f1d-4e30-a4fc-e7add4d52546/t/a8/00/6f/1d/a8006f1d-cf92-4f41-b5e5-f65a454d851c>
        a ldp:BasicContainer ;\n\ttriannon:externalReference <http://purl.stanford.edu/kq131cs7229>
        .\n"
    http_version: 
  recorded_at: Tue, 23 Jun 2015 21:00:00 GMT
- request:
    method: post
    uri: http://localhost:8983/solr/triannon/update?wt=ruby
    body:
      encoding: UTF-8
      string: <?xml version="1.0" encoding="UTF-8"?><add commitWithin="500"><doc><field
        name="id">anno_controller_create_specs/2d/78/72/12/2d787212-0f1d-4e30-a4fc-e7add4d52546</field><field
        name="root">anno_controller_create_specs</field><field name="motivation">commenting</field><field
        name="target_url">http://purl.stanford.edu/kq131cs7229</field><field name="target_type">external_URI</field><field
        name="body_type">content_as_text</field><field name="body_chars_exact">I love
        this!</field><field name="anno_jsonld">{"@context":"http://www.w3.org/ns/oa-context-20130208.json","@graph":[{"@id":"_:g69874184799040","@type":["dctypes:Text","cnt:ContentAsText"],"chars":"I
        love this!"},{"@id":"http://your.triannon-server.com/annotations/anno_controller_create_specs/2d/78/72/12/2d787212-0f1d-4e30-a4fc-e7add4d52546","@type":"oa:Annotation","hasBody":"_:g69874184799040","hasTarget":"http://purl.stanford.edu/kq131cs7229","motivatedBy":"oa:commenting"}]}</field></doc></add>
    headers:
      Content-Type:
      - text/xml
  response:
    status:
      code: 200
      message: OK
    headers:
      Content-Type:
      - text/plain;charset=UTF-8
      Transfer-Encoding:
      - chunked
    body:
      encoding: UTF-8
      string: |
        {'responseHeader'=>{'status'=>0,'QTime'=>3}}
    http_version: 
  recorded_at: Tue, 23 Jun 2015 21:00:00 GMT
recorded_with: VCR 2.9.3
