---
http_interactions:
- request:
    method: post
    uri: http://localhost:8983/fedora/rest/anno
    body:
      encoding: UTF-8
      string: |
        @prefix oa: <http://www.w3.org/ns/oa#> .
        @prefix rdf: <http://www.w3.org/1999/02/22-rdf-syntax-ns#> .

        <> a oa:Annotation .
    headers:
      User-Agent:
      - Faraday v0.9.1
      Prefer:
      - return=respresentation; omit="http://fedora.info/definitions/v4/repository#ServerManaged"
      Content-Type:
      - application/x-turtle
      Accept-Encoding:
      - gzip;q=1.0,deflate;q=0.6,identity;q=0.3
      Accept:
      - "*/*"
  response:
    status:
      code: 201
      message: Created
    headers:
      Etag:
      - '"b714dde7d8c85c07777a1e0104b523894be0c171"'
      Last-Modified:
      - Mon, 27 Apr 2015 19:06:22 GMT
      Content-Length:
      - '75'
      Location:
      - http://localhost:8983/fedora/rest/anno/9343a75f-268a-4e13-bbc8-683b4b3a7af4
      Content-Type:
      - text/plain
    body:
      encoding: UTF-8
      string: http://localhost:8983/fedora/rest/anno/9343a75f-268a-4e13-bbc8-683b4b3a7af4
    http_version: 
  recorded_at: Mon, 27 Apr 2015 19:06:22 GMT
- request:
    method: post
    uri: http://localhost:8983/fedora/rest/anno/9343a75f-268a-4e13-bbc8-683b4b3a7af4
    body:
      encoding: UTF-8
      string: |
        @prefix ldp: <http://www.w3.org/ns/ldp#> .
        @prefix oa: <http://www.w3.org/ns/oa#> .
        @prefix rdf: <http://www.w3.org/1999/02/22-rdf-syntax-ns#> .

        <> a ldp:DirectContainer;
           ldp:hasMemberRelation oa:hasTarget;
           ldp:membershipResource <http://localhost:8983/fedora/rest/anno/9343a75f-268a-4e13-bbc8-683b4b3a7af4> .
    headers:
      User-Agent:
      - Faraday v0.9.1
      Prefer:
      - return=respresentation; omit="http://fedora.info/definitions/v4/repository#ServerManaged"
      Content-Type:
      - application/x-turtle
      Slug:
      - t
      Accept-Encoding:
      - gzip;q=1.0,deflate;q=0.6,identity;q=0.3
      Accept:
      - "*/*"
  response:
    status:
      code: 201
      message: Created
    headers:
      Etag:
      - '"71a9e6e2f73b5525c2a48cde5533c73b63eac1ef"'
      Last-Modified:
      - Mon, 27 Apr 2015 19:06:22 GMT
      Content-Length:
      - '77'
      Location:
      - http://localhost:8983/fedora/rest/anno/9343a75f-268a-4e13-bbc8-683b4b3a7af4/t
      Content-Type:
      - text/plain
    body:
      encoding: UTF-8
      string: http://localhost:8983/fedora/rest/anno/9343a75f-268a-4e13-bbc8-683b4b3a7af4/t
    http_version: 
  recorded_at: Mon, 27 Apr 2015 19:06:22 GMT
- request:
    method: post
    uri: http://localhost:8983/fedora/rest/anno/9343a75f-268a-4e13-bbc8-683b4b3a7af4/t
    body:
      encoding: UTF-8
      string: |
        @prefix oa: <http://www.w3.org/ns/oa#> .
        @prefix rdf: <http://www.w3.org/1999/02/22-rdf-syntax-ns#> .
        @prefix triannon: <http://triannon.stanford.edu/ns/> .
        @prefix xsd: <http://www.w3.org/2001/XMLSchema#> .

        <> a oa:SpecificResource;
           oa:hasSelector [
             a oa:TextQuoteSelector;
             oa:exact "third and fourth Gospels";
             oa:prefix "manuscript which comprised the ";
             oa:suffix " and The Canonical Epistles,"
           ];
           oa:hasSource <#source> .

        <#source> triannon:externalReference <http://purl.stanford.edu/kq131cs7229.html> .
    headers:
      User-Agent:
      - Faraday v0.9.1
      Prefer:
      - return=respresentation; omit="http://fedora.info/definitions/v4/repository#ServerManaged"
      Content-Type:
      - application/x-turtle
      Accept-Encoding:
      - gzip;q=1.0,deflate;q=0.6,identity;q=0.3
      Accept:
      - "*/*"
  response:
    status:
      code: 201
      message: Created
    headers:
      Etag:
      - '"8a4dd72fb2694c7cb8a9e31c9936a7f8dbf828fe"'
      Last-Modified:
      - Mon, 27 Apr 2015 19:06:22 GMT
      Content-Length:
      - '114'
      Location:
      - http://localhost:8983/fedora/rest/anno/9343a75f-268a-4e13-bbc8-683b4b3a7af4/t/b568cbb0-04e8-46a4-ad27-96e5d8ea3e89
      Content-Type:
      - text/plain
    body:
      encoding: UTF-8
      string: http://localhost:8983/fedora/rest/anno/9343a75f-268a-4e13-bbc8-683b4b3a7af4/t/b568cbb0-04e8-46a4-ad27-96e5d8ea3e89
    http_version: 
  recorded_at: Mon, 27 Apr 2015 19:06:22 GMT
- request:
    method: get
    uri: http://localhost:8983/fedora/rest/anno/9343a75f-268a-4e13-bbc8-683b4b3a7af4/t/b568cbb0-04e8-46a4-ad27-96e5d8ea3e89
    body:
      encoding: US-ASCII
      string: ''
    headers:
      User-Agent:
      - Faraday v0.9.1
      Accept:
      - application/x-turtle
      Accept-Encoding:
      - gzip;q=1.0,deflate;q=0.6,identity;q=0.3
  response:
    status:
      code: 200
      message: OK
    headers:
      Etag:
      - '"8a4dd72fb2694c7cb8a9e31c9936a7f8dbf828fe"'
      Last-Modified:
      - Mon, 27 Apr 2015 19:06:22 GMT
      Link:
      - <http://www.w3.org/ns/ldp#DirectContainer>;rel="type"
      - <http://www.w3.org/ns/ldp#Resource>;rel="type"
      Accept-Patch:
      - application/sparql-update
      Accept-Post:
      - text/turtle,text/rdf+n3,application/n3,text/n3,application/rdf+xml,application/n-triples,multipart/form-data,application/sparql-update
      Allow:
      - MOVE,COPY,DELETE,POST,HEAD,GET,PUT,PATCH,OPTIONS
      Vary:
      - Accept, Range, Accept-Encoding, Accept-Language
      Content-Length:
      - '6015'
      Content-Type:
      - application/x-turtle
    body:
      encoding: UTF-8
      string: "@prefix premis: <http://www.loc.gov/premis/rdf/v1#> .\n@prefix fedorarelsext:
        <http://fedora.info/definitions/v4/rels-ext#> .\n@prefix nt: <http://www.jcp.org/jcr/nt/1.0>
        .\n@prefix rdfs: <http://www.w3.org/2000/01/rdf-schema#> .\n@prefix ns001:
        <http://purl.org/dc/elements/1.1/> .\n@prefix xsi: <http://www.w3.org/2001/XMLSchema-instance>
        .\n@prefix mode: <http://www.modeshape.org/1.0> .\n@prefix oa: <http://www.w3.org/ns/oa#>
        .\n@prefix xml: <http://www.w3.org/XML/1998/namespace> .\n@prefix fcrepo:
        <http://fedora.info/definitions/v4/repository#> .\n@prefix fedoraconfig: <http://fedora.info/definitions/v4/config#>
        .\n@prefix mix: <http://www.jcp.org/jcr/mix/1.0> .\n@prefix prov: <http://www.w3.org/ns/prov#>
        .\n@prefix foaf: <http://xmlns.com/foaf/0.1/> .\n@prefix image: <http://www.modeshape.org/images/1.0>
        .\n@prefix sv: <http://www.jcp.org/jcr/sv/1.0> .\n@prefix test: <info:fedora/test/>
        .\n@prefix cnt: <http://www.w3.org/2011/content#> .\n@prefix dcmitype: <http://purl.org/dc/dcmitype/>
        .\n@prefix triannon: <http://triannon.stanford.edu/ns/> .\n@prefix rdf: <http://www.w3.org/1999/02/22-rdf-syntax-ns#>
        .\n@prefix fedora: <http://fedora.info/definitions/v4/rest-api#> .\n@prefix
        ldp: <http://www.w3.org/ns/ldp#> .\n@prefix xs: <http://www.w3.org/2001/XMLSchema>
        .\n@prefix dc: <http://purl.org/dc/terms/> .\n\n\n<http://localhost:8983/fedora/rest/anno/9343a75f-268a-4e13-bbc8-683b4b3a7af4/t/b568cbb0-04e8-46a4-ad27-96e5d8ea3e89>
        ldp:membershipResource <http://localhost:8983/fedora/rest/anno/9343a75f-268a-4e13-bbc8-683b4b3a7af4/t/b568cbb0-04e8-46a4-ad27-96e5d8ea3e89>
        ;\n\tldp:hasMemberRelation ldp:member ;\n\ta ldp:Container , ldp:DirectContainer
        , ldp:RDFSource ;\n\tfcrepo:hasParent <http://localhost:8983/fedora/rest/anno/9343a75f-268a-4e13-bbc8-683b4b3a7af4/t>
        .\n\n<http://localhost:8983/fedora/rest/.well-known/genid/04ff07a7-e7b0-4de5-a882-7cb2b72cc5b5>
        a <http://www.jcp.org/jcr/nt/1.0unstructured> , <http://www.jcp.org/jcr/nt/1.0base>
        , fedora:blanknode , oa:TextQuoteSelector , <http://www.jcp.org/jcr/mix/1.0referenceable>
        ;\n\tfcrepo:uuid \"7c3c7a95-80e9-4396-b4fa-6367394b3c7f\"^^<http://www.w3.org/2001/XMLSchema#string>
        ;\n\tfcrepo:primaryType \"nt:unstructured\"^^<http://www.w3.org/2001/XMLSchema#string>
        ;\n\toa:suffix \" and The Canonical Epistles,\"^^<http://www.w3.org/2001/XMLSchema#string>
        ;\n\tfcrepo:mixinTypes \"fedora:blanknode\"^^<http://www.w3.org/2001/XMLSchema#string>
        , \"oa:TextQuoteSelector\"^^<http://www.w3.org/2001/XMLSchema#string> ;\n\toa:prefix
        \"manuscript which comprised the \"^^<http://www.w3.org/2001/XMLSchema#string>
        ;\n\toa:exact \"third and fourth Gospels\"^^<http://www.w3.org/2001/XMLSchema#string>
        .\n\n<http://localhost:8983/fedora/rest/anno/9343a75f-268a-4e13-bbc8-683b4b3a7af4/t/b568cbb0-04e8-46a4-ad27-96e5d8ea3e89#source>
        a <http://www.jcp.org/jcr/nt/1.0folder> , <http://www.jcp.org/jcr/nt/1.0hierarchyNode>
        , <http://www.jcp.org/jcr/nt/1.0base> , <http://www.jcp.org/jcr/mix/1.0created>
        , fedora:resource , fedora:relations , <http://www.jcp.org/jcr/mix/1.0created>
        , <http://www.jcp.org/jcr/mix/1.0lastModified> , <http://www.jcp.org/jcr/mix/1.0referenceable>
        , fedora:DublinCoreDescribable ;\n\tfcrepo:lastModifiedBy \"bypassAdmin\"^^<http://www.w3.org/2001/XMLSchema#string>
        ;\n\tfcrepo:uuid \"9c014314-61c8-4283-9fc9-de93f46bfaaa\"^^<http://www.w3.org/2001/XMLSchema#string>
        ;\n\tfcrepo:createdBy \"bypassAdmin\"^^<http://www.w3.org/2001/XMLSchema#string>
        ;\n\tfcrepo:primaryType \"nt:folder\"^^<http://www.w3.org/2001/XMLSchema#string>
        ;\n\tfcrepo:created \"2015-04-27T19:06:22.845Z\"^^<http://www.w3.org/2001/XMLSchema#dateTime>
        ;\n\ttriannon:externalReference <http://purl.stanford.edu/kq131cs7229.html>
        ;\n\tfcrepo:mixinTypes \"fedora:resource\"^^<http://www.w3.org/2001/XMLSchema#string>
        ;\n\tfcrepo:lastModified \"2015-04-27T19:06:22.845Z\"^^<http://www.w3.org/2001/XMLSchema#dateTime>
        .\n\n<http://localhost:8983/fedora/rest/anno/9343a75f-268a-4e13-bbc8-683b4b3a7af4/t/b568cbb0-04e8-46a4-ad27-96e5d8ea3e89>
        fedora:writable \"true\"^^<http://www.w3.org/2001/XMLSchema#boolean> ;\n\tfedora:exportsAs
        <http://localhost:8983/fedora/rest/anno/9343a75f-268a-4e13-bbc8-683b4b3a7af4/t/b568cbb0-04e8-46a4-ad27-96e5d8ea3e89/fcr:export?format=jcr/xml>
        .\n\n<http://localhost:8983/fedora/rest/anno/9343a75f-268a-4e13-bbc8-683b4b3a7af4/t/b568cbb0-04e8-46a4-ad27-96e5d8ea3e89/fcr:export?format=jcr/xml>
        ns001:format <http://fedora.info/definitions/v4/repository#jcr/xml> .\n\n<http://fedora.info/definitions/v4/repository#jcr/xml>
        rdfs:label \"jcr/xml\"^^<http://www.w3.org/2001/XMLSchema#string> .\n\n<http://localhost:8983/fedora/rest/anno/9343a75f-268a-4e13-bbc8-683b4b3a7af4/t/b568cbb0-04e8-46a4-ad27-96e5d8ea3e89>
        a <http://www.jcp.org/jcr/nt/1.0folder> , <http://www.jcp.org/jcr/nt/1.0hierarchyNode>
        , <http://www.jcp.org/jcr/nt/1.0base> , <http://www.jcp.org/jcr/mix/1.0created>
        , fedora:resource , oa:SpecificResource , fedora:object , fedora:relations
        , <http://www.jcp.org/jcr/mix/1.0created> , <http://www.jcp.org/jcr/mix/1.0lastModified>
        , <http://www.jcp.org/jcr/mix/1.0referenceable> , fedora:DublinCoreDescribable
        , fedora:resource , ldp:Container ;\n\toa:hasSelector <http://localhost:8983/fedora/rest/.well-known/genid/04ff07a7-e7b0-4de5-a882-7cb2b72cc5b5>
        ;\n\tfcrepo:lastModifiedBy \"bypassAdmin\"^^<http://www.w3.org/2001/XMLSchema#string>
        ;\n\tfcrepo:uuid \"92564c67-3152-4a16-a499-bd1ba8b63d11\"^^<http://www.w3.org/2001/XMLSchema#string>
        ;\n\tfcrepo:createdBy \"bypassAdmin\"^^<http://www.w3.org/2001/XMLSchema#string>
        ;\n\tfcrepo:primaryType \"nt:folder\"^^<http://www.w3.org/2001/XMLSchema#string>
        ;\n\tfcrepo:created \"2015-04-27T19:06:22.845Z\"^^<http://www.w3.org/2001/XMLSchema#dateTime>
        ;\n\tfcrepo:mixinTypes \"fedora:resource\"^^<http://www.w3.org/2001/XMLSchema#string>
        , \"oa:SpecificResource\"^^<http://www.w3.org/2001/XMLSchema#string> , \"fedora:object\"^^<http://www.w3.org/2001/XMLSchema#string>
        ;\n\tfcrepo:lastModified \"2015-04-27T19:06:22.845Z\"^^<http://www.w3.org/2001/XMLSchema#dateTime>
        ;\n\toa:hasSource <http://localhost:8983/fedora/rest/anno/9343a75f-268a-4e13-bbc8-683b4b3a7af4/t/b568cbb0-04e8-46a4-ad27-96e5d8ea3e89#source>
        .\n"
    http_version: 
  recorded_at: Mon, 27 Apr 2015 19:06:22 GMT
- request:
    method: get
    uri: http://localhost:8983/fedora/rest/.well-known/genid/04ff07a7-e7b0-4de5-a882-7cb2b72cc5b5
    body:
      encoding: US-ASCII
      string: ''
    headers:
      User-Agent:
      - Faraday v0.9.1
      Accept:
      - application/x-turtle
      Accept-Encoding:
      - gzip;q=1.0,deflate;q=0.6,identity;q=0.3
  response:
    status:
      code: 200
      message: OK
    headers:
      Link:
      - <http://www.w3.org/ns/ldp#DirectContainer>;rel="type"
      - <http://www.w3.org/ns/ldp#Resource>;rel="type"
      Accept-Patch:
      - application/sparql-update
      Accept-Post:
      - text/turtle,text/rdf+n3,application/n3,text/n3,application/rdf+xml,application/n-triples,multipart/form-data,application/sparql-update
      Allow:
      - MOVE,COPY,DELETE,POST,HEAD,GET,PUT,PATCH,OPTIONS
      Vary:
      - Accept, Range, Accept-Encoding, Accept-Language
      Content-Length:
      - '3462'
      Content-Type:
      - application/x-turtle
    body:
      encoding: UTF-8
      string: "@prefix premis: <http://www.loc.gov/premis/rdf/v1#> .\n@prefix fedorarelsext:
        <http://fedora.info/definitions/v4/rels-ext#> .\n@prefix nt: <http://www.jcp.org/jcr/nt/1.0>
        .\n@prefix rdfs: <http://www.w3.org/2000/01/rdf-schema#> .\n@prefix ns001:
        <http://purl.org/dc/elements/1.1/> .\n@prefix xsi: <http://www.w3.org/2001/XMLSchema-instance>
        .\n@prefix mode: <http://www.modeshape.org/1.0> .\n@prefix oa: <http://www.w3.org/ns/oa#>
        .\n@prefix xml: <http://www.w3.org/XML/1998/namespace> .\n@prefix fcrepo:
        <http://fedora.info/definitions/v4/repository#> .\n@prefix fedoraconfig: <http://fedora.info/definitions/v4/config#>
        .\n@prefix mix: <http://www.jcp.org/jcr/mix/1.0> .\n@prefix prov: <http://www.w3.org/ns/prov#>
        .\n@prefix foaf: <http://xmlns.com/foaf/0.1/> .\n@prefix image: <http://www.modeshape.org/images/1.0>
        .\n@prefix sv: <http://www.jcp.org/jcr/sv/1.0> .\n@prefix test: <info:fedora/test/>
        .\n@prefix cnt: <http://www.w3.org/2011/content#> .\n@prefix dcmitype: <http://purl.org/dc/dcmitype/>
        .\n@prefix triannon: <http://triannon.stanford.edu/ns/> .\n@prefix rdf: <http://www.w3.org/1999/02/22-rdf-syntax-ns#>
        .\n@prefix fedora: <http://fedora.info/definitions/v4/rest-api#> .\n@prefix
        ldp: <http://www.w3.org/ns/ldp#> .\n@prefix xs: <http://www.w3.org/2001/XMLSchema>
        .\n@prefix dc: <http://purl.org/dc/terms/> .\n\n\n<http://localhost:8983/fedora/rest/.well-known/genid/04ff07a7-e7b0-4de5-a882-7cb2b72cc5b5>
        ldp:hasMemberRelation ldp:member ;\n\tldp:membershipResource <http://localhost:8983/fedora/rest/.well-known/genid/04ff07a7-e7b0-4de5-a882-7cb2b72cc5b5>
        ;\n\ta ldp:Container , ldp:DirectContainer , ldp:RDFSource ;\n\tfcrepo:hasParent
        <http://localhost:8983/fedora/rest/.well-known/genid> .\n\n<http://localhost:8983/fedora/rest/anno/9343a75f-268a-4e13-bbc8-683b4b3a7af4/t/b568cbb0-04e8-46a4-ad27-96e5d8ea3e89>
        oa:hasSelector <http://localhost:8983/fedora/rest/.well-known/genid/04ff07a7-e7b0-4de5-a882-7cb2b72cc5b5>
        .\n\n<http://localhost:8983/fedora/rest/.well-known/genid/04ff07a7-e7b0-4de5-a882-7cb2b72cc5b5>
        fedora:writable \"true\"^^<http://www.w3.org/2001/XMLSchema#boolean> .\n\n<http://localhost:8983/fedora/rest/.well-known/genid/04ff07a7-e7b0-4de5-a882-7cb2b72cc5b5/fcr:export?format=jcr/xml>
        ns001:format <http://fedora.info/definitions/v4/repository#jcr/xml> .\n\n<http://localhost:8983/fedora/rest/.well-known/genid/04ff07a7-e7b0-4de5-a882-7cb2b72cc5b5>
        fedora:exportsAs <http://localhost:8983/fedora/rest/.well-known/genid/04ff07a7-e7b0-4de5-a882-7cb2b72cc5b5/fcr:export?format=jcr/xml>
        .\n\n<http://fedora.info/definitions/v4/repository#jcr/xml> rdfs:label \"jcr/xml\"^^<http://www.w3.org/2001/XMLSchema#string>
        .\n\n<http://localhost:8983/fedora/rest/.well-known/genid/04ff07a7-e7b0-4de5-a882-7cb2b72cc5b5>
        a <http://www.jcp.org/jcr/nt/1.0unstructured> , <http://www.jcp.org/jcr/nt/1.0base>
        , fedora:blanknode , oa:TextQuoteSelector , <http://www.jcp.org/jcr/mix/1.0referenceable>
        ;\n\tfcrepo:uuid \"7c3c7a95-80e9-4396-b4fa-6367394b3c7f\"^^<http://www.w3.org/2001/XMLSchema#string>
        ;\n\tfcrepo:primaryType \"nt:unstructured\"^^<http://www.w3.org/2001/XMLSchema#string>
        ;\n\toa:suffix \" and The Canonical Epistles,\"^^<http://www.w3.org/2001/XMLSchema#string>
        ;\n\tfcrepo:mixinTypes \"fedora:blanknode\"^^<http://www.w3.org/2001/XMLSchema#string>
        , \"oa:TextQuoteSelector\"^^<http://www.w3.org/2001/XMLSchema#string> ;\n\toa:prefix
        \"manuscript which comprised the \"^^<http://www.w3.org/2001/XMLSchema#string>
        ;\n\toa:exact \"third and fourth Gospels\"^^<http://www.w3.org/2001/XMLSchema#string>
        .\n"
    http_version: 
  recorded_at: Mon, 27 Apr 2015 19:06:22 GMT
recorded_with: VCR 2.9.3
