---
http_interactions:
- request:
    method: post
    uri: http://localhost:8983/fedora/rest/anno
    body:
      encoding: UTF-8
      string: |
        @prefix openannotation: <http://www.w3.org/ns/oa#> .
        @prefix rdf: <http://www.w3.org/1999/02/22-rdf-syntax-ns#> .

        <> a openannotation:Annotation;
           openannotation:motivatedBy openannotation:commenting .
    headers:
      User-Agent:
      - Faraday v0.9.0
      Content-Type:
      - application/x-turtle
      Accept-Encoding:
      - gzip;q=1.0,deflate;q=0.6,identity;q=0.3
      Accept:
      - "*/*"
  response:
    status:
      code: 201
      message: Created
    headers:
      Etag:
      - "\"c3a6529886573d61f9dfdf1ed6f4439358d9dfcd\""
      Last-Modified:
      - Fri, 07 Nov 2014 02:21:03 GMT
      Content-Length:
      - '75'
      Location:
      - http://localhost:8983/fedora/rest/anno/a0f14103-18a6-41f0-915d-d341f9cd7b41
      Content-Type:
      - text/plain
    body:
      encoding: UTF-8
      string: http://localhost:8983/fedora/rest/anno/a0f14103-18a6-41f0-915d-d341f9cd7b41
    http_version: 
  recorded_at: Fri, 07 Nov 2014 02:21:03 GMT
- request:
    method: post
    uri: http://localhost:8983/fedora/rest/anno/a0f14103-18a6-41f0-915d-d341f9cd7b41
    body:
      encoding: UTF-8
      string: |
        @prefix ldp: <http://www.w3.org/ns/ldp#> .
        @prefix openannotation: <http://www.w3.org/ns/oa#> .
        @prefix rdf: <http://www.w3.org/1999/02/22-rdf-syntax-ns#> .

        <> a ldp:DirectContainer;
           ldp:hasMemberRelation openannotation:hasBody;
           ldp:membershipResource <http://localhost:8983/fedora/rest/anno/a0f14103-18a6-41f0-915d-d341f9cd7b41> .
    headers:
      User-Agent:
      - Faraday v0.9.0
      Content-Type:
      - application/x-turtle
      Slug:
      - b
      Accept-Encoding:
      - gzip;q=1.0,deflate;q=0.6,identity;q=0.3
      Accept:
      - "*/*"
  response:
    status:
      code: 201
      message: Created
    headers:
      Etag:
      - "\"b8a3be48099f1f58194cb0047841f96ce42248f7\""
      Last-Modified:
      - Fri, 07 Nov 2014 02:21:03 GMT
      Content-Length:
      - '77'
      Location:
      - http://localhost:8983/fedora/rest/anno/a0f14103-18a6-41f0-915d-d341f9cd7b41/b
      Content-Type:
      - text/plain
    body:
      encoding: UTF-8
      string: http://localhost:8983/fedora/rest/anno/a0f14103-18a6-41f0-915d-d341f9cd7b41/b
    http_version: 
  recorded_at: Fri, 07 Nov 2014 02:21:03 GMT
- request:
    method: get
    uri: http://localhost:8983/fedora/rest/anno/a0f14103-18a6-41f0-915d-d341f9cd7b41/b
    body:
      encoding: US-ASCII
      string: ''
    headers:
      User-Agent:
      - Faraday v0.9.0
      Accept:
      - application/x-turtle
      Accept-Encoding:
      - gzip;q=1.0,deflate;q=0.6,identity;q=0.3
  response:
    status:
      code: 200
      message: OK
    headers:
      Etag:
      - "\"b8a3be48099f1f58194cb0047841f96ce42248f7\""
      Last-Modified:
      - Fri, 07 Nov 2014 02:21:03 GMT
      Link:
      - "<http://www.w3.org/ns/ldp#DirectContainer>;rel=\"type\""
      - "<http://www.w3.org/ns/ldp#Resource>;rel=\"type\""
      Accept-Patch:
      - application/sparql-update
      Accept-Post:
      - text/turtle,text/rdf+n3,application/n3,text/n3,application/rdf+xml,application/n-triples,multipart/form-data,application/sparql-update
      Allow:
      - MOVE,COPY,DELETE,POST,HEAD,GET,PUT,PATCH,OPTIONS
      Vary:
      - Accept, Range, Accept-Encoding, Accept-Language
      Content-Length:
      - '3448'
      Content-Type:
      - application/x-turtle
    body:
      encoding: UTF-8
      string: "@prefix nt: <http://www.jcp.org/jcr/nt/1.0> .\n@prefix openannotation:
        <http://www.w3.org/ns/oa#> .\n@prefix ns001: <http://purl.org/dc/elements/1.1/>
        .\n@prefix fcrepo: <http://fedora.info/definitions/v4/repository#> .\n@prefix
        test: <info:fedora/test/> .\n@prefix xs: <http://www.w3.org/2001/XMLSchema>
        .\n@prefix mode: <http://www.modeshape.org/1.0> .\n@prefix rdfs: <http://www.w3.org/2000/01/rdf-schema#>
        .\n@prefix rdf: <http://www.w3.org/1999/02/22-rdf-syntax-ns#> .\n@prefix sv:
        <http://www.jcp.org/jcr/sv/1.0> .\n@prefix dc: <http://purl.org/dc/terms/>
        .\n@prefix prov: <http://www.w3.org/ns/prov#> .\n@prefix foaf: <http://xmlns.com/foaf/0.1/>
        .\n@prefix fedoraconfig: <http://fedora.info/definitions/v4/config#> .\n@prefix
        dcmitype: <http://purl.org/dc/dcmitype/> .\n@prefix image: <http://www.modeshape.org/images/1.0>
        .\n@prefix xml: <http://www.w3.org/XML/1998/namespace> .\n@prefix fedorarelsext:
        <http://fedora.info/definitions/v4/rels-ext#> .\n@prefix mix: <http://www.jcp.org/jcr/mix/1.0>
        .\n@prefix premis: <http://www.loc.gov/premis/rdf/v1#> .\n@prefix content:
        <http://www.w3.org/2011/content#> .\n@prefix triannon: <http://triannon.stanford.edu/ns/>
        .\n@prefix xsi: <http://www.w3.org/2001/XMLSchema-instance> .\n@prefix fedora:
        <http://fedora.info/definitions/v4/rest-api#> .\n@prefix ldp: <http://www.w3.org/ns/ldp#>
        .\n\n\n<http://localhost:8983/fedora/rest/anno/a0f14103-18a6-41f0-915d-d341f9cd7b41/b>
        a ldp:Container , ldp:DirectContainer , ldp:RDFSource ;\n\tfcrepo:hasParent
        <http://localhost:8983/fedora/rest/anno/a0f14103-18a6-41f0-915d-d341f9cd7b41>
        ;\n\tfedora:writable \"true\"^^<http://www.w3.org/2001/XMLSchema#boolean>
        .\n\n<http://localhost:8983/fedora/rest/anno/a0f14103-18a6-41f0-915d-d341f9cd7b41/b/fcr:export?format=jcr/xml>
        ns001:format <http://fedora.info/definitions/v4/repository#jcr/xml> .\n\n<http://localhost:8983/fedora/rest/anno/a0f14103-18a6-41f0-915d-d341f9cd7b41/b>
        fedora:exportsAs <http://localhost:8983/fedora/rest/anno/a0f14103-18a6-41f0-915d-d341f9cd7b41/b/fcr:export?format=jcr/xml>
        .\n\n<http://fedora.info/definitions/v4/repository#jcr/xml> rdfs:label \"jcr/xml\"^^<http://www.w3.org/2001/XMLSchema#string>
        .\n\n<http://localhost:8983/fedora/rest/anno/a0f14103-18a6-41f0-915d-d341f9cd7b41/b>
        a <http://www.jcp.org/jcr/nt/1.0folder> , <http://www.jcp.org/jcr/nt/1.0hierarchyNode>
        , <http://www.jcp.org/jcr/nt/1.0base> , <http://www.jcp.org/jcr/mix/1.0created>
        , fedora:resource , fedora:object , fedora:relations , <http://www.jcp.org/jcr/mix/1.0created>
        , <http://www.jcp.org/jcr/mix/1.0lastModified> , <http://www.jcp.org/jcr/mix/1.0referenceable>
        , fedora:DublinCoreDescribable , fedora:resource , ldp:Container ;\n\tfcrepo:primaryType
        \"nt:folder\"^^<http://www.w3.org/2001/XMLSchema#string> ;\n\tldp:membershipResource
        <http://localhost:8983/fedora/rest/anno/a0f14103-18a6-41f0-915d-d341f9cd7b41>
        ;\n\tfcrepo:created \"2014-11-07T02:21:03.926Z\"^^<http://www.w3.org/2001/XMLSchema#dateTime>
        ;\n\tfcrepo:lastModified \"2014-11-07T02:21:03.926Z\"^^<http://www.w3.org/2001/XMLSchema#dateTime>
        ;\n\tfcrepo:mixinTypes \"fedora:resource\"^^<http://www.w3.org/2001/XMLSchema#string>
        , \"fedora:object\"^^<http://www.w3.org/2001/XMLSchema#string> ;\n\tldp:hasMemberRelation
        openannotation:hasBody ;\n\tfcrepo:lastModifiedBy \"bypassAdmin\"^^<http://www.w3.org/2001/XMLSchema#string>
        ;\n\tfcrepo:uuid \"6c3ceff0-4e13-4878-85f8-ae0b5c650fad\"^^<http://www.w3.org/2001/XMLSchema#string>
        ;\n\tfcrepo:createdBy \"bypassAdmin\"^^<http://www.w3.org/2001/XMLSchema#string>
        .\n"
    http_version: 
  recorded_at: Fri, 07 Nov 2014 02:21:03 GMT
recorded_with: VCR 2.9.3
