---
http_interactions:
- request:
    method: post
    uri: http://localhost:8983/fedora/rest/anno
    body:
      encoding: UTF-8
      string: |
        @prefix openannotation: <http://www.w3.org/ns/oa#> .
        @prefix rdf: <http://www.w3.org/1999/02/22-rdf-syntax-ns#> .

        <> a openannotation:Annotation;
           openannotation:motivatedBy openannotation:commenting .
    headers:
      User-Agent:
      - Faraday v0.9.0
      Content-Type:
      - application/x-turtle
      Accept-Encoding:
      - gzip;q=1.0,deflate;q=0.6,identity;q=0.3
      Accept:
      - "*/*"
  response:
    status:
      code: 201
      message: Created
    headers:
      Etag:
      - "\"362eb2df2d574bdcc5f9b7181848c6bbad88e6f5\""
      Last-Modified:
      - Fri, 24 Oct 2014 21:08:50 GMT
      Content-Length:
      - '75'
      Location:
      - http://localhost:8983/fedora/rest/anno/ddf2518c-a7fc-44d8-947a-bb3b769657e3
      Content-Type:
      - text/plain
    body:
      encoding: UTF-8
      string: http://localhost:8983/fedora/rest/anno/ddf2518c-a7fc-44d8-947a-bb3b769657e3
    http_version: 
  recorded_at: Fri, 24 Oct 2014 21:08:50 GMT
- request:
    method: post
    uri: http://localhost:8983/fedora/rest/anno/ddf2518c-a7fc-44d8-947a-bb3b769657e3
    body:
      encoding: UTF-8
      string: |
        @prefix ldp: <http://www.w3.org/ns/ldp#> .
        @prefix openannotation: <http://www.w3.org/ns/oa#> .
        @prefix rdf: <http://www.w3.org/1999/02/22-rdf-syntax-ns#> .

        <> a ldp:DirectContainer;
           ldp:hasMemberRelation openannotation:hasBody;
           ldp:membershipResource <http://localhost:8983/fedora/rest/anno/ddf2518c-a7fc-44d8-947a-bb3b769657e3> .
    headers:
      User-Agent:
      - Faraday v0.9.0
      Content-Type:
      - application/x-turtle
      Slug:
      - b
      Accept-Encoding:
      - gzip;q=1.0,deflate;q=0.6,identity;q=0.3
      Accept:
      - "*/*"
  response:
    status:
      code: 201
      message: Created
    headers:
      Etag:
      - "\"b75abd9f4ff34c27aacd6f118ca67b72554f39b7\""
      Last-Modified:
      - Fri, 24 Oct 2014 21:08:50 GMT
      Content-Length:
      - '77'
      Location:
      - http://localhost:8983/fedora/rest/anno/ddf2518c-a7fc-44d8-947a-bb3b769657e3/b
      Content-Type:
      - text/plain
    body:
      encoding: UTF-8
      string: http://localhost:8983/fedora/rest/anno/ddf2518c-a7fc-44d8-947a-bb3b769657e3/b
    http_version: 
  recorded_at: Fri, 24 Oct 2014 21:08:50 GMT
- request:
    method: post
    uri: http://localhost:8983/fedora/rest/anno/ddf2518c-a7fc-44d8-947a-bb3b769657e3/b
    body:
      encoding: UTF-8
      string: |
        @prefix content: <http://www.w3.org/2011/content#> .
        @prefix dc11: <http://purl.org/dc/elements/1.1/> .
        @prefix dcmitype: <http://purl.org/dc/dcmitype/> .
        @prefix openannotation: <http://www.w3.org/ns/oa#> .
        @prefix rdf: <http://www.w3.org/1999/02/22-rdf-syntax-ns#> .
        @prefix xsd: <http://www.w3.org/2001/XMLSchema#> .

        <> a openannotation:Choice;
           openannotation:default [
             a content:ContentAsText,
               dcmitype:Text;
             dc11:language "en";
             content:chars "I love this Englishly!"
           ];
           openannotation:item [
             a content:ContentAsText,
               dcmitype:Text;
             dc11:language "fr";
             content:chars "Je l'aime en Francais!"
           ] .
    headers:
      User-Agent:
      - Faraday v0.9.0
      Content-Type:
      - application/x-turtle
      Accept-Encoding:
      - gzip;q=1.0,deflate;q=0.6,identity;q=0.3
      Accept:
      - "*/*"
  response:
    status:
      code: 201
      message: Created
    headers:
      Etag:
      - "\"21a0023ff02f55cb814451d4fcc6899b4599f394\""
      Last-Modified:
      - Fri, 24 Oct 2014 21:08:50 GMT
      Content-Length:
      - '114'
      Location:
      - http://localhost:8983/fedora/rest/anno/ddf2518c-a7fc-44d8-947a-bb3b769657e3/b/cfa994d6-a931-4e9d-9048-ed9c9937bebc
      Content-Type:
      - text/plain
    body:
      encoding: UTF-8
      string: http://localhost:8983/fedora/rest/anno/ddf2518c-a7fc-44d8-947a-bb3b769657e3/b/cfa994d6-a931-4e9d-9048-ed9c9937bebc
    http_version: 
  recorded_at: Fri, 24 Oct 2014 21:08:50 GMT
- request:
    method: get
    uri: http://localhost:8983/fedora/rest/anno/ddf2518c-a7fc-44d8-947a-bb3b769657e3/b/cfa994d6-a931-4e9d-9048-ed9c9937bebc
    body:
      encoding: US-ASCII
      string: ''
    headers:
      User-Agent:
      - Faraday v0.9.0
      Accept:
      - application/x-turtle
      Accept-Encoding:
      - gzip;q=1.0,deflate;q=0.6,identity;q=0.3
  response:
    status:
      code: 200
      message: OK
    headers:
      Etag:
      - "\"21a0023ff02f55cb814451d4fcc6899b4599f394\""
      Last-Modified:
      - Fri, 24 Oct 2014 21:08:50 GMT
      Link:
      - "<http://www.w3.org/ns/ldp#DirectContainer>;rel=\"type\""
      - "<http://www.w3.org/ns/ldp#Resource>;rel=\"type\""
      Accept-Patch:
      - application/sparql-update
      Accept-Post:
      - text/turtle,text/rdf+n3,application/n3,text/n3,application/rdf+xml,application/n-triples,multipart/form-data,application/sparql-update
      Allow:
      - MOVE,COPY,DELETE,POST,HEAD,GET,PUT,PATCH,OPTIONS
      Vary:
      - Accept, Range, Accept-Encoding, Accept-Language
      Content-Length:
      - '3838'
      Content-Type:
      - application/x-turtle
    body:
      encoding: UTF-8
      string: "@prefix dc: <http://purl.org/dc/elements/1.1/> .\n@prefix openannotation:
        <http://www.w3.org/ns/oa#> .\n@prefix nt: <http://www.jcp.org/jcr/nt/1.0>
        .\n@prefix foaf: <http://xmlns.com/foaf/0.1/> .\n@prefix fcrepo: <http://fedora.info/definitions/v4/repository#>
        .\n@prefix test: <info:fedora/test/> .\n@prefix fedoraconfig: <http://fedora.info/definitions/v4/config#>
        .\n@prefix dcmitype: <http://purl.org/dc/dcmitype/> .\n@prefix image: <http://www.modeshape.org/images/1.0>
        .\n@prefix xs: <http://www.w3.org/2001/XMLSchema> .\n@prefix xml: <http://www.w3.org/XML/1998/namespace>
        .\n@prefix fedorarelsext: <http://fedora.info/definitions/v4/rels-ext#> .\n@prefix
        mix: <http://www.jcp.org/jcr/mix/1.0> .\n@prefix premis: <http://www.loc.gov/premis/rdf/v1#>
        .\n@prefix mode: <http://www.modeshape.org/1.0> .\n@prefix content: <http://www.w3.org/2011/content#>
        .\n@prefix rdfs: <http://www.w3.org/2000/01/rdf-schema#> .\n@prefix rdf: <http://www.w3.org/1999/02/22-rdf-syntax-ns#>
        .\n@prefix sv: <http://www.jcp.org/jcr/sv/1.0> .\n@prefix fedora: <http://fedora.info/definitions/v4/rest-api#>
        .\n@prefix xsi: <http://www.w3.org/2001/XMLSchema-instance> .\n@prefix ldp:
        <http://www.w3.org/ns/ldp#> .\n\n\n<http://localhost:8983/fedora/rest/anno/ddf2518c-a7fc-44d8-947a-bb3b769657e3/b/cfa994d6-a931-4e9d-9048-ed9c9937bebc>
        ldp:hasMemberRelation ldp:member ;\n\tldp:membershipResource <http://localhost:8983/fedora/rest/anno/ddf2518c-a7fc-44d8-947a-bb3b769657e3/b/cfa994d6-a931-4e9d-9048-ed9c9937bebc>
        ;\n\ta ldp:Container , ldp:DirectContainer , ldp:RDFSource ;\n\tfcrepo:hasParent
        <http://localhost:8983/fedora/rest/anno/ddf2518c-a7fc-44d8-947a-bb3b769657e3/b>
        ;\n\tfedora:writable \"true\"^^<http://www.w3.org/2001/XMLSchema#boolean>
        .\n\n<http://localhost:8983/fedora/rest/anno/ddf2518c-a7fc-44d8-947a-bb3b769657e3/b/cfa994d6-a931-4e9d-9048-ed9c9937bebc/fcr:export?format=jcr/xml>
        dc:format <http://fedora.info/definitions/v4/repository#jcr/xml> .\n\n<http://localhost:8983/fedora/rest/anno/ddf2518c-a7fc-44d8-947a-bb3b769657e3/b/cfa994d6-a931-4e9d-9048-ed9c9937bebc>
        fedora:exportsAs <http://localhost:8983/fedora/rest/anno/ddf2518c-a7fc-44d8-947a-bb3b769657e3/b/cfa994d6-a931-4e9d-9048-ed9c9937bebc/fcr:export?format=jcr/xml>
        .\n\n<http://fedora.info/definitions/v4/repository#jcr/xml> rdfs:label \"jcr/xml\"^^<http://www.w3.org/2001/XMLSchema#string>
        .\n\n<http://localhost:8983/fedora/rest/anno/ddf2518c-a7fc-44d8-947a-bb3b769657e3/b/cfa994d6-a931-4e9d-9048-ed9c9937bebc>
        a <http://www.jcp.org/jcr/nt/1.0folder> , <http://www.jcp.org/jcr/nt/1.0hierarchyNode>
        , <http://www.jcp.org/jcr/nt/1.0base> , <http://www.jcp.org/jcr/mix/1.0created>
        , fedora:resource , openannotation:Choice , fedora:object , fedora:relations
        , <http://www.jcp.org/jcr/mix/1.0created> , <http://www.jcp.org/jcr/mix/1.0lastModified>
        , <http://www.jcp.org/jcr/mix/1.0referenceable> , fedora:DublinCoreDescribable
        , fedora:resource , ldp:Container ;\n\tfcrepo:primaryType \"nt:folder\"^^<http://www.w3.org/2001/XMLSchema#string>
        ;\n\tfcrepo:created \"2014-10-24T21:08:50.606Z\"^^<http://www.w3.org/2001/XMLSchema#dateTime>
        ;\n\tfcrepo:lastModified \"2014-10-24T21:08:50.606Z\"^^<http://www.w3.org/2001/XMLSchema#dateTime>
        ;\n\tfcrepo:mixinTypes \"fedora:resource\"^^<http://www.w3.org/2001/XMLSchema#string>
        , \"openannotation:Choice\"^^<http://www.w3.org/2001/XMLSchema#string> , \"fedora:object\"^^<http://www.w3.org/2001/XMLSchema#string>
        ;\n\tfcrepo:lastModifiedBy \"bypassAdmin\"^^<http://www.w3.org/2001/XMLSchema#string>
        ;\n\tfcrepo:uuid \"b792fc91-9c29-44a4-8a04-a1fe5b067b12\"^^<http://www.w3.org/2001/XMLSchema#string>
        ;\n\topenannotation:default <http://localhost:8983/fedora/rest/.well-known/genid/52a55362-e1d4-4bf9-a4a1-a418732e4ee0>
        ;\n\tfcrepo:createdBy \"bypassAdmin\"^^<http://www.w3.org/2001/XMLSchema#string>
        ;\n\topenannotation:item <http://localhost:8983/fedora/rest/.well-known/genid/ea9836bb-0edd-4b46-994e-980502b528f0>
        .\n"
    http_version: 
  recorded_at: Fri, 24 Oct 2014 21:08:50 GMT
- request:
    method: get
    uri: http://localhost:8983/fedora/rest/.well-known/genid/52a55362-e1d4-4bf9-a4a1-a418732e4ee0
    body:
      encoding: US-ASCII
      string: ''
    headers:
      User-Agent:
      - Faraday v0.9.0
      Accept:
      - application/x-turtle
      Accept-Encoding:
      - gzip;q=1.0,deflate;q=0.6,identity;q=0.3
  response:
    status:
      code: 200
      message: OK
    headers:
      Link:
      - "<http://www.w3.org/ns/ldp#DirectContainer>;rel=\"type\""
      - "<http://www.w3.org/ns/ldp#Resource>;rel=\"type\""
      Accept-Patch:
      - application/sparql-update
      Accept-Post:
      - text/turtle,text/rdf+n3,application/n3,text/n3,application/rdf+xml,application/n-triples,multipart/form-data,application/sparql-update
      Allow:
      - MOVE,COPY,DELETE,POST,HEAD,GET,PUT,PATCH,OPTIONS
      Vary:
      - Accept, Range, Accept-Encoding, Accept-Language
      Content-Length:
      - '3215'
      Content-Type:
      - application/x-turtle
    body:
      encoding: UTF-8
      string: "@prefix dc: <http://purl.org/dc/elements/1.1/> .\n@prefix openannotation:
        <http://www.w3.org/ns/oa#> .\n@prefix nt: <http://www.jcp.org/jcr/nt/1.0>
        .\n@prefix foaf: <http://xmlns.com/foaf/0.1/> .\n@prefix fcrepo: <http://fedora.info/definitions/v4/repository#>
        .\n@prefix test: <info:fedora/test/> .\n@prefix fedoraconfig: <http://fedora.info/definitions/v4/config#>
        .\n@prefix dcmitype: <http://purl.org/dc/dcmitype/> .\n@prefix image: <http://www.modeshape.org/images/1.0>
        .\n@prefix xs: <http://www.w3.org/2001/XMLSchema> .\n@prefix xml: <http://www.w3.org/XML/1998/namespace>
        .\n@prefix fedorarelsext: <http://fedora.info/definitions/v4/rels-ext#> .\n@prefix
        mix: <http://www.jcp.org/jcr/mix/1.0> .\n@prefix premis: <http://www.loc.gov/premis/rdf/v1#>
        .\n@prefix mode: <http://www.modeshape.org/1.0> .\n@prefix content: <http://www.w3.org/2011/content#>
        .\n@prefix rdfs: <http://www.w3.org/2000/01/rdf-schema#> .\n@prefix rdf: <http://www.w3.org/1999/02/22-rdf-syntax-ns#>
        .\n@prefix sv: <http://www.jcp.org/jcr/sv/1.0> .\n@prefix fedora: <http://fedora.info/definitions/v4/rest-api#>
        .\n@prefix xsi: <http://www.w3.org/2001/XMLSchema-instance> .\n@prefix ldp:
        <http://www.w3.org/ns/ldp#> .\n\n\n<http://localhost:8983/fedora/rest/.well-known/genid/52a55362-e1d4-4bf9-a4a1-a418732e4ee0>
        ldp:membershipResource <http://localhost:8983/fedora/rest/.well-known/genid/52a55362-e1d4-4bf9-a4a1-a418732e4ee0>
        ;\n\tldp:hasMemberRelation ldp:member ;\n\ta ldp:Container , ldp:DirectContainer
        , ldp:RDFSource ;\n\tfcrepo:hasParent <http://localhost:8983/fedora/rest/.well-known/genid>
        .\n\n<http://localhost:8983/fedora/rest/anno/ddf2518c-a7fc-44d8-947a-bb3b769657e3/b/cfa994d6-a931-4e9d-9048-ed9c9937bebc>
        openannotation:default <http://localhost:8983/fedora/rest/.well-known/genid/52a55362-e1d4-4bf9-a4a1-a418732e4ee0>
        .\n\n<http://localhost:8983/fedora/rest/.well-known/genid/52a55362-e1d4-4bf9-a4a1-a418732e4ee0>
        fedora:writable \"true\"^^<http://www.w3.org/2001/XMLSchema#boolean> ;\n\tfedora:exportsAs
        <http://localhost:8983/fedora/rest/.well-known/genid/52a55362-e1d4-4bf9-a4a1-a418732e4ee0/fcr:export?format=jcr/xml>
        .\n\n<http://localhost:8983/fedora/rest/.well-known/genid/52a55362-e1d4-4bf9-a4a1-a418732e4ee0/fcr:export?format=jcr/xml>
        dc:format <http://fedora.info/definitions/v4/repository#jcr/xml> .\n\n<http://fedora.info/definitions/v4/repository#jcr/xml>
        rdfs:label \"jcr/xml\"^^<http://www.w3.org/2001/XMLSchema#string> .\n\n<http://localhost:8983/fedora/rest/.well-known/genid/52a55362-e1d4-4bf9-a4a1-a418732e4ee0>
        a <http://www.jcp.org/jcr/nt/1.0unstructured> , <http://www.jcp.org/jcr/nt/1.0base>
        , dcmitype:Text , fedora:blanknode , content:ContentAsText , <http://www.jcp.org/jcr/mix/1.0referenceable>
        ;\n\tfcrepo:primaryType \"nt:unstructured\"^^<http://www.w3.org/2001/XMLSchema#string>
        ;\n\tcontent:chars \"I love this Englishly!\"^^<http://www.w3.org/2001/XMLSchema#string>
        ;\n\tfcrepo:mixinTypes \"dcmitype:Text\"^^<http://www.w3.org/2001/XMLSchema#string>
        , \"fedora:blanknode\"^^<http://www.w3.org/2001/XMLSchema#string> , \"content:ContentAsText\"^^<http://www.w3.org/2001/XMLSchema#string>
        ;\n\tdc:language \"en\"^^<http://www.w3.org/2001/XMLSchema#string> ;\n\tfcrepo:uuid
        \"9a443048-47ab-45b7-a93f-98d38c817734\"^^<http://www.w3.org/2001/XMLSchema#string>
        .\n"
    http_version: 
  recorded_at: Fri, 24 Oct 2014 21:08:50 GMT
- request:
    method: get
    uri: http://localhost:8983/fedora/rest/.well-known/genid/ea9836bb-0edd-4b46-994e-980502b528f0
    body:
      encoding: US-ASCII
      string: ''
    headers:
      User-Agent:
      - Faraday v0.9.0
      Accept:
      - application/x-turtle
      Accept-Encoding:
      - gzip;q=1.0,deflate;q=0.6,identity;q=0.3
  response:
    status:
      code: 200
      message: OK
    headers:
      Link:
      - "<http://www.w3.org/ns/ldp#DirectContainer>;rel=\"type\""
      - "<http://www.w3.org/ns/ldp#Resource>;rel=\"type\""
      Accept-Patch:
      - application/sparql-update
      Accept-Post:
      - text/turtle,text/rdf+n3,application/n3,text/n3,application/rdf+xml,application/n-triples,multipart/form-data,application/sparql-update
      Allow:
      - MOVE,COPY,DELETE,POST,HEAD,GET,PUT,PATCH,OPTIONS
      Vary:
      - Accept, Range, Accept-Encoding, Accept-Language
      Content-Length:
      - '3212'
      Content-Type:
      - application/x-turtle
    body:
      encoding: UTF-8
      string: "@prefix dc: <http://purl.org/dc/elements/1.1/> .\n@prefix openannotation:
        <http://www.w3.org/ns/oa#> .\n@prefix nt: <http://www.jcp.org/jcr/nt/1.0>
        .\n@prefix foaf: <http://xmlns.com/foaf/0.1/> .\n@prefix fcrepo: <http://fedora.info/definitions/v4/repository#>
        .\n@prefix test: <info:fedora/test/> .\n@prefix fedoraconfig: <http://fedora.info/definitions/v4/config#>
        .\n@prefix dcmitype: <http://purl.org/dc/dcmitype/> .\n@prefix image: <http://www.modeshape.org/images/1.0>
        .\n@prefix xs: <http://www.w3.org/2001/XMLSchema> .\n@prefix xml: <http://www.w3.org/XML/1998/namespace>
        .\n@prefix fedorarelsext: <http://fedora.info/definitions/v4/rels-ext#> .\n@prefix
        mix: <http://www.jcp.org/jcr/mix/1.0> .\n@prefix premis: <http://www.loc.gov/premis/rdf/v1#>
        .\n@prefix mode: <http://www.modeshape.org/1.0> .\n@prefix content: <http://www.w3.org/2011/content#>
        .\n@prefix rdfs: <http://www.w3.org/2000/01/rdf-schema#> .\n@prefix rdf: <http://www.w3.org/1999/02/22-rdf-syntax-ns#>
        .\n@prefix sv: <http://www.jcp.org/jcr/sv/1.0> .\n@prefix fedora: <http://fedora.info/definitions/v4/rest-api#>
        .\n@prefix xsi: <http://www.w3.org/2001/XMLSchema-instance> .\n@prefix ldp:
        <http://www.w3.org/ns/ldp#> .\n\n\n<http://localhost:8983/fedora/rest/.well-known/genid/ea9836bb-0edd-4b46-994e-980502b528f0>
        ldp:hasMemberRelation ldp:member ;\n\tldp:membershipResource <http://localhost:8983/fedora/rest/.well-known/genid/ea9836bb-0edd-4b46-994e-980502b528f0>
        ;\n\ta ldp:Container , ldp:DirectContainer , ldp:RDFSource ;\n\tfcrepo:hasParent
        <http://localhost:8983/fedora/rest/.well-known/genid> .\n\n<http://localhost:8983/fedora/rest/anno/ddf2518c-a7fc-44d8-947a-bb3b769657e3/b/cfa994d6-a931-4e9d-9048-ed9c9937bebc>
        openannotation:item <http://localhost:8983/fedora/rest/.well-known/genid/ea9836bb-0edd-4b46-994e-980502b528f0>
        .\n\n<http://localhost:8983/fedora/rest/.well-known/genid/ea9836bb-0edd-4b46-994e-980502b528f0>
        fedora:writable \"true\"^^<http://www.w3.org/2001/XMLSchema#boolean> .\n\n<http://localhost:8983/fedora/rest/.well-known/genid/ea9836bb-0edd-4b46-994e-980502b528f0/fcr:export?format=jcr/xml>
        dc:format <http://fedora.info/definitions/v4/repository#jcr/xml> .\n\n<http://fedora.info/definitions/v4/repository#jcr/xml>
        rdfs:label \"jcr/xml\"^^<http://www.w3.org/2001/XMLSchema#string> .\n\n<http://localhost:8983/fedora/rest/.well-known/genid/ea9836bb-0edd-4b46-994e-980502b528f0>
        fedora:exportsAs <http://localhost:8983/fedora/rest/.well-known/genid/ea9836bb-0edd-4b46-994e-980502b528f0/fcr:export?format=jcr/xml>
        ;\n\ta <http://www.jcp.org/jcr/nt/1.0unstructured> , <http://www.jcp.org/jcr/nt/1.0base>
        , dcmitype:Text , fedora:blanknode , content:ContentAsText , <http://www.jcp.org/jcr/mix/1.0referenceable>
        ;\n\tfcrepo:primaryType \"nt:unstructured\"^^<http://www.w3.org/2001/XMLSchema#string>
        ;\n\tcontent:chars \"Je l'aime en Francais!\"^^<http://www.w3.org/2001/XMLSchema#string>
        ;\n\tfcrepo:mixinTypes \"dcmitype:Text\"^^<http://www.w3.org/2001/XMLSchema#string>
        , \"fedora:blanknode\"^^<http://www.w3.org/2001/XMLSchema#string> , \"content:ContentAsText\"^^<http://www.w3.org/2001/XMLSchema#string>
        ;\n\tdc:language \"fr\"^^<http://www.w3.org/2001/XMLSchema#string> ;\n\tfcrepo:uuid
        \"536991cd-19df-471a-a11e-12fd8dbd62e8\"^^<http://www.w3.org/2001/XMLSchema#string>
        .\n"
    http_version: 
  recorded_at: Fri, 24 Oct 2014 21:08:50 GMT
recorded_with: VCR 2.9.3
