---
http_interactions:
- request:
    method: post
    uri: http://localhost:8983/fedora/rest/anno
    body:
      encoding: UTF-8
      string: |
        @prefix openannotation: <http://www.w3.org/ns/oa#> .
        @prefix rdf: <http://www.w3.org/1999/02/22-rdf-syntax-ns#> .

        <> a openannotation:Annotation;
           openannotation:motivatedBy openannotation:commenting .
    headers:
      User-Agent:
      - Faraday v0.9.0
      Content-Type:
      - application/x-turtle
      Accept-Encoding:
      - gzip;q=1.0,deflate;q=0.6,identity;q=0.3
      Accept:
      - "*/*"
  response:
    status:
      code: 201
      message: Created
    headers:
      Etag:
      - "\"1b49930f23a52d2059014ed57c5610d165633045\""
      Last-Modified:
      - Fri, 24 Oct 2014 21:34:15 GMT
      Content-Length:
      - '75'
      Location:
      - http://localhost:8983/fedora/rest/anno/2d9edb93-f719-4f84-8b55-a0306c5c16c1
      Content-Type:
      - text/plain
    body:
      encoding: UTF-8
      string: http://localhost:8983/fedora/rest/anno/2d9edb93-f719-4f84-8b55-a0306c5c16c1
    http_version: 
  recorded_at: Fri, 24 Oct 2014 21:34:15 GMT
- request:
    method: post
    uri: http://localhost:8983/fedora/rest/anno/2d9edb93-f719-4f84-8b55-a0306c5c16c1
    body:
      encoding: UTF-8
      string: |
        @prefix ldp: <http://www.w3.org/ns/ldp#> .
        @prefix openannotation: <http://www.w3.org/ns/oa#> .
        @prefix rdf: <http://www.w3.org/1999/02/22-rdf-syntax-ns#> .

        <> a ldp:DirectContainer;
           ldp:hasMemberRelation openannotation:hasBody;
           ldp:membershipResource <http://localhost:8983/fedora/rest/anno/2d9edb93-f719-4f84-8b55-a0306c5c16c1> .
    headers:
      User-Agent:
      - Faraday v0.9.0
      Content-Type:
      - application/x-turtle
      Slug:
      - b
      Accept-Encoding:
      - gzip;q=1.0,deflate;q=0.6,identity;q=0.3
      Accept:
      - "*/*"
  response:
    status:
      code: 201
      message: Created
    headers:
      Etag:
      - "\"2884534ddd72914fbf04b857be2f18ca03ad5006\""
      Last-Modified:
      - Fri, 24 Oct 2014 21:34:15 GMT
      Content-Length:
      - '77'
      Location:
      - http://localhost:8983/fedora/rest/anno/2d9edb93-f719-4f84-8b55-a0306c5c16c1/b
      Content-Type:
      - text/plain
    body:
      encoding: UTF-8
      string: http://localhost:8983/fedora/rest/anno/2d9edb93-f719-4f84-8b55-a0306c5c16c1/b
    http_version: 
  recorded_at: Fri, 24 Oct 2014 21:34:15 GMT
- request:
    method: post
    uri: http://localhost:8983/fedora/rest/anno/2d9edb93-f719-4f84-8b55-a0306c5c16c1/b
    body:
      encoding: UTF-8
      string: |
        @prefix openannotation: <http://www.w3.org/ns/oa#> .
        @prefix rdf: <http://www.w3.org/1999/02/22-rdf-syntax-ns#> .
        @prefix triannon: <http://triannon.stanford.edu/ns/> .

        <> a openannotation:SemanticTag;
           triannon:externalReference <http://dbpedia.org/resource/Love> .
    headers:
      User-Agent:
      - Faraday v0.9.0
      Content-Type:
      - application/x-turtle
      Accept-Encoding:
      - gzip;q=1.0,deflate;q=0.6,identity;q=0.3
      Accept:
      - "*/*"
  response:
    status:
      code: 201
      message: Created
    headers:
      Etag:
      - "\"871cb483a67f75b2ff914b65c84e8a6b82267516\""
      Last-Modified:
      - Fri, 24 Oct 2014 21:34:15 GMT
      Content-Length:
      - '114'
      Location:
      - http://localhost:8983/fedora/rest/anno/2d9edb93-f719-4f84-8b55-a0306c5c16c1/b/dc974d21-9c74-4030-99e2-c3d5ef9249ae
      Content-Type:
      - text/plain
    body:
      encoding: UTF-8
      string: http://localhost:8983/fedora/rest/anno/2d9edb93-f719-4f84-8b55-a0306c5c16c1/b/dc974d21-9c74-4030-99e2-c3d5ef9249ae
    http_version: 
  recorded_at: Fri, 24 Oct 2014 21:34:15 GMT
- request:
    method: post
    uri: http://localhost:8983/fedora/rest/anno/2d9edb93-f719-4f84-8b55-a0306c5c16c1/b
    body:
      encoding: UTF-8
      string: |
        @prefix dcmitype: <http://purl.org/dc/dcmitype/> .
        @prefix rdf: <http://www.w3.org/1999/02/22-rdf-syntax-ns#> .
        @prefix triannon: <http://triannon.stanford.edu/ns/> .

        <> a dcmitype:Sound;
           triannon:externalReference <http://www.example.org/comment.mp3> .
    headers:
      User-Agent:
      - Faraday v0.9.0
      Content-Type:
      - application/x-turtle
      Accept-Encoding:
      - gzip;q=1.0,deflate;q=0.6,identity;q=0.3
      Accept:
      - "*/*"
  response:
    status:
      code: 201
      message: Created
    headers:
      Etag:
      - "\"b19fa6b133805988c5418ba7e57306ea17919529\""
      Last-Modified:
      - Fri, 24 Oct 2014 21:34:15 GMT
      Content-Length:
      - '114'
      Location:
      - http://localhost:8983/fedora/rest/anno/2d9edb93-f719-4f84-8b55-a0306c5c16c1/b/49e479e1-c3ac-417a-962f-d344973c5159
      Content-Type:
      - text/plain
    body:
      encoding: UTF-8
      string: http://localhost:8983/fedora/rest/anno/2d9edb93-f719-4f84-8b55-a0306c5c16c1/b/49e479e1-c3ac-417a-962f-d344973c5159
    http_version: 
  recorded_at: Fri, 24 Oct 2014 21:34:15 GMT
- request:
    method: get
    uri: http://localhost:8983/fedora/rest/anno/2d9edb93-f719-4f84-8b55-a0306c5c16c1/b
    body:
      encoding: US-ASCII
      string: ''
    headers:
      User-Agent:
      - Faraday v0.9.0
      Accept:
      - application/x-turtle
      Accept-Encoding:
      - gzip;q=1.0,deflate;q=0.6,identity;q=0.3
  response:
    status:
      code: 200
      message: OK
    headers:
      Etag:
      - "\"a9f2bbf2c47d439e194738e72201766b549e77cb\""
      Last-Modified:
      - Fri, 24 Oct 2014 21:34:15 GMT
      Link:
      - "<http://www.w3.org/ns/ldp#DirectContainer>;rel=\"type\""
      - "<http://www.w3.org/ns/ldp#Resource>;rel=\"type\""
      Accept-Patch:
      - application/sparql-update
      Accept-Post:
      - text/turtle,text/rdf+n3,application/n3,text/n3,application/rdf+xml,application/n-triples,multipart/form-data,application/sparql-update
      Allow:
      - MOVE,COPY,DELETE,POST,HEAD,GET,PUT,PATCH,OPTIONS
      Vary:
      - Accept, Range, Accept-Encoding, Accept-Language
      Content-Length:
      - '3574'
      Content-Type:
      - application/x-turtle
    body:
      encoding: UTF-8
      string: "@prefix openannotation: <http://www.w3.org/ns/oa#> .\n@prefix nt: <http://www.jcp.org/jcr/nt/1.0>
        .\n@prefix ns001: <http://purl.org/dc/elements/1.1/> .\n@prefix fcrepo: <http://fedora.info/definitions/v4/repository#>
        .\n@prefix test: <info:fedora/test/> .\n@prefix xs: <http://www.w3.org/2001/XMLSchema>
        .\n@prefix mode: <http://www.modeshape.org/1.0> .\n@prefix rdfs: <http://www.w3.org/2000/01/rdf-schema#>
        .\n@prefix rdf: <http://www.w3.org/1999/02/22-rdf-syntax-ns#> .\n@prefix sv:
        <http://www.jcp.org/jcr/sv/1.0> .\n@prefix dc: <http://purl.org/dc/terms/>
        .\n@prefix foaf: <http://xmlns.com/foaf/0.1/> .\n@prefix fedoraconfig: <http://fedora.info/definitions/v4/config#>
        .\n@prefix dcmitype: <http://purl.org/dc/dcmitype/> .\n@prefix image: <http://www.modeshape.org/images/1.0>
        .\n@prefix xml: <http://www.w3.org/XML/1998/namespace> .\n@prefix fedorarelsext:
        <http://fedora.info/definitions/v4/rels-ext#> .\n@prefix mix: <http://www.jcp.org/jcr/mix/1.0>
        .\n@prefix premis: <http://www.loc.gov/premis/rdf/v1#> .\n@prefix content:
        <http://www.w3.org/2011/content#> .\n@prefix triannon: <http://triannon.stanford.edu/ns/>
        .\n@prefix fedora: <http://fedora.info/definitions/v4/rest-api#> .\n@prefix
        xsi: <http://www.w3.org/2001/XMLSchema-instance> .\n@prefix ldp: <http://www.w3.org/ns/ldp#>
        .\n\n\n<http://localhost:8983/fedora/rest/anno/2d9edb93-f719-4f84-8b55-a0306c5c16c1/b>
        a ldp:Container , ldp:DirectContainer , ldp:RDFSource ;\n\tldp:contains <http://localhost:8983/fedora/rest/anno/2d9edb93-f719-4f84-8b55-a0306c5c16c1/b/dc974d21-9c74-4030-99e2-c3d5ef9249ae>
        , <http://localhost:8983/fedora/rest/anno/2d9edb93-f719-4f84-8b55-a0306c5c16c1/b/49e479e1-c3ac-417a-962f-d344973c5159>
        ;\n\tfcrepo:hasParent <http://localhost:8983/fedora/rest/anno/2d9edb93-f719-4f84-8b55-a0306c5c16c1>
        ;\n\tfedora:writable \"true\"^^<http://www.w3.org/2001/XMLSchema#boolean>
        .\n\n<http://localhost:8983/fedora/rest/anno/2d9edb93-f719-4f84-8b55-a0306c5c16c1/b/fcr:export?format=jcr/xml>
        ns001:format <http://fedora.info/definitions/v4/repository#jcr/xml> .\n\n<http://fedora.info/definitions/v4/repository#jcr/xml>
        rdfs:label \"jcr/xml\"^^<http://www.w3.org/2001/XMLSchema#string> .\n\n<http://localhost:8983/fedora/rest/anno/2d9edb93-f719-4f84-8b55-a0306c5c16c1/b>
        fedora:exportsAs <http://localhost:8983/fedora/rest/anno/2d9edb93-f719-4f84-8b55-a0306c5c16c1/b/fcr:export?format=jcr/xml>
        ;\n\ta <http://www.jcp.org/jcr/nt/1.0folder> , <http://www.jcp.org/jcr/nt/1.0hierarchyNode>
        , <http://www.jcp.org/jcr/nt/1.0base> , <http://www.jcp.org/jcr/mix/1.0created>
        , fedora:resource , fedora:object , fedora:relations , <http://www.jcp.org/jcr/mix/1.0created>
        , <http://www.jcp.org/jcr/mix/1.0lastModified> , <http://www.jcp.org/jcr/mix/1.0referenceable>
        , fedora:DublinCoreDescribable , fedora:resource , ldp:Container ;\n\tfcrepo:primaryType
        \"nt:folder\"^^<http://www.w3.org/2001/XMLSchema#string> ;\n\tldp:membershipResource
        <http://localhost:8983/fedora/rest/anno/2d9edb93-f719-4f84-8b55-a0306c5c16c1>
        ;\n\tfcrepo:created \"2014-10-24T21:34:15.211Z\"^^<http://www.w3.org/2001/XMLSchema#dateTime>
        ;\n\tfcrepo:lastModified \"2014-10-24T21:34:15.25Z\"^^<http://www.w3.org/2001/XMLSchema#dateTime>
        ;\n\tfcrepo:mixinTypes \"fedora:resource\"^^<http://www.w3.org/2001/XMLSchema#string>
        , \"fedora:object\"^^<http://www.w3.org/2001/XMLSchema#string> ;\n\tldp:hasMemberRelation
        openannotation:hasBody ;\n\tfcrepo:lastModifiedBy \"bypassAdmin\"^^<http://www.w3.org/2001/XMLSchema#string>
        ;\n\tfcrepo:uuid \"8749ea0b-36ef-4d5e-945d-4822e96b9b97\"^^<http://www.w3.org/2001/XMLSchema#string>
        ;\n\tfcrepo:createdBy \"bypassAdmin\"^^<http://www.w3.org/2001/XMLSchema#string>
        .\n"
    http_version: 
  recorded_at: Fri, 24 Oct 2014 21:34:15 GMT
- request:
    method: get
    uri: http://localhost:8983/fedora/rest/anno/2d9edb93-f719-4f84-8b55-a0306c5c16c1/b/dc974d21-9c74-4030-99e2-c3d5ef9249ae
    body:
      encoding: US-ASCII
      string: ''
    headers:
      User-Agent:
      - Faraday v0.9.0
      Accept:
      - application/x-turtle
      Accept-Encoding:
      - gzip;q=1.0,deflate;q=0.6,identity;q=0.3
  response:
    status:
      code: 200
      message: OK
    headers:
      Etag:
      - "\"871cb483a67f75b2ff914b65c84e8a6b82267516\""
      Last-Modified:
      - Fri, 24 Oct 2014 21:34:15 GMT
      Link:
      - "<http://www.w3.org/ns/ldp#DirectContainer>;rel=\"type\""
      - "<http://www.w3.org/ns/ldp#Resource>;rel=\"type\""
      Accept-Patch:
      - application/sparql-update
      Accept-Post:
      - text/turtle,text/rdf+n3,application/n3,text/n3,application/rdf+xml,application/n-triples,multipart/form-data,application/sparql-update
      Allow:
      - MOVE,COPY,DELETE,POST,HEAD,GET,PUT,PATCH,OPTIONS
      Vary:
      - Accept, Range, Accept-Encoding, Accept-Language
      Content-Length:
      - '3668'
      Content-Type:
      - application/x-turtle
    body:
      encoding: UTF-8
      string: "@prefix openannotation: <http://www.w3.org/ns/oa#> .\n@prefix nt: <http://www.jcp.org/jcr/nt/1.0>
        .\n@prefix ns001: <http://purl.org/dc/elements/1.1/> .\n@prefix fcrepo: <http://fedora.info/definitions/v4/repository#>
        .\n@prefix test: <info:fedora/test/> .\n@prefix xs: <http://www.w3.org/2001/XMLSchema>
        .\n@prefix mode: <http://www.modeshape.org/1.0> .\n@prefix rdfs: <http://www.w3.org/2000/01/rdf-schema#>
        .\n@prefix rdf: <http://www.w3.org/1999/02/22-rdf-syntax-ns#> .\n@prefix sv:
        <http://www.jcp.org/jcr/sv/1.0> .\n@prefix dc: <http://purl.org/dc/terms/>
        .\n@prefix foaf: <http://xmlns.com/foaf/0.1/> .\n@prefix fedoraconfig: <http://fedora.info/definitions/v4/config#>
        .\n@prefix dcmitype: <http://purl.org/dc/dcmitype/> .\n@prefix image: <http://www.modeshape.org/images/1.0>
        .\n@prefix xml: <http://www.w3.org/XML/1998/namespace> .\n@prefix fedorarelsext:
        <http://fedora.info/definitions/v4/rels-ext#> .\n@prefix mix: <http://www.jcp.org/jcr/mix/1.0>
        .\n@prefix premis: <http://www.loc.gov/premis/rdf/v1#> .\n@prefix content:
        <http://www.w3.org/2011/content#> .\n@prefix triannon: <http://triannon.stanford.edu/ns/>
        .\n@prefix fedora: <http://fedora.info/definitions/v4/rest-api#> .\n@prefix
        xsi: <http://www.w3.org/2001/XMLSchema-instance> .\n@prefix ldp: <http://www.w3.org/ns/ldp#>
        .\n\n\n<http://localhost:8983/fedora/rest/anno/2d9edb93-f719-4f84-8b55-a0306c5c16c1/b/dc974d21-9c74-4030-99e2-c3d5ef9249ae>
        ldp:membershipResource <http://localhost:8983/fedora/rest/anno/2d9edb93-f719-4f84-8b55-a0306c5c16c1/b/dc974d21-9c74-4030-99e2-c3d5ef9249ae>
        ;\n\tldp:hasMemberRelation ldp:member ;\n\ta ldp:Container , ldp:DirectContainer
        , ldp:RDFSource ;\n\tfcrepo:hasParent <http://localhost:8983/fedora/rest/anno/2d9edb93-f719-4f84-8b55-a0306c5c16c1/b>
        ;\n\tfedora:writable \"true\"^^<http://www.w3.org/2001/XMLSchema#boolean>
        .\n\n<http://localhost:8983/fedora/rest/anno/2d9edb93-f719-4f84-8b55-a0306c5c16c1/b/dc974d21-9c74-4030-99e2-c3d5ef9249ae/fcr:export?format=jcr/xml>
        ns001:format <http://fedora.info/definitions/v4/repository#jcr/xml> .\n\n<http://fedora.info/definitions/v4/repository#jcr/xml>
        rdfs:label \"jcr/xml\"^^<http://www.w3.org/2001/XMLSchema#string> .\n\n<http://localhost:8983/fedora/rest/anno/2d9edb93-f719-4f84-8b55-a0306c5c16c1/b/dc974d21-9c74-4030-99e2-c3d5ef9249ae>
        fedora:exportsAs <http://localhost:8983/fedora/rest/anno/2d9edb93-f719-4f84-8b55-a0306c5c16c1/b/dc974d21-9c74-4030-99e2-c3d5ef9249ae/fcr:export?format=jcr/xml>
        ;\n\ta <http://www.jcp.org/jcr/nt/1.0folder> , <http://www.jcp.org/jcr/nt/1.0hierarchyNode>
        , <http://www.jcp.org/jcr/nt/1.0base> , <http://www.jcp.org/jcr/mix/1.0created>
        , fedora:resource , openannotation:SemanticTag , fedora:object , fedora:relations
        , <http://www.jcp.org/jcr/mix/1.0created> , <http://www.jcp.org/jcr/mix/1.0lastModified>
        , <http://www.jcp.org/jcr/mix/1.0referenceable> , fedora:DublinCoreDescribable
        , fedora:resource , ldp:Container ;\n\tfcrepo:primaryType \"nt:folder\"^^<http://www.w3.org/2001/XMLSchema#string>
        ;\n\tfcrepo:created \"2014-10-24T21:34:15.232Z\"^^<http://www.w3.org/2001/XMLSchema#dateTime>
        ;\n\tfcrepo:lastModified \"2014-10-24T21:34:15.232Z\"^^<http://www.w3.org/2001/XMLSchema#dateTime>
        ;\n\ttriannon:externalReference <http://dbpedia.org/resource/Love> ;\n\tfcrepo:mixinTypes
        \"fedora:resource\"^^<http://www.w3.org/2001/XMLSchema#string> , \"openannotation:SemanticTag\"^^<http://www.w3.org/2001/XMLSchema#string>
        , \"fedora:object\"^^<http://www.w3.org/2001/XMLSchema#string> ;\n\tfcrepo:lastModifiedBy
        \"bypassAdmin\"^^<http://www.w3.org/2001/XMLSchema#string> ;\n\tfcrepo:uuid
        \"d5bb3dd6-03e8-499c-9175-41a663e3e694\"^^<http://www.w3.org/2001/XMLSchema#string>
        ;\n\tfcrepo:createdBy \"bypassAdmin\"^^<http://www.w3.org/2001/XMLSchema#string>
        .\n"
    http_version: 
  recorded_at: Fri, 24 Oct 2014 21:34:15 GMT
- request:
    method: get
    uri: http://localhost:8983/fedora/rest/anno/2d9edb93-f719-4f84-8b55-a0306c5c16c1/b/49e479e1-c3ac-417a-962f-d344973c5159
    body:
      encoding: US-ASCII
      string: ''
    headers:
      User-Agent:
      - Faraday v0.9.0
      Accept:
      - application/x-turtle
      Accept-Encoding:
      - gzip;q=1.0,deflate;q=0.6,identity;q=0.3
  response:
    status:
      code: 200
      message: OK
    headers:
      Etag:
      - "\"b19fa6b133805988c5418ba7e57306ea17919529\""
      Last-Modified:
      - Fri, 24 Oct 2014 21:34:15 GMT
      Link:
      - "<http://www.w3.org/ns/ldp#DirectContainer>;rel=\"type\""
      - "<http://www.w3.org/ns/ldp#Resource>;rel=\"type\""
      Accept-Patch:
      - application/sparql-update
      Accept-Post:
      - text/turtle,text/rdf+n3,application/n3,text/n3,application/rdf+xml,application/n-triples,multipart/form-data,application/sparql-update
      Allow:
      - MOVE,COPY,DELETE,POST,HEAD,GET,PUT,PATCH,OPTIONS
      Vary:
      - Accept, Range, Accept-Encoding, Accept-Language
      Content-Length:
      - '3644'
      Content-Type:
      - application/x-turtle
    body:
      encoding: UTF-8
      string: "@prefix openannotation: <http://www.w3.org/ns/oa#> .\n@prefix nt: <http://www.jcp.org/jcr/nt/1.0>
        .\n@prefix ns001: <http://purl.org/dc/elements/1.1/> .\n@prefix fcrepo: <http://fedora.info/definitions/v4/repository#>
        .\n@prefix test: <info:fedora/test/> .\n@prefix xs: <http://www.w3.org/2001/XMLSchema>
        .\n@prefix mode: <http://www.modeshape.org/1.0> .\n@prefix rdfs: <http://www.w3.org/2000/01/rdf-schema#>
        .\n@prefix rdf: <http://www.w3.org/1999/02/22-rdf-syntax-ns#> .\n@prefix sv:
        <http://www.jcp.org/jcr/sv/1.0> .\n@prefix dc: <http://purl.org/dc/terms/>
        .\n@prefix foaf: <http://xmlns.com/foaf/0.1/> .\n@prefix fedoraconfig: <http://fedora.info/definitions/v4/config#>
        .\n@prefix dcmitype: <http://purl.org/dc/dcmitype/> .\n@prefix image: <http://www.modeshape.org/images/1.0>
        .\n@prefix xml: <http://www.w3.org/XML/1998/namespace> .\n@prefix fedorarelsext:
        <http://fedora.info/definitions/v4/rels-ext#> .\n@prefix mix: <http://www.jcp.org/jcr/mix/1.0>
        .\n@prefix premis: <http://www.loc.gov/premis/rdf/v1#> .\n@prefix content:
        <http://www.w3.org/2011/content#> .\n@prefix triannon: <http://triannon.stanford.edu/ns/>
        .\n@prefix fedora: <http://fedora.info/definitions/v4/rest-api#> .\n@prefix
        xsi: <http://www.w3.org/2001/XMLSchema-instance> .\n@prefix ldp: <http://www.w3.org/ns/ldp#>
        .\n\n\n<http://localhost:8983/fedora/rest/anno/2d9edb93-f719-4f84-8b55-a0306c5c16c1/b/49e479e1-c3ac-417a-962f-d344973c5159>
        ldp:hasMemberRelation ldp:member ;\n\tldp:membershipResource <http://localhost:8983/fedora/rest/anno/2d9edb93-f719-4f84-8b55-a0306c5c16c1/b/49e479e1-c3ac-417a-962f-d344973c5159>
        ;\n\ta ldp:Container , ldp:DirectContainer , ldp:RDFSource ;\n\tfcrepo:hasParent
        <http://localhost:8983/fedora/rest/anno/2d9edb93-f719-4f84-8b55-a0306c5c16c1/b>
        ;\n\tfedora:writable \"true\"^^<http://www.w3.org/2001/XMLSchema#boolean>
        .\n\n<http://localhost:8983/fedora/rest/anno/2d9edb93-f719-4f84-8b55-a0306c5c16c1/b/49e479e1-c3ac-417a-962f-d344973c5159/fcr:export?format=jcr/xml>
        ns001:format <http://fedora.info/definitions/v4/repository#jcr/xml> .\n\n<http://fedora.info/definitions/v4/repository#jcr/xml>
        rdfs:label \"jcr/xml\"^^<http://www.w3.org/2001/XMLSchema#string> .\n\n<http://localhost:8983/fedora/rest/anno/2d9edb93-f719-4f84-8b55-a0306c5c16c1/b/49e479e1-c3ac-417a-962f-d344973c5159>
        fedora:exportsAs <http://localhost:8983/fedora/rest/anno/2d9edb93-f719-4f84-8b55-a0306c5c16c1/b/49e479e1-c3ac-417a-962f-d344973c5159/fcr:export?format=jcr/xml>
        ;\n\ta <http://www.jcp.org/jcr/nt/1.0folder> , <http://www.jcp.org/jcr/nt/1.0hierarchyNode>
        , <http://www.jcp.org/jcr/nt/1.0base> , <http://www.jcp.org/jcr/mix/1.0created>
        , fedora:resource , dcmitype:Sound , fedora:object , fedora:relations , <http://www.jcp.org/jcr/mix/1.0created>
        , <http://www.jcp.org/jcr/mix/1.0lastModified> , <http://www.jcp.org/jcr/mix/1.0referenceable>
        , fedora:DublinCoreDescribable , fedora:resource , ldp:Container ;\n\tfcrepo:primaryType
        \"nt:folder\"^^<http://www.w3.org/2001/XMLSchema#string> ;\n\tfcrepo:created
        \"2014-10-24T21:34:15.25Z\"^^<http://www.w3.org/2001/XMLSchema#dateTime> ;\n\tfcrepo:lastModified
        \"2014-10-24T21:34:15.25Z\"^^<http://www.w3.org/2001/XMLSchema#dateTime> ;\n\ttriannon:externalReference
        <http://www.example.org/comment.mp3> ;\n\tfcrepo:mixinTypes \"fedora:resource\"^^<http://www.w3.org/2001/XMLSchema#string>
        , \"dcmitype:Sound\"^^<http://www.w3.org/2001/XMLSchema#string> , \"fedora:object\"^^<http://www.w3.org/2001/XMLSchema#string>
        ;\n\tfcrepo:lastModifiedBy \"bypassAdmin\"^^<http://www.w3.org/2001/XMLSchema#string>
        ;\n\tfcrepo:uuid \"7e4a3b44-ee9e-4e86-bdd5-5c35bcd7d2c3\"^^<http://www.w3.org/2001/XMLSchema#string>
        ;\n\tfcrepo:createdBy \"bypassAdmin\"^^<http://www.w3.org/2001/XMLSchema#string>
        .\n"
    http_version: 
  recorded_at: Fri, 24 Oct 2014 21:34:15 GMT
recorded_with: VCR 2.9.3
