---
http_interactions:
- request:
    method: post
    uri: http://localhost:8983/fedora/rest/anno
    body:
      encoding: UTF-8
      string: |
        @prefix openannotation: <http://www.w3.org/ns/oa#> .
        @prefix rdf: <http://www.w3.org/1999/02/22-rdf-syntax-ns#> .

        <> a openannotation:Annotation;
           openannotation:motivatedBy openannotation:commenting .
    headers:
      User-Agent:
      - Faraday v0.9.0
      Content-Type:
      - application/x-turtle
      Accept-Encoding:
      - gzip;q=1.0,deflate;q=0.6,identity;q=0.3
      Accept:
      - "*/*"
  response:
    status:
      code: 201
      message: Created
    headers:
      Etag:
      - "\"5c72623735fd08eb508991b2b0a58ea0a534352a\""
      Last-Modified:
      - Fri, 24 Oct 2014 21:08:51 GMT
      Content-Length:
      - '75'
      Location:
      - http://localhost:8983/fedora/rest/anno/0e56dd53-a26b-408d-831c-3cc7cce55def
      Content-Type:
      - text/plain
    body:
      encoding: UTF-8
      string: http://localhost:8983/fedora/rest/anno/0e56dd53-a26b-408d-831c-3cc7cce55def
    http_version: 
  recorded_at: Fri, 24 Oct 2014 21:08:51 GMT
- request:
    method: post
    uri: http://localhost:8983/fedora/rest/anno/0e56dd53-a26b-408d-831c-3cc7cce55def
    body:
      encoding: UTF-8
      string: |
        @prefix ldp: <http://www.w3.org/ns/ldp#> .
        @prefix openannotation: <http://www.w3.org/ns/oa#> .
        @prefix rdf: <http://www.w3.org/1999/02/22-rdf-syntax-ns#> .

        <> a ldp:DirectContainer;
           ldp:hasMemberRelation openannotation:hasBody;
           ldp:membershipResource <http://localhost:8983/fedora/rest/anno/0e56dd53-a26b-408d-831c-3cc7cce55def> .
    headers:
      User-Agent:
      - Faraday v0.9.0
      Content-Type:
      - application/x-turtle
      Slug:
      - b
      Accept-Encoding:
      - gzip;q=1.0,deflate;q=0.6,identity;q=0.3
      Accept:
      - "*/*"
  response:
    status:
      code: 201
      message: Created
    headers:
      Etag:
      - "\"b76787ec1fabef2f9b51d870f4573f96eac77fed\""
      Last-Modified:
      - Fri, 24 Oct 2014 21:08:51 GMT
      Content-Length:
      - '77'
      Location:
      - http://localhost:8983/fedora/rest/anno/0e56dd53-a26b-408d-831c-3cc7cce55def/b
      Content-Type:
      - text/plain
    body:
      encoding: UTF-8
      string: http://localhost:8983/fedora/rest/anno/0e56dd53-a26b-408d-831c-3cc7cce55def/b
    http_version: 
  recorded_at: Fri, 24 Oct 2014 21:08:51 GMT
- request:
    method: post
    uri: http://localhost:8983/fedora/rest/anno/0e56dd53-a26b-408d-831c-3cc7cce55def/b
    body:
      encoding: UTF-8
      string: |
        @prefix content: <http://www.w3.org/2011/content#> .
        @prefix dcmitype: <http://purl.org/dc/dcmitype/> .
        @prefix rdf: <http://www.w3.org/1999/02/22-rdf-syntax-ns#> .
        @prefix xsd: <http://www.w3.org/2001/XMLSchema#> .

        <> a content:ContentAsText,
             dcmitype:Text;
           content:chars "I love this!" .
    headers:
      User-Agent:
      - Faraday v0.9.0
      Content-Type:
      - application/x-turtle
      Accept-Encoding:
      - gzip;q=1.0,deflate;q=0.6,identity;q=0.3
      Accept:
      - "*/*"
  response:
    status:
      code: 201
      message: Created
    headers:
      Etag:
      - "\"1b5ac5cbf74dcf6e4f777ae4e9293e345082ba1f\""
      Last-Modified:
      - Fri, 24 Oct 2014 21:08:51 GMT
      Content-Length:
      - '114'
      Location:
      - http://localhost:8983/fedora/rest/anno/0e56dd53-a26b-408d-831c-3cc7cce55def/b/1fc74789-8984-4c1e-840b-44fac877df6c
      Content-Type:
      - text/plain
    body:
      encoding: UTF-8
      string: http://localhost:8983/fedora/rest/anno/0e56dd53-a26b-408d-831c-3cc7cce55def/b/1fc74789-8984-4c1e-840b-44fac877df6c
    http_version: 
  recorded_at: Fri, 24 Oct 2014 21:08:51 GMT
- request:
    method: post
    uri: http://localhost:8983/fedora/rest/anno/0e56dd53-a26b-408d-831c-3cc7cce55def/b
    body:
      encoding: UTF-8
      string: |
        @prefix content: <http://www.w3.org/2011/content#> .
        @prefix dcmitype: <http://purl.org/dc/dcmitype/> .
        @prefix rdf: <http://www.w3.org/1999/02/22-rdf-syntax-ns#> .
        @prefix xsd: <http://www.w3.org/2001/XMLSchema#> .

        <> a content:ContentAsText,
             dcmitype:Text;
           content:chars "I hate this!" .
    headers:
      User-Agent:
      - Faraday v0.9.0
      Content-Type:
      - application/x-turtle
      Accept-Encoding:
      - gzip;q=1.0,deflate;q=0.6,identity;q=0.3
      Accept:
      - "*/*"
  response:
    status:
      code: 201
      message: Created
    headers:
      Etag:
      - "\"43954b80e8c8af6693257529f2aafba02bef0231\""
      Last-Modified:
      - Fri, 24 Oct 2014 21:08:51 GMT
      Content-Length:
      - '114'
      Location:
      - http://localhost:8983/fedora/rest/anno/0e56dd53-a26b-408d-831c-3cc7cce55def/b/9378f362-142f-4103-910d-7d6d5133b4da
      Content-Type:
      - text/plain
    body:
      encoding: UTF-8
      string: http://localhost:8983/fedora/rest/anno/0e56dd53-a26b-408d-831c-3cc7cce55def/b/9378f362-142f-4103-910d-7d6d5133b4da
    http_version: 
  recorded_at: Fri, 24 Oct 2014 21:08:51 GMT
- request:
    method: get
    uri: http://localhost:8983/fedora/rest/anno/0e56dd53-a26b-408d-831c-3cc7cce55def/b
    body:
      encoding: US-ASCII
      string: ''
    headers:
      User-Agent:
      - Faraday v0.9.0
      Accept:
      - application/x-turtle
      Accept-Encoding:
      - gzip;q=1.0,deflate;q=0.6,identity;q=0.3
  response:
    status:
      code: 200
      message: OK
    headers:
      Etag:
      - "\"7a644030f82728328717dd41af88abce064197f8\""
      Last-Modified:
      - Fri, 24 Oct 2014 21:08:51 GMT
      Link:
      - "<http://www.w3.org/ns/ldp#DirectContainer>;rel=\"type\""
      - "<http://www.w3.org/ns/ldp#Resource>;rel=\"type\""
      Accept-Patch:
      - application/sparql-update
      Accept-Post:
      - text/turtle,text/rdf+n3,application/n3,text/n3,application/rdf+xml,application/n-triples,multipart/form-data,application/sparql-update
      Allow:
      - MOVE,COPY,DELETE,POST,HEAD,GET,PUT,PATCH,OPTIONS
      Vary:
      - Accept, Range, Accept-Encoding, Accept-Language
      Content-Length:
      - '3527'
      Content-Type:
      - application/x-turtle
    body:
      encoding: UTF-8
      string: "@prefix dc: <http://purl.org/dc/elements/1.1/> .\n@prefix nt: <http://www.jcp.org/jcr/nt/1.0>
        .\n@prefix openannotation: <http://www.w3.org/ns/oa#> .\n@prefix foaf: <http://xmlns.com/foaf/0.1/>
        .\n@prefix fcrepo: <http://fedora.info/definitions/v4/repository#> .\n@prefix
        test: <info:fedora/test/> .\n@prefix fedoraconfig: <http://fedora.info/definitions/v4/config#>
        .\n@prefix dcmitype: <http://purl.org/dc/dcmitype/> .\n@prefix image: <http://www.modeshape.org/images/1.0>
        .\n@prefix xs: <http://www.w3.org/2001/XMLSchema> .\n@prefix xml: <http://www.w3.org/XML/1998/namespace>
        .\n@prefix fedorarelsext: <http://fedora.info/definitions/v4/rels-ext#> .\n@prefix
        mix: <http://www.jcp.org/jcr/mix/1.0> .\n@prefix premis: <http://www.loc.gov/premis/rdf/v1#>
        .\n@prefix mode: <http://www.modeshape.org/1.0> .\n@prefix content: <http://www.w3.org/2011/content#>
        .\n@prefix rdfs: <http://www.w3.org/2000/01/rdf-schema#> .\n@prefix rdf: <http://www.w3.org/1999/02/22-rdf-syntax-ns#>
        .\n@prefix sv: <http://www.jcp.org/jcr/sv/1.0> .\n@prefix triannon: <http://triannon.stanford.edu/ns/>
        .\n@prefix xsi: <http://www.w3.org/2001/XMLSchema-instance> .\n@prefix fedora:
        <http://fedora.info/definitions/v4/rest-api#> .\n@prefix ldp: <http://www.w3.org/ns/ldp#>
        .\n\n\n<http://localhost:8983/fedora/rest/anno/0e56dd53-a26b-408d-831c-3cc7cce55def/b>
        a ldp:Container , ldp:DirectContainer , ldp:RDFSource ;\n\tldp:contains <http://localhost:8983/fedora/rest/anno/0e56dd53-a26b-408d-831c-3cc7cce55def/b/1fc74789-8984-4c1e-840b-44fac877df6c>
        , <http://localhost:8983/fedora/rest/anno/0e56dd53-a26b-408d-831c-3cc7cce55def/b/9378f362-142f-4103-910d-7d6d5133b4da>
        ;\n\tfcrepo:hasParent <http://localhost:8983/fedora/rest/anno/0e56dd53-a26b-408d-831c-3cc7cce55def>
        ;\n\tfedora:writable \"true\"^^<http://www.w3.org/2001/XMLSchema#boolean>
        .\n\n<http://localhost:8983/fedora/rest/anno/0e56dd53-a26b-408d-831c-3cc7cce55def/b/fcr:export?format=jcr/xml>
        dc:format <http://fedora.info/definitions/v4/repository#jcr/xml> .\n\n<http://fedora.info/definitions/v4/repository#jcr/xml>
        rdfs:label \"jcr/xml\"^^<http://www.w3.org/2001/XMLSchema#string> .\n\n<http://localhost:8983/fedora/rest/anno/0e56dd53-a26b-408d-831c-3cc7cce55def/b>
        fedora:exportsAs <http://localhost:8983/fedora/rest/anno/0e56dd53-a26b-408d-831c-3cc7cce55def/b/fcr:export?format=jcr/xml>
        ;\n\ta <http://www.jcp.org/jcr/nt/1.0folder> , <http://www.jcp.org/jcr/nt/1.0hierarchyNode>
        , <http://www.jcp.org/jcr/nt/1.0base> , <http://www.jcp.org/jcr/mix/1.0created>
        , fedora:resource , fedora:object , fedora:relations , <http://www.jcp.org/jcr/mix/1.0created>
        , <http://www.jcp.org/jcr/mix/1.0lastModified> , <http://www.jcp.org/jcr/mix/1.0referenceable>
        , fedora:DublinCoreDescribable , fedora:resource , ldp:Container ;\n\tfcrepo:primaryType
        \"nt:folder\"^^<http://www.w3.org/2001/XMLSchema#string> ;\n\tldp:membershipResource
        <http://localhost:8983/fedora/rest/anno/0e56dd53-a26b-408d-831c-3cc7cce55def>
        ;\n\tfcrepo:created \"2014-10-24T21:08:51.706Z\"^^<http://www.w3.org/2001/XMLSchema#dateTime>
        ;\n\tfcrepo:lastModified \"2014-10-24T21:08:51.759Z\"^^<http://www.w3.org/2001/XMLSchema#dateTime>
        ;\n\tfcrepo:mixinTypes \"fedora:resource\"^^<http://www.w3.org/2001/XMLSchema#string>
        , \"fedora:object\"^^<http://www.w3.org/2001/XMLSchema#string> ;\n\tldp:hasMemberRelation
        openannotation:hasBody ;\n\tfcrepo:lastModifiedBy \"bypassAdmin\"^^<http://www.w3.org/2001/XMLSchema#string>
        ;\n\tfcrepo:uuid \"a057d23f-9b0b-4e71-877a-2843f08bf00d\"^^<http://www.w3.org/2001/XMLSchema#string>
        ;\n\tfcrepo:createdBy \"bypassAdmin\"^^<http://www.w3.org/2001/XMLSchema#string>
        .\n"
    http_version: 
  recorded_at: Fri, 24 Oct 2014 21:08:51 GMT
- request:
    method: get
    uri: http://localhost:8983/fedora/rest/anno/0e56dd53-a26b-408d-831c-3cc7cce55def/b/1fc74789-8984-4c1e-840b-44fac877df6c
    body:
      encoding: US-ASCII
      string: ''
    headers:
      User-Agent:
      - Faraday v0.9.0
      Accept:
      - application/x-turtle
      Accept-Encoding:
      - gzip;q=1.0,deflate;q=0.6,identity;q=0.3
  response:
    status:
      code: 200
      message: OK
    headers:
      Etag:
      - "\"1b5ac5cbf74dcf6e4f777ae4e9293e345082ba1f\""
      Last-Modified:
      - Fri, 24 Oct 2014 21:08:51 GMT
      Link:
      - "<http://www.w3.org/ns/ldp#DirectContainer>;rel=\"type\""
      - "<http://www.w3.org/ns/ldp#Resource>;rel=\"type\""
      Accept-Patch:
      - application/sparql-update
      Accept-Post:
      - text/turtle,text/rdf+n3,application/n3,text/n3,application/rdf+xml,application/n-triples,multipart/form-data,application/sparql-update
      Allow:
      - MOVE,COPY,DELETE,POST,HEAD,GET,PUT,PATCH,OPTIONS
      Vary:
      - Accept, Range, Accept-Encoding, Accept-Language
      Content-Length:
      - '3697'
      Content-Type:
      - application/x-turtle
    body:
      encoding: UTF-8
      string: "@prefix dc: <http://purl.org/dc/elements/1.1/> .\n@prefix nt: <http://www.jcp.org/jcr/nt/1.0>
        .\n@prefix openannotation: <http://www.w3.org/ns/oa#> .\n@prefix foaf: <http://xmlns.com/foaf/0.1/>
        .\n@prefix fcrepo: <http://fedora.info/definitions/v4/repository#> .\n@prefix
        test: <info:fedora/test/> .\n@prefix fedoraconfig: <http://fedora.info/definitions/v4/config#>
        .\n@prefix dcmitype: <http://purl.org/dc/dcmitype/> .\n@prefix image: <http://www.modeshape.org/images/1.0>
        .\n@prefix xs: <http://www.w3.org/2001/XMLSchema> .\n@prefix xml: <http://www.w3.org/XML/1998/namespace>
        .\n@prefix fedorarelsext: <http://fedora.info/definitions/v4/rels-ext#> .\n@prefix
        mix: <http://www.jcp.org/jcr/mix/1.0> .\n@prefix premis: <http://www.loc.gov/premis/rdf/v1#>
        .\n@prefix mode: <http://www.modeshape.org/1.0> .\n@prefix content: <http://www.w3.org/2011/content#>
        .\n@prefix rdfs: <http://www.w3.org/2000/01/rdf-schema#> .\n@prefix rdf: <http://www.w3.org/1999/02/22-rdf-syntax-ns#>
        .\n@prefix sv: <http://www.jcp.org/jcr/sv/1.0> .\n@prefix triannon: <http://triannon.stanford.edu/ns/>
        .\n@prefix xsi: <http://www.w3.org/2001/XMLSchema-instance> .\n@prefix fedora:
        <http://fedora.info/definitions/v4/rest-api#> .\n@prefix ldp: <http://www.w3.org/ns/ldp#>
        .\n\n\n<http://localhost:8983/fedora/rest/anno/0e56dd53-a26b-408d-831c-3cc7cce55def/b/1fc74789-8984-4c1e-840b-44fac877df6c>
        ldp:membershipResource <http://localhost:8983/fedora/rest/anno/0e56dd53-a26b-408d-831c-3cc7cce55def/b/1fc74789-8984-4c1e-840b-44fac877df6c>
        ;\n\tldp:hasMemberRelation ldp:member ;\n\ta ldp:Container , ldp:DirectContainer
        , ldp:RDFSource ;\n\tfcrepo:hasParent <http://localhost:8983/fedora/rest/anno/0e56dd53-a26b-408d-831c-3cc7cce55def/b>
        ;\n\tfedora:writable \"true\"^^<http://www.w3.org/2001/XMLSchema#boolean>
        ;\n\tfedora:exportsAs <http://localhost:8983/fedora/rest/anno/0e56dd53-a26b-408d-831c-3cc7cce55def/b/1fc74789-8984-4c1e-840b-44fac877df6c/fcr:export?format=jcr/xml>
        .\n\n<http://localhost:8983/fedora/rest/anno/0e56dd53-a26b-408d-831c-3cc7cce55def/b/1fc74789-8984-4c1e-840b-44fac877df6c/fcr:export?format=jcr/xml>
        dc:format <http://fedora.info/definitions/v4/repository#jcr/xml> .\n\n<http://fedora.info/definitions/v4/repository#jcr/xml>
        rdfs:label \"jcr/xml\"^^<http://www.w3.org/2001/XMLSchema#string> .\n\n<http://localhost:8983/fedora/rest/anno/0e56dd53-a26b-408d-831c-3cc7cce55def/b/1fc74789-8984-4c1e-840b-44fac877df6c>
        a <http://www.jcp.org/jcr/nt/1.0folder> , <http://www.jcp.org/jcr/nt/1.0hierarchyNode>
        , <http://www.jcp.org/jcr/nt/1.0base> , <http://www.jcp.org/jcr/mix/1.0created>
        , fedora:resource , dcmitype:Text , fedora:object , content:ContentAsText
        , fedora:relations , <http://www.jcp.org/jcr/mix/1.0created> , <http://www.jcp.org/jcr/mix/1.0lastModified>
        , <http://www.jcp.org/jcr/mix/1.0referenceable> , fedora:DublinCoreDescribable
        , fedora:resource , ldp:Container ;\n\tfcrepo:primaryType \"nt:folder\"^^<http://www.w3.org/2001/XMLSchema#string>
        ;\n\tcontent:chars \"I love this!\"^^<http://www.w3.org/2001/XMLSchema#string>
        ;\n\tfcrepo:created \"2014-10-24T21:08:51.734Z\"^^<http://www.w3.org/2001/XMLSchema#dateTime>
        ;\n\tfcrepo:lastModified \"2014-10-24T21:08:51.734Z\"^^<http://www.w3.org/2001/XMLSchema#dateTime>
        ;\n\tfcrepo:mixinTypes \"fedora:resource\"^^<http://www.w3.org/2001/XMLSchema#string>
        , \"dcmitype:Text\"^^<http://www.w3.org/2001/XMLSchema#string> , \"fedora:object\"^^<http://www.w3.org/2001/XMLSchema#string>
        , \"content:ContentAsText\"^^<http://www.w3.org/2001/XMLSchema#string> ;\n\tfcrepo:lastModifiedBy
        \"bypassAdmin\"^^<http://www.w3.org/2001/XMLSchema#string> ;\n\tfcrepo:uuid
        \"0b4a2a59-004c-4a48-b38d-ae3b858c4fb2\"^^<http://www.w3.org/2001/XMLSchema#string>
        ;\n\tfcrepo:createdBy \"bypassAdmin\"^^<http://www.w3.org/2001/XMLSchema#string>
        .\n"
    http_version: 
  recorded_at: Fri, 24 Oct 2014 21:08:51 GMT
- request:
    method: get
    uri: http://localhost:8983/fedora/rest/anno/0e56dd53-a26b-408d-831c-3cc7cce55def/b/9378f362-142f-4103-910d-7d6d5133b4da
    body:
      encoding: US-ASCII
      string: ''
    headers:
      User-Agent:
      - Faraday v0.9.0
      Accept:
      - application/x-turtle
      Accept-Encoding:
      - gzip;q=1.0,deflate;q=0.6,identity;q=0.3
  response:
    status:
      code: 200
      message: OK
    headers:
      Etag:
      - "\"43954b80e8c8af6693257529f2aafba02bef0231\""
      Last-Modified:
      - Fri, 24 Oct 2014 21:08:51 GMT
      Link:
      - "<http://www.w3.org/ns/ldp#DirectContainer>;rel=\"type\""
      - "<http://www.w3.org/ns/ldp#Resource>;rel=\"type\""
      Accept-Patch:
      - application/sparql-update
      Accept-Post:
      - text/turtle,text/rdf+n3,application/n3,text/n3,application/rdf+xml,application/n-triples,multipart/form-data,application/sparql-update
      Allow:
      - MOVE,COPY,DELETE,POST,HEAD,GET,PUT,PATCH,OPTIONS
      Vary:
      - Accept, Range, Accept-Encoding, Accept-Language
      Content-Length:
      - '3697'
      Content-Type:
      - application/x-turtle
    body:
      encoding: UTF-8
      string: "@prefix dc: <http://purl.org/dc/elements/1.1/> .\n@prefix nt: <http://www.jcp.org/jcr/nt/1.0>
        .\n@prefix openannotation: <http://www.w3.org/ns/oa#> .\n@prefix foaf: <http://xmlns.com/foaf/0.1/>
        .\n@prefix fcrepo: <http://fedora.info/definitions/v4/repository#> .\n@prefix
        test: <info:fedora/test/> .\n@prefix fedoraconfig: <http://fedora.info/definitions/v4/config#>
        .\n@prefix dcmitype: <http://purl.org/dc/dcmitype/> .\n@prefix image: <http://www.modeshape.org/images/1.0>
        .\n@prefix xs: <http://www.w3.org/2001/XMLSchema> .\n@prefix xml: <http://www.w3.org/XML/1998/namespace>
        .\n@prefix fedorarelsext: <http://fedora.info/definitions/v4/rels-ext#> .\n@prefix
        mix: <http://www.jcp.org/jcr/mix/1.0> .\n@prefix premis: <http://www.loc.gov/premis/rdf/v1#>
        .\n@prefix mode: <http://www.modeshape.org/1.0> .\n@prefix content: <http://www.w3.org/2011/content#>
        .\n@prefix rdfs: <http://www.w3.org/2000/01/rdf-schema#> .\n@prefix rdf: <http://www.w3.org/1999/02/22-rdf-syntax-ns#>
        .\n@prefix sv: <http://www.jcp.org/jcr/sv/1.0> .\n@prefix triannon: <http://triannon.stanford.edu/ns/>
        .\n@prefix xsi: <http://www.w3.org/2001/XMLSchema-instance> .\n@prefix fedora:
        <http://fedora.info/definitions/v4/rest-api#> .\n@prefix ldp: <http://www.w3.org/ns/ldp#>
        .\n\n\n<http://localhost:8983/fedora/rest/anno/0e56dd53-a26b-408d-831c-3cc7cce55def/b/9378f362-142f-4103-910d-7d6d5133b4da>
        ldp:hasMemberRelation ldp:member ;\n\tldp:membershipResource <http://localhost:8983/fedora/rest/anno/0e56dd53-a26b-408d-831c-3cc7cce55def/b/9378f362-142f-4103-910d-7d6d5133b4da>
        ;\n\ta ldp:Container , ldp:DirectContainer , ldp:RDFSource ;\n\tfcrepo:hasParent
        <http://localhost:8983/fedora/rest/anno/0e56dd53-a26b-408d-831c-3cc7cce55def/b>
        ;\n\tfedora:writable \"true\"^^<http://www.w3.org/2001/XMLSchema#boolean>
        .\n\n<http://localhost:8983/fedora/rest/anno/0e56dd53-a26b-408d-831c-3cc7cce55def/b/9378f362-142f-4103-910d-7d6d5133b4da/fcr:export?format=jcr/xml>
        dc:format <http://fedora.info/definitions/v4/repository#jcr/xml> .\n\n<http://fedora.info/definitions/v4/repository#jcr/xml>
        rdfs:label \"jcr/xml\"^^<http://www.w3.org/2001/XMLSchema#string> .\n\n<http://localhost:8983/fedora/rest/anno/0e56dd53-a26b-408d-831c-3cc7cce55def/b/9378f362-142f-4103-910d-7d6d5133b4da>
        fedora:exportsAs <http://localhost:8983/fedora/rest/anno/0e56dd53-a26b-408d-831c-3cc7cce55def/b/9378f362-142f-4103-910d-7d6d5133b4da/fcr:export?format=jcr/xml>
        ;\n\ta <http://www.jcp.org/jcr/nt/1.0folder> , <http://www.jcp.org/jcr/nt/1.0hierarchyNode>
        , <http://www.jcp.org/jcr/nt/1.0base> , <http://www.jcp.org/jcr/mix/1.0created>
        , fedora:resource , dcmitype:Text , fedora:object , content:ContentAsText
        , fedora:relations , <http://www.jcp.org/jcr/mix/1.0created> , <http://www.jcp.org/jcr/mix/1.0lastModified>
        , <http://www.jcp.org/jcr/mix/1.0referenceable> , fedora:DublinCoreDescribable
        , fedora:resource , ldp:Container ;\n\tfcrepo:primaryType \"nt:folder\"^^<http://www.w3.org/2001/XMLSchema#string>
        ;\n\tcontent:chars \"I hate this!\"^^<http://www.w3.org/2001/XMLSchema#string>
        ;\n\tfcrepo:created \"2014-10-24T21:08:51.759Z\"^^<http://www.w3.org/2001/XMLSchema#dateTime>
        ;\n\tfcrepo:lastModified \"2014-10-24T21:08:51.759Z\"^^<http://www.w3.org/2001/XMLSchema#dateTime>
        ;\n\tfcrepo:mixinTypes \"fedora:resource\"^^<http://www.w3.org/2001/XMLSchema#string>
        , \"dcmitype:Text\"^^<http://www.w3.org/2001/XMLSchema#string> , \"fedora:object\"^^<http://www.w3.org/2001/XMLSchema#string>
        , \"content:ContentAsText\"^^<http://www.w3.org/2001/XMLSchema#string> ;\n\tfcrepo:lastModifiedBy
        \"bypassAdmin\"^^<http://www.w3.org/2001/XMLSchema#string> ;\n\tfcrepo:uuid
        \"e98514a9-04e7-4916-86dc-1b1314ae54b2\"^^<http://www.w3.org/2001/XMLSchema#string>
        ;\n\tfcrepo:createdBy \"bypassAdmin\"^^<http://www.w3.org/2001/XMLSchema#string>
        .\n"
    http_version: 
  recorded_at: Fri, 24 Oct 2014 21:08:51 GMT
recorded_with: VCR 2.9.3
