---
http_interactions:
- request:
    method: head
    uri: http://localhost:8983/fedora/rest/anno/external_uri_specs
    body:
      encoding: US-ASCII
      string: ''
    headers:
      User-Agent:
      - Faraday v0.9.1
      Accept:
      - "*/*"
  response:
    status:
      code: 200
      message: OK
    headers:
      Etag:
      - '"c3857cbdfe9db1bd8184444d028bb5d0f9532b2b"'
      Last-Modified:
      - Fri, 19 Jun 2015 22:45:50 GMT
      Link:
      - <http://www.w3.org/ns/ldp#BasicContainer>;rel="type"
      - <http://www.w3.org/ns/ldp#Container>;rel="type"
      - <http://www.w3.org/ns/ldp#Resource>;rel="type"
      Accept-Patch:
      - application/sparql-update
      Accept-Post:
      - text/turtle,text/rdf+n3,text/n3,application/rdf+xml,application/n-triples,multipart/form-data,application/sparql-update
      Allow:
      - MOVE,COPY,DELETE,POST,HEAD,GET,PUT,PATCH,OPTIONS
      Content-Type:
      - text/tab-separated-values
      Content-Length:
      - '0'
    body:
      encoding: UTF-8
      string: ''
    http_version: 
  recorded_at: Fri, 19 Jun 2015 22:45:50 GMT
- request:
    method: post
    uri: http://localhost:8983/fedora/rest/anno/external_uri_specs
    body:
      encoding: UTF-8
      string: |
        @prefix ldp: <http://www.w3.org/ns/ldp#> .
        @prefix oa: <http://www.w3.org/ns/oa#> .
        @prefix rdf: <http://www.w3.org/1999/02/22-rdf-syntax-ns#> .

        <> a oa:Annotation,
             ldp:BasicContainer;
           oa:motivatedBy oa:identifying .
    headers:
      User-Agent:
      - Faraday v0.9.1
      Prefer:
      - return=respresentation; omit="http://fedora.info/definitions/v4/repository#ServerManaged"
      Content-Type:
      - application/x-turtle
      Accept-Encoding:
      - gzip;q=1.0,deflate;q=0.6,identity;q=0.3
      Accept:
      - "*/*"
  response:
    status:
      code: 201
      message: Created
    headers:
      Etag:
      - '"d95536ad4e51889a010543118a2eb8ca7d8444f5"'
      Last-Modified:
      - Fri, 19 Jun 2015 22:45:50 GMT
      Content-Length:
      - '106'
      Location:
      - http://localhost:8983/fedora/rest/anno/external_uri_specs/87/fc/45/d8/87fc45d8-79f6-4fea-82ff-5185c2389e64
      Content-Type:
      - text/plain
    body:
      encoding: UTF-8
      string: http://localhost:8983/fedora/rest/anno/external_uri_specs/87/fc/45/d8/87fc45d8-79f6-4fea-82ff-5185c2389e64
    http_version: 
  recorded_at: Fri, 19 Jun 2015 22:45:50 GMT
- request:
    method: post
    uri: http://localhost:8983/fedora/rest/anno/external_uri_specs/87/fc/45/d8/87fc45d8-79f6-4fea-82ff-5185c2389e64
    body:
      encoding: UTF-8
      string: |
        @prefix ldp: <http://www.w3.org/ns/ldp#> .
        @prefix oa: <http://www.w3.org/ns/oa#> .
        @prefix rdf: <http://www.w3.org/1999/02/22-rdf-syntax-ns#> .

        <> a ldp:DirectContainer;
           ldp:hasMemberRelation oa:hasBody;
           ldp:membershipResource <http://localhost:8983/fedora/rest/anno/external_uri_specs/87/fc/45/d8/87fc45d8-79f6-4fea-82ff-5185c2389e64> .
    headers:
      User-Agent:
      - Faraday v0.9.1
      Prefer:
      - return=respresentation; omit="http://fedora.info/definitions/v4/repository#ServerManaged"
      Content-Type:
      - application/x-turtle
      Slug:
      - b
      Accept-Encoding:
      - gzip;q=1.0,deflate;q=0.6,identity;q=0.3
      Accept:
      - "*/*"
  response:
    status:
      code: 201
      message: Created
    headers:
      Etag:
      - '"24296f2e5d924b5143d05cb863180a784fc213b5"'
      Last-Modified:
      - Fri, 19 Jun 2015 22:45:51 GMT
      Content-Length:
      - '108'
      Location:
      - http://localhost:8983/fedora/rest/anno/external_uri_specs/87/fc/45/d8/87fc45d8-79f6-4fea-82ff-5185c2389e64/b
      Content-Type:
      - text/plain
    body:
      encoding: UTF-8
      string: http://localhost:8983/fedora/rest/anno/external_uri_specs/87/fc/45/d8/87fc45d8-79f6-4fea-82ff-5185c2389e64/b
    http_version: 
  recorded_at: Fri, 19 Jun 2015 22:45:51 GMT
- request:
    method: post
    uri: http://localhost:8983/fedora/rest/anno/external_uri_specs/87/fc/45/d8/87fc45d8-79f6-4fea-82ff-5185c2389e64/b
    body:
      encoding: UTF-8
      string: |
        @prefix ldp: <http://www.w3.org/ns/ldp#> .
        @prefix oa: <http://www.w3.org/ns/oa#> .
        @prefix rdf: <http://www.w3.org/1999/02/22-rdf-syntax-ns#> .
        @prefix triannon: <http://triannon.stanford.edu/ns/> .

        <> a ldp:BasicContainer,
             oa:SemanticTag;
           triannon:externalReference <http://dbpedia.org/resource/Otto_Ege> .
    headers:
      User-Agent:
      - Faraday v0.9.1
      Prefer:
      - return=respresentation; omit="http://fedora.info/definitions/v4/repository#ServerManaged"
      Content-Type:
      - application/x-turtle
      Accept-Encoding:
      - gzip;q=1.0,deflate;q=0.6,identity;q=0.3
      Accept:
      - "*/*"
  response:
    status:
      code: 201
      message: Created
    headers:
      Etag:
      - '"2228a3dd54fffaa770c972cbd8bb301d18d38d33"'
      Last-Modified:
      - Fri, 19 Jun 2015 22:45:51 GMT
      Content-Length:
      - '157'
      Location:
      - http://localhost:8983/fedora/rest/anno/external_uri_specs/87/fc/45/d8/87fc45d8-79f6-4fea-82ff-5185c2389e64/b/15/55/84/45/15558445-1ad5-4fdb-b117-1f0e98aa959b
      Content-Type:
      - text/plain
    body:
      encoding: UTF-8
      string: http://localhost:8983/fedora/rest/anno/external_uri_specs/87/fc/45/d8/87fc45d8-79f6-4fea-82ff-5185c2389e64/b/15/55/84/45/15558445-1ad5-4fdb-b117-1f0e98aa959b
    http_version: 
  recorded_at: Fri, 19 Jun 2015 22:45:51 GMT
- request:
    method: post
    uri: http://localhost:8983/fedora/rest/anno/external_uri_specs/87/fc/45/d8/87fc45d8-79f6-4fea-82ff-5185c2389e64
    body:
      encoding: UTF-8
      string: |
        @prefix ldp: <http://www.w3.org/ns/ldp#> .
        @prefix oa: <http://www.w3.org/ns/oa#> .
        @prefix rdf: <http://www.w3.org/1999/02/22-rdf-syntax-ns#> .

        <> a ldp:DirectContainer;
           ldp:hasMemberRelation oa:hasTarget;
           ldp:membershipResource <http://localhost:8983/fedora/rest/anno/external_uri_specs/87/fc/45/d8/87fc45d8-79f6-4fea-82ff-5185c2389e64> .
    headers:
      User-Agent:
      - Faraday v0.9.1
      Prefer:
      - return=respresentation; omit="http://fedora.info/definitions/v4/repository#ServerManaged"
      Content-Type:
      - application/x-turtle
      Slug:
      - t
      Accept-Encoding:
      - gzip;q=1.0,deflate;q=0.6,identity;q=0.3
      Accept:
      - "*/*"
  response:
    status:
      code: 201
      message: Created
    headers:
      Etag:
      - '"6a87405e488c27e72b3dff0f27f37c14fbeebb49"'
      Last-Modified:
      - Fri, 19 Jun 2015 22:45:51 GMT
      Content-Length:
      - '108'
      Location:
      - http://localhost:8983/fedora/rest/anno/external_uri_specs/87/fc/45/d8/87fc45d8-79f6-4fea-82ff-5185c2389e64/t
      Content-Type:
      - text/plain
    body:
      encoding: UTF-8
      string: http://localhost:8983/fedora/rest/anno/external_uri_specs/87/fc/45/d8/87fc45d8-79f6-4fea-82ff-5185c2389e64/t
    http_version: 
  recorded_at: Fri, 19 Jun 2015 22:45:51 GMT
- request:
    method: post
    uri: http://localhost:8983/fedora/rest/anno/external_uri_specs/87/fc/45/d8/87fc45d8-79f6-4fea-82ff-5185c2389e64/t
    body:
      encoding: UTF-8
      string: |
        @prefix ldp: <http://www.w3.org/ns/ldp#> .
        @prefix rdf: <http://www.w3.org/1999/02/22-rdf-syntax-ns#> .
        @prefix triannon: <http://triannon.stanford.edu/ns/> .

        <> a ldp:BasicContainer;
           triannon:externalReference <http://purl.stanford.edu/kq131cs7229> .
    headers:
      User-Agent:
      - Faraday v0.9.1
      Prefer:
      - return=respresentation; omit="http://fedora.info/definitions/v4/repository#ServerManaged"
      Content-Type:
      - application/x-turtle
      Accept-Encoding:
      - gzip;q=1.0,deflate;q=0.6,identity;q=0.3
      Accept:
      - "*/*"
  response:
    status:
      code: 201
      message: Created
    headers:
      Etag:
      - '"e7a4a1c9c1e9519ab61b45afa84184f5ca14bf49"'
      Last-Modified:
      - Fri, 19 Jun 2015 22:45:51 GMT
      Content-Length:
      - '157'
      Location:
      - http://localhost:8983/fedora/rest/anno/external_uri_specs/87/fc/45/d8/87fc45d8-79f6-4fea-82ff-5185c2389e64/t/b3/e1/f3/bf/b3e1f3bf-a8ad-467e-a7e7-df7b0036976a
      Content-Type:
      - text/plain
    body:
      encoding: UTF-8
      string: http://localhost:8983/fedora/rest/anno/external_uri_specs/87/fc/45/d8/87fc45d8-79f6-4fea-82ff-5185c2389e64/t/b3/e1/f3/bf/b3e1f3bf-a8ad-467e-a7e7-df7b0036976a
    http_version: 
  recorded_at: Fri, 19 Jun 2015 22:45:51 GMT
- request:
    method: get
    uri: http://localhost:8983/fedora/rest/anno/external_uri_specs/87/fc/45/d8/87fc45d8-79f6-4fea-82ff-5185c2389e64
    body:
      encoding: US-ASCII
      string: ''
    headers:
      User-Agent:
      - Faraday v0.9.1
      Prefer:
      - return=respresentation; omit="http://fedora.info/definitions/v4/repository#ServerManaged"
      Accept:
      - application/x-turtle
      Accept-Encoding:
      - gzip;q=1.0,deflate;q=0.6,identity;q=0.3
  response:
    status:
      code: 200
      message: OK
    headers:
      Etag:
      - '"685ad247747a4f0a7d30269f13eb5b4edfcdb3c2"'
      Last-Modified:
      - Fri, 19 Jun 2015 22:45:51 GMT
      Link:
      - <http://www.w3.org/ns/ldp#BasicContainer>;rel="type"
      - <http://www.w3.org/ns/ldp#Container>;rel="type"
      - <http://www.w3.org/ns/ldp#Resource>;rel="type"
      Accept-Patch:
      - application/sparql-update
      Accept-Post:
      - text/turtle,text/rdf+n3,text/n3,application/rdf+xml,application/n-triples,multipart/form-data,application/sparql-update
      Allow:
      - MOVE,COPY,DELETE,POST,HEAD,GET,PUT,PATCH,OPTIONS
      Preference-Applied:
      - return=representation
      Vary:
      - Accept, Range, Accept-Encoding, Accept-Language
      - Prefer
      Content-Length:
      - '1851'
      Content-Type:
      - application/x-turtle
    body:
      encoding: UTF-8
      string: "@prefix premis: <http://www.loc.gov/premis/rdf/v1#> .\n@prefix image:
        <http://www.modeshape.org/images/1.0> .\n@prefix sv: <http://www.jcp.org/jcr/sv/1.0>
        .\n@prefix test: <info:fedora/test/> .\n@prefix nt: <http://www.jcp.org/jcr/nt/1.0>
        .\n@prefix cnt: <http://www.w3.org/2011/content#> .\n@prefix dcmitype: <http://purl.org/dc/dcmitype/>
        .\n@prefix rdfs: <http://www.w3.org/2000/01/rdf-schema#> .\n@prefix xsi: <http://www.w3.org/2001/XMLSchema-instance>
        .\n@prefix mode: <http://www.modeshape.org/1.0> .\n@prefix oa: <http://www.w3.org/ns/oa#>
        .\n@prefix triannon: <http://triannon.stanford.edu/ns/> .\n@prefix rdf: <http://www.w3.org/1999/02/22-rdf-syntax-ns#>
        .\n@prefix fedora: <http://fedora.info/definitions/v4/repository#> .\n@prefix
        xml: <http://www.w3.org/XML/1998/namespace> .\n@prefix ldp: <http://www.w3.org/ns/ldp#>
        .\n@prefix xs: <http://www.w3.org/2001/XMLSchema> .\n@prefix fedoraconfig:
        <http://fedora.info/definitions/v4/config#> .\n@prefix mix: <http://www.jcp.org/jcr/mix/1.0>
        .\n@prefix foaf: <http://xmlns.com/foaf/0.1/> .\n@prefix dc: <http://purl.org/dc/elements/1.1/>
        .\n\n\n<http://localhost:8983/fedora/rest/anno/external_uri_specs/87/fc/45/d8/87fc45d8-79f6-4fea-82ff-5185c2389e64>
        a oa:Annotation , ldp:BasicContainer ;\n\toa:motivatedBy oa:identifying ;\n\tldp:contains
        <http://localhost:8983/fedora/rest/anno/external_uri_specs/87/fc/45/d8/87fc45d8-79f6-4fea-82ff-5185c2389e64/b>
        , <http://localhost:8983/fedora/rest/anno/external_uri_specs/87/fc/45/d8/87fc45d8-79f6-4fea-82ff-5185c2389e64/t>
        ;\n\toa:hasBody <http://localhost:8983/fedora/rest/anno/external_uri_specs/87/fc/45/d8/87fc45d8-79f6-4fea-82ff-5185c2389e64/b/15/55/84/45/15558445-1ad5-4fdb-b117-1f0e98aa959b>
        ;\n\toa:hasTarget <http://localhost:8983/fedora/rest/anno/external_uri_specs/87/fc/45/d8/87fc45d8-79f6-4fea-82ff-5185c2389e64/t/b3/e1/f3/bf/b3e1f3bf-a8ad-467e-a7e7-df7b0036976a>
        .\n"
    http_version: 
  recorded_at: Fri, 19 Jun 2015 22:45:51 GMT
- request:
    method: get
    uri: http://localhost:8983/fedora/rest/anno/external_uri_specs/87/fc/45/d8/87fc45d8-79f6-4fea-82ff-5185c2389e64/b/15/55/84/45/15558445-1ad5-4fdb-b117-1f0e98aa959b
    body:
      encoding: US-ASCII
      string: ''
    headers:
      User-Agent:
      - Faraday v0.9.1
      Prefer:
      - return=respresentation; omit="http://fedora.info/definitions/v4/repository#ServerManaged"
      Accept:
      - application/x-turtle
      Accept-Encoding:
      - gzip;q=1.0,deflate;q=0.6,identity;q=0.3
  response:
    status:
      code: 200
      message: OK
    headers:
      Etag:
      - '"2228a3dd54fffaa770c972cbd8bb301d18d38d33"'
      Last-Modified:
      - Fri, 19 Jun 2015 22:45:51 GMT
      Link:
      - <http://www.w3.org/ns/ldp#BasicContainer>;rel="type"
      - <http://www.w3.org/ns/ldp#Container>;rel="type"
      - <http://www.w3.org/ns/ldp#Resource>;rel="type"
      Accept-Patch:
      - application/sparql-update
      Accept-Post:
      - text/turtle,text/rdf+n3,text/n3,application/rdf+xml,application/n-triples,multipart/form-data,application/sparql-update
      Allow:
      - MOVE,COPY,DELETE,POST,HEAD,GET,PUT,PATCH,OPTIONS
      Preference-Applied:
      - return=representation
      Vary:
      - Accept, Range, Accept-Encoding, Accept-Language
      - Prefer
      Content-Length:
      - '1349'
      Content-Type:
      - application/x-turtle
    body:
      encoding: UTF-8
      string: "@prefix premis: <http://www.loc.gov/premis/rdf/v1#> .\n@prefix image:
        <http://www.modeshape.org/images/1.0> .\n@prefix sv: <http://www.jcp.org/jcr/sv/1.0>
        .\n@prefix test: <info:fedora/test/> .\n@prefix nt: <http://www.jcp.org/jcr/nt/1.0>
        .\n@prefix cnt: <http://www.w3.org/2011/content#> .\n@prefix dcmitype: <http://purl.org/dc/dcmitype/>
        .\n@prefix rdfs: <http://www.w3.org/2000/01/rdf-schema#> .\n@prefix xsi: <http://www.w3.org/2001/XMLSchema-instance>
        .\n@prefix mode: <http://www.modeshape.org/1.0> .\n@prefix oa: <http://www.w3.org/ns/oa#>
        .\n@prefix triannon: <http://triannon.stanford.edu/ns/> .\n@prefix rdf: <http://www.w3.org/1999/02/22-rdf-syntax-ns#>
        .\n@prefix fedora: <http://fedora.info/definitions/v4/repository#> .\n@prefix
        xml: <http://www.w3.org/XML/1998/namespace> .\n@prefix ldp: <http://www.w3.org/ns/ldp#>
        .\n@prefix xs: <http://www.w3.org/2001/XMLSchema> .\n@prefix fedoraconfig:
        <http://fedora.info/definitions/v4/config#> .\n@prefix mix: <http://www.jcp.org/jcr/mix/1.0>
        .\n@prefix foaf: <http://xmlns.com/foaf/0.1/> .\n@prefix dc: <http://purl.org/dc/elements/1.1/>
        .\n\n\n<http://localhost:8983/fedora/rest/anno/external_uri_specs/87/fc/45/d8/87fc45d8-79f6-4fea-82ff-5185c2389e64/b/15/55/84/45/15558445-1ad5-4fdb-b117-1f0e98aa959b>
        a oa:SemanticTag , ldp:BasicContainer ;\n\ttriannon:externalReference <http://dbpedia.org/resource/Otto_Ege>
        .\n"
    http_version: 
  recorded_at: Fri, 19 Jun 2015 22:45:51 GMT
- request:
    method: get
    uri: http://localhost:8983/fedora/rest/anno/external_uri_specs/87/fc/45/d8/87fc45d8-79f6-4fea-82ff-5185c2389e64/t/b3/e1/f3/bf/b3e1f3bf-a8ad-467e-a7e7-df7b0036976a
    body:
      encoding: US-ASCII
      string: ''
    headers:
      User-Agent:
      - Faraday v0.9.1
      Prefer:
      - return=respresentation; omit="http://fedora.info/definitions/v4/repository#ServerManaged"
      Accept:
      - application/x-turtle
      Accept-Encoding:
      - gzip;q=1.0,deflate;q=0.6,identity;q=0.3
  response:
    status:
      code: 200
      message: OK
    headers:
      Etag:
      - '"e7a4a1c9c1e9519ab61b45afa84184f5ca14bf49"'
      Last-Modified:
      - Fri, 19 Jun 2015 22:45:51 GMT
      Link:
      - <http://www.w3.org/ns/ldp#BasicContainer>;rel="type"
      - <http://www.w3.org/ns/ldp#Container>;rel="type"
      - <http://www.w3.org/ns/ldp#Resource>;rel="type"
      Accept-Patch:
      - application/sparql-update
      Accept-Post:
      - text/turtle,text/rdf+n3,text/n3,application/rdf+xml,application/n-triples,multipart/form-data,application/sparql-update
      Allow:
      - MOVE,COPY,DELETE,POST,HEAD,GET,PUT,PATCH,OPTIONS
      Preference-Applied:
      - return=representation
      Vary:
      - Accept, Range, Accept-Encoding, Accept-Language
      - Prefer
      Content-Length:
      - '1332'
      Content-Type:
      - application/x-turtle
    body:
      encoding: UTF-8
      string: "@prefix premis: <http://www.loc.gov/premis/rdf/v1#> .\n@prefix image:
        <http://www.modeshape.org/images/1.0> .\n@prefix sv: <http://www.jcp.org/jcr/sv/1.0>
        .\n@prefix test: <info:fedora/test/> .\n@prefix nt: <http://www.jcp.org/jcr/nt/1.0>
        .\n@prefix cnt: <http://www.w3.org/2011/content#> .\n@prefix dcmitype: <http://purl.org/dc/dcmitype/>
        .\n@prefix rdfs: <http://www.w3.org/2000/01/rdf-schema#> .\n@prefix xsi: <http://www.w3.org/2001/XMLSchema-instance>
        .\n@prefix mode: <http://www.modeshape.org/1.0> .\n@prefix oa: <http://www.w3.org/ns/oa#>
        .\n@prefix triannon: <http://triannon.stanford.edu/ns/> .\n@prefix rdf: <http://www.w3.org/1999/02/22-rdf-syntax-ns#>
        .\n@prefix fedora: <http://fedora.info/definitions/v4/repository#> .\n@prefix
        xml: <http://www.w3.org/XML/1998/namespace> .\n@prefix ldp: <http://www.w3.org/ns/ldp#>
        .\n@prefix xs: <http://www.w3.org/2001/XMLSchema> .\n@prefix fedoraconfig:
        <http://fedora.info/definitions/v4/config#> .\n@prefix mix: <http://www.jcp.org/jcr/mix/1.0>
        .\n@prefix foaf: <http://xmlns.com/foaf/0.1/> .\n@prefix dc: <http://purl.org/dc/elements/1.1/>
        .\n\n\n<http://localhost:8983/fedora/rest/anno/external_uri_specs/87/fc/45/d8/87fc45d8-79f6-4fea-82ff-5185c2389e64/t/b3/e1/f3/bf/b3e1f3bf-a8ad-467e-a7e7-df7b0036976a>
        a ldp:BasicContainer ;\n\ttriannon:externalReference <http://purl.stanford.edu/kq131cs7229>
        .\n"
    http_version: 
  recorded_at: Fri, 19 Jun 2015 22:45:51 GMT
- request:
    method: get
    uri: http://localhost:8983/fedora/rest/anno/external_uri_specs/87/fc/45/d8/87fc45d8-79f6-4fea-82ff-5185c2389e64
    body:
      encoding: US-ASCII
      string: ''
    headers:
      User-Agent:
      - Faraday v0.9.1
      Prefer:
      - return=respresentation; omit="http://fedora.info/definitions/v4/repository#ServerManaged"
      Accept:
      - application/x-turtle
      Accept-Encoding:
      - gzip;q=1.0,deflate;q=0.6,identity;q=0.3
  response:
    status:
      code: 200
      message: OK
    headers:
      Etag:
      - '"685ad247747a4f0a7d30269f13eb5b4edfcdb3c2"'
      Last-Modified:
      - Fri, 19 Jun 2015 22:45:51 GMT
      Link:
      - <http://www.w3.org/ns/ldp#BasicContainer>;rel="type"
      - <http://www.w3.org/ns/ldp#Container>;rel="type"
      - <http://www.w3.org/ns/ldp#Resource>;rel="type"
      Accept-Patch:
      - application/sparql-update
      Accept-Post:
      - text/turtle,text/rdf+n3,text/n3,application/rdf+xml,application/n-triples,multipart/form-data,application/sparql-update
      Allow:
      - MOVE,COPY,DELETE,POST,HEAD,GET,PUT,PATCH,OPTIONS
      Preference-Applied:
      - return=representation
      Vary:
      - Accept, Range, Accept-Encoding, Accept-Language
      - Prefer
      Content-Length:
      - '1851'
      Content-Type:
      - application/x-turtle
    body:
      encoding: UTF-8
      string: "@prefix premis: <http://www.loc.gov/premis/rdf/v1#> .\n@prefix image:
        <http://www.modeshape.org/images/1.0> .\n@prefix sv: <http://www.jcp.org/jcr/sv/1.0>
        .\n@prefix test: <info:fedora/test/> .\n@prefix nt: <http://www.jcp.org/jcr/nt/1.0>
        .\n@prefix cnt: <http://www.w3.org/2011/content#> .\n@prefix dcmitype: <http://purl.org/dc/dcmitype/>
        .\n@prefix rdfs: <http://www.w3.org/2000/01/rdf-schema#> .\n@prefix xsi: <http://www.w3.org/2001/XMLSchema-instance>
        .\n@prefix mode: <http://www.modeshape.org/1.0> .\n@prefix oa: <http://www.w3.org/ns/oa#>
        .\n@prefix triannon: <http://triannon.stanford.edu/ns/> .\n@prefix rdf: <http://www.w3.org/1999/02/22-rdf-syntax-ns#>
        .\n@prefix fedora: <http://fedora.info/definitions/v4/repository#> .\n@prefix
        xml: <http://www.w3.org/XML/1998/namespace> .\n@prefix ldp: <http://www.w3.org/ns/ldp#>
        .\n@prefix xs: <http://www.w3.org/2001/XMLSchema> .\n@prefix fedoraconfig:
        <http://fedora.info/definitions/v4/config#> .\n@prefix mix: <http://www.jcp.org/jcr/mix/1.0>
        .\n@prefix foaf: <http://xmlns.com/foaf/0.1/> .\n@prefix dc: <http://purl.org/dc/elements/1.1/>
        .\n\n\n<http://localhost:8983/fedora/rest/anno/external_uri_specs/87/fc/45/d8/87fc45d8-79f6-4fea-82ff-5185c2389e64>
        a oa:Annotation , ldp:BasicContainer ;\n\toa:motivatedBy oa:identifying ;\n\tldp:contains
        <http://localhost:8983/fedora/rest/anno/external_uri_specs/87/fc/45/d8/87fc45d8-79f6-4fea-82ff-5185c2389e64/b>
        , <http://localhost:8983/fedora/rest/anno/external_uri_specs/87/fc/45/d8/87fc45d8-79f6-4fea-82ff-5185c2389e64/t>
        ;\n\toa:hasBody <http://localhost:8983/fedora/rest/anno/external_uri_specs/87/fc/45/d8/87fc45d8-79f6-4fea-82ff-5185c2389e64/b/15/55/84/45/15558445-1ad5-4fdb-b117-1f0e98aa959b>
        ;\n\toa:hasTarget <http://localhost:8983/fedora/rest/anno/external_uri_specs/87/fc/45/d8/87fc45d8-79f6-4fea-82ff-5185c2389e64/t/b3/e1/f3/bf/b3e1f3bf-a8ad-467e-a7e7-df7b0036976a>
        .\n"
    http_version: 
  recorded_at: Fri, 19 Jun 2015 22:45:51 GMT
- request:
    method: get
    uri: http://localhost:8983/fedora/rest/anno/external_uri_specs/87/fc/45/d8/87fc45d8-79f6-4fea-82ff-5185c2389e64/b/15/55/84/45/15558445-1ad5-4fdb-b117-1f0e98aa959b
    body:
      encoding: US-ASCII
      string: ''
    headers:
      User-Agent:
      - Faraday v0.9.1
      Prefer:
      - return=respresentation; omit="http://fedora.info/definitions/v4/repository#ServerManaged"
      Accept:
      - application/x-turtle
      Accept-Encoding:
      - gzip;q=1.0,deflate;q=0.6,identity;q=0.3
  response:
    status:
      code: 200
      message: OK
    headers:
      Etag:
      - '"2228a3dd54fffaa770c972cbd8bb301d18d38d33"'
      Last-Modified:
      - Fri, 19 Jun 2015 22:45:51 GMT
      Link:
      - <http://www.w3.org/ns/ldp#BasicContainer>;rel="type"
      - <http://www.w3.org/ns/ldp#Container>;rel="type"
      - <http://www.w3.org/ns/ldp#Resource>;rel="type"
      Accept-Patch:
      - application/sparql-update
      Accept-Post:
      - text/turtle,text/rdf+n3,text/n3,application/rdf+xml,application/n-triples,multipart/form-data,application/sparql-update
      Allow:
      - MOVE,COPY,DELETE,POST,HEAD,GET,PUT,PATCH,OPTIONS
      Preference-Applied:
      - return=representation
      Vary:
      - Accept, Range, Accept-Encoding, Accept-Language
      - Prefer
      Content-Length:
      - '1349'
      Content-Type:
      - application/x-turtle
    body:
      encoding: UTF-8
      string: "@prefix premis: <http://www.loc.gov/premis/rdf/v1#> .\n@prefix image:
        <http://www.modeshape.org/images/1.0> .\n@prefix sv: <http://www.jcp.org/jcr/sv/1.0>
        .\n@prefix test: <info:fedora/test/> .\n@prefix nt: <http://www.jcp.org/jcr/nt/1.0>
        .\n@prefix cnt: <http://www.w3.org/2011/content#> .\n@prefix dcmitype: <http://purl.org/dc/dcmitype/>
        .\n@prefix rdfs: <http://www.w3.org/2000/01/rdf-schema#> .\n@prefix xsi: <http://www.w3.org/2001/XMLSchema-instance>
        .\n@prefix mode: <http://www.modeshape.org/1.0> .\n@prefix oa: <http://www.w3.org/ns/oa#>
        .\n@prefix triannon: <http://triannon.stanford.edu/ns/> .\n@prefix rdf: <http://www.w3.org/1999/02/22-rdf-syntax-ns#>
        .\n@prefix fedora: <http://fedora.info/definitions/v4/repository#> .\n@prefix
        xml: <http://www.w3.org/XML/1998/namespace> .\n@prefix ldp: <http://www.w3.org/ns/ldp#>
        .\n@prefix xs: <http://www.w3.org/2001/XMLSchema> .\n@prefix fedoraconfig:
        <http://fedora.info/definitions/v4/config#> .\n@prefix mix: <http://www.jcp.org/jcr/mix/1.0>
        .\n@prefix foaf: <http://xmlns.com/foaf/0.1/> .\n@prefix dc: <http://purl.org/dc/elements/1.1/>
        .\n\n\n<http://localhost:8983/fedora/rest/anno/external_uri_specs/87/fc/45/d8/87fc45d8-79f6-4fea-82ff-5185c2389e64/b/15/55/84/45/15558445-1ad5-4fdb-b117-1f0e98aa959b>
        a oa:SemanticTag , ldp:BasicContainer ;\n\ttriannon:externalReference <http://dbpedia.org/resource/Otto_Ege>
        .\n"
    http_version: 
  recorded_at: Fri, 19 Jun 2015 22:45:51 GMT
- request:
    method: get
    uri: http://localhost:8983/fedora/rest/anno/external_uri_specs/87/fc/45/d8/87fc45d8-79f6-4fea-82ff-5185c2389e64/t/b3/e1/f3/bf/b3e1f3bf-a8ad-467e-a7e7-df7b0036976a
    body:
      encoding: US-ASCII
      string: ''
    headers:
      User-Agent:
      - Faraday v0.9.1
      Prefer:
      - return=respresentation; omit="http://fedora.info/definitions/v4/repository#ServerManaged"
      Accept:
      - application/x-turtle
      Accept-Encoding:
      - gzip;q=1.0,deflate;q=0.6,identity;q=0.3
  response:
    status:
      code: 200
      message: OK
    headers:
      Etag:
      - '"e7a4a1c9c1e9519ab61b45afa84184f5ca14bf49"'
      Last-Modified:
      - Fri, 19 Jun 2015 22:45:51 GMT
      Link:
      - <http://www.w3.org/ns/ldp#BasicContainer>;rel="type"
      - <http://www.w3.org/ns/ldp#Container>;rel="type"
      - <http://www.w3.org/ns/ldp#Resource>;rel="type"
      Accept-Patch:
      - application/sparql-update
      Accept-Post:
      - text/turtle,text/rdf+n3,text/n3,application/rdf+xml,application/n-triples,multipart/form-data,application/sparql-update
      Allow:
      - MOVE,COPY,DELETE,POST,HEAD,GET,PUT,PATCH,OPTIONS
      Preference-Applied:
      - return=representation
      Vary:
      - Accept, Range, Accept-Encoding, Accept-Language
      - Prefer
      Content-Length:
      - '1332'
      Content-Type:
      - application/x-turtle
    body:
      encoding: UTF-8
      string: "@prefix premis: <http://www.loc.gov/premis/rdf/v1#> .\n@prefix image:
        <http://www.modeshape.org/images/1.0> .\n@prefix sv: <http://www.jcp.org/jcr/sv/1.0>
        .\n@prefix test: <info:fedora/test/> .\n@prefix nt: <http://www.jcp.org/jcr/nt/1.0>
        .\n@prefix cnt: <http://www.w3.org/2011/content#> .\n@prefix dcmitype: <http://purl.org/dc/dcmitype/>
        .\n@prefix rdfs: <http://www.w3.org/2000/01/rdf-schema#> .\n@prefix xsi: <http://www.w3.org/2001/XMLSchema-instance>
        .\n@prefix mode: <http://www.modeshape.org/1.0> .\n@prefix oa: <http://www.w3.org/ns/oa#>
        .\n@prefix triannon: <http://triannon.stanford.edu/ns/> .\n@prefix rdf: <http://www.w3.org/1999/02/22-rdf-syntax-ns#>
        .\n@prefix fedora: <http://fedora.info/definitions/v4/repository#> .\n@prefix
        xml: <http://www.w3.org/XML/1998/namespace> .\n@prefix ldp: <http://www.w3.org/ns/ldp#>
        .\n@prefix xs: <http://www.w3.org/2001/XMLSchema> .\n@prefix fedoraconfig:
        <http://fedora.info/definitions/v4/config#> .\n@prefix mix: <http://www.jcp.org/jcr/mix/1.0>
        .\n@prefix foaf: <http://xmlns.com/foaf/0.1/> .\n@prefix dc: <http://purl.org/dc/elements/1.1/>
        .\n\n\n<http://localhost:8983/fedora/rest/anno/external_uri_specs/87/fc/45/d8/87fc45d8-79f6-4fea-82ff-5185c2389e64/t/b3/e1/f3/bf/b3e1f3bf-a8ad-467e-a7e7-df7b0036976a>
        a ldp:BasicContainer ;\n\ttriannon:externalReference <http://purl.stanford.edu/kq131cs7229>
        .\n"
    http_version: 
  recorded_at: Fri, 19 Jun 2015 22:45:51 GMT
recorded_with: VCR 2.9.3
