---
http_interactions:
- request:
    method: head
    uri: http://localhost:8983/fedora/rest/anno/external_uri_specs
    body:
      encoding: US-ASCII
      string: ''
    headers:
      User-Agent:
      - Faraday v0.9.1
      Accept:
      - "*/*"
  response:
    status:
      code: 200
      message: OK
    headers:
      Etag:
      - '"7c0a97d2c80dc44b473175ddc6d075530daa095a"'
      Last-Modified:
      - Fri, 26 Jun 2015 00:52:15 GMT
      Link:
      - <http://www.w3.org/ns/ldp#BasicContainer>;rel="type"
      - <http://www.w3.org/ns/ldp#Container>;rel="type"
      - <http://www.w3.org/ns/ldp#Resource>;rel="type"
      Accept-Patch:
      - application/sparql-update
      Accept-Post:
      - text/turtle,text/rdf+n3,text/n3,application/rdf+xml,application/n-triples,multipart/form-data,application/sparql-update
      Allow:
      - MOVE,COPY,DELETE,POST,HEAD,GET,PUT,PATCH,OPTIONS
      Content-Type:
      - text/tab-separated-values
      Content-Length:
      - '0'
    body:
      encoding: UTF-8
      string: ''
    http_version: 
  recorded_at: Fri, 26 Jun 2015 00:52:15 GMT
- request:
    method: post
    uri: http://localhost:8983/fedora/rest/anno/external_uri_specs
    body:
      encoding: UTF-8
      string: |
        @prefix ldp: <http://www.w3.org/ns/ldp#> .
        @prefix oa: <http://www.w3.org/ns/oa#> .
        @prefix rdf: <http://www.w3.org/1999/02/22-rdf-syntax-ns#> .

        <> a oa:Annotation,
             ldp:BasicContainer;
           oa:motivatedBy oa:identifying .
    headers:
      User-Agent:
      - Faraday v0.9.1
      Prefer:
      - return=respresentation; omit="http://fedora.info/definitions/v4/repository#ServerManaged"
      Content-Type:
      - application/x-turtle
      Accept-Encoding:
      - gzip;q=1.0,deflate;q=0.6,identity;q=0.3
      Accept:
      - "*/*"
  response:
    status:
      code: 201
      message: Created
    headers:
      Etag:
      - '"4699b81afa3cf9f75ae4f249abdf33f88b4c5944"'
      Last-Modified:
      - Fri, 26 Jun 2015 00:52:15 GMT
      Content-Length:
      - '106'
      Location:
      - http://localhost:8983/fedora/rest/anno/external_uri_specs/ae/24/55/42/ae245542-59ad-40cc-8cd5-f5c54dac03f1
      Content-Type:
      - text/plain
    body:
      encoding: UTF-8
      string: http://localhost:8983/fedora/rest/anno/external_uri_specs/ae/24/55/42/ae245542-59ad-40cc-8cd5-f5c54dac03f1
    http_version: 
  recorded_at: Fri, 26 Jun 2015 00:52:15 GMT
- request:
    method: post
    uri: http://localhost:8983/fedora/rest/anno/external_uri_specs/ae/24/55/42/ae245542-59ad-40cc-8cd5-f5c54dac03f1
    body:
      encoding: UTF-8
      string: |
        @prefix ldp: <http://www.w3.org/ns/ldp#> .
        @prefix oa: <http://www.w3.org/ns/oa#> .
        @prefix rdf: <http://www.w3.org/1999/02/22-rdf-syntax-ns#> .

        <> a ldp:DirectContainer;
           ldp:hasMemberRelation oa:hasBody;
           ldp:membershipResource <http://localhost:8983/fedora/rest/anno/external_uri_specs/ae/24/55/42/ae245542-59ad-40cc-8cd5-f5c54dac03f1> .
    headers:
      User-Agent:
      - Faraday v0.9.1
      Prefer:
      - return=respresentation; omit="http://fedora.info/definitions/v4/repository#ServerManaged"
      Content-Type:
      - application/x-turtle
      Slug:
      - b
      Accept-Encoding:
      - gzip;q=1.0,deflate;q=0.6,identity;q=0.3
      Accept:
      - "*/*"
  response:
    status:
      code: 201
      message: Created
    headers:
      Etag:
      - '"40b7a93b0207320ea92539acf179855f1fe4cf45"'
      Last-Modified:
      - Fri, 26 Jun 2015 00:52:15 GMT
      Content-Length:
      - '108'
      Location:
      - http://localhost:8983/fedora/rest/anno/external_uri_specs/ae/24/55/42/ae245542-59ad-40cc-8cd5-f5c54dac03f1/b
      Content-Type:
      - text/plain
    body:
      encoding: UTF-8
      string: http://localhost:8983/fedora/rest/anno/external_uri_specs/ae/24/55/42/ae245542-59ad-40cc-8cd5-f5c54dac03f1/b
    http_version: 
  recorded_at: Fri, 26 Jun 2015 00:52:15 GMT
- request:
    method: post
    uri: http://localhost:8983/fedora/rest/anno/external_uri_specs/ae/24/55/42/ae245542-59ad-40cc-8cd5-f5c54dac03f1/b
    body:
      encoding: UTF-8
      string: |
        @prefix ldp: <http://www.w3.org/ns/ldp#> .
        @prefix oa: <http://www.w3.org/ns/oa#> .
        @prefix rdf: <http://www.w3.org/1999/02/22-rdf-syntax-ns#> .
        @prefix triannon: <http://triannon.stanford.edu/ns/> .

        <> a ldp:BasicContainer,
             oa:SemanticTag;
           triannon:externalReference <http://dbpedia.org/resource/Otto_Ege> .
    headers:
      User-Agent:
      - Faraday v0.9.1
      Prefer:
      - return=respresentation; omit="http://fedora.info/definitions/v4/repository#ServerManaged"
      Content-Type:
      - application/x-turtle
      Accept-Encoding:
      - gzip;q=1.0,deflate;q=0.6,identity;q=0.3
      Accept:
      - "*/*"
  response:
    status:
      code: 201
      message: Created
    headers:
      Etag:
      - '"9cd9254db02ca9d02e39d101a9c6cb4110a987ca"'
      Last-Modified:
      - Fri, 26 Jun 2015 00:52:15 GMT
      Content-Length:
      - '157'
      Location:
      - http://localhost:8983/fedora/rest/anno/external_uri_specs/ae/24/55/42/ae245542-59ad-40cc-8cd5-f5c54dac03f1/b/27/5e/9c/33/275e9c33-b76c-42e4-a7f0-498acb83e103
      Content-Type:
      - text/plain
    body:
      encoding: UTF-8
      string: http://localhost:8983/fedora/rest/anno/external_uri_specs/ae/24/55/42/ae245542-59ad-40cc-8cd5-f5c54dac03f1/b/27/5e/9c/33/275e9c33-b76c-42e4-a7f0-498acb83e103
    http_version: 
  recorded_at: Fri, 26 Jun 2015 00:52:15 GMT
- request:
    method: post
    uri: http://localhost:8983/fedora/rest/anno/external_uri_specs/ae/24/55/42/ae245542-59ad-40cc-8cd5-f5c54dac03f1
    body:
      encoding: UTF-8
      string: |
        @prefix ldp: <http://www.w3.org/ns/ldp#> .
        @prefix oa: <http://www.w3.org/ns/oa#> .
        @prefix rdf: <http://www.w3.org/1999/02/22-rdf-syntax-ns#> .

        <> a ldp:DirectContainer;
           ldp:hasMemberRelation oa:hasTarget;
           ldp:membershipResource <http://localhost:8983/fedora/rest/anno/external_uri_specs/ae/24/55/42/ae245542-59ad-40cc-8cd5-f5c54dac03f1> .
    headers:
      User-Agent:
      - Faraday v0.9.1
      Prefer:
      - return=respresentation; omit="http://fedora.info/definitions/v4/repository#ServerManaged"
      Content-Type:
      - application/x-turtle
      Slug:
      - t
      Accept-Encoding:
      - gzip;q=1.0,deflate;q=0.6,identity;q=0.3
      Accept:
      - "*/*"
  response:
    status:
      code: 201
      message: Created
    headers:
      Etag:
      - '"5f1bd80a159844580d1f43bd9b2386c5a446de31"'
      Last-Modified:
      - Fri, 26 Jun 2015 00:52:15 GMT
      Content-Length:
      - '108'
      Location:
      - http://localhost:8983/fedora/rest/anno/external_uri_specs/ae/24/55/42/ae245542-59ad-40cc-8cd5-f5c54dac03f1/t
      Content-Type:
      - text/plain
    body:
      encoding: UTF-8
      string: http://localhost:8983/fedora/rest/anno/external_uri_specs/ae/24/55/42/ae245542-59ad-40cc-8cd5-f5c54dac03f1/t
    http_version: 
  recorded_at: Fri, 26 Jun 2015 00:52:15 GMT
- request:
    method: post
    uri: http://localhost:8983/fedora/rest/anno/external_uri_specs/ae/24/55/42/ae245542-59ad-40cc-8cd5-f5c54dac03f1/t
    body:
      encoding: UTF-8
      string: |
        @prefix ldp: <http://www.w3.org/ns/ldp#> .
        @prefix rdf: <http://www.w3.org/1999/02/22-rdf-syntax-ns#> .
        @prefix triannon: <http://triannon.stanford.edu/ns/> .

        <> a ldp:BasicContainer;
           triannon:externalReference <http://purl.stanford.edu/kq131cs7229> .
    headers:
      User-Agent:
      - Faraday v0.9.1
      Prefer:
      - return=respresentation; omit="http://fedora.info/definitions/v4/repository#ServerManaged"
      Content-Type:
      - application/x-turtle
      Accept-Encoding:
      - gzip;q=1.0,deflate;q=0.6,identity;q=0.3
      Accept:
      - "*/*"
  response:
    status:
      code: 201
      message: Created
    headers:
      Etag:
      - '"f59c4e09581698748782bbd5e169dc62c91c42a5"'
      Last-Modified:
      - Fri, 26 Jun 2015 00:52:15 GMT
      Content-Length:
      - '157'
      Location:
      - http://localhost:8983/fedora/rest/anno/external_uri_specs/ae/24/55/42/ae245542-59ad-40cc-8cd5-f5c54dac03f1/t/50/f7/8a/8c/50f78a8c-317f-41a9-830c-9db67825fb29
      Content-Type:
      - text/plain
    body:
      encoding: UTF-8
      string: http://localhost:8983/fedora/rest/anno/external_uri_specs/ae/24/55/42/ae245542-59ad-40cc-8cd5-f5c54dac03f1/t/50/f7/8a/8c/50f78a8c-317f-41a9-830c-9db67825fb29
    http_version: 
  recorded_at: Fri, 26 Jun 2015 00:52:15 GMT
- request:
    method: get
    uri: http://localhost:8983/fedora/rest/anno/external_uri_specs/ae/24/55/42/ae245542-59ad-40cc-8cd5-f5c54dac03f1
    body:
      encoding: US-ASCII
      string: ''
    headers:
      User-Agent:
      - Faraday v0.9.1
      Prefer:
      - return=respresentation; omit="http://fedora.info/definitions/v4/repository#ServerManaged"
      Accept:
      - application/x-turtle
      Accept-Encoding:
      - gzip;q=1.0,deflate;q=0.6,identity;q=0.3
  response:
    status:
      code: 200
      message: OK
    headers:
      Etag:
      - '"e75c963bbae2bbd95d4e28e450d9729e8f4ff914"'
      Last-Modified:
      - Fri, 26 Jun 2015 00:52:15 GMT
      Link:
      - <http://www.w3.org/ns/ldp#BasicContainer>;rel="type"
      - <http://www.w3.org/ns/ldp#Container>;rel="type"
      - <http://www.w3.org/ns/ldp#Resource>;rel="type"
      Accept-Patch:
      - application/sparql-update
      Accept-Post:
      - text/turtle,text/rdf+n3,text/n3,application/rdf+xml,application/n-triples,multipart/form-data,application/sparql-update
      Allow:
      - MOVE,COPY,DELETE,POST,HEAD,GET,PUT,PATCH,OPTIONS
      Preference-Applied:
      - return=representation
      Vary:
      - Accept, Range, Accept-Encoding, Accept-Language
      - Prefer
      Content-Length:
      - '1851'
      Content-Type:
      - application/x-turtle
    body:
      encoding: UTF-8
      string: "@prefix premis: <http://www.loc.gov/premis/rdf/v1#> .\n@prefix image:
        <http://www.modeshape.org/images/1.0> .\n@prefix sv: <http://www.jcp.org/jcr/sv/1.0>
        .\n@prefix test: <info:fedora/test/> .\n@prefix nt: <http://www.jcp.org/jcr/nt/1.0>
        .\n@prefix cnt: <http://www.w3.org/2011/content#> .\n@prefix dcmitype: <http://purl.org/dc/dcmitype/>
        .\n@prefix rdfs: <http://www.w3.org/2000/01/rdf-schema#> .\n@prefix xsi: <http://www.w3.org/2001/XMLSchema-instance>
        .\n@prefix mode: <http://www.modeshape.org/1.0> .\n@prefix oa: <http://www.w3.org/ns/oa#>
        .\n@prefix triannon: <http://triannon.stanford.edu/ns/> .\n@prefix rdf: <http://www.w3.org/1999/02/22-rdf-syntax-ns#>
        .\n@prefix fedora: <http://fedora.info/definitions/v4/repository#> .\n@prefix
        xml: <http://www.w3.org/XML/1998/namespace> .\n@prefix ldp: <http://www.w3.org/ns/ldp#>
        .\n@prefix xs: <http://www.w3.org/2001/XMLSchema> .\n@prefix fedoraconfig:
        <http://fedora.info/definitions/v4/config#> .\n@prefix mix: <http://www.jcp.org/jcr/mix/1.0>
        .\n@prefix foaf: <http://xmlns.com/foaf/0.1/> .\n@prefix dc: <http://purl.org/dc/elements/1.1/>
        .\n\n\n<http://localhost:8983/fedora/rest/anno/external_uri_specs/ae/24/55/42/ae245542-59ad-40cc-8cd5-f5c54dac03f1>
        a oa:Annotation , ldp:BasicContainer ;\n\toa:motivatedBy oa:identifying ;\n\tldp:contains
        <http://localhost:8983/fedora/rest/anno/external_uri_specs/ae/24/55/42/ae245542-59ad-40cc-8cd5-f5c54dac03f1/b>
        , <http://localhost:8983/fedora/rest/anno/external_uri_specs/ae/24/55/42/ae245542-59ad-40cc-8cd5-f5c54dac03f1/t>
        ;\n\toa:hasBody <http://localhost:8983/fedora/rest/anno/external_uri_specs/ae/24/55/42/ae245542-59ad-40cc-8cd5-f5c54dac03f1/b/27/5e/9c/33/275e9c33-b76c-42e4-a7f0-498acb83e103>
        ;\n\toa:hasTarget <http://localhost:8983/fedora/rest/anno/external_uri_specs/ae/24/55/42/ae245542-59ad-40cc-8cd5-f5c54dac03f1/t/50/f7/8a/8c/50f78a8c-317f-41a9-830c-9db67825fb29>
        .\n"
    http_version: 
  recorded_at: Fri, 26 Jun 2015 00:52:15 GMT
- request:
    method: get
    uri: http://localhost:8983/fedora/rest/anno/external_uri_specs/ae/24/55/42/ae245542-59ad-40cc-8cd5-f5c54dac03f1/b/27/5e/9c/33/275e9c33-b76c-42e4-a7f0-498acb83e103
    body:
      encoding: US-ASCII
      string: ''
    headers:
      User-Agent:
      - Faraday v0.9.1
      Prefer:
      - return=respresentation; omit="http://fedora.info/definitions/v4/repository#ServerManaged"
      Accept:
      - application/x-turtle
      Accept-Encoding:
      - gzip;q=1.0,deflate;q=0.6,identity;q=0.3
  response:
    status:
      code: 200
      message: OK
    headers:
      Etag:
      - '"9cd9254db02ca9d02e39d101a9c6cb4110a987ca"'
      Last-Modified:
      - Fri, 26 Jun 2015 00:52:15 GMT
      Link:
      - <http://www.w3.org/ns/ldp#BasicContainer>;rel="type"
      - <http://www.w3.org/ns/ldp#Container>;rel="type"
      - <http://www.w3.org/ns/ldp#Resource>;rel="type"
      Accept-Patch:
      - application/sparql-update
      Accept-Post:
      - text/turtle,text/rdf+n3,text/n3,application/rdf+xml,application/n-triples,multipart/form-data,application/sparql-update
      Allow:
      - MOVE,COPY,DELETE,POST,HEAD,GET,PUT,PATCH,OPTIONS
      Preference-Applied:
      - return=representation
      Vary:
      - Accept, Range, Accept-Encoding, Accept-Language
      - Prefer
      Content-Length:
      - '1349'
      Content-Type:
      - application/x-turtle
    body:
      encoding: UTF-8
      string: "@prefix premis: <http://www.loc.gov/premis/rdf/v1#> .\n@prefix image:
        <http://www.modeshape.org/images/1.0> .\n@prefix sv: <http://www.jcp.org/jcr/sv/1.0>
        .\n@prefix test: <info:fedora/test/> .\n@prefix nt: <http://www.jcp.org/jcr/nt/1.0>
        .\n@prefix cnt: <http://www.w3.org/2011/content#> .\n@prefix dcmitype: <http://purl.org/dc/dcmitype/>
        .\n@prefix rdfs: <http://www.w3.org/2000/01/rdf-schema#> .\n@prefix xsi: <http://www.w3.org/2001/XMLSchema-instance>
        .\n@prefix mode: <http://www.modeshape.org/1.0> .\n@prefix oa: <http://www.w3.org/ns/oa#>
        .\n@prefix triannon: <http://triannon.stanford.edu/ns/> .\n@prefix rdf: <http://www.w3.org/1999/02/22-rdf-syntax-ns#>
        .\n@prefix fedora: <http://fedora.info/definitions/v4/repository#> .\n@prefix
        xml: <http://www.w3.org/XML/1998/namespace> .\n@prefix ldp: <http://www.w3.org/ns/ldp#>
        .\n@prefix xs: <http://www.w3.org/2001/XMLSchema> .\n@prefix fedoraconfig:
        <http://fedora.info/definitions/v4/config#> .\n@prefix mix: <http://www.jcp.org/jcr/mix/1.0>
        .\n@prefix foaf: <http://xmlns.com/foaf/0.1/> .\n@prefix dc: <http://purl.org/dc/elements/1.1/>
        .\n\n\n<http://localhost:8983/fedora/rest/anno/external_uri_specs/ae/24/55/42/ae245542-59ad-40cc-8cd5-f5c54dac03f1/b/27/5e/9c/33/275e9c33-b76c-42e4-a7f0-498acb83e103>
        a oa:SemanticTag , ldp:BasicContainer ;\n\ttriannon:externalReference <http://dbpedia.org/resource/Otto_Ege>
        .\n"
    http_version: 
  recorded_at: Fri, 26 Jun 2015 00:52:15 GMT
- request:
    method: get
    uri: http://localhost:8983/fedora/rest/anno/external_uri_specs/ae/24/55/42/ae245542-59ad-40cc-8cd5-f5c54dac03f1/t/50/f7/8a/8c/50f78a8c-317f-41a9-830c-9db67825fb29
    body:
      encoding: US-ASCII
      string: ''
    headers:
      User-Agent:
      - Faraday v0.9.1
      Prefer:
      - return=respresentation; omit="http://fedora.info/definitions/v4/repository#ServerManaged"
      Accept:
      - application/x-turtle
      Accept-Encoding:
      - gzip;q=1.0,deflate;q=0.6,identity;q=0.3
  response:
    status:
      code: 200
      message: OK
    headers:
      Etag:
      - '"f59c4e09581698748782bbd5e169dc62c91c42a5"'
      Last-Modified:
      - Fri, 26 Jun 2015 00:52:15 GMT
      Link:
      - <http://www.w3.org/ns/ldp#BasicContainer>;rel="type"
      - <http://www.w3.org/ns/ldp#Container>;rel="type"
      - <http://www.w3.org/ns/ldp#Resource>;rel="type"
      Accept-Patch:
      - application/sparql-update
      Accept-Post:
      - text/turtle,text/rdf+n3,text/n3,application/rdf+xml,application/n-triples,multipart/form-data,application/sparql-update
      Allow:
      - MOVE,COPY,DELETE,POST,HEAD,GET,PUT,PATCH,OPTIONS
      Preference-Applied:
      - return=representation
      Vary:
      - Accept, Range, Accept-Encoding, Accept-Language
      - Prefer
      Content-Length:
      - '1332'
      Content-Type:
      - application/x-turtle
    body:
      encoding: UTF-8
      string: "@prefix premis: <http://www.loc.gov/premis/rdf/v1#> .\n@prefix image:
        <http://www.modeshape.org/images/1.0> .\n@prefix sv: <http://www.jcp.org/jcr/sv/1.0>
        .\n@prefix test: <info:fedora/test/> .\n@prefix nt: <http://www.jcp.org/jcr/nt/1.0>
        .\n@prefix cnt: <http://www.w3.org/2011/content#> .\n@prefix dcmitype: <http://purl.org/dc/dcmitype/>
        .\n@prefix rdfs: <http://www.w3.org/2000/01/rdf-schema#> .\n@prefix xsi: <http://www.w3.org/2001/XMLSchema-instance>
        .\n@prefix mode: <http://www.modeshape.org/1.0> .\n@prefix oa: <http://www.w3.org/ns/oa#>
        .\n@prefix triannon: <http://triannon.stanford.edu/ns/> .\n@prefix rdf: <http://www.w3.org/1999/02/22-rdf-syntax-ns#>
        .\n@prefix fedora: <http://fedora.info/definitions/v4/repository#> .\n@prefix
        xml: <http://www.w3.org/XML/1998/namespace> .\n@prefix ldp: <http://www.w3.org/ns/ldp#>
        .\n@prefix xs: <http://www.w3.org/2001/XMLSchema> .\n@prefix fedoraconfig:
        <http://fedora.info/definitions/v4/config#> .\n@prefix mix: <http://www.jcp.org/jcr/mix/1.0>
        .\n@prefix foaf: <http://xmlns.com/foaf/0.1/> .\n@prefix dc: <http://purl.org/dc/elements/1.1/>
        .\n\n\n<http://localhost:8983/fedora/rest/anno/external_uri_specs/ae/24/55/42/ae245542-59ad-40cc-8cd5-f5c54dac03f1/t/50/f7/8a/8c/50f78a8c-317f-41a9-830c-9db67825fb29>
        a ldp:BasicContainer ;\n\ttriannon:externalReference <http://purl.stanford.edu/kq131cs7229>
        .\n"
    http_version: 
  recorded_at: Fri, 26 Jun 2015 00:52:16 GMT
- request:
    method: get
    uri: http://localhost:8983/fedora/rest/anno/external_uri_specs/ae/24/55/42/ae245542-59ad-40cc-8cd5-f5c54dac03f1
    body:
      encoding: US-ASCII
      string: ''
    headers:
      User-Agent:
      - Faraday v0.9.1
      Prefer:
      - return=respresentation; omit="http://fedora.info/definitions/v4/repository#ServerManaged"
      Accept:
      - application/x-turtle
      Accept-Encoding:
      - gzip;q=1.0,deflate;q=0.6,identity;q=0.3
  response:
    status:
      code: 200
      message: OK
    headers:
      Etag:
      - '"e75c963bbae2bbd95d4e28e450d9729e8f4ff914"'
      Last-Modified:
      - Fri, 26 Jun 2015 00:52:15 GMT
      Link:
      - <http://www.w3.org/ns/ldp#BasicContainer>;rel="type"
      - <http://www.w3.org/ns/ldp#Container>;rel="type"
      - <http://www.w3.org/ns/ldp#Resource>;rel="type"
      Accept-Patch:
      - application/sparql-update
      Accept-Post:
      - text/turtle,text/rdf+n3,text/n3,application/rdf+xml,application/n-triples,multipart/form-data,application/sparql-update
      Allow:
      - MOVE,COPY,DELETE,POST,HEAD,GET,PUT,PATCH,OPTIONS
      Preference-Applied:
      - return=representation
      Vary:
      - Accept, Range, Accept-Encoding, Accept-Language
      - Prefer
      Content-Length:
      - '1851'
      Content-Type:
      - application/x-turtle
    body:
      encoding: UTF-8
      string: "@prefix premis: <http://www.loc.gov/premis/rdf/v1#> .\n@prefix image:
        <http://www.modeshape.org/images/1.0> .\n@prefix sv: <http://www.jcp.org/jcr/sv/1.0>
        .\n@prefix test: <info:fedora/test/> .\n@prefix nt: <http://www.jcp.org/jcr/nt/1.0>
        .\n@prefix cnt: <http://www.w3.org/2011/content#> .\n@prefix dcmitype: <http://purl.org/dc/dcmitype/>
        .\n@prefix rdfs: <http://www.w3.org/2000/01/rdf-schema#> .\n@prefix xsi: <http://www.w3.org/2001/XMLSchema-instance>
        .\n@prefix mode: <http://www.modeshape.org/1.0> .\n@prefix oa: <http://www.w3.org/ns/oa#>
        .\n@prefix triannon: <http://triannon.stanford.edu/ns/> .\n@prefix rdf: <http://www.w3.org/1999/02/22-rdf-syntax-ns#>
        .\n@prefix fedora: <http://fedora.info/definitions/v4/repository#> .\n@prefix
        xml: <http://www.w3.org/XML/1998/namespace> .\n@prefix ldp: <http://www.w3.org/ns/ldp#>
        .\n@prefix xs: <http://www.w3.org/2001/XMLSchema> .\n@prefix fedoraconfig:
        <http://fedora.info/definitions/v4/config#> .\n@prefix mix: <http://www.jcp.org/jcr/mix/1.0>
        .\n@prefix foaf: <http://xmlns.com/foaf/0.1/> .\n@prefix dc: <http://purl.org/dc/elements/1.1/>
        .\n\n\n<http://localhost:8983/fedora/rest/anno/external_uri_specs/ae/24/55/42/ae245542-59ad-40cc-8cd5-f5c54dac03f1>
        a oa:Annotation , ldp:BasicContainer ;\n\toa:motivatedBy oa:identifying ;\n\tldp:contains
        <http://localhost:8983/fedora/rest/anno/external_uri_specs/ae/24/55/42/ae245542-59ad-40cc-8cd5-f5c54dac03f1/b>
        , <http://localhost:8983/fedora/rest/anno/external_uri_specs/ae/24/55/42/ae245542-59ad-40cc-8cd5-f5c54dac03f1/t>
        ;\n\toa:hasBody <http://localhost:8983/fedora/rest/anno/external_uri_specs/ae/24/55/42/ae245542-59ad-40cc-8cd5-f5c54dac03f1/b/27/5e/9c/33/275e9c33-b76c-42e4-a7f0-498acb83e103>
        ;\n\toa:hasTarget <http://localhost:8983/fedora/rest/anno/external_uri_specs/ae/24/55/42/ae245542-59ad-40cc-8cd5-f5c54dac03f1/t/50/f7/8a/8c/50f78a8c-317f-41a9-830c-9db67825fb29>
        .\n"
    http_version: 
  recorded_at: Fri, 26 Jun 2015 00:52:16 GMT
- request:
    method: get
    uri: http://localhost:8983/fedora/rest/anno/external_uri_specs/ae/24/55/42/ae245542-59ad-40cc-8cd5-f5c54dac03f1/b/27/5e/9c/33/275e9c33-b76c-42e4-a7f0-498acb83e103
    body:
      encoding: US-ASCII
      string: ''
    headers:
      User-Agent:
      - Faraday v0.9.1
      Prefer:
      - return=respresentation; omit="http://fedora.info/definitions/v4/repository#ServerManaged"
      Accept:
      - application/x-turtle
      Accept-Encoding:
      - gzip;q=1.0,deflate;q=0.6,identity;q=0.3
  response:
    status:
      code: 200
      message: OK
    headers:
      Etag:
      - '"9cd9254db02ca9d02e39d101a9c6cb4110a987ca"'
      Last-Modified:
      - Fri, 26 Jun 2015 00:52:15 GMT
      Link:
      - <http://www.w3.org/ns/ldp#BasicContainer>;rel="type"
      - <http://www.w3.org/ns/ldp#Container>;rel="type"
      - <http://www.w3.org/ns/ldp#Resource>;rel="type"
      Accept-Patch:
      - application/sparql-update
      Accept-Post:
      - text/turtle,text/rdf+n3,text/n3,application/rdf+xml,application/n-triples,multipart/form-data,application/sparql-update
      Allow:
      - MOVE,COPY,DELETE,POST,HEAD,GET,PUT,PATCH,OPTIONS
      Preference-Applied:
      - return=representation
      Vary:
      - Accept, Range, Accept-Encoding, Accept-Language
      - Prefer
      Content-Length:
      - '1349'
      Content-Type:
      - application/x-turtle
    body:
      encoding: UTF-8
      string: "@prefix premis: <http://www.loc.gov/premis/rdf/v1#> .\n@prefix image:
        <http://www.modeshape.org/images/1.0> .\n@prefix sv: <http://www.jcp.org/jcr/sv/1.0>
        .\n@prefix test: <info:fedora/test/> .\n@prefix nt: <http://www.jcp.org/jcr/nt/1.0>
        .\n@prefix cnt: <http://www.w3.org/2011/content#> .\n@prefix dcmitype: <http://purl.org/dc/dcmitype/>
        .\n@prefix rdfs: <http://www.w3.org/2000/01/rdf-schema#> .\n@prefix xsi: <http://www.w3.org/2001/XMLSchema-instance>
        .\n@prefix mode: <http://www.modeshape.org/1.0> .\n@prefix oa: <http://www.w3.org/ns/oa#>
        .\n@prefix triannon: <http://triannon.stanford.edu/ns/> .\n@prefix rdf: <http://www.w3.org/1999/02/22-rdf-syntax-ns#>
        .\n@prefix fedora: <http://fedora.info/definitions/v4/repository#> .\n@prefix
        xml: <http://www.w3.org/XML/1998/namespace> .\n@prefix ldp: <http://www.w3.org/ns/ldp#>
        .\n@prefix xs: <http://www.w3.org/2001/XMLSchema> .\n@prefix fedoraconfig:
        <http://fedora.info/definitions/v4/config#> .\n@prefix mix: <http://www.jcp.org/jcr/mix/1.0>
        .\n@prefix foaf: <http://xmlns.com/foaf/0.1/> .\n@prefix dc: <http://purl.org/dc/elements/1.1/>
        .\n\n\n<http://localhost:8983/fedora/rest/anno/external_uri_specs/ae/24/55/42/ae245542-59ad-40cc-8cd5-f5c54dac03f1/b/27/5e/9c/33/275e9c33-b76c-42e4-a7f0-498acb83e103>
        a oa:SemanticTag , ldp:BasicContainer ;\n\ttriannon:externalReference <http://dbpedia.org/resource/Otto_Ege>
        .\n"
    http_version: 
  recorded_at: Fri, 26 Jun 2015 00:52:16 GMT
- request:
    method: get
    uri: http://localhost:8983/fedora/rest/anno/external_uri_specs/ae/24/55/42/ae245542-59ad-40cc-8cd5-f5c54dac03f1/t/50/f7/8a/8c/50f78a8c-317f-41a9-830c-9db67825fb29
    body:
      encoding: US-ASCII
      string: ''
    headers:
      User-Agent:
      - Faraday v0.9.1
      Prefer:
      - return=respresentation; omit="http://fedora.info/definitions/v4/repository#ServerManaged"
      Accept:
      - application/x-turtle
      Accept-Encoding:
      - gzip;q=1.0,deflate;q=0.6,identity;q=0.3
  response:
    status:
      code: 200
      message: OK
    headers:
      Etag:
      - '"f59c4e09581698748782bbd5e169dc62c91c42a5"'
      Last-Modified:
      - Fri, 26 Jun 2015 00:52:15 GMT
      Link:
      - <http://www.w3.org/ns/ldp#BasicContainer>;rel="type"
      - <http://www.w3.org/ns/ldp#Container>;rel="type"
      - <http://www.w3.org/ns/ldp#Resource>;rel="type"
      Accept-Patch:
      - application/sparql-update
      Accept-Post:
      - text/turtle,text/rdf+n3,text/n3,application/rdf+xml,application/n-triples,multipart/form-data,application/sparql-update
      Allow:
      - MOVE,COPY,DELETE,POST,HEAD,GET,PUT,PATCH,OPTIONS
      Preference-Applied:
      - return=representation
      Vary:
      - Accept, Range, Accept-Encoding, Accept-Language
      - Prefer
      Content-Length:
      - '1332'
      Content-Type:
      - application/x-turtle
    body:
      encoding: UTF-8
      string: "@prefix premis: <http://www.loc.gov/premis/rdf/v1#> .\n@prefix image:
        <http://www.modeshape.org/images/1.0> .\n@prefix sv: <http://www.jcp.org/jcr/sv/1.0>
        .\n@prefix test: <info:fedora/test/> .\n@prefix nt: <http://www.jcp.org/jcr/nt/1.0>
        .\n@prefix cnt: <http://www.w3.org/2011/content#> .\n@prefix dcmitype: <http://purl.org/dc/dcmitype/>
        .\n@prefix rdfs: <http://www.w3.org/2000/01/rdf-schema#> .\n@prefix xsi: <http://www.w3.org/2001/XMLSchema-instance>
        .\n@prefix mode: <http://www.modeshape.org/1.0> .\n@prefix oa: <http://www.w3.org/ns/oa#>
        .\n@prefix triannon: <http://triannon.stanford.edu/ns/> .\n@prefix rdf: <http://www.w3.org/1999/02/22-rdf-syntax-ns#>
        .\n@prefix fedora: <http://fedora.info/definitions/v4/repository#> .\n@prefix
        xml: <http://www.w3.org/XML/1998/namespace> .\n@prefix ldp: <http://www.w3.org/ns/ldp#>
        .\n@prefix xs: <http://www.w3.org/2001/XMLSchema> .\n@prefix fedoraconfig:
        <http://fedora.info/definitions/v4/config#> .\n@prefix mix: <http://www.jcp.org/jcr/mix/1.0>
        .\n@prefix foaf: <http://xmlns.com/foaf/0.1/> .\n@prefix dc: <http://purl.org/dc/elements/1.1/>
        .\n\n\n<http://localhost:8983/fedora/rest/anno/external_uri_specs/ae/24/55/42/ae245542-59ad-40cc-8cd5-f5c54dac03f1/t/50/f7/8a/8c/50f78a8c-317f-41a9-830c-9db67825fb29>
        a ldp:BasicContainer ;\n\ttriannon:externalReference <http://purl.stanford.edu/kq131cs7229>
        .\n"
    http_version: 
  recorded_at: Fri, 26 Jun 2015 00:52:16 GMT
recorded_with: VCR 2.9.3
