---
http_interactions:
- request:
    method: head
    uri: http://localhost:8983/fedora/rest/anno/external_uri_specs
    body:
      encoding: US-ASCII
      string: ''
    headers:
      User-Agent:
      - Faraday v0.9.1
      Accept:
      - "*/*"
  response:
    status:
      code: 200
      message: OK
    headers:
      Etag:
      - '"7a4dcb12a7cd6c45fa3e234ca92c253237007020"'
      Last-Modified:
      - Fri, 26 Jun 2015 16:56:01 GMT
      Link:
      - <http://www.w3.org/ns/ldp#BasicContainer>;rel="type"
      - <http://www.w3.org/ns/ldp#Container>;rel="type"
      - <http://www.w3.org/ns/ldp#Resource>;rel="type"
      Accept-Patch:
      - application/sparql-update
      Accept-Post:
      - text/turtle,text/rdf+n3,text/n3,application/rdf+xml,application/n-triples,multipart/form-data,application/sparql-update
      Allow:
      - MOVE,COPY,DELETE,POST,HEAD,GET,PUT,PATCH,OPTIONS
      Content-Type:
      - text/tab-separated-values
      Content-Length:
      - '0'
    body:
      encoding: UTF-8
      string: ''
    http_version: 
  recorded_at: Fri, 26 Jun 2015 16:56:02 GMT
- request:
    method: post
    uri: http://localhost:8983/fedora/rest/anno/external_uri_specs
    body:
      encoding: UTF-8
      string: |
        @prefix ldp: <http://www.w3.org/ns/ldp#> .
        @prefix oa: <http://www.w3.org/ns/oa#> .
        @prefix rdf: <http://www.w3.org/1999/02/22-rdf-syntax-ns#> .

        <> a oa:Annotation,
             ldp:BasicContainer;
           oa:motivatedBy oa:identifying .
    headers:
      User-Agent:
      - Faraday v0.9.1
      Prefer:
      - return=respresentation; omit="http://fedora.info/definitions/v4/repository#ServerManaged"
      Content-Type:
      - application/x-turtle
      Accept-Encoding:
      - gzip;q=1.0,deflate;q=0.6,identity;q=0.3
      Accept:
      - "*/*"
  response:
    status:
      code: 201
      message: Created
    headers:
      Etag:
      - '"9afa49fab0e37c3e45cfe90c0c718ee36388dd6d"'
      Last-Modified:
      - Fri, 26 Jun 2015 16:56:02 GMT
      Content-Length:
      - '106'
      Location:
      - http://localhost:8983/fedora/rest/anno/external_uri_specs/2e/fd/d6/f4/2efdd6f4-00e8-4006-8394-75373adf48cb
      Content-Type:
      - text/plain
    body:
      encoding: UTF-8
      string: http://localhost:8983/fedora/rest/anno/external_uri_specs/2e/fd/d6/f4/2efdd6f4-00e8-4006-8394-75373adf48cb
    http_version: 
  recorded_at: Fri, 26 Jun 2015 16:56:02 GMT
- request:
    method: post
    uri: http://localhost:8983/fedora/rest/anno/external_uri_specs/2e/fd/d6/f4/2efdd6f4-00e8-4006-8394-75373adf48cb
    body:
      encoding: UTF-8
      string: |
        @prefix ldp: <http://www.w3.org/ns/ldp#> .
        @prefix oa: <http://www.w3.org/ns/oa#> .
        @prefix rdf: <http://www.w3.org/1999/02/22-rdf-syntax-ns#> .

        <> a ldp:DirectContainer;
           ldp:hasMemberRelation oa:hasBody;
           ldp:membershipResource <http://localhost:8983/fedora/rest/anno/external_uri_specs/2e/fd/d6/f4/2efdd6f4-00e8-4006-8394-75373adf48cb> .
    headers:
      User-Agent:
      - Faraday v0.9.1
      Prefer:
      - return=respresentation; omit="http://fedora.info/definitions/v4/repository#ServerManaged"
      Content-Type:
      - application/x-turtle
      Slug:
      - b
      Accept-Encoding:
      - gzip;q=1.0,deflate;q=0.6,identity;q=0.3
      Accept:
      - "*/*"
  response:
    status:
      code: 201
      message: Created
    headers:
      Etag:
      - '"00b4a220a641862df2bafbba3d993b4c04d1bae3"'
      Last-Modified:
      - Fri, 26 Jun 2015 16:56:02 GMT
      Content-Length:
      - '108'
      Location:
      - http://localhost:8983/fedora/rest/anno/external_uri_specs/2e/fd/d6/f4/2efdd6f4-00e8-4006-8394-75373adf48cb/b
      Content-Type:
      - text/plain
    body:
      encoding: UTF-8
      string: http://localhost:8983/fedora/rest/anno/external_uri_specs/2e/fd/d6/f4/2efdd6f4-00e8-4006-8394-75373adf48cb/b
    http_version: 
  recorded_at: Fri, 26 Jun 2015 16:56:02 GMT
- request:
    method: post
    uri: http://localhost:8983/fedora/rest/anno/external_uri_specs/2e/fd/d6/f4/2efdd6f4-00e8-4006-8394-75373adf48cb/b
    body:
      encoding: UTF-8
      string: |
        @prefix ldp: <http://www.w3.org/ns/ldp#> .
        @prefix rdf: <http://www.w3.org/1999/02/22-rdf-syntax-ns#> .
        @prefix triannon: <http://triannon.stanford.edu/ns/> .

        <> a ldp:BasicContainer;
           triannon:externalReference <http://dbpedia.org/resource/Otto_Ege> .
    headers:
      User-Agent:
      - Faraday v0.9.1
      Prefer:
      - return=respresentation; omit="http://fedora.info/definitions/v4/repository#ServerManaged"
      Content-Type:
      - application/x-turtle
      Accept-Encoding:
      - gzip;q=1.0,deflate;q=0.6,identity;q=0.3
      Accept:
      - "*/*"
  response:
    status:
      code: 201
      message: Created
    headers:
      Etag:
      - '"5451e812a2b8752bc99d0041bf000974513993e6"'
      Last-Modified:
      - Fri, 26 Jun 2015 16:56:02 GMT
      Content-Length:
      - '157'
      Location:
      - http://localhost:8983/fedora/rest/anno/external_uri_specs/2e/fd/d6/f4/2efdd6f4-00e8-4006-8394-75373adf48cb/b/32/eb/8b/1f/32eb8b1f-cb36-41e4-890f-a60d3f3f9995
      Content-Type:
      - text/plain
    body:
      encoding: UTF-8
      string: http://localhost:8983/fedora/rest/anno/external_uri_specs/2e/fd/d6/f4/2efdd6f4-00e8-4006-8394-75373adf48cb/b/32/eb/8b/1f/32eb8b1f-cb36-41e4-890f-a60d3f3f9995
    http_version: 
  recorded_at: Fri, 26 Jun 2015 16:56:02 GMT
- request:
    method: post
    uri: http://localhost:8983/fedora/rest/anno/external_uri_specs/2e/fd/d6/f4/2efdd6f4-00e8-4006-8394-75373adf48cb
    body:
      encoding: UTF-8
      string: |
        @prefix ldp: <http://www.w3.org/ns/ldp#> .
        @prefix oa: <http://www.w3.org/ns/oa#> .
        @prefix rdf: <http://www.w3.org/1999/02/22-rdf-syntax-ns#> .

        <> a ldp:DirectContainer;
           ldp:hasMemberRelation oa:hasTarget;
           ldp:membershipResource <http://localhost:8983/fedora/rest/anno/external_uri_specs/2e/fd/d6/f4/2efdd6f4-00e8-4006-8394-75373adf48cb> .
    headers:
      User-Agent:
      - Faraday v0.9.1
      Prefer:
      - return=respresentation; omit="http://fedora.info/definitions/v4/repository#ServerManaged"
      Content-Type:
      - application/x-turtle
      Slug:
      - t
      Accept-Encoding:
      - gzip;q=1.0,deflate;q=0.6,identity;q=0.3
      Accept:
      - "*/*"
  response:
    status:
      code: 201
      message: Created
    headers:
      Etag:
      - '"cbdf6d9779e53479d9fe27cdc557f011fdd3cdbe"'
      Last-Modified:
      - Fri, 26 Jun 2015 16:56:02 GMT
      Content-Length:
      - '108'
      Location:
      - http://localhost:8983/fedora/rest/anno/external_uri_specs/2e/fd/d6/f4/2efdd6f4-00e8-4006-8394-75373adf48cb/t
      Content-Type:
      - text/plain
    body:
      encoding: UTF-8
      string: http://localhost:8983/fedora/rest/anno/external_uri_specs/2e/fd/d6/f4/2efdd6f4-00e8-4006-8394-75373adf48cb/t
    http_version: 
  recorded_at: Fri, 26 Jun 2015 16:56:02 GMT
- request:
    method: post
    uri: http://localhost:8983/fedora/rest/anno/external_uri_specs/2e/fd/d6/f4/2efdd6f4-00e8-4006-8394-75373adf48cb/t
    body:
      encoding: UTF-8
      string: |
        @prefix ldp: <http://www.w3.org/ns/ldp#> .
        @prefix rdf: <http://www.w3.org/1999/02/22-rdf-syntax-ns#> .
        @prefix triannon: <http://triannon.stanford.edu/ns/> .

        <> a ldp:BasicContainer;
           triannon:externalReference <http://purl.stanford.edu/kq131cs7229> .
    headers:
      User-Agent:
      - Faraday v0.9.1
      Prefer:
      - return=respresentation; omit="http://fedora.info/definitions/v4/repository#ServerManaged"
      Content-Type:
      - application/x-turtle
      Accept-Encoding:
      - gzip;q=1.0,deflate;q=0.6,identity;q=0.3
      Accept:
      - "*/*"
  response:
    status:
      code: 201
      message: Created
    headers:
      Etag:
      - '"21c85c0a7a960421d31e3b6b69a8dba2fdcebf7f"'
      Last-Modified:
      - Fri, 26 Jun 2015 16:56:02 GMT
      Content-Length:
      - '157'
      Location:
      - http://localhost:8983/fedora/rest/anno/external_uri_specs/2e/fd/d6/f4/2efdd6f4-00e8-4006-8394-75373adf48cb/t/fb/34/ff/31/fb34ff31-e0b4-4da9-af71-87505f8e4b11
      Content-Type:
      - text/plain
    body:
      encoding: UTF-8
      string: http://localhost:8983/fedora/rest/anno/external_uri_specs/2e/fd/d6/f4/2efdd6f4-00e8-4006-8394-75373adf48cb/t/fb/34/ff/31/fb34ff31-e0b4-4da9-af71-87505f8e4b11
    http_version: 
  recorded_at: Fri, 26 Jun 2015 16:56:02 GMT
- request:
    method: get
    uri: http://localhost:8983/fedora/rest/anno/external_uri_specs/2e/fd/d6/f4/2efdd6f4-00e8-4006-8394-75373adf48cb
    body:
      encoding: US-ASCII
      string: ''
    headers:
      User-Agent:
      - Faraday v0.9.1
      Prefer:
      - return=respresentation; omit="http://fedora.info/definitions/v4/repository#ServerManaged"
      Accept:
      - application/x-turtle
      Accept-Encoding:
      - gzip;q=1.0,deflate;q=0.6,identity;q=0.3
  response:
    status:
      code: 200
      message: OK
    headers:
      Etag:
      - '"92906757b00b05e310b0e9c539ae11428319dbee"'
      Last-Modified:
      - Fri, 26 Jun 2015 16:56:02 GMT
      Link:
      - <http://www.w3.org/ns/ldp#BasicContainer>;rel="type"
      - <http://www.w3.org/ns/ldp#Container>;rel="type"
      - <http://www.w3.org/ns/ldp#Resource>;rel="type"
      Accept-Patch:
      - application/sparql-update
      Accept-Post:
      - text/turtle,text/rdf+n3,text/n3,application/rdf+xml,application/n-triples,multipart/form-data,application/sparql-update
      Allow:
      - MOVE,COPY,DELETE,POST,HEAD,GET,PUT,PATCH,OPTIONS
      Preference-Applied:
      - return=representation
      Vary:
      - Accept, Range, Accept-Encoding, Accept-Language
      - Prefer
      Content-Length:
      - '1851'
      Content-Type:
      - application/x-turtle
    body:
      encoding: UTF-8
      string: "@prefix premis: <http://www.loc.gov/premis/rdf/v1#> .\n@prefix image:
        <http://www.modeshape.org/images/1.0> .\n@prefix sv: <http://www.jcp.org/jcr/sv/1.0>
        .\n@prefix test: <info:fedora/test/> .\n@prefix nt: <http://www.jcp.org/jcr/nt/1.0>
        .\n@prefix cnt: <http://www.w3.org/2011/content#> .\n@prefix dcmitype: <http://purl.org/dc/dcmitype/>
        .\n@prefix rdfs: <http://www.w3.org/2000/01/rdf-schema#> .\n@prefix xsi: <http://www.w3.org/2001/XMLSchema-instance>
        .\n@prefix mode: <http://www.modeshape.org/1.0> .\n@prefix oa: <http://www.w3.org/ns/oa#>
        .\n@prefix triannon: <http://triannon.stanford.edu/ns/> .\n@prefix rdf: <http://www.w3.org/1999/02/22-rdf-syntax-ns#>
        .\n@prefix fedora: <http://fedora.info/definitions/v4/repository#> .\n@prefix
        xml: <http://www.w3.org/XML/1998/namespace> .\n@prefix ldp: <http://www.w3.org/ns/ldp#>
        .\n@prefix xs: <http://www.w3.org/2001/XMLSchema> .\n@prefix fedoraconfig:
        <http://fedora.info/definitions/v4/config#> .\n@prefix mix: <http://www.jcp.org/jcr/mix/1.0>
        .\n@prefix foaf: <http://xmlns.com/foaf/0.1/> .\n@prefix dc: <http://purl.org/dc/elements/1.1/>
        .\n\n\n<http://localhost:8983/fedora/rest/anno/external_uri_specs/2e/fd/d6/f4/2efdd6f4-00e8-4006-8394-75373adf48cb>
        a oa:Annotation , ldp:BasicContainer ;\n\toa:motivatedBy oa:identifying ;\n\tldp:contains
        <http://localhost:8983/fedora/rest/anno/external_uri_specs/2e/fd/d6/f4/2efdd6f4-00e8-4006-8394-75373adf48cb/b>
        , <http://localhost:8983/fedora/rest/anno/external_uri_specs/2e/fd/d6/f4/2efdd6f4-00e8-4006-8394-75373adf48cb/t>
        ;\n\toa:hasTarget <http://localhost:8983/fedora/rest/anno/external_uri_specs/2e/fd/d6/f4/2efdd6f4-00e8-4006-8394-75373adf48cb/t/fb/34/ff/31/fb34ff31-e0b4-4da9-af71-87505f8e4b11>
        ;\n\toa:hasBody <http://localhost:8983/fedora/rest/anno/external_uri_specs/2e/fd/d6/f4/2efdd6f4-00e8-4006-8394-75373adf48cb/b/32/eb/8b/1f/32eb8b1f-cb36-41e4-890f-a60d3f3f9995>
        .\n"
    http_version: 
  recorded_at: Fri, 26 Jun 2015 16:56:02 GMT
- request:
    method: get
    uri: http://localhost:8983/fedora/rest/anno/external_uri_specs/2e/fd/d6/f4/2efdd6f4-00e8-4006-8394-75373adf48cb/b/32/eb/8b/1f/32eb8b1f-cb36-41e4-890f-a60d3f3f9995
    body:
      encoding: US-ASCII
      string: ''
    headers:
      User-Agent:
      - Faraday v0.9.1
      Prefer:
      - return=respresentation; omit="http://fedora.info/definitions/v4/repository#ServerManaged"
      Accept:
      - application/x-turtle
      Accept-Encoding:
      - gzip;q=1.0,deflate;q=0.6,identity;q=0.3
  response:
    status:
      code: 200
      message: OK
    headers:
      Etag:
      - '"5451e812a2b8752bc99d0041bf000974513993e6"'
      Last-Modified:
      - Fri, 26 Jun 2015 16:56:02 GMT
      Link:
      - <http://www.w3.org/ns/ldp#BasicContainer>;rel="type"
      - <http://www.w3.org/ns/ldp#Container>;rel="type"
      - <http://www.w3.org/ns/ldp#Resource>;rel="type"
      Accept-Patch:
      - application/sparql-update
      Accept-Post:
      - text/turtle,text/rdf+n3,text/n3,application/rdf+xml,application/n-triples,multipart/form-data,application/sparql-update
      Allow:
      - MOVE,COPY,DELETE,POST,HEAD,GET,PUT,PATCH,OPTIONS
      Preference-Applied:
      - return=representation
      Vary:
      - Accept, Range, Accept-Encoding, Accept-Language
      - Prefer
      Content-Length:
      - '1332'
      Content-Type:
      - application/x-turtle
    body:
      encoding: UTF-8
      string: "@prefix premis: <http://www.loc.gov/premis/rdf/v1#> .\n@prefix image:
        <http://www.modeshape.org/images/1.0> .\n@prefix sv: <http://www.jcp.org/jcr/sv/1.0>
        .\n@prefix test: <info:fedora/test/> .\n@prefix nt: <http://www.jcp.org/jcr/nt/1.0>
        .\n@prefix cnt: <http://www.w3.org/2011/content#> .\n@prefix dcmitype: <http://purl.org/dc/dcmitype/>
        .\n@prefix rdfs: <http://www.w3.org/2000/01/rdf-schema#> .\n@prefix xsi: <http://www.w3.org/2001/XMLSchema-instance>
        .\n@prefix mode: <http://www.modeshape.org/1.0> .\n@prefix oa: <http://www.w3.org/ns/oa#>
        .\n@prefix triannon: <http://triannon.stanford.edu/ns/> .\n@prefix rdf: <http://www.w3.org/1999/02/22-rdf-syntax-ns#>
        .\n@prefix fedora: <http://fedora.info/definitions/v4/repository#> .\n@prefix
        xml: <http://www.w3.org/XML/1998/namespace> .\n@prefix ldp: <http://www.w3.org/ns/ldp#>
        .\n@prefix xs: <http://www.w3.org/2001/XMLSchema> .\n@prefix fedoraconfig:
        <http://fedora.info/definitions/v4/config#> .\n@prefix mix: <http://www.jcp.org/jcr/mix/1.0>
        .\n@prefix foaf: <http://xmlns.com/foaf/0.1/> .\n@prefix dc: <http://purl.org/dc/elements/1.1/>
        .\n\n\n<http://localhost:8983/fedora/rest/anno/external_uri_specs/2e/fd/d6/f4/2efdd6f4-00e8-4006-8394-75373adf48cb/b/32/eb/8b/1f/32eb8b1f-cb36-41e4-890f-a60d3f3f9995>
        a ldp:BasicContainer ;\n\ttriannon:externalReference <http://dbpedia.org/resource/Otto_Ege>
        .\n"
    http_version: 
  recorded_at: Fri, 26 Jun 2015 16:56:02 GMT
- request:
    method: get
    uri: http://localhost:8983/fedora/rest/anno/external_uri_specs/2e/fd/d6/f4/2efdd6f4-00e8-4006-8394-75373adf48cb/t/fb/34/ff/31/fb34ff31-e0b4-4da9-af71-87505f8e4b11
    body:
      encoding: US-ASCII
      string: ''
    headers:
      User-Agent:
      - Faraday v0.9.1
      Prefer:
      - return=respresentation; omit="http://fedora.info/definitions/v4/repository#ServerManaged"
      Accept:
      - application/x-turtle
      Accept-Encoding:
      - gzip;q=1.0,deflate;q=0.6,identity;q=0.3
  response:
    status:
      code: 200
      message: OK
    headers:
      Etag:
      - '"21c85c0a7a960421d31e3b6b69a8dba2fdcebf7f"'
      Last-Modified:
      - Fri, 26 Jun 2015 16:56:02 GMT
      Link:
      - <http://www.w3.org/ns/ldp#BasicContainer>;rel="type"
      - <http://www.w3.org/ns/ldp#Container>;rel="type"
      - <http://www.w3.org/ns/ldp#Resource>;rel="type"
      Accept-Patch:
      - application/sparql-update
      Accept-Post:
      - text/turtle,text/rdf+n3,text/n3,application/rdf+xml,application/n-triples,multipart/form-data,application/sparql-update
      Allow:
      - MOVE,COPY,DELETE,POST,HEAD,GET,PUT,PATCH,OPTIONS
      Preference-Applied:
      - return=representation
      Vary:
      - Accept, Range, Accept-Encoding, Accept-Language
      - Prefer
      Content-Length:
      - '1332'
      Content-Type:
      - application/x-turtle
    body:
      encoding: UTF-8
      string: "@prefix premis: <http://www.loc.gov/premis/rdf/v1#> .\n@prefix image:
        <http://www.modeshape.org/images/1.0> .\n@prefix sv: <http://www.jcp.org/jcr/sv/1.0>
        .\n@prefix test: <info:fedora/test/> .\n@prefix nt: <http://www.jcp.org/jcr/nt/1.0>
        .\n@prefix cnt: <http://www.w3.org/2011/content#> .\n@prefix dcmitype: <http://purl.org/dc/dcmitype/>
        .\n@prefix rdfs: <http://www.w3.org/2000/01/rdf-schema#> .\n@prefix xsi: <http://www.w3.org/2001/XMLSchema-instance>
        .\n@prefix mode: <http://www.modeshape.org/1.0> .\n@prefix oa: <http://www.w3.org/ns/oa#>
        .\n@prefix triannon: <http://triannon.stanford.edu/ns/> .\n@prefix rdf: <http://www.w3.org/1999/02/22-rdf-syntax-ns#>
        .\n@prefix fedora: <http://fedora.info/definitions/v4/repository#> .\n@prefix
        xml: <http://www.w3.org/XML/1998/namespace> .\n@prefix ldp: <http://www.w3.org/ns/ldp#>
        .\n@prefix xs: <http://www.w3.org/2001/XMLSchema> .\n@prefix fedoraconfig:
        <http://fedora.info/definitions/v4/config#> .\n@prefix mix: <http://www.jcp.org/jcr/mix/1.0>
        .\n@prefix foaf: <http://xmlns.com/foaf/0.1/> .\n@prefix dc: <http://purl.org/dc/elements/1.1/>
        .\n\n\n<http://localhost:8983/fedora/rest/anno/external_uri_specs/2e/fd/d6/f4/2efdd6f4-00e8-4006-8394-75373adf48cb/t/fb/34/ff/31/fb34ff31-e0b4-4da9-af71-87505f8e4b11>
        a ldp:BasicContainer ;\n\ttriannon:externalReference <http://purl.stanford.edu/kq131cs7229>
        .\n"
    http_version: 
  recorded_at: Fri, 26 Jun 2015 16:56:02 GMT
- request:
    method: get
    uri: http://localhost:8983/fedora/rest/anno/external_uri_specs/2e/fd/d6/f4/2efdd6f4-00e8-4006-8394-75373adf48cb
    body:
      encoding: US-ASCII
      string: ''
    headers:
      User-Agent:
      - Faraday v0.9.1
      Prefer:
      - return=respresentation; omit="http://fedora.info/definitions/v4/repository#ServerManaged"
      Accept:
      - application/x-turtle
      Accept-Encoding:
      - gzip;q=1.0,deflate;q=0.6,identity;q=0.3
  response:
    status:
      code: 200
      message: OK
    headers:
      Etag:
      - '"92906757b00b05e310b0e9c539ae11428319dbee"'
      Last-Modified:
      - Fri, 26 Jun 2015 16:56:02 GMT
      Link:
      - <http://www.w3.org/ns/ldp#BasicContainer>;rel="type"
      - <http://www.w3.org/ns/ldp#Container>;rel="type"
      - <http://www.w3.org/ns/ldp#Resource>;rel="type"
      Accept-Patch:
      - application/sparql-update
      Accept-Post:
      - text/turtle,text/rdf+n3,text/n3,application/rdf+xml,application/n-triples,multipart/form-data,application/sparql-update
      Allow:
      - MOVE,COPY,DELETE,POST,HEAD,GET,PUT,PATCH,OPTIONS
      Preference-Applied:
      - return=representation
      Vary:
      - Accept, Range, Accept-Encoding, Accept-Language
      - Prefer
      Content-Length:
      - '1851'
      Content-Type:
      - application/x-turtle
    body:
      encoding: UTF-8
      string: "@prefix premis: <http://www.loc.gov/premis/rdf/v1#> .\n@prefix image:
        <http://www.modeshape.org/images/1.0> .\n@prefix sv: <http://www.jcp.org/jcr/sv/1.0>
        .\n@prefix test: <info:fedora/test/> .\n@prefix nt: <http://www.jcp.org/jcr/nt/1.0>
        .\n@prefix cnt: <http://www.w3.org/2011/content#> .\n@prefix dcmitype: <http://purl.org/dc/dcmitype/>
        .\n@prefix rdfs: <http://www.w3.org/2000/01/rdf-schema#> .\n@prefix xsi: <http://www.w3.org/2001/XMLSchema-instance>
        .\n@prefix mode: <http://www.modeshape.org/1.0> .\n@prefix oa: <http://www.w3.org/ns/oa#>
        .\n@prefix triannon: <http://triannon.stanford.edu/ns/> .\n@prefix rdf: <http://www.w3.org/1999/02/22-rdf-syntax-ns#>
        .\n@prefix fedora: <http://fedora.info/definitions/v4/repository#> .\n@prefix
        xml: <http://www.w3.org/XML/1998/namespace> .\n@prefix ldp: <http://www.w3.org/ns/ldp#>
        .\n@prefix xs: <http://www.w3.org/2001/XMLSchema> .\n@prefix fedoraconfig:
        <http://fedora.info/definitions/v4/config#> .\n@prefix mix: <http://www.jcp.org/jcr/mix/1.0>
        .\n@prefix foaf: <http://xmlns.com/foaf/0.1/> .\n@prefix dc: <http://purl.org/dc/elements/1.1/>
        .\n\n\n<http://localhost:8983/fedora/rest/anno/external_uri_specs/2e/fd/d6/f4/2efdd6f4-00e8-4006-8394-75373adf48cb>
        a oa:Annotation , ldp:BasicContainer ;\n\toa:motivatedBy oa:identifying ;\n\tldp:contains
        <http://localhost:8983/fedora/rest/anno/external_uri_specs/2e/fd/d6/f4/2efdd6f4-00e8-4006-8394-75373adf48cb/b>
        , <http://localhost:8983/fedora/rest/anno/external_uri_specs/2e/fd/d6/f4/2efdd6f4-00e8-4006-8394-75373adf48cb/t>
        ;\n\toa:hasTarget <http://localhost:8983/fedora/rest/anno/external_uri_specs/2e/fd/d6/f4/2efdd6f4-00e8-4006-8394-75373adf48cb/t/fb/34/ff/31/fb34ff31-e0b4-4da9-af71-87505f8e4b11>
        ;\n\toa:hasBody <http://localhost:8983/fedora/rest/anno/external_uri_specs/2e/fd/d6/f4/2efdd6f4-00e8-4006-8394-75373adf48cb/b/32/eb/8b/1f/32eb8b1f-cb36-41e4-890f-a60d3f3f9995>
        .\n"
    http_version: 
  recorded_at: Fri, 26 Jun 2015 16:56:02 GMT
- request:
    method: get
    uri: http://localhost:8983/fedora/rest/anno/external_uri_specs/2e/fd/d6/f4/2efdd6f4-00e8-4006-8394-75373adf48cb/b/32/eb/8b/1f/32eb8b1f-cb36-41e4-890f-a60d3f3f9995
    body:
      encoding: US-ASCII
      string: ''
    headers:
      User-Agent:
      - Faraday v0.9.1
      Prefer:
      - return=respresentation; omit="http://fedora.info/definitions/v4/repository#ServerManaged"
      Accept:
      - application/x-turtle
      Accept-Encoding:
      - gzip;q=1.0,deflate;q=0.6,identity;q=0.3
  response:
    status:
      code: 200
      message: OK
    headers:
      Etag:
      - '"5451e812a2b8752bc99d0041bf000974513993e6"'
      Last-Modified:
      - Fri, 26 Jun 2015 16:56:02 GMT
      Link:
      - <http://www.w3.org/ns/ldp#BasicContainer>;rel="type"
      - <http://www.w3.org/ns/ldp#Container>;rel="type"
      - <http://www.w3.org/ns/ldp#Resource>;rel="type"
      Accept-Patch:
      - application/sparql-update
      Accept-Post:
      - text/turtle,text/rdf+n3,text/n3,application/rdf+xml,application/n-triples,multipart/form-data,application/sparql-update
      Allow:
      - MOVE,COPY,DELETE,POST,HEAD,GET,PUT,PATCH,OPTIONS
      Preference-Applied:
      - return=representation
      Vary:
      - Accept, Range, Accept-Encoding, Accept-Language
      - Prefer
      Content-Length:
      - '1332'
      Content-Type:
      - application/x-turtle
    body:
      encoding: UTF-8
      string: "@prefix premis: <http://www.loc.gov/premis/rdf/v1#> .\n@prefix image:
        <http://www.modeshape.org/images/1.0> .\n@prefix sv: <http://www.jcp.org/jcr/sv/1.0>
        .\n@prefix test: <info:fedora/test/> .\n@prefix nt: <http://www.jcp.org/jcr/nt/1.0>
        .\n@prefix cnt: <http://www.w3.org/2011/content#> .\n@prefix dcmitype: <http://purl.org/dc/dcmitype/>
        .\n@prefix rdfs: <http://www.w3.org/2000/01/rdf-schema#> .\n@prefix xsi: <http://www.w3.org/2001/XMLSchema-instance>
        .\n@prefix mode: <http://www.modeshape.org/1.0> .\n@prefix oa: <http://www.w3.org/ns/oa#>
        .\n@prefix triannon: <http://triannon.stanford.edu/ns/> .\n@prefix rdf: <http://www.w3.org/1999/02/22-rdf-syntax-ns#>
        .\n@prefix fedora: <http://fedora.info/definitions/v4/repository#> .\n@prefix
        xml: <http://www.w3.org/XML/1998/namespace> .\n@prefix ldp: <http://www.w3.org/ns/ldp#>
        .\n@prefix xs: <http://www.w3.org/2001/XMLSchema> .\n@prefix fedoraconfig:
        <http://fedora.info/definitions/v4/config#> .\n@prefix mix: <http://www.jcp.org/jcr/mix/1.0>
        .\n@prefix foaf: <http://xmlns.com/foaf/0.1/> .\n@prefix dc: <http://purl.org/dc/elements/1.1/>
        .\n\n\n<http://localhost:8983/fedora/rest/anno/external_uri_specs/2e/fd/d6/f4/2efdd6f4-00e8-4006-8394-75373adf48cb/b/32/eb/8b/1f/32eb8b1f-cb36-41e4-890f-a60d3f3f9995>
        a ldp:BasicContainer ;\n\ttriannon:externalReference <http://dbpedia.org/resource/Otto_Ege>
        .\n"
    http_version: 
  recorded_at: Fri, 26 Jun 2015 16:56:02 GMT
- request:
    method: get
    uri: http://localhost:8983/fedora/rest/anno/external_uri_specs/2e/fd/d6/f4/2efdd6f4-00e8-4006-8394-75373adf48cb/t/fb/34/ff/31/fb34ff31-e0b4-4da9-af71-87505f8e4b11
    body:
      encoding: US-ASCII
      string: ''
    headers:
      User-Agent:
      - Faraday v0.9.1
      Prefer:
      - return=respresentation; omit="http://fedora.info/definitions/v4/repository#ServerManaged"
      Accept:
      - application/x-turtle
      Accept-Encoding:
      - gzip;q=1.0,deflate;q=0.6,identity;q=0.3
  response:
    status:
      code: 200
      message: OK
    headers:
      Etag:
      - '"21c85c0a7a960421d31e3b6b69a8dba2fdcebf7f"'
      Last-Modified:
      - Fri, 26 Jun 2015 16:56:02 GMT
      Link:
      - <http://www.w3.org/ns/ldp#BasicContainer>;rel="type"
      - <http://www.w3.org/ns/ldp#Container>;rel="type"
      - <http://www.w3.org/ns/ldp#Resource>;rel="type"
      Accept-Patch:
      - application/sparql-update
      Accept-Post:
      - text/turtle,text/rdf+n3,text/n3,application/rdf+xml,application/n-triples,multipart/form-data,application/sparql-update
      Allow:
      - MOVE,COPY,DELETE,POST,HEAD,GET,PUT,PATCH,OPTIONS
      Preference-Applied:
      - return=representation
      Vary:
      - Accept, Range, Accept-Encoding, Accept-Language
      - Prefer
      Content-Length:
      - '1332'
      Content-Type:
      - application/x-turtle
    body:
      encoding: UTF-8
      string: "@prefix premis: <http://www.loc.gov/premis/rdf/v1#> .\n@prefix image:
        <http://www.modeshape.org/images/1.0> .\n@prefix sv: <http://www.jcp.org/jcr/sv/1.0>
        .\n@prefix test: <info:fedora/test/> .\n@prefix nt: <http://www.jcp.org/jcr/nt/1.0>
        .\n@prefix cnt: <http://www.w3.org/2011/content#> .\n@prefix dcmitype: <http://purl.org/dc/dcmitype/>
        .\n@prefix rdfs: <http://www.w3.org/2000/01/rdf-schema#> .\n@prefix xsi: <http://www.w3.org/2001/XMLSchema-instance>
        .\n@prefix mode: <http://www.modeshape.org/1.0> .\n@prefix oa: <http://www.w3.org/ns/oa#>
        .\n@prefix triannon: <http://triannon.stanford.edu/ns/> .\n@prefix rdf: <http://www.w3.org/1999/02/22-rdf-syntax-ns#>
        .\n@prefix fedora: <http://fedora.info/definitions/v4/repository#> .\n@prefix
        xml: <http://www.w3.org/XML/1998/namespace> .\n@prefix ldp: <http://www.w3.org/ns/ldp#>
        .\n@prefix xs: <http://www.w3.org/2001/XMLSchema> .\n@prefix fedoraconfig:
        <http://fedora.info/definitions/v4/config#> .\n@prefix mix: <http://www.jcp.org/jcr/mix/1.0>
        .\n@prefix foaf: <http://xmlns.com/foaf/0.1/> .\n@prefix dc: <http://purl.org/dc/elements/1.1/>
        .\n\n\n<http://localhost:8983/fedora/rest/anno/external_uri_specs/2e/fd/d6/f4/2efdd6f4-00e8-4006-8394-75373adf48cb/t/fb/34/ff/31/fb34ff31-e0b4-4da9-af71-87505f8e4b11>
        a ldp:BasicContainer ;\n\ttriannon:externalReference <http://purl.stanford.edu/kq131cs7229>
        .\n"
    http_version: 
  recorded_at: Fri, 26 Jun 2015 16:56:02 GMT
recorded_with: VCR 2.9.3
