---
http_interactions:
- request:
    method: head
    uri: http://localhost:8983/fedora/rest/anno/external_uri_specs
    body:
      encoding: US-ASCII
      string: ''
    headers:
      User-Agent:
      - Faraday v0.9.1
      Accept:
      - "*/*"
  response:
    status:
      code: 200
      message: OK
    headers:
      Etag:
      - '"27f52ceb070779b56011b749db54a9fdf59598b4"'
      Last-Modified:
      - Wed, 08 Jul 2015 23:16:01 GMT
      Link:
      - <http://www.w3.org/ns/ldp#BasicContainer>;rel="type"
      - <http://www.w3.org/ns/ldp#Container>;rel="type"
      - <http://www.w3.org/ns/ldp#Resource>;rel="type"
      Accept-Patch:
      - application/sparql-update
      Accept-Post:
      - text/turtle,text/rdf+n3,text/n3,application/rdf+xml,application/n-triples,multipart/form-data,application/sparql-update
      Allow:
      - MOVE,COPY,DELETE,POST,HEAD,GET,PUT,PATCH,OPTIONS
      Content-Type:
      - text/tab-separated-values
      Content-Length:
      - '0'
    body:
      encoding: UTF-8
      string: ''
    http_version: 
  recorded_at: Wed, 08 Jul 2015 23:16:02 GMT
- request:
    method: post
    uri: http://localhost:8983/fedora/rest/anno/external_uri_specs
    body:
      encoding: UTF-8
      string: |
        @prefix ldp: <http://www.w3.org/ns/ldp#> .
        @prefix oa: <http://www.w3.org/ns/oa#> .
        @prefix rdf: <http://www.w3.org/1999/02/22-rdf-syntax-ns#> .

        <> a oa:Annotation,
             ldp:BasicContainer;
           oa:motivatedBy oa:identifying .
    headers:
      User-Agent:
      - Faraday v0.9.1
      Prefer:
      - return=respresentation; omit="http://fedora.info/definitions/v4/repository#ServerManaged"
      Content-Type:
      - application/x-turtle
      Accept-Encoding:
      - gzip;q=1.0,deflate;q=0.6,identity;q=0.3
      Accept:
      - "*/*"
  response:
    status:
      code: 201
      message: Created
    headers:
      Etag:
      - '"293842fbc69b1b70993d425711b674cf42a1bbc1"'
      Last-Modified:
      - Wed, 08 Jul 2015 23:16:02 GMT
      Content-Length:
      - '106'
      Location:
      - http://localhost:8983/fedora/rest/anno/external_uri_specs/46/8c/71/e3/468c71e3-257c-4673-96f1-bb03b13ceab1
      Content-Type:
      - text/plain
    body:
      encoding: UTF-8
      string: http://localhost:8983/fedora/rest/anno/external_uri_specs/46/8c/71/e3/468c71e3-257c-4673-96f1-bb03b13ceab1
    http_version: 
  recorded_at: Wed, 08 Jul 2015 23:16:02 GMT
- request:
    method: post
    uri: http://localhost:8983/fedora/rest/anno/external_uri_specs/46/8c/71/e3/468c71e3-257c-4673-96f1-bb03b13ceab1
    body:
      encoding: UTF-8
      string: |
        @prefix ldp: <http://www.w3.org/ns/ldp#> .
        @prefix oa: <http://www.w3.org/ns/oa#> .
        @prefix rdf: <http://www.w3.org/1999/02/22-rdf-syntax-ns#> .

        <> a ldp:DirectContainer;
           ldp:hasMemberRelation oa:hasBody;
           ldp:membershipResource <http://localhost:8983/fedora/rest/anno/external_uri_specs/46/8c/71/e3/468c71e3-257c-4673-96f1-bb03b13ceab1> .
    headers:
      User-Agent:
      - Faraday v0.9.1
      Prefer:
      - return=respresentation; omit="http://fedora.info/definitions/v4/repository#ServerManaged"
      Content-Type:
      - application/x-turtle
      Slug:
      - b
      Accept-Encoding:
      - gzip;q=1.0,deflate;q=0.6,identity;q=0.3
      Accept:
      - "*/*"
  response:
    status:
      code: 201
      message: Created
    headers:
      Etag:
      - '"dc0916b68a4f456b0a89ae2b828db9df08fd7cb8"'
      Last-Modified:
      - Wed, 08 Jul 2015 23:16:02 GMT
      Content-Length:
      - '108'
      Location:
      - http://localhost:8983/fedora/rest/anno/external_uri_specs/46/8c/71/e3/468c71e3-257c-4673-96f1-bb03b13ceab1/b
      Content-Type:
      - text/plain
    body:
      encoding: UTF-8
      string: http://localhost:8983/fedora/rest/anno/external_uri_specs/46/8c/71/e3/468c71e3-257c-4673-96f1-bb03b13ceab1/b
    http_version: 
  recorded_at: Wed, 08 Jul 2015 23:16:02 GMT
- request:
    method: post
    uri: http://localhost:8983/fedora/rest/anno/external_uri_specs/46/8c/71/e3/468c71e3-257c-4673-96f1-bb03b13ceab1/b
    body:
      encoding: UTF-8
      string: |
        @prefix ldp: <http://www.w3.org/ns/ldp#> .
        @prefix rdf: <http://www.w3.org/1999/02/22-rdf-syntax-ns#> .
        @prefix triannon: <http://triannon.stanford.edu/ns/> .

        <> a ldp:BasicContainer;
           triannon:externalReference <http://dbpedia.org/resource/Otto_Ege> .
    headers:
      User-Agent:
      - Faraday v0.9.1
      Prefer:
      - return=respresentation; omit="http://fedora.info/definitions/v4/repository#ServerManaged"
      Content-Type:
      - application/x-turtle
      Accept-Encoding:
      - gzip;q=1.0,deflate;q=0.6,identity;q=0.3
      Accept:
      - "*/*"
  response:
    status:
      code: 201
      message: Created
    headers:
      Etag:
      - '"8018777d4baad02d059896e8101a016868574b69"'
      Last-Modified:
      - Wed, 08 Jul 2015 23:16:02 GMT
      Content-Length:
      - '157'
      Location:
      - http://localhost:8983/fedora/rest/anno/external_uri_specs/46/8c/71/e3/468c71e3-257c-4673-96f1-bb03b13ceab1/b/07/d6/f6/09/07d6f609-e05e-4216-a0ff-4be3e15ec06f
      Content-Type:
      - text/plain
    body:
      encoding: UTF-8
      string: http://localhost:8983/fedora/rest/anno/external_uri_specs/46/8c/71/e3/468c71e3-257c-4673-96f1-bb03b13ceab1/b/07/d6/f6/09/07d6f609-e05e-4216-a0ff-4be3e15ec06f
    http_version: 
  recorded_at: Wed, 08 Jul 2015 23:16:02 GMT
- request:
    method: post
    uri: http://localhost:8983/fedora/rest/anno/external_uri_specs/46/8c/71/e3/468c71e3-257c-4673-96f1-bb03b13ceab1/b
    body:
      encoding: UTF-8
      string: |
        @prefix ldp: <http://www.w3.org/ns/ldp#> .
        @prefix rdf: <http://www.w3.org/1999/02/22-rdf-syntax-ns#> .
        @prefix triannon: <http://triannon.stanford.edu/ns/> .

        <> a ldp:BasicContainer;
           triannon:externalReference <http://dbpedia.org/resource/Love> .
    headers:
      User-Agent:
      - Faraday v0.9.1
      Prefer:
      - return=respresentation; omit="http://fedora.info/definitions/v4/repository#ServerManaged"
      Content-Type:
      - application/x-turtle
      Accept-Encoding:
      - gzip;q=1.0,deflate;q=0.6,identity;q=0.3
      Accept:
      - "*/*"
  response:
    status:
      code: 201
      message: Created
    headers:
      Etag:
      - '"7a6aee5b32f86e0868603bff82ca9152325fecbd"'
      Last-Modified:
      - Wed, 08 Jul 2015 23:16:02 GMT
      Content-Length:
      - '157'
      Location:
      - http://localhost:8983/fedora/rest/anno/external_uri_specs/46/8c/71/e3/468c71e3-257c-4673-96f1-bb03b13ceab1/b/f0/30/f3/76/f030f376-122d-474c-8a3a-6d69055cc6b5
      Content-Type:
      - text/plain
    body:
      encoding: UTF-8
      string: http://localhost:8983/fedora/rest/anno/external_uri_specs/46/8c/71/e3/468c71e3-257c-4673-96f1-bb03b13ceab1/b/f0/30/f3/76/f030f376-122d-474c-8a3a-6d69055cc6b5
    http_version: 
  recorded_at: Wed, 08 Jul 2015 23:16:02 GMT
- request:
    method: post
    uri: http://localhost:8983/fedora/rest/anno/external_uri_specs/46/8c/71/e3/468c71e3-257c-4673-96f1-bb03b13ceab1
    body:
      encoding: UTF-8
      string: |
        @prefix ldp: <http://www.w3.org/ns/ldp#> .
        @prefix oa: <http://www.w3.org/ns/oa#> .
        @prefix rdf: <http://www.w3.org/1999/02/22-rdf-syntax-ns#> .

        <> a ldp:DirectContainer;
           ldp:hasMemberRelation oa:hasTarget;
           ldp:membershipResource <http://localhost:8983/fedora/rest/anno/external_uri_specs/46/8c/71/e3/468c71e3-257c-4673-96f1-bb03b13ceab1> .
    headers:
      User-Agent:
      - Faraday v0.9.1
      Prefer:
      - return=respresentation; omit="http://fedora.info/definitions/v4/repository#ServerManaged"
      Content-Type:
      - application/x-turtle
      Slug:
      - t
      Accept-Encoding:
      - gzip;q=1.0,deflate;q=0.6,identity;q=0.3
      Accept:
      - "*/*"
  response:
    status:
      code: 201
      message: Created
    headers:
      Etag:
      - '"bf4c63fc489360362c4a590cabf0e604b3f3d92b"'
      Last-Modified:
      - Wed, 08 Jul 2015 23:16:02 GMT
      Content-Length:
      - '108'
      Location:
      - http://localhost:8983/fedora/rest/anno/external_uri_specs/46/8c/71/e3/468c71e3-257c-4673-96f1-bb03b13ceab1/t
      Content-Type:
      - text/plain
    body:
      encoding: UTF-8
      string: http://localhost:8983/fedora/rest/anno/external_uri_specs/46/8c/71/e3/468c71e3-257c-4673-96f1-bb03b13ceab1/t
    http_version: 
  recorded_at: Wed, 08 Jul 2015 23:16:02 GMT
- request:
    method: post
    uri: http://localhost:8983/fedora/rest/anno/external_uri_specs/46/8c/71/e3/468c71e3-257c-4673-96f1-bb03b13ceab1/t
    body:
      encoding: UTF-8
      string: |
        @prefix ldp: <http://www.w3.org/ns/ldp#> .
        @prefix rdf: <http://www.w3.org/1999/02/22-rdf-syntax-ns#> .
        @prefix triannon: <http://triannon.stanford.edu/ns/> .

        <> a ldp:BasicContainer;
           triannon:externalReference <http://purl.stanford.edu/kq131cs7229> .
    headers:
      User-Agent:
      - Faraday v0.9.1
      Prefer:
      - return=respresentation; omit="http://fedora.info/definitions/v4/repository#ServerManaged"
      Content-Type:
      - application/x-turtle
      Accept-Encoding:
      - gzip;q=1.0,deflate;q=0.6,identity;q=0.3
      Accept:
      - "*/*"
  response:
    status:
      code: 201
      message: Created
    headers:
      Etag:
      - '"c50b8e08c5b3872f38fbcdb607aae09dd74c2f0a"'
      Last-Modified:
      - Wed, 08 Jul 2015 23:16:02 GMT
      Content-Length:
      - '157'
      Location:
      - http://localhost:8983/fedora/rest/anno/external_uri_specs/46/8c/71/e3/468c71e3-257c-4673-96f1-bb03b13ceab1/t/35/38/1f/90/35381f90-760a-4810-9c33-05a534decb9c
      Content-Type:
      - text/plain
    body:
      encoding: UTF-8
      string: http://localhost:8983/fedora/rest/anno/external_uri_specs/46/8c/71/e3/468c71e3-257c-4673-96f1-bb03b13ceab1/t/35/38/1f/90/35381f90-760a-4810-9c33-05a534decb9c
    http_version: 
  recorded_at: Wed, 08 Jul 2015 23:16:02 GMT
- request:
    method: get
    uri: http://localhost:8983/fedora/rest/anno/external_uri_specs/46/8c/71/e3/468c71e3-257c-4673-96f1-bb03b13ceab1
    body:
      encoding: US-ASCII
      string: ''
    headers:
      User-Agent:
      - Faraday v0.9.1
      Prefer:
      - return=respresentation; omit="http://fedora.info/definitions/v4/repository#ServerManaged"
      Accept:
      - application/x-turtle
      Accept-Encoding:
      - gzip;q=1.0,deflate;q=0.6,identity;q=0.3
  response:
    status:
      code: 200
      message: OK
    headers:
      Etag:
      - '"77d1e8f32026c16598e2e91fd846f8b85fe92f34"'
      Last-Modified:
      - Wed, 08 Jul 2015 23:16:02 GMT
      Link:
      - <http://www.w3.org/ns/ldp#BasicContainer>;rel="type"
      - <http://www.w3.org/ns/ldp#Container>;rel="type"
      - <http://www.w3.org/ns/ldp#Resource>;rel="type"
      Accept-Patch:
      - application/sparql-update
      Accept-Post:
      - text/turtle,text/rdf+n3,text/n3,application/rdf+xml,application/n-triples,multipart/form-data,application/sparql-update
      Allow:
      - MOVE,COPY,DELETE,POST,HEAD,GET,PUT,PATCH,OPTIONS
      Preference-Applied:
      - return=representation
      Vary:
      - Accept, Range, Accept-Encoding, Accept-Language
      - Prefer
      Content-Length:
      - '2013'
      Content-Type:
      - application/x-turtle
    body:
      encoding: UTF-8
      string: "@prefix premis: <http://www.loc.gov/premis/rdf/v1#> .\n@prefix image:
        <http://www.modeshape.org/images/1.0> .\n@prefix sv: <http://www.jcp.org/jcr/sv/1.0>
        .\n@prefix test: <info:fedora/test/> .\n@prefix nt: <http://www.jcp.org/jcr/nt/1.0>
        .\n@prefix cnt: <http://www.w3.org/2011/content#> .\n@prefix dcmitype: <http://purl.org/dc/dcmitype/>
        .\n@prefix rdfs: <http://www.w3.org/2000/01/rdf-schema#> .\n@prefix xsi: <http://www.w3.org/2001/XMLSchema-instance>
        .\n@prefix mode: <http://www.modeshape.org/1.0> .\n@prefix oa: <http://www.w3.org/ns/oa#>
        .\n@prefix triannon: <http://triannon.stanford.edu/ns/> .\n@prefix rdf: <http://www.w3.org/1999/02/22-rdf-syntax-ns#>
        .\n@prefix fedora: <http://fedora.info/definitions/v4/repository#> .\n@prefix
        xml: <http://www.w3.org/XML/1998/namespace> .\n@prefix ldp: <http://www.w3.org/ns/ldp#>
        .\n@prefix xs: <http://www.w3.org/2001/XMLSchema> .\n@prefix fedoraconfig:
        <http://fedora.info/definitions/v4/config#> .\n@prefix mix: <http://www.jcp.org/jcr/mix/1.0>
        .\n@prefix foaf: <http://xmlns.com/foaf/0.1/> .\n@prefix dc: <http://purl.org/dc/elements/1.1/>
        .\n\n\n<http://localhost:8983/fedora/rest/anno/external_uri_specs/46/8c/71/e3/468c71e3-257c-4673-96f1-bb03b13ceab1>
        a oa:Annotation , ldp:BasicContainer ;\n\toa:motivatedBy oa:identifying ;\n\tldp:contains
        <http://localhost:8983/fedora/rest/anno/external_uri_specs/46/8c/71/e3/468c71e3-257c-4673-96f1-bb03b13ceab1/b>
        , <http://localhost:8983/fedora/rest/anno/external_uri_specs/46/8c/71/e3/468c71e3-257c-4673-96f1-bb03b13ceab1/t>
        ;\n\toa:hasBody <http://localhost:8983/fedora/rest/anno/external_uri_specs/46/8c/71/e3/468c71e3-257c-4673-96f1-bb03b13ceab1/b/07/d6/f6/09/07d6f609-e05e-4216-a0ff-4be3e15ec06f>
        , <http://localhost:8983/fedora/rest/anno/external_uri_specs/46/8c/71/e3/468c71e3-257c-4673-96f1-bb03b13ceab1/b/f0/30/f3/76/f030f376-122d-474c-8a3a-6d69055cc6b5>
        ;\n\toa:hasTarget <http://localhost:8983/fedora/rest/anno/external_uri_specs/46/8c/71/e3/468c71e3-257c-4673-96f1-bb03b13ceab1/t/35/38/1f/90/35381f90-760a-4810-9c33-05a534decb9c>
        .\n"
    http_version: 
  recorded_at: Wed, 08 Jul 2015 23:16:02 GMT
- request:
    method: get
    uri: http://localhost:8983/fedora/rest/anno/external_uri_specs/46/8c/71/e3/468c71e3-257c-4673-96f1-bb03b13ceab1/b/07/d6/f6/09/07d6f609-e05e-4216-a0ff-4be3e15ec06f
    body:
      encoding: US-ASCII
      string: ''
    headers:
      User-Agent:
      - Faraday v0.9.1
      Prefer:
      - return=respresentation; omit="http://fedora.info/definitions/v4/repository#ServerManaged"
      Accept:
      - application/x-turtle
      Accept-Encoding:
      - gzip;q=1.0,deflate;q=0.6,identity;q=0.3
  response:
    status:
      code: 200
      message: OK
    headers:
      Etag:
      - '"8018777d4baad02d059896e8101a016868574b69"'
      Last-Modified:
      - Wed, 08 Jul 2015 23:16:02 GMT
      Link:
      - <http://www.w3.org/ns/ldp#BasicContainer>;rel="type"
      - <http://www.w3.org/ns/ldp#Container>;rel="type"
      - <http://www.w3.org/ns/ldp#Resource>;rel="type"
      Accept-Patch:
      - application/sparql-update
      Accept-Post:
      - text/turtle,text/rdf+n3,text/n3,application/rdf+xml,application/n-triples,multipart/form-data,application/sparql-update
      Allow:
      - MOVE,COPY,DELETE,POST,HEAD,GET,PUT,PATCH,OPTIONS
      Preference-Applied:
      - return=representation
      Vary:
      - Accept, Range, Accept-Encoding, Accept-Language
      - Prefer
      Content-Length:
      - '1332'
      Content-Type:
      - application/x-turtle
    body:
      encoding: UTF-8
      string: "@prefix premis: <http://www.loc.gov/premis/rdf/v1#> .\n@prefix image:
        <http://www.modeshape.org/images/1.0> .\n@prefix sv: <http://www.jcp.org/jcr/sv/1.0>
        .\n@prefix test: <info:fedora/test/> .\n@prefix nt: <http://www.jcp.org/jcr/nt/1.0>
        .\n@prefix cnt: <http://www.w3.org/2011/content#> .\n@prefix dcmitype: <http://purl.org/dc/dcmitype/>
        .\n@prefix rdfs: <http://www.w3.org/2000/01/rdf-schema#> .\n@prefix xsi: <http://www.w3.org/2001/XMLSchema-instance>
        .\n@prefix mode: <http://www.modeshape.org/1.0> .\n@prefix oa: <http://www.w3.org/ns/oa#>
        .\n@prefix triannon: <http://triannon.stanford.edu/ns/> .\n@prefix rdf: <http://www.w3.org/1999/02/22-rdf-syntax-ns#>
        .\n@prefix fedora: <http://fedora.info/definitions/v4/repository#> .\n@prefix
        xml: <http://www.w3.org/XML/1998/namespace> .\n@prefix ldp: <http://www.w3.org/ns/ldp#>
        .\n@prefix xs: <http://www.w3.org/2001/XMLSchema> .\n@prefix fedoraconfig:
        <http://fedora.info/definitions/v4/config#> .\n@prefix mix: <http://www.jcp.org/jcr/mix/1.0>
        .\n@prefix foaf: <http://xmlns.com/foaf/0.1/> .\n@prefix dc: <http://purl.org/dc/elements/1.1/>
        .\n\n\n<http://localhost:8983/fedora/rest/anno/external_uri_specs/46/8c/71/e3/468c71e3-257c-4673-96f1-bb03b13ceab1/b/07/d6/f6/09/07d6f609-e05e-4216-a0ff-4be3e15ec06f>
        a ldp:BasicContainer ;\n\ttriannon:externalReference <http://dbpedia.org/resource/Otto_Ege>
        .\n"
    http_version: 
  recorded_at: Wed, 08 Jul 2015 23:16:02 GMT
- request:
    method: get
    uri: http://localhost:8983/fedora/rest/anno/external_uri_specs/46/8c/71/e3/468c71e3-257c-4673-96f1-bb03b13ceab1/b/f0/30/f3/76/f030f376-122d-474c-8a3a-6d69055cc6b5
    body:
      encoding: US-ASCII
      string: ''
    headers:
      User-Agent:
      - Faraday v0.9.1
      Prefer:
      - return=respresentation; omit="http://fedora.info/definitions/v4/repository#ServerManaged"
      Accept:
      - application/x-turtle
      Accept-Encoding:
      - gzip;q=1.0,deflate;q=0.6,identity;q=0.3
  response:
    status:
      code: 200
      message: OK
    headers:
      Etag:
      - '"7a6aee5b32f86e0868603bff82ca9152325fecbd"'
      Last-Modified:
      - Wed, 08 Jul 2015 23:16:02 GMT
      Link:
      - <http://www.w3.org/ns/ldp#BasicContainer>;rel="type"
      - <http://www.w3.org/ns/ldp#Container>;rel="type"
      - <http://www.w3.org/ns/ldp#Resource>;rel="type"
      Accept-Patch:
      - application/sparql-update
      Accept-Post:
      - text/turtle,text/rdf+n3,text/n3,application/rdf+xml,application/n-triples,multipart/form-data,application/sparql-update
      Allow:
      - MOVE,COPY,DELETE,POST,HEAD,GET,PUT,PATCH,OPTIONS
      Preference-Applied:
      - return=representation
      Vary:
      - Accept, Range, Accept-Encoding, Accept-Language
      - Prefer
      Content-Length:
      - '1328'
      Content-Type:
      - application/x-turtle
    body:
      encoding: UTF-8
      string: "@prefix premis: <http://www.loc.gov/premis/rdf/v1#> .\n@prefix image:
        <http://www.modeshape.org/images/1.0> .\n@prefix sv: <http://www.jcp.org/jcr/sv/1.0>
        .\n@prefix test: <info:fedora/test/> .\n@prefix nt: <http://www.jcp.org/jcr/nt/1.0>
        .\n@prefix cnt: <http://www.w3.org/2011/content#> .\n@prefix dcmitype: <http://purl.org/dc/dcmitype/>
        .\n@prefix rdfs: <http://www.w3.org/2000/01/rdf-schema#> .\n@prefix xsi: <http://www.w3.org/2001/XMLSchema-instance>
        .\n@prefix mode: <http://www.modeshape.org/1.0> .\n@prefix oa: <http://www.w3.org/ns/oa#>
        .\n@prefix triannon: <http://triannon.stanford.edu/ns/> .\n@prefix rdf: <http://www.w3.org/1999/02/22-rdf-syntax-ns#>
        .\n@prefix fedora: <http://fedora.info/definitions/v4/repository#> .\n@prefix
        xml: <http://www.w3.org/XML/1998/namespace> .\n@prefix ldp: <http://www.w3.org/ns/ldp#>
        .\n@prefix xs: <http://www.w3.org/2001/XMLSchema> .\n@prefix fedoraconfig:
        <http://fedora.info/definitions/v4/config#> .\n@prefix mix: <http://www.jcp.org/jcr/mix/1.0>
        .\n@prefix foaf: <http://xmlns.com/foaf/0.1/> .\n@prefix dc: <http://purl.org/dc/elements/1.1/>
        .\n\n\n<http://localhost:8983/fedora/rest/anno/external_uri_specs/46/8c/71/e3/468c71e3-257c-4673-96f1-bb03b13ceab1/b/f0/30/f3/76/f030f376-122d-474c-8a3a-6d69055cc6b5>
        a ldp:BasicContainer ;\n\ttriannon:externalReference <http://dbpedia.org/resource/Love>
        .\n"
    http_version: 
  recorded_at: Wed, 08 Jul 2015 23:16:02 GMT
- request:
    method: get
    uri: http://localhost:8983/fedora/rest/anno/external_uri_specs/46/8c/71/e3/468c71e3-257c-4673-96f1-bb03b13ceab1/t/35/38/1f/90/35381f90-760a-4810-9c33-05a534decb9c
    body:
      encoding: US-ASCII
      string: ''
    headers:
      User-Agent:
      - Faraday v0.9.1
      Prefer:
      - return=respresentation; omit="http://fedora.info/definitions/v4/repository#ServerManaged"
      Accept:
      - application/x-turtle
      Accept-Encoding:
      - gzip;q=1.0,deflate;q=0.6,identity;q=0.3
  response:
    status:
      code: 200
      message: OK
    headers:
      Etag:
      - '"c50b8e08c5b3872f38fbcdb607aae09dd74c2f0a"'
      Last-Modified:
      - Wed, 08 Jul 2015 23:16:02 GMT
      Link:
      - <http://www.w3.org/ns/ldp#BasicContainer>;rel="type"
      - <http://www.w3.org/ns/ldp#Container>;rel="type"
      - <http://www.w3.org/ns/ldp#Resource>;rel="type"
      Accept-Patch:
      - application/sparql-update
      Accept-Post:
      - text/turtle,text/rdf+n3,text/n3,application/rdf+xml,application/n-triples,multipart/form-data,application/sparql-update
      Allow:
      - MOVE,COPY,DELETE,POST,HEAD,GET,PUT,PATCH,OPTIONS
      Preference-Applied:
      - return=representation
      Vary:
      - Accept, Range, Accept-Encoding, Accept-Language
      - Prefer
      Content-Length:
      - '1332'
      Content-Type:
      - application/x-turtle
    body:
      encoding: UTF-8
      string: "@prefix premis: <http://www.loc.gov/premis/rdf/v1#> .\n@prefix image:
        <http://www.modeshape.org/images/1.0> .\n@prefix sv: <http://www.jcp.org/jcr/sv/1.0>
        .\n@prefix test: <info:fedora/test/> .\n@prefix nt: <http://www.jcp.org/jcr/nt/1.0>
        .\n@prefix cnt: <http://www.w3.org/2011/content#> .\n@prefix dcmitype: <http://purl.org/dc/dcmitype/>
        .\n@prefix rdfs: <http://www.w3.org/2000/01/rdf-schema#> .\n@prefix xsi: <http://www.w3.org/2001/XMLSchema-instance>
        .\n@prefix mode: <http://www.modeshape.org/1.0> .\n@prefix oa: <http://www.w3.org/ns/oa#>
        .\n@prefix triannon: <http://triannon.stanford.edu/ns/> .\n@prefix rdf: <http://www.w3.org/1999/02/22-rdf-syntax-ns#>
        .\n@prefix fedora: <http://fedora.info/definitions/v4/repository#> .\n@prefix
        xml: <http://www.w3.org/XML/1998/namespace> .\n@prefix ldp: <http://www.w3.org/ns/ldp#>
        .\n@prefix xs: <http://www.w3.org/2001/XMLSchema> .\n@prefix fedoraconfig:
        <http://fedora.info/definitions/v4/config#> .\n@prefix mix: <http://www.jcp.org/jcr/mix/1.0>
        .\n@prefix foaf: <http://xmlns.com/foaf/0.1/> .\n@prefix dc: <http://purl.org/dc/elements/1.1/>
        .\n\n\n<http://localhost:8983/fedora/rest/anno/external_uri_specs/46/8c/71/e3/468c71e3-257c-4673-96f1-bb03b13ceab1/t/35/38/1f/90/35381f90-760a-4810-9c33-05a534decb9c>
        a ldp:BasicContainer ;\n\ttriannon:externalReference <http://purl.stanford.edu/kq131cs7229>
        .\n"
    http_version: 
  recorded_at: Wed, 08 Jul 2015 23:16:02 GMT
- request:
    method: get
    uri: http://localhost:8983/fedora/rest/anno/external_uri_specs/46/8c/71/e3/468c71e3-257c-4673-96f1-bb03b13ceab1
    body:
      encoding: US-ASCII
      string: ''
    headers:
      User-Agent:
      - Faraday v0.9.1
      Prefer:
      - return=respresentation; omit="http://fedora.info/definitions/v4/repository#ServerManaged"
      Accept:
      - application/x-turtle
      Accept-Encoding:
      - gzip;q=1.0,deflate;q=0.6,identity;q=0.3
  response:
    status:
      code: 200
      message: OK
    headers:
      Etag:
      - '"77d1e8f32026c16598e2e91fd846f8b85fe92f34"'
      Last-Modified:
      - Wed, 08 Jul 2015 23:16:02 GMT
      Link:
      - <http://www.w3.org/ns/ldp#BasicContainer>;rel="type"
      - <http://www.w3.org/ns/ldp#Container>;rel="type"
      - <http://www.w3.org/ns/ldp#Resource>;rel="type"
      Accept-Patch:
      - application/sparql-update
      Accept-Post:
      - text/turtle,text/rdf+n3,text/n3,application/rdf+xml,application/n-triples,multipart/form-data,application/sparql-update
      Allow:
      - MOVE,COPY,DELETE,POST,HEAD,GET,PUT,PATCH,OPTIONS
      Preference-Applied:
      - return=representation
      Vary:
      - Accept, Range, Accept-Encoding, Accept-Language
      - Prefer
      Content-Length:
      - '2013'
      Content-Type:
      - application/x-turtle
    body:
      encoding: UTF-8
      string: "@prefix premis: <http://www.loc.gov/premis/rdf/v1#> .\n@prefix image:
        <http://www.modeshape.org/images/1.0> .\n@prefix sv: <http://www.jcp.org/jcr/sv/1.0>
        .\n@prefix test: <info:fedora/test/> .\n@prefix nt: <http://www.jcp.org/jcr/nt/1.0>
        .\n@prefix cnt: <http://www.w3.org/2011/content#> .\n@prefix dcmitype: <http://purl.org/dc/dcmitype/>
        .\n@prefix rdfs: <http://www.w3.org/2000/01/rdf-schema#> .\n@prefix xsi: <http://www.w3.org/2001/XMLSchema-instance>
        .\n@prefix mode: <http://www.modeshape.org/1.0> .\n@prefix oa: <http://www.w3.org/ns/oa#>
        .\n@prefix triannon: <http://triannon.stanford.edu/ns/> .\n@prefix rdf: <http://www.w3.org/1999/02/22-rdf-syntax-ns#>
        .\n@prefix fedora: <http://fedora.info/definitions/v4/repository#> .\n@prefix
        xml: <http://www.w3.org/XML/1998/namespace> .\n@prefix ldp: <http://www.w3.org/ns/ldp#>
        .\n@prefix xs: <http://www.w3.org/2001/XMLSchema> .\n@prefix fedoraconfig:
        <http://fedora.info/definitions/v4/config#> .\n@prefix mix: <http://www.jcp.org/jcr/mix/1.0>
        .\n@prefix foaf: <http://xmlns.com/foaf/0.1/> .\n@prefix dc: <http://purl.org/dc/elements/1.1/>
        .\n\n\n<http://localhost:8983/fedora/rest/anno/external_uri_specs/46/8c/71/e3/468c71e3-257c-4673-96f1-bb03b13ceab1>
        a oa:Annotation , ldp:BasicContainer ;\n\toa:motivatedBy oa:identifying ;\n\tldp:contains
        <http://localhost:8983/fedora/rest/anno/external_uri_specs/46/8c/71/e3/468c71e3-257c-4673-96f1-bb03b13ceab1/b>
        , <http://localhost:8983/fedora/rest/anno/external_uri_specs/46/8c/71/e3/468c71e3-257c-4673-96f1-bb03b13ceab1/t>
        ;\n\toa:hasBody <http://localhost:8983/fedora/rest/anno/external_uri_specs/46/8c/71/e3/468c71e3-257c-4673-96f1-bb03b13ceab1/b/07/d6/f6/09/07d6f609-e05e-4216-a0ff-4be3e15ec06f>
        , <http://localhost:8983/fedora/rest/anno/external_uri_specs/46/8c/71/e3/468c71e3-257c-4673-96f1-bb03b13ceab1/b/f0/30/f3/76/f030f376-122d-474c-8a3a-6d69055cc6b5>
        ;\n\toa:hasTarget <http://localhost:8983/fedora/rest/anno/external_uri_specs/46/8c/71/e3/468c71e3-257c-4673-96f1-bb03b13ceab1/t/35/38/1f/90/35381f90-760a-4810-9c33-05a534decb9c>
        .\n"
    http_version: 
  recorded_at: Wed, 08 Jul 2015 23:16:02 GMT
- request:
    method: get
    uri: http://localhost:8983/fedora/rest/anno/external_uri_specs/46/8c/71/e3/468c71e3-257c-4673-96f1-bb03b13ceab1/b/07/d6/f6/09/07d6f609-e05e-4216-a0ff-4be3e15ec06f
    body:
      encoding: US-ASCII
      string: ''
    headers:
      User-Agent:
      - Faraday v0.9.1
      Prefer:
      - return=respresentation; omit="http://fedora.info/definitions/v4/repository#ServerManaged"
      Accept:
      - application/x-turtle
      Accept-Encoding:
      - gzip;q=1.0,deflate;q=0.6,identity;q=0.3
  response:
    status:
      code: 200
      message: OK
    headers:
      Etag:
      - '"8018777d4baad02d059896e8101a016868574b69"'
      Last-Modified:
      - Wed, 08 Jul 2015 23:16:02 GMT
      Link:
      - <http://www.w3.org/ns/ldp#BasicContainer>;rel="type"
      - <http://www.w3.org/ns/ldp#Container>;rel="type"
      - <http://www.w3.org/ns/ldp#Resource>;rel="type"
      Accept-Patch:
      - application/sparql-update
      Accept-Post:
      - text/turtle,text/rdf+n3,text/n3,application/rdf+xml,application/n-triples,multipart/form-data,application/sparql-update
      Allow:
      - MOVE,COPY,DELETE,POST,HEAD,GET,PUT,PATCH,OPTIONS
      Preference-Applied:
      - return=representation
      Vary:
      - Accept, Range, Accept-Encoding, Accept-Language
      - Prefer
      Content-Length:
      - '1332'
      Content-Type:
      - application/x-turtle
    body:
      encoding: UTF-8
      string: "@prefix premis: <http://www.loc.gov/premis/rdf/v1#> .\n@prefix image:
        <http://www.modeshape.org/images/1.0> .\n@prefix sv: <http://www.jcp.org/jcr/sv/1.0>
        .\n@prefix test: <info:fedora/test/> .\n@prefix nt: <http://www.jcp.org/jcr/nt/1.0>
        .\n@prefix cnt: <http://www.w3.org/2011/content#> .\n@prefix dcmitype: <http://purl.org/dc/dcmitype/>
        .\n@prefix rdfs: <http://www.w3.org/2000/01/rdf-schema#> .\n@prefix xsi: <http://www.w3.org/2001/XMLSchema-instance>
        .\n@prefix mode: <http://www.modeshape.org/1.0> .\n@prefix oa: <http://www.w3.org/ns/oa#>
        .\n@prefix triannon: <http://triannon.stanford.edu/ns/> .\n@prefix rdf: <http://www.w3.org/1999/02/22-rdf-syntax-ns#>
        .\n@prefix fedora: <http://fedora.info/definitions/v4/repository#> .\n@prefix
        xml: <http://www.w3.org/XML/1998/namespace> .\n@prefix ldp: <http://www.w3.org/ns/ldp#>
        .\n@prefix xs: <http://www.w3.org/2001/XMLSchema> .\n@prefix fedoraconfig:
        <http://fedora.info/definitions/v4/config#> .\n@prefix mix: <http://www.jcp.org/jcr/mix/1.0>
        .\n@prefix foaf: <http://xmlns.com/foaf/0.1/> .\n@prefix dc: <http://purl.org/dc/elements/1.1/>
        .\n\n\n<http://localhost:8983/fedora/rest/anno/external_uri_specs/46/8c/71/e3/468c71e3-257c-4673-96f1-bb03b13ceab1/b/07/d6/f6/09/07d6f609-e05e-4216-a0ff-4be3e15ec06f>
        a ldp:BasicContainer ;\n\ttriannon:externalReference <http://dbpedia.org/resource/Otto_Ege>
        .\n"
    http_version: 
  recorded_at: Wed, 08 Jul 2015 23:16:02 GMT
- request:
    method: get
    uri: http://localhost:8983/fedora/rest/anno/external_uri_specs/46/8c/71/e3/468c71e3-257c-4673-96f1-bb03b13ceab1/b/f0/30/f3/76/f030f376-122d-474c-8a3a-6d69055cc6b5
    body:
      encoding: US-ASCII
      string: ''
    headers:
      User-Agent:
      - Faraday v0.9.1
      Prefer:
      - return=respresentation; omit="http://fedora.info/definitions/v4/repository#ServerManaged"
      Accept:
      - application/x-turtle
      Accept-Encoding:
      - gzip;q=1.0,deflate;q=0.6,identity;q=0.3
  response:
    status:
      code: 200
      message: OK
    headers:
      Etag:
      - '"7a6aee5b32f86e0868603bff82ca9152325fecbd"'
      Last-Modified:
      - Wed, 08 Jul 2015 23:16:02 GMT
      Link:
      - <http://www.w3.org/ns/ldp#BasicContainer>;rel="type"
      - <http://www.w3.org/ns/ldp#Container>;rel="type"
      - <http://www.w3.org/ns/ldp#Resource>;rel="type"
      Accept-Patch:
      - application/sparql-update
      Accept-Post:
      - text/turtle,text/rdf+n3,text/n3,application/rdf+xml,application/n-triples,multipart/form-data,application/sparql-update
      Allow:
      - MOVE,COPY,DELETE,POST,HEAD,GET,PUT,PATCH,OPTIONS
      Preference-Applied:
      - return=representation
      Vary:
      - Accept, Range, Accept-Encoding, Accept-Language
      - Prefer
      Content-Length:
      - '1328'
      Content-Type:
      - application/x-turtle
    body:
      encoding: UTF-8
      string: "@prefix premis: <http://www.loc.gov/premis/rdf/v1#> .\n@prefix image:
        <http://www.modeshape.org/images/1.0> .\n@prefix sv: <http://www.jcp.org/jcr/sv/1.0>
        .\n@prefix test: <info:fedora/test/> .\n@prefix nt: <http://www.jcp.org/jcr/nt/1.0>
        .\n@prefix cnt: <http://www.w3.org/2011/content#> .\n@prefix dcmitype: <http://purl.org/dc/dcmitype/>
        .\n@prefix rdfs: <http://www.w3.org/2000/01/rdf-schema#> .\n@prefix xsi: <http://www.w3.org/2001/XMLSchema-instance>
        .\n@prefix mode: <http://www.modeshape.org/1.0> .\n@prefix oa: <http://www.w3.org/ns/oa#>
        .\n@prefix triannon: <http://triannon.stanford.edu/ns/> .\n@prefix rdf: <http://www.w3.org/1999/02/22-rdf-syntax-ns#>
        .\n@prefix fedora: <http://fedora.info/definitions/v4/repository#> .\n@prefix
        xml: <http://www.w3.org/XML/1998/namespace> .\n@prefix ldp: <http://www.w3.org/ns/ldp#>
        .\n@prefix xs: <http://www.w3.org/2001/XMLSchema> .\n@prefix fedoraconfig:
        <http://fedora.info/definitions/v4/config#> .\n@prefix mix: <http://www.jcp.org/jcr/mix/1.0>
        .\n@prefix foaf: <http://xmlns.com/foaf/0.1/> .\n@prefix dc: <http://purl.org/dc/elements/1.1/>
        .\n\n\n<http://localhost:8983/fedora/rest/anno/external_uri_specs/46/8c/71/e3/468c71e3-257c-4673-96f1-bb03b13ceab1/b/f0/30/f3/76/f030f376-122d-474c-8a3a-6d69055cc6b5>
        a ldp:BasicContainer ;\n\ttriannon:externalReference <http://dbpedia.org/resource/Love>
        .\n"
    http_version: 
  recorded_at: Wed, 08 Jul 2015 23:16:02 GMT
- request:
    method: get
    uri: http://localhost:8983/fedora/rest/anno/external_uri_specs/46/8c/71/e3/468c71e3-257c-4673-96f1-bb03b13ceab1/t/35/38/1f/90/35381f90-760a-4810-9c33-05a534decb9c
    body:
      encoding: US-ASCII
      string: ''
    headers:
      User-Agent:
      - Faraday v0.9.1
      Prefer:
      - return=respresentation; omit="http://fedora.info/definitions/v4/repository#ServerManaged"
      Accept:
      - application/x-turtle
      Accept-Encoding:
      - gzip;q=1.0,deflate;q=0.6,identity;q=0.3
  response:
    status:
      code: 200
      message: OK
    headers:
      Etag:
      - '"c50b8e08c5b3872f38fbcdb607aae09dd74c2f0a"'
      Last-Modified:
      - Wed, 08 Jul 2015 23:16:02 GMT
      Link:
      - <http://www.w3.org/ns/ldp#BasicContainer>;rel="type"
      - <http://www.w3.org/ns/ldp#Container>;rel="type"
      - <http://www.w3.org/ns/ldp#Resource>;rel="type"
      Accept-Patch:
      - application/sparql-update
      Accept-Post:
      - text/turtle,text/rdf+n3,text/n3,application/rdf+xml,application/n-triples,multipart/form-data,application/sparql-update
      Allow:
      - MOVE,COPY,DELETE,POST,HEAD,GET,PUT,PATCH,OPTIONS
      Preference-Applied:
      - return=representation
      Vary:
      - Accept, Range, Accept-Encoding, Accept-Language
      - Prefer
      Content-Length:
      - '1332'
      Content-Type:
      - application/x-turtle
    body:
      encoding: UTF-8
      string: "@prefix premis: <http://www.loc.gov/premis/rdf/v1#> .\n@prefix image:
        <http://www.modeshape.org/images/1.0> .\n@prefix sv: <http://www.jcp.org/jcr/sv/1.0>
        .\n@prefix test: <info:fedora/test/> .\n@prefix nt: <http://www.jcp.org/jcr/nt/1.0>
        .\n@prefix cnt: <http://www.w3.org/2011/content#> .\n@prefix dcmitype: <http://purl.org/dc/dcmitype/>
        .\n@prefix rdfs: <http://www.w3.org/2000/01/rdf-schema#> .\n@prefix xsi: <http://www.w3.org/2001/XMLSchema-instance>
        .\n@prefix mode: <http://www.modeshape.org/1.0> .\n@prefix oa: <http://www.w3.org/ns/oa#>
        .\n@prefix triannon: <http://triannon.stanford.edu/ns/> .\n@prefix rdf: <http://www.w3.org/1999/02/22-rdf-syntax-ns#>
        .\n@prefix fedora: <http://fedora.info/definitions/v4/repository#> .\n@prefix
        xml: <http://www.w3.org/XML/1998/namespace> .\n@prefix ldp: <http://www.w3.org/ns/ldp#>
        .\n@prefix xs: <http://www.w3.org/2001/XMLSchema> .\n@prefix fedoraconfig:
        <http://fedora.info/definitions/v4/config#> .\n@prefix mix: <http://www.jcp.org/jcr/mix/1.0>
        .\n@prefix foaf: <http://xmlns.com/foaf/0.1/> .\n@prefix dc: <http://purl.org/dc/elements/1.1/>
        .\n\n\n<http://localhost:8983/fedora/rest/anno/external_uri_specs/46/8c/71/e3/468c71e3-257c-4673-96f1-bb03b13ceab1/t/35/38/1f/90/35381f90-760a-4810-9c33-05a534decb9c>
        a ldp:BasicContainer ;\n\ttriannon:externalReference <http://purl.stanford.edu/kq131cs7229>
        .\n"
    http_version: 
  recorded_at: Wed, 08 Jul 2015 23:16:02 GMT
recorded_with: VCR 2.9.3
