---
http_interactions:
- request:
    method: head
    uri: http://localhost:8983/fedora/rest/anno/external_uri_specs
    body:
      encoding: US-ASCII
      string: ''
    headers:
      User-Agent:
      - Faraday v0.9.1
      Accept:
      - "*/*"
  response:
    status:
      code: 200
      message: OK
    headers:
      Etag:
      - '"64b447be3a57737d9a6b9e4a416fc5b953798adb"'
      Last-Modified:
      - Thu, 09 Jul 2015 22:55:53 GMT
      Link:
      - <http://www.w3.org/ns/ldp#BasicContainer>;rel="type"
      - <http://www.w3.org/ns/ldp#Container>;rel="type"
      - <http://www.w3.org/ns/ldp#Resource>;rel="type"
      Accept-Patch:
      - application/sparql-update
      Accept-Post:
      - text/turtle,text/rdf+n3,text/n3,application/rdf+xml,application/n-triples,multipart/form-data,application/sparql-update
      Allow:
      - MOVE,COPY,DELETE,POST,HEAD,GET,PUT,PATCH,OPTIONS
      Content-Type:
      - text/tab-separated-values
      Content-Length:
      - '0'
    body:
      encoding: UTF-8
      string: ''
    http_version: 
  recorded_at: Thu, 09 Jul 2015 22:55:53 GMT
- request:
    method: post
    uri: http://localhost:8983/fedora/rest/anno/external_uri_specs
    body:
      encoding: UTF-8
      string: |
        @prefix ldp: <http://www.w3.org/ns/ldp#> .
        @prefix oa: <http://www.w3.org/ns/oa#> .
        @prefix rdf: <http://www.w3.org/1999/02/22-rdf-syntax-ns#> .

        <> a oa:Annotation,
             ldp:BasicContainer;
           oa:motivatedBy oa:bookmarking .
    headers:
      User-Agent:
      - Faraday v0.9.1
      Prefer:
      - return=respresentation; omit="http://fedora.info/definitions/v4/repository#ServerManaged"
      Content-Type:
      - application/x-turtle
      Accept-Encoding:
      - gzip;q=1.0,deflate;q=0.6,identity;q=0.3
      Accept:
      - "*/*"
  response:
    status:
      code: 201
      message: Created
    headers:
      Etag:
      - '"baf1dafd090af7161cd986bf3f4a55310f87357a"'
      Last-Modified:
      - Thu, 09 Jul 2015 22:55:53 GMT
      Content-Length:
      - '106'
      Location:
      - http://localhost:8983/fedora/rest/anno/external_uri_specs/4f/26/c4/a5/4f26c4a5-00af-4737-8f9f-d8fcad2d4dec
      Content-Type:
      - text/plain
    body:
      encoding: UTF-8
      string: http://localhost:8983/fedora/rest/anno/external_uri_specs/4f/26/c4/a5/4f26c4a5-00af-4737-8f9f-d8fcad2d4dec
    http_version: 
  recorded_at: Thu, 09 Jul 2015 22:55:53 GMT
- request:
    method: post
    uri: http://localhost:8983/fedora/rest/anno/external_uri_specs/4f/26/c4/a5/4f26c4a5-00af-4737-8f9f-d8fcad2d4dec
    body:
      encoding: UTF-8
      string: |
        @prefix ldp: <http://www.w3.org/ns/ldp#> .
        @prefix oa: <http://www.w3.org/ns/oa#> .
        @prefix rdf: <http://www.w3.org/1999/02/22-rdf-syntax-ns#> .

        <> a ldp:DirectContainer;
           ldp:hasMemberRelation oa:hasTarget;
           ldp:membershipResource <http://localhost:8983/fedora/rest/anno/external_uri_specs/4f/26/c4/a5/4f26c4a5-00af-4737-8f9f-d8fcad2d4dec> .
    headers:
      User-Agent:
      - Faraday v0.9.1
      Prefer:
      - return=respresentation; omit="http://fedora.info/definitions/v4/repository#ServerManaged"
      Content-Type:
      - application/x-turtle
      Slug:
      - t
      Accept-Encoding:
      - gzip;q=1.0,deflate;q=0.6,identity;q=0.3
      Accept:
      - "*/*"
  response:
    status:
      code: 201
      message: Created
    headers:
      Etag:
      - '"23b5ddac924717bc29daea744a70fdb59f07a2ba"'
      Last-Modified:
      - Thu, 09 Jul 2015 22:55:53 GMT
      Content-Length:
      - '108'
      Location:
      - http://localhost:8983/fedora/rest/anno/external_uri_specs/4f/26/c4/a5/4f26c4a5-00af-4737-8f9f-d8fcad2d4dec/t
      Content-Type:
      - text/plain
    body:
      encoding: UTF-8
      string: http://localhost:8983/fedora/rest/anno/external_uri_specs/4f/26/c4/a5/4f26c4a5-00af-4737-8f9f-d8fcad2d4dec/t
    http_version: 
  recorded_at: Thu, 09 Jul 2015 22:55:53 GMT
- request:
    method: post
    uri: http://localhost:8983/fedora/rest/anno/external_uri_specs/4f/26/c4/a5/4f26c4a5-00af-4737-8f9f-d8fcad2d4dec/t
    body:
      encoding: UTF-8
      string: |
        @prefix ldp: <http://www.w3.org/ns/ldp#> .
        @prefix rdf: <http://www.w3.org/1999/02/22-rdf-syntax-ns#> .
        @prefix triannon: <http://triannon.stanford.edu/ns/> .

        <> a ldp:BasicContainer;
           triannon:externalReference <http://purl.stanford.edu/cd666ef4444> .
    headers:
      User-Agent:
      - Faraday v0.9.1
      Prefer:
      - return=respresentation; omit="http://fedora.info/definitions/v4/repository#ServerManaged"
      Content-Type:
      - application/x-turtle
      Accept-Encoding:
      - gzip;q=1.0,deflate;q=0.6,identity;q=0.3
      Accept:
      - "*/*"
  response:
    status:
      code: 201
      message: Created
    headers:
      Etag:
      - '"0ae41226764ddd3015ff95223158bbf384b0e200"'
      Last-Modified:
      - Thu, 09 Jul 2015 22:55:53 GMT
      Content-Length:
      - '157'
      Location:
      - http://localhost:8983/fedora/rest/anno/external_uri_specs/4f/26/c4/a5/4f26c4a5-00af-4737-8f9f-d8fcad2d4dec/t/da/1d/47/20/da1d4720-1d9b-427e-b508-c7cb3629b589
      Content-Type:
      - text/plain
    body:
      encoding: UTF-8
      string: http://localhost:8983/fedora/rest/anno/external_uri_specs/4f/26/c4/a5/4f26c4a5-00af-4737-8f9f-d8fcad2d4dec/t/da/1d/47/20/da1d4720-1d9b-427e-b508-c7cb3629b589
    http_version: 
  recorded_at: Thu, 09 Jul 2015 22:55:53 GMT
- request:
    method: post
    uri: http://localhost:8983/fedora/rest/anno/external_uri_specs/4f/26/c4/a5/4f26c4a5-00af-4737-8f9f-d8fcad2d4dec/t
    body:
      encoding: UTF-8
      string: |
        @prefix ldp: <http://www.w3.org/ns/ldp#> .
        @prefix rdf: <http://www.w3.org/1999/02/22-rdf-syntax-ns#> .
        @prefix triannon: <http://triannon.stanford.edu/ns/> .

        <> a ldp:BasicContainer;
           triannon:externalReference <http://purl.stanford.edu/ab123cd4567> .
    headers:
      User-Agent:
      - Faraday v0.9.1
      Prefer:
      - return=respresentation; omit="http://fedora.info/definitions/v4/repository#ServerManaged"
      Content-Type:
      - application/x-turtle
      Accept-Encoding:
      - gzip;q=1.0,deflate;q=0.6,identity;q=0.3
      Accept:
      - "*/*"
  response:
    status:
      code: 201
      message: Created
    headers:
      Etag:
      - '"414b1beb4a61ef7b7f3b5d5db734ebd09f02291b"'
      Last-Modified:
      - Thu, 09 Jul 2015 22:55:53 GMT
      Content-Length:
      - '157'
      Location:
      - http://localhost:8983/fedora/rest/anno/external_uri_specs/4f/26/c4/a5/4f26c4a5-00af-4737-8f9f-d8fcad2d4dec/t/65/b2/f7/78/65b2f778-8719-4118-9950-c75fd845c4c7
      Content-Type:
      - text/plain
    body:
      encoding: UTF-8
      string: http://localhost:8983/fedora/rest/anno/external_uri_specs/4f/26/c4/a5/4f26c4a5-00af-4737-8f9f-d8fcad2d4dec/t/65/b2/f7/78/65b2f778-8719-4118-9950-c75fd845c4c7
    http_version: 
  recorded_at: Thu, 09 Jul 2015 22:55:53 GMT
- request:
    method: get
    uri: http://localhost:8983/fedora/rest/anno/external_uri_specs/4f/26/c4/a5/4f26c4a5-00af-4737-8f9f-d8fcad2d4dec
    body:
      encoding: US-ASCII
      string: ''
    headers:
      User-Agent:
      - Faraday v0.9.1
      Prefer:
      - return=respresentation; omit="http://fedora.info/definitions/v4/repository#ServerManaged"
      Accept:
      - application/x-turtle
      Accept-Encoding:
      - gzip;q=1.0,deflate;q=0.6,identity;q=0.3
  response:
    status:
      code: 200
      message: OK
    headers:
      Etag:
      - '"4504d7b0d852e7b73b7538d822fa6a7c55ad141a"'
      Last-Modified:
      - Thu, 09 Jul 2015 22:55:53 GMT
      Link:
      - <http://www.w3.org/ns/ldp#BasicContainer>;rel="type"
      - <http://www.w3.org/ns/ldp#Container>;rel="type"
      - <http://www.w3.org/ns/ldp#Resource>;rel="type"
      Accept-Patch:
      - application/sparql-update
      Accept-Post:
      - text/turtle,text/rdf+n3,text/n3,application/rdf+xml,application/n-triples,multipart/form-data,application/sparql-update
      Allow:
      - MOVE,COPY,DELETE,POST,HEAD,GET,PUT,PATCH,OPTIONS
      Preference-Applied:
      - return=representation
      Vary:
      - Accept, Range, Accept-Encoding, Accept-Language
      - Prefer
      Content-Length:
      - '1726'
      Content-Type:
      - application/x-turtle
    body:
      encoding: UTF-8
      string: "@prefix premis: <http://www.loc.gov/premis/rdf/v1#> .\n@prefix image:
        <http://www.modeshape.org/images/1.0> .\n@prefix sv: <http://www.jcp.org/jcr/sv/1.0>
        .\n@prefix test: <info:fedora/test/> .\n@prefix nt: <http://www.jcp.org/jcr/nt/1.0>
        .\n@prefix cnt: <http://www.w3.org/2011/content#> .\n@prefix dcmitype: <http://purl.org/dc/dcmitype/>
        .\n@prefix rdfs: <http://www.w3.org/2000/01/rdf-schema#> .\n@prefix xsi: <http://www.w3.org/2001/XMLSchema-instance>
        .\n@prefix mode: <http://www.modeshape.org/1.0> .\n@prefix oa: <http://www.w3.org/ns/oa#>
        .\n@prefix triannon: <http://triannon.stanford.edu/ns/> .\n@prefix rdf: <http://www.w3.org/1999/02/22-rdf-syntax-ns#>
        .\n@prefix fedora: <http://fedora.info/definitions/v4/repository#> .\n@prefix
        xml: <http://www.w3.org/XML/1998/namespace> .\n@prefix ldp: <http://www.w3.org/ns/ldp#>
        .\n@prefix xs: <http://www.w3.org/2001/XMLSchema> .\n@prefix fedoraconfig:
        <http://fedora.info/definitions/v4/config#> .\n@prefix mix: <http://www.jcp.org/jcr/mix/1.0>
        .\n@prefix foaf: <http://xmlns.com/foaf/0.1/> .\n@prefix dc: <http://purl.org/dc/elements/1.1/>
        .\n\n\n<http://localhost:8983/fedora/rest/anno/external_uri_specs/4f/26/c4/a5/4f26c4a5-00af-4737-8f9f-d8fcad2d4dec>
        a oa:Annotation , ldp:BasicContainer ;\n\toa:motivatedBy oa:bookmarking ;\n\tldp:contains
        <http://localhost:8983/fedora/rest/anno/external_uri_specs/4f/26/c4/a5/4f26c4a5-00af-4737-8f9f-d8fcad2d4dec/t>
        ;\n\toa:hasTarget <http://localhost:8983/fedora/rest/anno/external_uri_specs/4f/26/c4/a5/4f26c4a5-00af-4737-8f9f-d8fcad2d4dec/t/da/1d/47/20/da1d4720-1d9b-427e-b508-c7cb3629b589>
        , <http://localhost:8983/fedora/rest/anno/external_uri_specs/4f/26/c4/a5/4f26c4a5-00af-4737-8f9f-d8fcad2d4dec/t/65/b2/f7/78/65b2f778-8719-4118-9950-c75fd845c4c7>
        .\n"
    http_version: 
  recorded_at: Thu, 09 Jul 2015 22:55:53 GMT
- request:
    method: get
    uri: http://localhost:8983/fedora/rest/anno/external_uri_specs/4f/26/c4/a5/4f26c4a5-00af-4737-8f9f-d8fcad2d4dec/t/da/1d/47/20/da1d4720-1d9b-427e-b508-c7cb3629b589
    body:
      encoding: US-ASCII
      string: ''
    headers:
      User-Agent:
      - Faraday v0.9.1
      Prefer:
      - return=respresentation; omit="http://fedora.info/definitions/v4/repository#ServerManaged"
      Accept:
      - application/x-turtle
      Accept-Encoding:
      - gzip;q=1.0,deflate;q=0.6,identity;q=0.3
  response:
    status:
      code: 200
      message: OK
    headers:
      Etag:
      - '"0ae41226764ddd3015ff95223158bbf384b0e200"'
      Last-Modified:
      - Thu, 09 Jul 2015 22:55:53 GMT
      Link:
      - <http://www.w3.org/ns/ldp#BasicContainer>;rel="type"
      - <http://www.w3.org/ns/ldp#Container>;rel="type"
      - <http://www.w3.org/ns/ldp#Resource>;rel="type"
      Accept-Patch:
      - application/sparql-update
      Accept-Post:
      - text/turtle,text/rdf+n3,text/n3,application/rdf+xml,application/n-triples,multipart/form-data,application/sparql-update
      Allow:
      - MOVE,COPY,DELETE,POST,HEAD,GET,PUT,PATCH,OPTIONS
      Preference-Applied:
      - return=representation
      Vary:
      - Accept, Range, Accept-Encoding, Accept-Language
      - Prefer
      Content-Length:
      - '1332'
      Content-Type:
      - application/x-turtle
    body:
      encoding: UTF-8
      string: "@prefix premis: <http://www.loc.gov/premis/rdf/v1#> .\n@prefix image:
        <http://www.modeshape.org/images/1.0> .\n@prefix sv: <http://www.jcp.org/jcr/sv/1.0>
        .\n@prefix test: <info:fedora/test/> .\n@prefix nt: <http://www.jcp.org/jcr/nt/1.0>
        .\n@prefix cnt: <http://www.w3.org/2011/content#> .\n@prefix dcmitype: <http://purl.org/dc/dcmitype/>
        .\n@prefix rdfs: <http://www.w3.org/2000/01/rdf-schema#> .\n@prefix xsi: <http://www.w3.org/2001/XMLSchema-instance>
        .\n@prefix mode: <http://www.modeshape.org/1.0> .\n@prefix oa: <http://www.w3.org/ns/oa#>
        .\n@prefix triannon: <http://triannon.stanford.edu/ns/> .\n@prefix rdf: <http://www.w3.org/1999/02/22-rdf-syntax-ns#>
        .\n@prefix fedora: <http://fedora.info/definitions/v4/repository#> .\n@prefix
        xml: <http://www.w3.org/XML/1998/namespace> .\n@prefix ldp: <http://www.w3.org/ns/ldp#>
        .\n@prefix xs: <http://www.w3.org/2001/XMLSchema> .\n@prefix fedoraconfig:
        <http://fedora.info/definitions/v4/config#> .\n@prefix mix: <http://www.jcp.org/jcr/mix/1.0>
        .\n@prefix foaf: <http://xmlns.com/foaf/0.1/> .\n@prefix dc: <http://purl.org/dc/elements/1.1/>
        .\n\n\n<http://localhost:8983/fedora/rest/anno/external_uri_specs/4f/26/c4/a5/4f26c4a5-00af-4737-8f9f-d8fcad2d4dec/t/da/1d/47/20/da1d4720-1d9b-427e-b508-c7cb3629b589>
        a ldp:BasicContainer ;\n\ttriannon:externalReference <http://purl.stanford.edu/cd666ef4444>
        .\n"
    http_version: 
  recorded_at: Thu, 09 Jul 2015 22:55:53 GMT
- request:
    method: get
    uri: http://localhost:8983/fedora/rest/anno/external_uri_specs/4f/26/c4/a5/4f26c4a5-00af-4737-8f9f-d8fcad2d4dec/t/65/b2/f7/78/65b2f778-8719-4118-9950-c75fd845c4c7
    body:
      encoding: US-ASCII
      string: ''
    headers:
      User-Agent:
      - Faraday v0.9.1
      Prefer:
      - return=respresentation; omit="http://fedora.info/definitions/v4/repository#ServerManaged"
      Accept:
      - application/x-turtle
      Accept-Encoding:
      - gzip;q=1.0,deflate;q=0.6,identity;q=0.3
  response:
    status:
      code: 200
      message: OK
    headers:
      Etag:
      - '"414b1beb4a61ef7b7f3b5d5db734ebd09f02291b"'
      Last-Modified:
      - Thu, 09 Jul 2015 22:55:53 GMT
      Link:
      - <http://www.w3.org/ns/ldp#BasicContainer>;rel="type"
      - <http://www.w3.org/ns/ldp#Container>;rel="type"
      - <http://www.w3.org/ns/ldp#Resource>;rel="type"
      Accept-Patch:
      - application/sparql-update
      Accept-Post:
      - text/turtle,text/rdf+n3,text/n3,application/rdf+xml,application/n-triples,multipart/form-data,application/sparql-update
      Allow:
      - MOVE,COPY,DELETE,POST,HEAD,GET,PUT,PATCH,OPTIONS
      Preference-Applied:
      - return=representation
      Vary:
      - Accept, Range, Accept-Encoding, Accept-Language
      - Prefer
      Content-Length:
      - '1332'
      Content-Type:
      - application/x-turtle
    body:
      encoding: UTF-8
      string: "@prefix premis: <http://www.loc.gov/premis/rdf/v1#> .\n@prefix image:
        <http://www.modeshape.org/images/1.0> .\n@prefix sv: <http://www.jcp.org/jcr/sv/1.0>
        .\n@prefix test: <info:fedora/test/> .\n@prefix nt: <http://www.jcp.org/jcr/nt/1.0>
        .\n@prefix cnt: <http://www.w3.org/2011/content#> .\n@prefix dcmitype: <http://purl.org/dc/dcmitype/>
        .\n@prefix rdfs: <http://www.w3.org/2000/01/rdf-schema#> .\n@prefix xsi: <http://www.w3.org/2001/XMLSchema-instance>
        .\n@prefix mode: <http://www.modeshape.org/1.0> .\n@prefix oa: <http://www.w3.org/ns/oa#>
        .\n@prefix triannon: <http://triannon.stanford.edu/ns/> .\n@prefix rdf: <http://www.w3.org/1999/02/22-rdf-syntax-ns#>
        .\n@prefix fedora: <http://fedora.info/definitions/v4/repository#> .\n@prefix
        xml: <http://www.w3.org/XML/1998/namespace> .\n@prefix ldp: <http://www.w3.org/ns/ldp#>
        .\n@prefix xs: <http://www.w3.org/2001/XMLSchema> .\n@prefix fedoraconfig:
        <http://fedora.info/definitions/v4/config#> .\n@prefix mix: <http://www.jcp.org/jcr/mix/1.0>
        .\n@prefix foaf: <http://xmlns.com/foaf/0.1/> .\n@prefix dc: <http://purl.org/dc/elements/1.1/>
        .\n\n\n<http://localhost:8983/fedora/rest/anno/external_uri_specs/4f/26/c4/a5/4f26c4a5-00af-4737-8f9f-d8fcad2d4dec/t/65/b2/f7/78/65b2f778-8719-4118-9950-c75fd845c4c7>
        a ldp:BasicContainer ;\n\ttriannon:externalReference <http://purl.stanford.edu/ab123cd4567>
        .\n"
    http_version: 
  recorded_at: Thu, 09 Jul 2015 22:55:53 GMT
- request:
    method: get
    uri: http://localhost:8983/fedora/rest/anno/external_uri_specs/4f/26/c4/a5/4f26c4a5-00af-4737-8f9f-d8fcad2d4dec
    body:
      encoding: US-ASCII
      string: ''
    headers:
      User-Agent:
      - Faraday v0.9.1
      Prefer:
      - return=respresentation; omit="http://fedora.info/definitions/v4/repository#ServerManaged"
      Accept:
      - application/x-turtle
      Accept-Encoding:
      - gzip;q=1.0,deflate;q=0.6,identity;q=0.3
  response:
    status:
      code: 200
      message: OK
    headers:
      Etag:
      - '"4504d7b0d852e7b73b7538d822fa6a7c55ad141a"'
      Last-Modified:
      - Thu, 09 Jul 2015 22:55:53 GMT
      Link:
      - <http://www.w3.org/ns/ldp#BasicContainer>;rel="type"
      - <http://www.w3.org/ns/ldp#Container>;rel="type"
      - <http://www.w3.org/ns/ldp#Resource>;rel="type"
      Accept-Patch:
      - application/sparql-update
      Accept-Post:
      - text/turtle,text/rdf+n3,text/n3,application/rdf+xml,application/n-triples,multipart/form-data,application/sparql-update
      Allow:
      - MOVE,COPY,DELETE,POST,HEAD,GET,PUT,PATCH,OPTIONS
      Preference-Applied:
      - return=representation
      Vary:
      - Accept, Range, Accept-Encoding, Accept-Language
      - Prefer
      Content-Length:
      - '1726'
      Content-Type:
      - application/x-turtle
    body:
      encoding: UTF-8
      string: "@prefix premis: <http://www.loc.gov/premis/rdf/v1#> .\n@prefix image:
        <http://www.modeshape.org/images/1.0> .\n@prefix sv: <http://www.jcp.org/jcr/sv/1.0>
        .\n@prefix test: <info:fedora/test/> .\n@prefix nt: <http://www.jcp.org/jcr/nt/1.0>
        .\n@prefix cnt: <http://www.w3.org/2011/content#> .\n@prefix dcmitype: <http://purl.org/dc/dcmitype/>
        .\n@prefix rdfs: <http://www.w3.org/2000/01/rdf-schema#> .\n@prefix xsi: <http://www.w3.org/2001/XMLSchema-instance>
        .\n@prefix mode: <http://www.modeshape.org/1.0> .\n@prefix oa: <http://www.w3.org/ns/oa#>
        .\n@prefix triannon: <http://triannon.stanford.edu/ns/> .\n@prefix rdf: <http://www.w3.org/1999/02/22-rdf-syntax-ns#>
        .\n@prefix fedora: <http://fedora.info/definitions/v4/repository#> .\n@prefix
        xml: <http://www.w3.org/XML/1998/namespace> .\n@prefix ldp: <http://www.w3.org/ns/ldp#>
        .\n@prefix xs: <http://www.w3.org/2001/XMLSchema> .\n@prefix fedoraconfig:
        <http://fedora.info/definitions/v4/config#> .\n@prefix mix: <http://www.jcp.org/jcr/mix/1.0>
        .\n@prefix foaf: <http://xmlns.com/foaf/0.1/> .\n@prefix dc: <http://purl.org/dc/elements/1.1/>
        .\n\n\n<http://localhost:8983/fedora/rest/anno/external_uri_specs/4f/26/c4/a5/4f26c4a5-00af-4737-8f9f-d8fcad2d4dec>
        a oa:Annotation , ldp:BasicContainer ;\n\toa:motivatedBy oa:bookmarking ;\n\tldp:contains
        <http://localhost:8983/fedora/rest/anno/external_uri_specs/4f/26/c4/a5/4f26c4a5-00af-4737-8f9f-d8fcad2d4dec/t>
        ;\n\toa:hasTarget <http://localhost:8983/fedora/rest/anno/external_uri_specs/4f/26/c4/a5/4f26c4a5-00af-4737-8f9f-d8fcad2d4dec/t/da/1d/47/20/da1d4720-1d9b-427e-b508-c7cb3629b589>
        , <http://localhost:8983/fedora/rest/anno/external_uri_specs/4f/26/c4/a5/4f26c4a5-00af-4737-8f9f-d8fcad2d4dec/t/65/b2/f7/78/65b2f778-8719-4118-9950-c75fd845c4c7>
        .\n"
    http_version: 
  recorded_at: Thu, 09 Jul 2015 22:55:53 GMT
- request:
    method: get
    uri: http://localhost:8983/fedora/rest/anno/external_uri_specs/4f/26/c4/a5/4f26c4a5-00af-4737-8f9f-d8fcad2d4dec/t/da/1d/47/20/da1d4720-1d9b-427e-b508-c7cb3629b589
    body:
      encoding: US-ASCII
      string: ''
    headers:
      User-Agent:
      - Faraday v0.9.1
      Prefer:
      - return=respresentation; omit="http://fedora.info/definitions/v4/repository#ServerManaged"
      Accept:
      - application/x-turtle
      Accept-Encoding:
      - gzip;q=1.0,deflate;q=0.6,identity;q=0.3
  response:
    status:
      code: 200
      message: OK
    headers:
      Etag:
      - '"0ae41226764ddd3015ff95223158bbf384b0e200"'
      Last-Modified:
      - Thu, 09 Jul 2015 22:55:53 GMT
      Link:
      - <http://www.w3.org/ns/ldp#BasicContainer>;rel="type"
      - <http://www.w3.org/ns/ldp#Container>;rel="type"
      - <http://www.w3.org/ns/ldp#Resource>;rel="type"
      Accept-Patch:
      - application/sparql-update
      Accept-Post:
      - text/turtle,text/rdf+n3,text/n3,application/rdf+xml,application/n-triples,multipart/form-data,application/sparql-update
      Allow:
      - MOVE,COPY,DELETE,POST,HEAD,GET,PUT,PATCH,OPTIONS
      Preference-Applied:
      - return=representation
      Vary:
      - Accept, Range, Accept-Encoding, Accept-Language
      - Prefer
      Content-Length:
      - '1332'
      Content-Type:
      - application/x-turtle
    body:
      encoding: UTF-8
      string: "@prefix premis: <http://www.loc.gov/premis/rdf/v1#> .\n@prefix image:
        <http://www.modeshape.org/images/1.0> .\n@prefix sv: <http://www.jcp.org/jcr/sv/1.0>
        .\n@prefix test: <info:fedora/test/> .\n@prefix nt: <http://www.jcp.org/jcr/nt/1.0>
        .\n@prefix cnt: <http://www.w3.org/2011/content#> .\n@prefix dcmitype: <http://purl.org/dc/dcmitype/>
        .\n@prefix rdfs: <http://www.w3.org/2000/01/rdf-schema#> .\n@prefix xsi: <http://www.w3.org/2001/XMLSchema-instance>
        .\n@prefix mode: <http://www.modeshape.org/1.0> .\n@prefix oa: <http://www.w3.org/ns/oa#>
        .\n@prefix triannon: <http://triannon.stanford.edu/ns/> .\n@prefix rdf: <http://www.w3.org/1999/02/22-rdf-syntax-ns#>
        .\n@prefix fedora: <http://fedora.info/definitions/v4/repository#> .\n@prefix
        xml: <http://www.w3.org/XML/1998/namespace> .\n@prefix ldp: <http://www.w3.org/ns/ldp#>
        .\n@prefix xs: <http://www.w3.org/2001/XMLSchema> .\n@prefix fedoraconfig:
        <http://fedora.info/definitions/v4/config#> .\n@prefix mix: <http://www.jcp.org/jcr/mix/1.0>
        .\n@prefix foaf: <http://xmlns.com/foaf/0.1/> .\n@prefix dc: <http://purl.org/dc/elements/1.1/>
        .\n\n\n<http://localhost:8983/fedora/rest/anno/external_uri_specs/4f/26/c4/a5/4f26c4a5-00af-4737-8f9f-d8fcad2d4dec/t/da/1d/47/20/da1d4720-1d9b-427e-b508-c7cb3629b589>
        a ldp:BasicContainer ;\n\ttriannon:externalReference <http://purl.stanford.edu/cd666ef4444>
        .\n"
    http_version: 
  recorded_at: Thu, 09 Jul 2015 22:55:53 GMT
- request:
    method: get
    uri: http://localhost:8983/fedora/rest/anno/external_uri_specs/4f/26/c4/a5/4f26c4a5-00af-4737-8f9f-d8fcad2d4dec/t/65/b2/f7/78/65b2f778-8719-4118-9950-c75fd845c4c7
    body:
      encoding: US-ASCII
      string: ''
    headers:
      User-Agent:
      - Faraday v0.9.1
      Prefer:
      - return=respresentation; omit="http://fedora.info/definitions/v4/repository#ServerManaged"
      Accept:
      - application/x-turtle
      Accept-Encoding:
      - gzip;q=1.0,deflate;q=0.6,identity;q=0.3
  response:
    status:
      code: 200
      message: OK
    headers:
      Etag:
      - '"414b1beb4a61ef7b7f3b5d5db734ebd09f02291b"'
      Last-Modified:
      - Thu, 09 Jul 2015 22:55:53 GMT
      Link:
      - <http://www.w3.org/ns/ldp#BasicContainer>;rel="type"
      - <http://www.w3.org/ns/ldp#Container>;rel="type"
      - <http://www.w3.org/ns/ldp#Resource>;rel="type"
      Accept-Patch:
      - application/sparql-update
      Accept-Post:
      - text/turtle,text/rdf+n3,text/n3,application/rdf+xml,application/n-triples,multipart/form-data,application/sparql-update
      Allow:
      - MOVE,COPY,DELETE,POST,HEAD,GET,PUT,PATCH,OPTIONS
      Preference-Applied:
      - return=representation
      Vary:
      - Accept, Range, Accept-Encoding, Accept-Language
      - Prefer
      Content-Length:
      - '1332'
      Content-Type:
      - application/x-turtle
    body:
      encoding: UTF-8
      string: "@prefix premis: <http://www.loc.gov/premis/rdf/v1#> .\n@prefix image:
        <http://www.modeshape.org/images/1.0> .\n@prefix sv: <http://www.jcp.org/jcr/sv/1.0>
        .\n@prefix test: <info:fedora/test/> .\n@prefix nt: <http://www.jcp.org/jcr/nt/1.0>
        .\n@prefix cnt: <http://www.w3.org/2011/content#> .\n@prefix dcmitype: <http://purl.org/dc/dcmitype/>
        .\n@prefix rdfs: <http://www.w3.org/2000/01/rdf-schema#> .\n@prefix xsi: <http://www.w3.org/2001/XMLSchema-instance>
        .\n@prefix mode: <http://www.modeshape.org/1.0> .\n@prefix oa: <http://www.w3.org/ns/oa#>
        .\n@prefix triannon: <http://triannon.stanford.edu/ns/> .\n@prefix rdf: <http://www.w3.org/1999/02/22-rdf-syntax-ns#>
        .\n@prefix fedora: <http://fedora.info/definitions/v4/repository#> .\n@prefix
        xml: <http://www.w3.org/XML/1998/namespace> .\n@prefix ldp: <http://www.w3.org/ns/ldp#>
        .\n@prefix xs: <http://www.w3.org/2001/XMLSchema> .\n@prefix fedoraconfig:
        <http://fedora.info/definitions/v4/config#> .\n@prefix mix: <http://www.jcp.org/jcr/mix/1.0>
        .\n@prefix foaf: <http://xmlns.com/foaf/0.1/> .\n@prefix dc: <http://purl.org/dc/elements/1.1/>
        .\n\n\n<http://localhost:8983/fedora/rest/anno/external_uri_specs/4f/26/c4/a5/4f26c4a5-00af-4737-8f9f-d8fcad2d4dec/t/65/b2/f7/78/65b2f778-8719-4118-9950-c75fd845c4c7>
        a ldp:BasicContainer ;\n\ttriannon:externalReference <http://purl.stanford.edu/ab123cd4567>
        .\n"
    http_version: 
  recorded_at: Thu, 09 Jul 2015 22:55:53 GMT
recorded_with: VCR 2.9.3
