---
http_interactions:
- request:
    method: post
    uri: http://localhost:8983/fedora/rest/anno
    body:
      encoding: UTF-8
      string: |
        @prefix ldp: <http://www.w3.org/ns/ldp#> .
        @prefix oa: <http://www.w3.org/ns/oa#> .
        @prefix rdf: <http://www.w3.org/1999/02/22-rdf-syntax-ns#> .

        <> a oa:Annotation,
             ldp:BasicContainer;
           oa:motivatedBy oa:commenting .
    headers:
      User-Agent:
      - Faraday v0.9.1
      Prefer:
      - return=respresentation; omit="http://fedora.info/definitions/v4/repository#ServerManaged"
      Content-Type:
      - application/x-turtle
      Accept-Encoding:
      - gzip;q=1.0,deflate;q=0.6,identity;q=0.3
      Accept:
      - "*/*"
  response:
    status:
      code: 201
      message: Created
    headers:
      Etag:
      - '"617404df07bd0dc71ebb8f67a5687ecd31dad4a5"'
      Last-Modified:
      - Wed, 10 Jun 2015 18:26:51 GMT
      Content-Length:
      - '87'
      Location:
      - http://localhost:8983/fedora/rest/anno/7b/08/dc/f4/7b08dcf4-efc7-4ad7-934f-65ec5189994b
      Content-Type:
      - text/plain
    body:
      encoding: UTF-8
      string: http://localhost:8983/fedora/rest/anno/7b/08/dc/f4/7b08dcf4-efc7-4ad7-934f-65ec5189994b
    http_version: 
  recorded_at: Wed, 10 Jun 2015 18:26:51 GMT
- request:
    method: post
    uri: http://localhost:8983/fedora/rest/anno/7b/08/dc/f4/7b08dcf4-efc7-4ad7-934f-65ec5189994b
    body:
      encoding: UTF-8
      string: |
        @prefix ldp: <http://www.w3.org/ns/ldp#> .
        @prefix oa: <http://www.w3.org/ns/oa#> .
        @prefix rdf: <http://www.w3.org/1999/02/22-rdf-syntax-ns#> .

        <> a ldp:DirectContainer;
           ldp:hasMemberRelation oa:hasBody;
           ldp:membershipResource <http://localhost:8983/fedora/rest/anno/7b/08/dc/f4/7b08dcf4-efc7-4ad7-934f-65ec5189994b> .
    headers:
      User-Agent:
      - Faraday v0.9.1
      Prefer:
      - return=respresentation; omit="http://fedora.info/definitions/v4/repository#ServerManaged"
      Content-Type:
      - application/x-turtle
      Slug:
      - b
      Accept-Encoding:
      - gzip;q=1.0,deflate;q=0.6,identity;q=0.3
      Accept:
      - "*/*"
  response:
    status:
      code: 201
      message: Created
    headers:
      Etag:
      - '"1e31263b2dea6545b5f226d27bd524e138e01692"'
      Last-Modified:
      - Wed, 10 Jun 2015 18:26:51 GMT
      Content-Length:
      - '89'
      Location:
      - http://localhost:8983/fedora/rest/anno/7b/08/dc/f4/7b08dcf4-efc7-4ad7-934f-65ec5189994b/b
      Content-Type:
      - text/plain
    body:
      encoding: UTF-8
      string: http://localhost:8983/fedora/rest/anno/7b/08/dc/f4/7b08dcf4-efc7-4ad7-934f-65ec5189994b/b
    http_version: 
  recorded_at: Wed, 10 Jun 2015 18:26:51 GMT
- request:
    method: post
    uri: http://localhost:8983/fedora/rest/anno/7b/08/dc/f4/7b08dcf4-efc7-4ad7-934f-65ec5189994b/b
    body:
      encoding: UTF-8
      string: |
        @prefix cnt: <http://www.w3.org/2011/content#> .
        @prefix dc11: <http://purl.org/dc/elements/1.1/> .
        @prefix dcmitype: <http://purl.org/dc/dcmitype/> .
        @prefix ldp: <http://www.w3.org/ns/ldp#> .
        @prefix oa: <http://www.w3.org/ns/oa#> .
        @prefix rdf: <http://www.w3.org/1999/02/22-rdf-syntax-ns#> .
        @prefix xsd: <http://www.w3.org/2001/XMLSchema#> .

        <> a ldp:BasicContainer,
             oa:Choice;
           oa:default [
             a cnt:ContentAsText,
               dcmitype:Text;
             dc11:language "en";
             cnt:chars "I love this Englishly!"
           ];
           oa:item [
             a cnt:ContentAsText,
               dcmitype:Text;
             dc11:language "fr";
             cnt:chars "Je l'aime en Francais!"
           ] .
    headers:
      User-Agent:
      - Faraday v0.9.1
      Prefer:
      - return=respresentation; omit="http://fedora.info/definitions/v4/repository#ServerManaged"
      Content-Type:
      - application/x-turtle
      Accept-Encoding:
      - gzip;q=1.0,deflate;q=0.6,identity;q=0.3
      Accept:
      - "*/*"
  response:
    status:
      code: 201
      message: Created
    headers:
      Etag:
      - '"b637f8f8f368bcae845e023e23fdc9011efb6609"'
      Last-Modified:
      - Wed, 10 Jun 2015 18:26:51 GMT
      Content-Length:
      - '138'
      Location:
      - http://localhost:8983/fedora/rest/anno/7b/08/dc/f4/7b08dcf4-efc7-4ad7-934f-65ec5189994b/b/0e/eb/61/bc/0eeb61bc-c522-4f45-bd84-f900c612b200
      Content-Type:
      - text/plain
    body:
      encoding: UTF-8
      string: http://localhost:8983/fedora/rest/anno/7b/08/dc/f4/7b08dcf4-efc7-4ad7-934f-65ec5189994b/b/0e/eb/61/bc/0eeb61bc-c522-4f45-bd84-f900c612b200
    http_version: 
  recorded_at: Wed, 10 Jun 2015 18:26:51 GMT
- request:
    method: get
    uri: http://localhost:8983/fedora/rest/anno/7b/08/dc/f4/7b08dcf4-efc7-4ad7-934f-65ec5189994b/b/0e/eb/61/bc/0eeb61bc-c522-4f45-bd84-f900c612b200
    body:
      encoding: US-ASCII
      string: ''
    headers:
      User-Agent:
      - Faraday v0.9.1
      Accept:
      - application/x-turtle
      Accept-Encoding:
      - gzip;q=1.0,deflate;q=0.6,identity;q=0.3
  response:
    status:
      code: 200
      message: OK
    headers:
      Etag:
      - '"b637f8f8f368bcae845e023e23fdc9011efb6609"'
      Last-Modified:
      - Wed, 10 Jun 2015 18:26:51 GMT
      Link:
      - <http://www.w3.org/ns/ldp#BasicContainer>;rel="type"
      - <http://www.w3.org/ns/ldp#Container>;rel="type"
      - <http://www.w3.org/ns/ldp#Resource>;rel="type"
      Accept-Patch:
      - application/sparql-update
      Accept-Post:
      - text/turtle,text/rdf+n3,text/n3,application/rdf+xml,application/n-triples,multipart/form-data,application/sparql-update
      Allow:
      - MOVE,COPY,DELETE,POST,HEAD,GET,PUT,PATCH,OPTIONS
      Preference-Applied:
      - return=representation
      Vary:
      - Accept, Range, Accept-Encoding, Accept-Language
      - Prefer
      Content-Length:
      - '5253'
      Content-Type:
      - application/x-turtle
    body:
      encoding: UTF-8
      string: "@prefix premis: <http://www.loc.gov/premis/rdf/v1#> .\n@prefix image:
        <http://www.modeshape.org/images/1.0> .\n@prefix sv: <http://www.jcp.org/jcr/sv/1.0>
        .\n@prefix test: <info:fedora/test/> .\n@prefix nt: <http://www.jcp.org/jcr/nt/1.0>
        .\n@prefix cnt: <http://www.w3.org/2011/content#> .\n@prefix dcmitype: <http://purl.org/dc/dcmitype/>
        .\n@prefix rdfs: <http://www.w3.org/2000/01/rdf-schema#> .\n@prefix xsi: <http://www.w3.org/2001/XMLSchema-instance>
        .\n@prefix mode: <http://www.modeshape.org/1.0> .\n@prefix dc11: <http://purl.org/dc/elements/1.1/>
        .\n@prefix oa: <http://www.w3.org/ns/oa#> .\n@prefix triannon: <http://triannon.stanford.edu/ns/>
        .\n@prefix rdf: <http://www.w3.org/1999/02/22-rdf-syntax-ns#> .\n@prefix fedora:
        <http://fedora.info/definitions/v4/repository#> .\n@prefix xml: <http://www.w3.org/XML/1998/namespace>
        .\n@prefix ldp: <http://www.w3.org/ns/ldp#> .\n@prefix xs: <http://www.w3.org/2001/XMLSchema>
        .\n@prefix fedoraconfig: <http://fedora.info/definitions/v4/config#> .\n@prefix
        mix: <http://www.jcp.org/jcr/mix/1.0> .\n@prefix foaf: <http://xmlns.com/foaf/0.1/>
        .\n@prefix dc: <http://purl.org/dc/terms/> .\n\n\n<http://localhost:8983/fedora/rest/anno/7b/08/dc/f4/7b08dcf4-efc7-4ad7-934f-65ec5189994b/b/0e/eb/61/bc/0eeb61bc-c522-4f45-bd84-f900c612b200>
        a ldp:RDFSource , ldp:Container , <http://www.jcp.org/jcr/nt/1.0folder> ,
        <http://www.jcp.org/jcr/nt/1.0hierarchyNode> , <http://www.jcp.org/jcr/nt/1.0base>
        , <http://www.jcp.org/jcr/mix/1.0created> , oa:Choice , fedora:Container ,
        fedora:Resource , ldp:BasicContainer , fedora:Resource , <http://www.jcp.org/jcr/mix/1.0created>
        , <http://www.jcp.org/jcr/mix/1.0lastModified> , <http://www.jcp.org/jcr/mix/1.0referenceable>
        , fedora:Container ;\n\tfedora:lastModifiedBy \"bypassAdmin\"^^<http://www.w3.org/2001/XMLSchema#string>
        ;\n\tfedora:uuid \"e4ff7d7f-82c7-438c-9800-058af0f053fc\"^^<http://www.w3.org/2001/XMLSchema#string>
        ;\n\tfedora:createdBy \"bypassAdmin\"^^<http://www.w3.org/2001/XMLSchema#string>
        ;\n\tfedora:primaryType \"nt:folder\"^^<http://www.w3.org/2001/XMLSchema#string>
        ;\n\tfedora:created \"2015-06-10T18:26:51.235Z\"^^<http://www.w3.org/2001/XMLSchema#dateTime>
        ;\n\toa:item <http://localhost:8983/fedora/rest/.well-known/genid/de/57/d2/f8/de57d2f8-2637-4852-85f2-f29129488eb7>
        ;\n\toa:default <http://localhost:8983/fedora/rest/.well-known/genid/c1/0b/1e/0b/c10b1e0b-7667-43a0-a81f-0380c6d1ea3f>
        ;\n\tfedora:mixinTypes \"oa:Choice\"^^<http://www.w3.org/2001/XMLSchema#string>
        , \"fedora:Container\"^^<http://www.w3.org/2001/XMLSchema#string> , \"fedora:Resource\"^^<http://www.w3.org/2001/XMLSchema#string>
        , \"ldp:BasicContainer\"^^<http://www.w3.org/2001/XMLSchema#string> ;\n\tfedora:lastModified
        \"2015-06-10T18:26:51.235Z\"^^<http://www.w3.org/2001/XMLSchema#dateTime>
        ;\n\tfedora:writable \"true\"^^<http://www.w3.org/2001/XMLSchema#boolean>
        ;\n\tfedora:hasParent <http://localhost:8983/fedora/rest/anno/7b/08/dc/f4/7b08dcf4-efc7-4ad7-934f-65ec5189994b/b>
        .\n\n<http://localhost:8983/fedora/rest/.well-known/genid/de/57/d2/f8/de57d2f8-2637-4852-85f2-f29129488eb7>
        a <http://www.jcp.org/jcr/nt/1.0unstructured> , <http://www.jcp.org/jcr/nt/1.0base>
        , dcmitype:Text , fedora:Blanknode , cnt:ContentAsText , <http://www.jcp.org/jcr/mix/1.0referenceable>
        ;\n\tdc11:language \"fr\"^^<http://www.w3.org/2001/XMLSchema#string> ;\n\tfedora:uuid
        \"5bdcd803-c122-4992-af1a-e76937c6e52d\"^^<http://www.w3.org/2001/XMLSchema#string>
        ;\n\tfedora:primaryType \"nt:unstructured\"^^<http://www.w3.org/2001/XMLSchema#string>
        ;\n\tfedora:mixinTypes \"dcmitype:Text\"^^<http://www.w3.org/2001/XMLSchema#string>
        , \"fedora:Blanknode\"^^<http://www.w3.org/2001/XMLSchema#string> , \"cnt:ContentAsText\"^^<http://www.w3.org/2001/XMLSchema#string>
        ;\n\tcnt:chars \"Je l'aime en Francais!\"^^<http://www.w3.org/2001/XMLSchema#string>
        .\n\n<http://localhost:8983/fedora/rest/.well-known/genid/c1/0b/1e/0b/c10b1e0b-7667-43a0-a81f-0380c6d1ea3f>
        a <http://www.jcp.org/jcr/nt/1.0unstructured> , <http://www.jcp.org/jcr/nt/1.0base>
        , dcmitype:Text , fedora:Blanknode , cnt:ContentAsText , <http://www.jcp.org/jcr/mix/1.0referenceable>
        ;\n\tdc11:language \"en\"^^<http://www.w3.org/2001/XMLSchema#string> ;\n\tfedora:uuid
        \"f0c2cda7-7d1e-4365-84c9-024b7fcc5c73\"^^<http://www.w3.org/2001/XMLSchema#string>
        ;\n\tfedora:primaryType \"nt:unstructured\"^^<http://www.w3.org/2001/XMLSchema#string>
        ;\n\tfedora:mixinTypes \"dcmitype:Text\"^^<http://www.w3.org/2001/XMLSchema#string>
        , \"fedora:Blanknode\"^^<http://www.w3.org/2001/XMLSchema#string> , \"cnt:ContentAsText\"^^<http://www.w3.org/2001/XMLSchema#string>
        ;\n\tcnt:chars \"I love this Englishly!\"^^<http://www.w3.org/2001/XMLSchema#string>
        .\n\n<http://localhost:8983/fedora/rest/anno/7b/08/dc/f4/7b08dcf4-efc7-4ad7-934f-65ec5189994b/b/0e/eb/61/bc/0eeb61bc-c522-4f45-bd84-f900c612b200>
        fedora:exportsAs <http://localhost:8983/fedora/rest/anno/7b/08/dc/f4/7b08dcf4-efc7-4ad7-934f-65ec5189994b/b/0e/eb/61/bc/0eeb61bc-c522-4f45-bd84-f900c612b200/fcr:export?format=jcr/xml>
        .\n\n<http://localhost:8983/fedora/rest/anno/7b/08/dc/f4/7b08dcf4-efc7-4ad7-934f-65ec5189994b/b/0e/eb/61/bc/0eeb61bc-c522-4f45-bd84-f900c612b200/fcr:export?format=jcr/xml>
        dc11:format <http://fedora.info/definitions/v4/repository#jcr/xml> .\n\n<http://fedora.info/definitions/v4/repository#jcr/xml>
        rdfs:label \"jcr/xml\"^^<http://www.w3.org/2001/XMLSchema#string> .\n"
    http_version: 
  recorded_at: Wed, 10 Jun 2015 18:26:51 GMT
- request:
    method: get
    uri: http://localhost:8983/fedora/rest/.well-known/genid/c1/0b/1e/0b/c10b1e0b-7667-43a0-a81f-0380c6d1ea3f
    body:
      encoding: US-ASCII
      string: ''
    headers:
      User-Agent:
      - Faraday v0.9.1
      Accept:
      - application/x-turtle
      Accept-Encoding:
      - gzip;q=1.0,deflate;q=0.6,identity;q=0.3
  response:
    status:
      code: 200
      message: OK
    headers:
      Link:
      - <http://www.w3.org/ns/ldp#BasicContainer>;rel="type"
      - <http://www.w3.org/ns/ldp#Container>;rel="type"
      - <http://www.w3.org/ns/ldp#Resource>;rel="type"
      Accept-Patch:
      - application/sparql-update
      Accept-Post:
      - text/turtle,text/rdf+n3,text/n3,application/rdf+xml,application/n-triples,multipart/form-data,application/sparql-update
      Allow:
      - MOVE,COPY,DELETE,POST,HEAD,GET,PUT,PATCH,OPTIONS
      Preference-Applied:
      - return=representation
      Vary:
      - Accept, Range, Accept-Encoding, Accept-Language
      - Prefer
      Content-Length:
      - '2618'
      Content-Type:
      - application/x-turtle
    body:
      encoding: UTF-8
      string: "@prefix premis: <http://www.loc.gov/premis/rdf/v1#> .\n@prefix image:
        <http://www.modeshape.org/images/1.0> .\n@prefix sv: <http://www.jcp.org/jcr/sv/1.0>
        .\n@prefix test: <info:fedora/test/> .\n@prefix nt: <http://www.jcp.org/jcr/nt/1.0>
        .\n@prefix cnt: <http://www.w3.org/2011/content#> .\n@prefix dcmitype: <http://purl.org/dc/dcmitype/>
        .\n@prefix rdfs: <http://www.w3.org/2000/01/rdf-schema#> .\n@prefix xsi: <http://www.w3.org/2001/XMLSchema-instance>
        .\n@prefix mode: <http://www.modeshape.org/1.0> .\n@prefix dc11: <http://purl.org/dc/elements/1.1/>
        .\n@prefix oa: <http://www.w3.org/ns/oa#> .\n@prefix triannon: <http://triannon.stanford.edu/ns/>
        .\n@prefix rdf: <http://www.w3.org/1999/02/22-rdf-syntax-ns#> .\n@prefix fedora:
        <http://fedora.info/definitions/v4/repository#> .\n@prefix xml: <http://www.w3.org/XML/1998/namespace>
        .\n@prefix ldp: <http://www.w3.org/ns/ldp#> .\n@prefix xs: <http://www.w3.org/2001/XMLSchema>
        .\n@prefix fedoraconfig: <http://fedora.info/definitions/v4/config#> .\n@prefix
        mix: <http://www.jcp.org/jcr/mix/1.0> .\n@prefix foaf: <http://xmlns.com/foaf/0.1/>
        .\n@prefix dc: <http://purl.org/dc/terms/> .\n\n\n<http://localhost:8983/fedora/rest/.well-known/genid/c1/0b/1e/0b/c10b1e0b-7667-43a0-a81f-0380c6d1ea3f>
        a ldp:RDFSource , ldp:Container , ldp:BasicContainer , <http://www.jcp.org/jcr/nt/1.0unstructured>
        , <http://www.jcp.org/jcr/nt/1.0base> , dcmitype:Text , fedora:Blanknode ,
        cnt:ContentAsText , <http://www.jcp.org/jcr/mix/1.0referenceable> ;\n\tdc11:language
        \"en\"^^<http://www.w3.org/2001/XMLSchema#string> ;\n\tfedora:uuid \"f0c2cda7-7d1e-4365-84c9-024b7fcc5c73\"^^<http://www.w3.org/2001/XMLSchema#string>
        ;\n\tfedora:primaryType \"nt:unstructured\"^^<http://www.w3.org/2001/XMLSchema#string>
        ;\n\tfedora:mixinTypes \"dcmitype:Text\"^^<http://www.w3.org/2001/XMLSchema#string>
        , \"fedora:Blanknode\"^^<http://www.w3.org/2001/XMLSchema#string> , \"cnt:ContentAsText\"^^<http://www.w3.org/2001/XMLSchema#string>
        ;\n\tcnt:chars \"I love this Englishly!\"^^<http://www.w3.org/2001/XMLSchema#string>
        ;\n\tfedora:writable \"true\"^^<http://www.w3.org/2001/XMLSchema#boolean>
        ;\n\tfedora:hasParent <http://localhost:8983/fedora/rest/.well-known/genid>
        ;\n\tfedora:exportsAs <http://localhost:8983/fedora/rest/.well-known/genid/c1/0b/1e/0b/c10b1e0b-7667-43a0-a81f-0380c6d1ea3f/fcr:export?format=jcr/xml>
        .\n\n<http://localhost:8983/fedora/rest/.well-known/genid/c1/0b/1e/0b/c10b1e0b-7667-43a0-a81f-0380c6d1ea3f/fcr:export?format=jcr/xml>
        dc11:format <http://fedora.info/definitions/v4/repository#jcr/xml> .\n\n<http://fedora.info/definitions/v4/repository#jcr/xml>
        rdfs:label \"jcr/xml\"^^<http://www.w3.org/2001/XMLSchema#string> .\n"
    http_version: 
  recorded_at: Wed, 10 Jun 2015 18:26:51 GMT
- request:
    method: get
    uri: http://localhost:8983/fedora/rest/.well-known/genid/de/57/d2/f8/de57d2f8-2637-4852-85f2-f29129488eb7
    body:
      encoding: US-ASCII
      string: ''
    headers:
      User-Agent:
      - Faraday v0.9.1
      Accept:
      - application/x-turtle
      Accept-Encoding:
      - gzip;q=1.0,deflate;q=0.6,identity;q=0.3
  response:
    status:
      code: 200
      message: OK
    headers:
      Link:
      - <http://www.w3.org/ns/ldp#BasicContainer>;rel="type"
      - <http://www.w3.org/ns/ldp#Container>;rel="type"
      - <http://www.w3.org/ns/ldp#Resource>;rel="type"
      Accept-Patch:
      - application/sparql-update
      Accept-Post:
      - text/turtle,text/rdf+n3,text/n3,application/rdf+xml,application/n-triples,multipart/form-data,application/sparql-update
      Allow:
      - MOVE,COPY,DELETE,POST,HEAD,GET,PUT,PATCH,OPTIONS
      Preference-Applied:
      - return=representation
      Vary:
      - Accept, Range, Accept-Encoding, Accept-Language
      - Prefer
      Content-Length:
      - '2721'
      Content-Type:
      - application/x-turtle
    body:
      encoding: UTF-8
      string: "@prefix premis: <http://www.loc.gov/premis/rdf/v1#> .\n@prefix image:
        <http://www.modeshape.org/images/1.0> .\n@prefix sv: <http://www.jcp.org/jcr/sv/1.0>
        .\n@prefix test: <info:fedora/test/> .\n@prefix nt: <http://www.jcp.org/jcr/nt/1.0>
        .\n@prefix cnt: <http://www.w3.org/2011/content#> .\n@prefix dcmitype: <http://purl.org/dc/dcmitype/>
        .\n@prefix rdfs: <http://www.w3.org/2000/01/rdf-schema#> .\n@prefix xsi: <http://www.w3.org/2001/XMLSchema-instance>
        .\n@prefix mode: <http://www.modeshape.org/1.0> .\n@prefix dc11: <http://purl.org/dc/elements/1.1/>
        .\n@prefix oa: <http://www.w3.org/ns/oa#> .\n@prefix triannon: <http://triannon.stanford.edu/ns/>
        .\n@prefix rdf: <http://www.w3.org/1999/02/22-rdf-syntax-ns#> .\n@prefix fedora:
        <http://fedora.info/definitions/v4/repository#> .\n@prefix xml: <http://www.w3.org/XML/1998/namespace>
        .\n@prefix ldp: <http://www.w3.org/ns/ldp#> .\n@prefix xs: <http://www.w3.org/2001/XMLSchema>
        .\n@prefix fedoraconfig: <http://fedora.info/definitions/v4/config#> .\n@prefix
        mix: <http://www.jcp.org/jcr/mix/1.0> .\n@prefix foaf: <http://xmlns.com/foaf/0.1/>
        .\n@prefix dc: <http://purl.org/dc/terms/> .\n\n\n<http://localhost:8983/fedora/rest/.well-known/genid/de/57/d2/f8/de57d2f8-2637-4852-85f2-f29129488eb7>
        a ldp:RDFSource , ldp:Container , ldp:BasicContainer , <http://www.jcp.org/jcr/nt/1.0unstructured>
        , <http://www.jcp.org/jcr/nt/1.0base> , dcmitype:Text , fedora:Blanknode ,
        cnt:ContentAsText , <http://www.jcp.org/jcr/mix/1.0referenceable> ;\n\tdc11:language
        \"fr\"^^<http://www.w3.org/2001/XMLSchema#string> ;\n\tfedora:uuid \"5bdcd803-c122-4992-af1a-e76937c6e52d\"^^<http://www.w3.org/2001/XMLSchema#string>
        ;\n\tfedora:primaryType \"nt:unstructured\"^^<http://www.w3.org/2001/XMLSchema#string>
        ;\n\tfedora:mixinTypes \"dcmitype:Text\"^^<http://www.w3.org/2001/XMLSchema#string>
        , \"fedora:Blanknode\"^^<http://www.w3.org/2001/XMLSchema#string> , \"cnt:ContentAsText\"^^<http://www.w3.org/2001/XMLSchema#string>
        ;\n\tcnt:chars \"Je l'aime en Francais!\"^^<http://www.w3.org/2001/XMLSchema#string>
        ;\n\tfedora:writable \"true\"^^<http://www.w3.org/2001/XMLSchema#boolean>
        ;\n\tfedora:hasParent <http://localhost:8983/fedora/rest/.well-known/genid>
        .\n\n<http://localhost:8983/fedora/rest/.well-known/genid/de/57/d2/f8/de57d2f8-2637-4852-85f2-f29129488eb7/fcr:export?format=jcr/xml>
        dc11:format <http://fedora.info/definitions/v4/repository#jcr/xml> .\n\n<http://fedora.info/definitions/v4/repository#jcr/xml>
        rdfs:label \"jcr/xml\"^^<http://www.w3.org/2001/XMLSchema#string> .\n\n<http://localhost:8983/fedora/rest/.well-known/genid/de/57/d2/f8/de57d2f8-2637-4852-85f2-f29129488eb7>
        fedora:exportsAs <http://localhost:8983/fedora/rest/.well-known/genid/de/57/d2/f8/de57d2f8-2637-4852-85f2-f29129488eb7/fcr:export?format=jcr/xml>
        .\n"
    http_version: 
  recorded_at: Wed, 10 Jun 2015 18:26:51 GMT
recorded_with: VCR 2.9.3
