---
http_interactions:
- request:
    method: post
    uri: http://localhost:8983/fedora/rest/anno
    body:
      encoding: UTF-8
      string: |
        @prefix oa: <http://www.w3.org/ns/oa#> .
        @prefix rdf: <http://www.w3.org/1999/02/22-rdf-syntax-ns#> .

        <> a oa:Annotation;
           oa:motivatedBy oa:commenting .
    headers:
      User-Agent:
      - Faraday v0.9.1
      Prefer:
      - return=respresentation; omit="http://fedora.info/definitions/v4/repository#ServerManaged"
      Content-Type:
      - application/x-turtle
      Accept-Encoding:
      - gzip;q=1.0,deflate;q=0.6,identity;q=0.3
      Accept:
      - "*/*"
  response:
    status:
      code: 201
      message: Created
    headers:
      Etag:
      - '"6093caebadbf97befd272495d198e4cdd1d32ffe"'
      Last-Modified:
      - Tue, 05 May 2015 00:47:18 GMT
      Content-Length:
      - '87'
      Location:
      - http://localhost:8983/fedora/rest/anno/41/4e/eb/7e/414eeb7e-a48d-49e5-bf94-efa6003db1b9
      Content-Type:
      - text/plain
    body:
      encoding: UTF-8
      string: http://localhost:8983/fedora/rest/anno/41/4e/eb/7e/414eeb7e-a48d-49e5-bf94-efa6003db1b9
    http_version: 
  recorded_at: Tue, 05 May 2015 00:47:18 GMT
- request:
    method: post
    uri: http://localhost:8983/fedora/rest/anno/41/4e/eb/7e/414eeb7e-a48d-49e5-bf94-efa6003db1b9
    body:
      encoding: UTF-8
      string: |
        @prefix ldp: <http://www.w3.org/ns/ldp#> .
        @prefix oa: <http://www.w3.org/ns/oa#> .
        @prefix rdf: <http://www.w3.org/1999/02/22-rdf-syntax-ns#> .

        <> a ldp:DirectContainer;
           ldp:hasMemberRelation oa:hasBody;
           ldp:membershipResource <http://localhost:8983/fedora/rest/anno/41/4e/eb/7e/414eeb7e-a48d-49e5-bf94-efa6003db1b9> .
    headers:
      User-Agent:
      - Faraday v0.9.1
      Prefer:
      - return=respresentation; omit="http://fedora.info/definitions/v4/repository#ServerManaged"
      Content-Type:
      - application/x-turtle
      Slug:
      - b
      Accept-Encoding:
      - gzip;q=1.0,deflate;q=0.6,identity;q=0.3
      Accept:
      - "*/*"
  response:
    status:
      code: 201
      message: Created
    headers:
      Etag:
      - '"6a980a094ba97511533082892ce0752aa6b58c93"'
      Last-Modified:
      - Tue, 05 May 2015 00:47:18 GMT
      Content-Length:
      - '89'
      Location:
      - http://localhost:8983/fedora/rest/anno/41/4e/eb/7e/414eeb7e-a48d-49e5-bf94-efa6003db1b9/b
      Content-Type:
      - text/plain
    body:
      encoding: UTF-8
      string: http://localhost:8983/fedora/rest/anno/41/4e/eb/7e/414eeb7e-a48d-49e5-bf94-efa6003db1b9/b
    http_version: 
  recorded_at: Tue, 05 May 2015 00:47:18 GMT
- request:
    method: post
    uri: http://localhost:8983/fedora/rest/anno/41/4e/eb/7e/414eeb7e-a48d-49e5-bf94-efa6003db1b9/b
    body:
      encoding: UTF-8
      string: |
        @prefix cnt: <http://www.w3.org/2011/content#> .
        @prefix dcmitype: <http://purl.org/dc/dcmitype/> .
        @prefix rdf: <http://www.w3.org/1999/02/22-rdf-syntax-ns#> .
        @prefix xsd: <http://www.w3.org/2001/XMLSchema#> .

        <> a cnt:ContentAsText,
             dcmitype:Text;
           cnt:chars "I love this!" .
    headers:
      User-Agent:
      - Faraday v0.9.1
      Prefer:
      - return=respresentation; omit="http://fedora.info/definitions/v4/repository#ServerManaged"
      Content-Type:
      - application/x-turtle
      Accept-Encoding:
      - gzip;q=1.0,deflate;q=0.6,identity;q=0.3
      Accept:
      - "*/*"
  response:
    status:
      code: 201
      message: Created
    headers:
      Etag:
      - '"11a90056489b53063bb579464fe24b469c02f4c3"'
      Last-Modified:
      - Tue, 05 May 2015 00:47:18 GMT
      Content-Length:
      - '138'
      Location:
      - http://localhost:8983/fedora/rest/anno/41/4e/eb/7e/414eeb7e-a48d-49e5-bf94-efa6003db1b9/b/29/b4/d8/40/29b4d840-d036-44b0-840b-67d0c5fba6a1
      Content-Type:
      - text/plain
    body:
      encoding: UTF-8
      string: http://localhost:8983/fedora/rest/anno/41/4e/eb/7e/414eeb7e-a48d-49e5-bf94-efa6003db1b9/b/29/b4/d8/40/29b4d840-d036-44b0-840b-67d0c5fba6a1
    http_version: 
  recorded_at: Tue, 05 May 2015 00:47:18 GMT
- request:
    method: post
    uri: http://localhost:8983/fedora/rest/anno/41/4e/eb/7e/414eeb7e-a48d-49e5-bf94-efa6003db1b9
    body:
      encoding: UTF-8
      string: |
        @prefix ldp: <http://www.w3.org/ns/ldp#> .
        @prefix oa: <http://www.w3.org/ns/oa#> .
        @prefix rdf: <http://www.w3.org/1999/02/22-rdf-syntax-ns#> .

        <> a ldp:DirectContainer;
           ldp:hasMemberRelation oa:hasTarget;
           ldp:membershipResource <http://localhost:8983/fedora/rest/anno/41/4e/eb/7e/414eeb7e-a48d-49e5-bf94-efa6003db1b9> .
    headers:
      User-Agent:
      - Faraday v0.9.1
      Prefer:
      - return=respresentation; omit="http://fedora.info/definitions/v4/repository#ServerManaged"
      Content-Type:
      - application/x-turtle
      Slug:
      - t
      Accept-Encoding:
      - gzip;q=1.0,deflate;q=0.6,identity;q=0.3
      Accept:
      - "*/*"
  response:
    status:
      code: 201
      message: Created
    headers:
      Etag:
      - '"1a95f24ed609e329b75055dd131f629253862457"'
      Last-Modified:
      - Tue, 05 May 2015 00:47:18 GMT
      Content-Length:
      - '89'
      Location:
      - http://localhost:8983/fedora/rest/anno/41/4e/eb/7e/414eeb7e-a48d-49e5-bf94-efa6003db1b9/t
      Content-Type:
      - text/plain
    body:
      encoding: UTF-8
      string: http://localhost:8983/fedora/rest/anno/41/4e/eb/7e/414eeb7e-a48d-49e5-bf94-efa6003db1b9/t
    http_version: 
  recorded_at: Tue, 05 May 2015 00:47:18 GMT
- request:
    method: post
    uri: http://localhost:8983/fedora/rest/anno/41/4e/eb/7e/414eeb7e-a48d-49e5-bf94-efa6003db1b9/t
    body:
      encoding: UTF-8
      string: |
        @prefix triannon: <http://triannon.stanford.edu/ns/> .

        <> triannon:externalReference <http://purl.stanford.edu/kq131cs7229> .
    headers:
      User-Agent:
      - Faraday v0.9.1
      Prefer:
      - return=respresentation; omit="http://fedora.info/definitions/v4/repository#ServerManaged"
      Content-Type:
      - application/x-turtle
      Accept-Encoding:
      - gzip;q=1.0,deflate;q=0.6,identity;q=0.3
      Accept:
      - "*/*"
  response:
    status:
      code: 201
      message: Created
    headers:
      Etag:
      - '"8501faf11dfa768107148a1d3efb93aad113e7a2"'
      Last-Modified:
      - Tue, 05 May 2015 00:47:18 GMT
      Content-Length:
      - '138'
      Location:
      - http://localhost:8983/fedora/rest/anno/41/4e/eb/7e/414eeb7e-a48d-49e5-bf94-efa6003db1b9/t/d7/ba/c6/6e/d7bac66e-482a-442a-aba6-ace52a37be85
      Content-Type:
      - text/plain
    body:
      encoding: UTF-8
      string: http://localhost:8983/fedora/rest/anno/41/4e/eb/7e/414eeb7e-a48d-49e5-bf94-efa6003db1b9/t/d7/ba/c6/6e/d7bac66e-482a-442a-aba6-ace52a37be85
    http_version: 
  recorded_at: Tue, 05 May 2015 00:47:18 GMT
- request:
    method: get
    uri: http://localhost:8983/fedora/rest/anno/41/4e/eb/7e/414eeb7e-a48d-49e5-bf94-efa6003db1b9
    body:
      encoding: US-ASCII
      string: ''
    headers:
      User-Agent:
      - Faraday v0.9.1
      Prefer:
      - return=respresentation; omit="http://fedora.info/definitions/v4/repository#ServerManaged"
      Accept:
      - application/x-turtle
      Accept-Encoding:
      - gzip;q=1.0,deflate;q=0.6,identity;q=0.3
  response:
    status:
      code: 200
      message: OK
    headers:
      Etag:
      - '"63ad267ed795bd52f52703a3acab06ccabc7432d"'
      Last-Modified:
      - Tue, 05 May 2015 00:47:18 GMT
      Link:
      - <http://www.w3.org/ns/ldp#BasicContainer>;rel="type"
      - <http://www.w3.org/ns/ldp#Container>;rel="type"
      - <http://www.w3.org/ns/ldp#Resource>;rel="type"
      Accept-Patch:
      - application/sparql-update
      Accept-Post:
      - text/turtle,text/rdf+n3,text/n3,application/rdf+xml,application/n-triples,multipart/form-data,application/sparql-update
      Allow:
      - MOVE,COPY,DELETE,POST,HEAD,GET,PUT,PATCH,OPTIONS
      Preference-Applied:
      - return=representation
      Vary:
      - Accept, Range, Accept-Encoding, Accept-Language
      - Prefer
      Content-Length:
      - '1823'
      Content-Type:
      - application/x-turtle
    body:
      encoding: UTF-8
      string: "@prefix premis: <http://www.loc.gov/premis/rdf/v1#> .\n@prefix nt:
        <http://www.jcp.org/jcr/nt/1.0> .\n@prefix rdfs: <http://www.w3.org/2000/01/rdf-schema#>
        .\n@prefix xsi: <http://www.w3.org/2001/XMLSchema-instance> .\n@prefix mode:
        <http://www.modeshape.org/1.0> .\n@prefix oa: <http://www.w3.org/ns/oa#> .\n@prefix
        xml: <http://www.w3.org/XML/1998/namespace> .\n@prefix fedoraconfig: <http://fedora.info/definitions/v4/config#>
        .\n@prefix mix: <http://www.jcp.org/jcr/mix/1.0> .\n@prefix prov: <http://www.w3.org/ns/prov#>
        .\n@prefix foaf: <http://xmlns.com/foaf/0.1/> .\n@prefix image: <http://www.modeshape.org/images/1.0>
        .\n@prefix sv: <http://www.jcp.org/jcr/sv/1.0> .\n@prefix test: <info:fedora/test/>
        .\n@prefix cnt: <http://www.w3.org/2011/content#> .\n@prefix dcmitype: <http://purl.org/dc/dcmitype/>
        .\n@prefix dc11: <http://purl.org/dc/elements/1.1/> .\n@prefix triannon: <http://triannon.stanford.edu/ns/>
        .\n@prefix rdf: <http://www.w3.org/1999/02/22-rdf-syntax-ns#> .\n@prefix fedora:
        <http://fedora.info/definitions/v4/repository#> .\n@prefix ldp: <http://www.w3.org/ns/ldp#>
        .\n@prefix xs: <http://www.w3.org/2001/XMLSchema> .\n@prefix dc: <http://purl.org/dc/terms/>
        .\n\n\n<http://localhost:8983/fedora/rest/anno/41/4e/eb/7e/414eeb7e-a48d-49e5-bf94-efa6003db1b9>
        a oa:Annotation ;\n\toa:motivatedBy oa:commenting ;\n\tldp:contains <http://localhost:8983/fedora/rest/anno/41/4e/eb/7e/414eeb7e-a48d-49e5-bf94-efa6003db1b9/b>
        , <http://localhost:8983/fedora/rest/anno/41/4e/eb/7e/414eeb7e-a48d-49e5-bf94-efa6003db1b9/t>
        ;\n\toa:hasBody <http://localhost:8983/fedora/rest/anno/41/4e/eb/7e/414eeb7e-a48d-49e5-bf94-efa6003db1b9/b/29/b4/d8/40/29b4d840-d036-44b0-840b-67d0c5fba6a1>
        ;\n\toa:hasTarget <http://localhost:8983/fedora/rest/anno/41/4e/eb/7e/414eeb7e-a48d-49e5-bf94-efa6003db1b9/t/d7/ba/c6/6e/d7bac66e-482a-442a-aba6-ace52a37be85>
        .\n"
    http_version: 
  recorded_at: Tue, 05 May 2015 00:47:18 GMT
- request:
    method: get
    uri: http://localhost:8983/fedora/rest/anno/41/4e/eb/7e/414eeb7e-a48d-49e5-bf94-efa6003db1b9/b/29/b4/d8/40/29b4d840-d036-44b0-840b-67d0c5fba6a1
    body:
      encoding: US-ASCII
      string: ''
    headers:
      User-Agent:
      - Faraday v0.9.1
      Prefer:
      - return=respresentation; omit="http://fedora.info/definitions/v4/repository#ServerManaged"
      Accept:
      - application/x-turtle
      Accept-Encoding:
      - gzip;q=1.0,deflate;q=0.6,identity;q=0.3
  response:
    status:
      code: 200
      message: OK
    headers:
      Etag:
      - '"11a90056489b53063bb579464fe24b469c02f4c3"'
      Last-Modified:
      - Tue, 05 May 2015 00:47:18 GMT
      Link:
      - <http://www.w3.org/ns/ldp#BasicContainer>;rel="type"
      - <http://www.w3.org/ns/ldp#Container>;rel="type"
      - <http://www.w3.org/ns/ldp#Resource>;rel="type"
      Accept-Patch:
      - application/sparql-update
      Accept-Post:
      - text/turtle,text/rdf+n3,text/n3,application/rdf+xml,application/n-triples,multipart/form-data,application/sparql-update
      Allow:
      - MOVE,COPY,DELETE,POST,HEAD,GET,PUT,PATCH,OPTIONS
      Preference-Applied:
      - return=representation
      Vary:
      - Accept, Range, Accept-Encoding, Accept-Language
      - Prefer
      Content-Length:
      - '1419'
      Content-Type:
      - application/x-turtle
    body:
      encoding: UTF-8
      string: "@prefix premis: <http://www.loc.gov/premis/rdf/v1#> .\n@prefix nt:
        <http://www.jcp.org/jcr/nt/1.0> .\n@prefix rdfs: <http://www.w3.org/2000/01/rdf-schema#>
        .\n@prefix xsi: <http://www.w3.org/2001/XMLSchema-instance> .\n@prefix mode:
        <http://www.modeshape.org/1.0> .\n@prefix oa: <http://www.w3.org/ns/oa#> .\n@prefix
        xml: <http://www.w3.org/XML/1998/namespace> .\n@prefix fedoraconfig: <http://fedora.info/definitions/v4/config#>
        .\n@prefix mix: <http://www.jcp.org/jcr/mix/1.0> .\n@prefix prov: <http://www.w3.org/ns/prov#>
        .\n@prefix foaf: <http://xmlns.com/foaf/0.1/> .\n@prefix image: <http://www.modeshape.org/images/1.0>
        .\n@prefix sv: <http://www.jcp.org/jcr/sv/1.0> .\n@prefix test: <info:fedora/test/>
        .\n@prefix cnt: <http://www.w3.org/2011/content#> .\n@prefix dcmitype: <http://purl.org/dc/dcmitype/>
        .\n@prefix dc11: <http://purl.org/dc/elements/1.1/> .\n@prefix triannon: <http://triannon.stanford.edu/ns/>
        .\n@prefix rdf: <http://www.w3.org/1999/02/22-rdf-syntax-ns#> .\n@prefix fedora:
        <http://fedora.info/definitions/v4/repository#> .\n@prefix ldp: <http://www.w3.org/ns/ldp#>
        .\n@prefix xs: <http://www.w3.org/2001/XMLSchema> .\n@prefix dc: <http://purl.org/dc/terms/>
        .\n\n\n<http://localhost:8983/fedora/rest/anno/41/4e/eb/7e/414eeb7e-a48d-49e5-bf94-efa6003db1b9/b/29/b4/d8/40/29b4d840-d036-44b0-840b-67d0c5fba6a1>
        a dcmitype:Text , cnt:ContentAsText ;\n\tcnt:chars \"I love this!\"^^<http://www.w3.org/2001/XMLSchema#string>
        .\n"
    http_version: 
  recorded_at: Tue, 05 May 2015 00:47:18 GMT
- request:
    method: get
    uri: http://localhost:8983/fedora/rest/anno/41/4e/eb/7e/414eeb7e-a48d-49e5-bf94-efa6003db1b9/t/d7/ba/c6/6e/d7bac66e-482a-442a-aba6-ace52a37be85
    body:
      encoding: US-ASCII
      string: ''
    headers:
      User-Agent:
      - Faraday v0.9.1
      Prefer:
      - return=respresentation; omit="http://fedora.info/definitions/v4/repository#ServerManaged"
      Accept:
      - application/x-turtle
      Accept-Encoding:
      - gzip;q=1.0,deflate;q=0.6,identity;q=0.3
  response:
    status:
      code: 200
      message: OK
    headers:
      Etag:
      - '"8501faf11dfa768107148a1d3efb93aad113e7a2"'
      Last-Modified:
      - Tue, 05 May 2015 00:47:18 GMT
      Link:
      - <http://www.w3.org/ns/ldp#BasicContainer>;rel="type"
      - <http://www.w3.org/ns/ldp#Container>;rel="type"
      - <http://www.w3.org/ns/ldp#Resource>;rel="type"
      Accept-Patch:
      - application/sparql-update
      Accept-Post:
      - text/turtle,text/rdf+n3,text/n3,application/rdf+xml,application/n-triples,multipart/form-data,application/sparql-update
      Allow:
      - MOVE,COPY,DELETE,POST,HEAD,GET,PUT,PATCH,OPTIONS
      Preference-Applied:
      - return=representation
      Vary:
      - Accept, Range, Accept-Encoding, Accept-Language
      - Prefer
      Content-Length:
      - '1378'
      Content-Type:
      - application/x-turtle
    body:
      encoding: UTF-8
      string: |
        @prefix premis: <http://www.loc.gov/premis/rdf/v1#> .
        @prefix nt: <http://www.jcp.org/jcr/nt/1.0> .
        @prefix rdfs: <http://www.w3.org/2000/01/rdf-schema#> .
        @prefix xsi: <http://www.w3.org/2001/XMLSchema-instance> .
        @prefix mode: <http://www.modeshape.org/1.0> .
        @prefix oa: <http://www.w3.org/ns/oa#> .
        @prefix xml: <http://www.w3.org/XML/1998/namespace> .
        @prefix fedoraconfig: <http://fedora.info/definitions/v4/config#> .
        @prefix mix: <http://www.jcp.org/jcr/mix/1.0> .
        @prefix prov: <http://www.w3.org/ns/prov#> .
        @prefix foaf: <http://xmlns.com/foaf/0.1/> .
        @prefix image: <http://www.modeshape.org/images/1.0> .
        @prefix sv: <http://www.jcp.org/jcr/sv/1.0> .
        @prefix test: <info:fedora/test/> .
        @prefix cnt: <http://www.w3.org/2011/content#> .
        @prefix dcmitype: <http://purl.org/dc/dcmitype/> .
        @prefix dc11: <http://purl.org/dc/elements/1.1/> .
        @prefix triannon: <http://triannon.stanford.edu/ns/> .
        @prefix rdf: <http://www.w3.org/1999/02/22-rdf-syntax-ns#> .
        @prefix fedora: <http://fedora.info/definitions/v4/repository#> .
        @prefix ldp: <http://www.w3.org/ns/ldp#> .
        @prefix xs: <http://www.w3.org/2001/XMLSchema> .
        @prefix dc: <http://purl.org/dc/terms/> .


        <http://localhost:8983/fedora/rest/anno/41/4e/eb/7e/414eeb7e-a48d-49e5-bf94-efa6003db1b9/t/d7/ba/c6/6e/d7bac66e-482a-442a-aba6-ace52a37be85> triannon:externalReference <http://purl.stanford.edu/kq131cs7229> .
    http_version: 
  recorded_at: Tue, 05 May 2015 00:47:18 GMT
- request:
    method: post
    uri: http://localhost:8983/solr/triannon/update?wt=ruby
    body:
      encoding: UTF-8
      string: <?xml version="1.0" encoding="UTF-8"?><add commitWithin="500"><doc><field
        name="id">414eeb7e-a48d-49e5-bf94-efa6003db1b9</field><field name="motivation">commenting</field><field
        name="target_url">http://purl.stanford.edu/kq131cs7229</field><field name="target_type">external_URI</field><field
        name="body_type">content_as_text</field><field name="body_chars_exact">I love
        this!</field><field name="anno_jsonld">{"@context":"http://www.w3.org/ns/oa-context-20130208.json","@graph":[{"@id":"_:g70235954152020","@type":["dctypes:Text","cnt:ContentAsText"],"chars":"I
        love this!"},{"@id":"http://your.triannon-server.com/annotations/414eeb7e-a48d-49e5-bf94-efa6003db1b9","@type":"oa:Annotation","hasBody":"_:g70235954152020","hasTarget":"http://purl.stanford.edu/kq131cs7229","motivatedBy":"oa:commenting"}]}</field></doc></add>
    headers:
      Content-Type:
      - text/xml
  response:
    status:
      code: 200
      message: OK
    headers:
      Content-Type:
      - text/plain;charset=UTF-8
      Transfer-Encoding:
      - chunked
    body:
      encoding: UTF-8
      string: |
        {'responseHeader'=>{'status'=>0,'QTime'=>1}}
    http_version: 
  recorded_at: Tue, 05 May 2015 00:47:18 GMT
recorded_with: VCR 2.9.3
