---
http_interactions:
- request:
    method: post
    uri: http://localhost:8983/fedora/rest/anno
    body:
      encoding: UTF-8
      string: |
        @prefix iiifpresentation: <http://iiif.io/api/presentation/2#> .
        @prefix openannotation: <http://www.w3.org/ns/oa#> .
        @prefix rdf: <http://www.w3.org/1999/02/22-rdf-syntax-ns#> .

        <> a openannotation:Annotation;
           openannotation:motivatedBy iiifpresentation:painting .
    headers:
      User-Agent:
      - Faraday v0.9.0
      Content-Type:
      - application/x-turtle
      Accept-Encoding:
      - gzip;q=1.0,deflate;q=0.6,identity;q=0.3
      Accept:
      - "*/*"
  response:
    status:
      code: 201
      message: Created
    headers:
      Etag:
      - '"ca60c0b20ef3e1fdc51ccb810167cf183cc8a9c6"'
      Last-Modified:
      - Tue, 27 Jan 2015 07:59:10 GMT
      Content-Length:
      - '75'
      Location:
      - http://localhost:8983/fedora/rest/anno/e572249f-e62d-4fcb-ae0b-391c23a5c068
      Content-Type:
      - text/plain
    body:
      encoding: UTF-8
      string: http://localhost:8983/fedora/rest/anno/e572249f-e62d-4fcb-ae0b-391c23a5c068
    http_version: 
  recorded_at: Tue, 27 Jan 2015 07:59:10 GMT
- request:
    method: post
    uri: http://localhost:8983/fedora/rest/anno/e572249f-e62d-4fcb-ae0b-391c23a5c068
    body:
      encoding: UTF-8
      string: |
        @prefix ldp: <http://www.w3.org/ns/ldp#> .
        @prefix openannotation: <http://www.w3.org/ns/oa#> .
        @prefix rdf: <http://www.w3.org/1999/02/22-rdf-syntax-ns#> .

        <> a ldp:DirectContainer;
           ldp:hasMemberRelation openannotation:hasBody;
           ldp:membershipResource <http://localhost:8983/fedora/rest/anno/e572249f-e62d-4fcb-ae0b-391c23a5c068> .
    headers:
      User-Agent:
      - Faraday v0.9.0
      Content-Type:
      - application/x-turtle
      Slug:
      - b
      Accept-Encoding:
      - gzip;q=1.0,deflate;q=0.6,identity;q=0.3
      Accept:
      - "*/*"
  response:
    status:
      code: 201
      message: Created
    headers:
      Etag:
      - '"551126b1fa50afd4353a9d482ccac8b166defa7f"'
      Last-Modified:
      - Tue, 27 Jan 2015 07:59:10 GMT
      Content-Length:
      - '77'
      Location:
      - http://localhost:8983/fedora/rest/anno/e572249f-e62d-4fcb-ae0b-391c23a5c068/b
      Content-Type:
      - text/plain
    body:
      encoding: UTF-8
      string: http://localhost:8983/fedora/rest/anno/e572249f-e62d-4fcb-ae0b-391c23a5c068/b
    http_version: 
  recorded_at: Tue, 27 Jan 2015 07:59:10 GMT
- request:
    method: post
    uri: http://localhost:8983/fedora/rest/anno/e572249f-e62d-4fcb-ae0b-391c23a5c068/b
    body:
      encoding: UTF-8
      string: |
        @prefix dc11: <http://purl.org/dc/elements/1.1/> .
        @prefix dcmitype: <http://purl.org/dc/dcmitype/> .
        @prefix rdf: <http://www.w3.org/1999/02/22-rdf-syntax-ns#> .
        @prefix triannon: <http://triannon.stanford.edu/ns/> .
        @prefix xsd: <http://www.w3.org/2001/XMLSchema#> .

        <> a dcmitype:Text;
           dc11:format "text/xml";
           dc11:language "en";
           triannon:externalReference <http://example.org/alto/p1.xml#xpointer(/alto/line[1])> .
    headers:
      User-Agent:
      - Faraday v0.9.0
      Content-Type:
      - application/x-turtle
      Accept-Encoding:
      - gzip;q=1.0,deflate;q=0.6,identity;q=0.3
      Accept:
      - "*/*"
  response:
    status:
      code: 201
      message: Created
    headers:
      Etag:
      - '"f3fefa043af129ef9241af0f7fc48c125058321c"'
      Last-Modified:
      - Tue, 27 Jan 2015 07:59:10 GMT
      Content-Length:
      - '114'
      Location:
      - http://localhost:8983/fedora/rest/anno/e572249f-e62d-4fcb-ae0b-391c23a5c068/b/d350be7c-fccd-4fe8-8a01-a369b7b076f9
      Content-Type:
      - text/plain
    body:
      encoding: UTF-8
      string: http://localhost:8983/fedora/rest/anno/e572249f-e62d-4fcb-ae0b-391c23a5c068/b/d350be7c-fccd-4fe8-8a01-a369b7b076f9
    http_version: 
  recorded_at: Tue, 27 Jan 2015 07:59:10 GMT
- request:
    method: get
    uri: http://localhost:8983/fedora/rest/anno/e572249f-e62d-4fcb-ae0b-391c23a5c068/b/d350be7c-fccd-4fe8-8a01-a369b7b076f9
    body:
      encoding: US-ASCII
      string: ''
    headers:
      User-Agent:
      - Faraday v0.9.0
      Accept:
      - application/x-turtle
      Accept-Encoding:
      - gzip;q=1.0,deflate;q=0.6,identity;q=0.3
  response:
    status:
      code: 200
      message: OK
    headers:
      Etag:
      - '"f3fefa043af129ef9241af0f7fc48c125058321c"'
      Last-Modified:
      - Tue, 27 Jan 2015 07:59:10 GMT
      Link:
      - <http://www.w3.org/ns/ldp#DirectContainer>;rel="type"
      - <http://www.w3.org/ns/ldp#Resource>;rel="type"
      Accept-Patch:
      - application/sparql-update
      Accept-Post:
      - text/turtle,text/rdf+n3,application/n3,text/n3,application/rdf+xml,application/n-triples,multipart/form-data,application/sparql-update
      Allow:
      - MOVE,COPY,DELETE,POST,HEAD,GET,PUT,PATCH,OPTIONS
      Vary:
      - Accept, Range, Accept-Encoding, Accept-Language
      Content-Length:
      - '3908'
      Content-Type:
      - application/x-turtle
    body:
      encoding: UTF-8
      string: "@prefix premis: <http://www.loc.gov/premis/rdf/v1#> .\n@prefix fedorarelsext:
        <http://fedora.info/definitions/v4/rels-ext#> .\n@prefix nt: <http://www.jcp.org/jcr/nt/1.0>
        .\n@prefix rdfs: <http://www.w3.org/2000/01/rdf-schema#> .\n@prefix content:
        <http://www.w3.org/2011/content#> .\n@prefix xsi: <http://www.w3.org/2001/XMLSchema-instance>
        .\n@prefix mode: <http://www.modeshape.org/1.0> .\n@prefix openannotation:
        <http://www.w3.org/ns/oa#> .\n@prefix xml: <http://www.w3.org/XML/1998/namespace>
        .\n@prefix fcrepo: <http://fedora.info/definitions/v4/repository#> .\n@prefix
        fedoraconfig: <http://fedora.info/definitions/v4/config#> .\n@prefix mix:
        <http://www.jcp.org/jcr/mix/1.0> .\n@prefix prov: <http://www.w3.org/ns/prov#>
        .\n@prefix foaf: <http://xmlns.com/foaf/0.1/> .\n@prefix image: <http://www.modeshape.org/images/1.0>
        .\n@prefix sv: <http://www.jcp.org/jcr/sv/1.0> .\n@prefix test: <info:fedora/test/>
        .\n@prefix dcmitype: <http://purl.org/dc/dcmitype/> .\n@prefix triannon: <http://triannon.stanford.edu/ns/>
        .\n@prefix rdf: <http://www.w3.org/1999/02/22-rdf-syntax-ns#> .\n@prefix fedora:
        <http://fedora.info/definitions/v4/rest-api#> .\n@prefix ldp: <http://www.w3.org/ns/ldp#>
        .\n@prefix xs: <http://www.w3.org/2001/XMLSchema> .\n@prefix dc: <http://purl.org/dc/elements/1.1/>
        .\n\n\n<http://localhost:8983/fedora/rest/anno/e572249f-e62d-4fcb-ae0b-391c23a5c068/b/d350be7c-fccd-4fe8-8a01-a369b7b076f9>
        ldp:hasMemberRelation ldp:member ;\n\tldp:membershipResource <http://localhost:8983/fedora/rest/anno/e572249f-e62d-4fcb-ae0b-391c23a5c068/b/d350be7c-fccd-4fe8-8a01-a369b7b076f9>
        ;\n\ta ldp:Container , ldp:DirectContainer , ldp:RDFSource ;\n\tfcrepo:hasParent
        <http://localhost:8983/fedora/rest/anno/e572249f-e62d-4fcb-ae0b-391c23a5c068/b>
        ;\n\tfedora:writable \"true\"^^<http://www.w3.org/2001/XMLSchema#boolean>
        .\n\n<http://localhost:8983/fedora/rest/anno/e572249f-e62d-4fcb-ae0b-391c23a5c068/b/d350be7c-fccd-4fe8-8a01-a369b7b076f9/fcr:export?format=jcr/xml>
        dc:format <http://fedora.info/definitions/v4/repository#jcr/xml> .\n\n<http://localhost:8983/fedora/rest/anno/e572249f-e62d-4fcb-ae0b-391c23a5c068/b/d350be7c-fccd-4fe8-8a01-a369b7b076f9>
        fedora:exportsAs <http://localhost:8983/fedora/rest/anno/e572249f-e62d-4fcb-ae0b-391c23a5c068/b/d350be7c-fccd-4fe8-8a01-a369b7b076f9/fcr:export?format=jcr/xml>
        .\n\n<http://fedora.info/definitions/v4/repository#jcr/xml> rdfs:label \"jcr/xml\"^^<http://www.w3.org/2001/XMLSchema#string>
        .\n\n<http://localhost:8983/fedora/rest/anno/e572249f-e62d-4fcb-ae0b-391c23a5c068/b/d350be7c-fccd-4fe8-8a01-a369b7b076f9>
        a <http://www.jcp.org/jcr/nt/1.0folder> , <http://www.jcp.org/jcr/nt/1.0hierarchyNode>
        , <http://www.jcp.org/jcr/nt/1.0base> , <http://www.jcp.org/jcr/mix/1.0created>
        , dcmitype:Text , fedora:resource , fedora:object , fedora:relations , <http://www.jcp.org/jcr/mix/1.0created>
        , <http://www.jcp.org/jcr/mix/1.0lastModified> , <http://www.jcp.org/jcr/mix/1.0referenceable>
        , fedora:DublinCoreDescribable , fedora:resource , ldp:Container ;\n\tdc:language
        \"en\"^^<http://www.w3.org/2001/XMLSchema#string> ;\n\tfcrepo:lastModifiedBy
        \"bypassAdmin\"^^<http://www.w3.org/2001/XMLSchema#string> ;\n\tfcrepo:uuid
        \"211ab36a-6e13-4e81-bf9b-dae99ad92438\"^^<http://www.w3.org/2001/XMLSchema#string>
        ;\n\tfcrepo:createdBy \"bypassAdmin\"^^<http://www.w3.org/2001/XMLSchema#string>
        ;\n\tfcrepo:primaryType \"nt:folder\"^^<http://www.w3.org/2001/XMLSchema#string>
        ;\n\tfcrepo:created \"2015-01-27T07:59:10.511Z\"^^<http://www.w3.org/2001/XMLSchema#dateTime>
        ;\n\ttriannon:externalReference <http://example.org/alto/p1.xml#xpointer(/alto/line[1])>
        ;\n\tfcrepo:lastModified \"2015-01-27T07:59:10.511Z\"^^<http://www.w3.org/2001/XMLSchema#dateTime>
        ;\n\tfcrepo:mixinTypes \"dcmitype:Text\"^^<http://www.w3.org/2001/XMLSchema#string>
        , \"fedora:resource\"^^<http://www.w3.org/2001/XMLSchema#string> , \"fedora:object\"^^<http://www.w3.org/2001/XMLSchema#string>
        ;\n\tdc:format \"text/xml\"^^<http://www.w3.org/2001/XMLSchema#string> .\n"
    http_version: 
  recorded_at: Tue, 27 Jan 2015 07:59:10 GMT
recorded_with: VCR 2.9.3
