---
http_interactions:
- request:
    method: post
    uri: http://localhost:8983/fedora/rest/anno
    body:
      encoding: UTF-8
      string: |
        @prefix openannotation: <http://www.w3.org/ns/oa#> .
        @prefix rdf: <http://www.w3.org/1999/02/22-rdf-syntax-ns#> .

        <> a openannotation:Annotation .
    headers:
      User-Agent:
      - Faraday v0.9.0
      Content-Type:
      - application/x-turtle
      Accept-Encoding:
      - gzip;q=1.0,deflate;q=0.6,identity;q=0.3
      Accept:
      - "*/*"
  response:
    status:
      code: 201
      message: Created
    headers:
      Etag:
      - '"76c05c0218e6e8f819df5fcca98b0c877c4d6962"'
      Last-Modified:
      - Tue, 27 Jan 2015 07:59:10 GMT
      Content-Length:
      - '75'
      Location:
      - http://localhost:8983/fedora/rest/anno/bc25b914-c071-413e-8601-2750be7e440a
      Content-Type:
      - text/plain
    body:
      encoding: UTF-8
      string: http://localhost:8983/fedora/rest/anno/bc25b914-c071-413e-8601-2750be7e440a
    http_version: 
  recorded_at: Tue, 27 Jan 2015 07:59:10 GMT
- request:
    method: post
    uri: http://localhost:8983/fedora/rest/anno/bc25b914-c071-413e-8601-2750be7e440a
    body:
      encoding: UTF-8
      string: |
        @prefix ldp: <http://www.w3.org/ns/ldp#> .
        @prefix openannotation: <http://www.w3.org/ns/oa#> .
        @prefix rdf: <http://www.w3.org/1999/02/22-rdf-syntax-ns#> .

        <> a ldp:DirectContainer;
           ldp:hasMemberRelation openannotation:hasTarget;
           ldp:membershipResource <http://localhost:8983/fedora/rest/anno/bc25b914-c071-413e-8601-2750be7e440a> .
    headers:
      User-Agent:
      - Faraday v0.9.0
      Content-Type:
      - application/x-turtle
      Slug:
      - t
      Accept-Encoding:
      - gzip;q=1.0,deflate;q=0.6,identity;q=0.3
      Accept:
      - "*/*"
  response:
    status:
      code: 201
      message: Created
    headers:
      Etag:
      - '"9ed2321f3c1e25e78ee85e67c5ecc9bfc16049f2"'
      Last-Modified:
      - Tue, 27 Jan 2015 07:59:10 GMT
      Content-Length:
      - '77'
      Location:
      - http://localhost:8983/fedora/rest/anno/bc25b914-c071-413e-8601-2750be7e440a/t
      Content-Type:
      - text/plain
    body:
      encoding: UTF-8
      string: http://localhost:8983/fedora/rest/anno/bc25b914-c071-413e-8601-2750be7e440a/t
    http_version: 
  recorded_at: Tue, 27 Jan 2015 07:59:10 GMT
- request:
    method: post
    uri: http://localhost:8983/fedora/rest/anno/bc25b914-c071-413e-8601-2750be7e440a/t
    body:
      encoding: UTF-8
      string: |
        @prefix triannon: <http://triannon.stanford.edu/ns/> .

        <> triannon:externalReference <http://purl.stanford.edu/kq131cs7229> .
    headers:
      User-Agent:
      - Faraday v0.9.0
      Content-Type:
      - application/x-turtle
      Accept-Encoding:
      - gzip;q=1.0,deflate;q=0.6,identity;q=0.3
      Accept:
      - "*/*"
  response:
    status:
      code: 201
      message: Created
    headers:
      Etag:
      - '"a0ba3bf9fd2da7a3e7a5cc046337856e8015f18b"'
      Last-Modified:
      - Tue, 27 Jan 2015 07:59:10 GMT
      Content-Length:
      - '114'
      Location:
      - http://localhost:8983/fedora/rest/anno/bc25b914-c071-413e-8601-2750be7e440a/t/33f48d8a-0fa4-4d29-bfd1-0ffee6fdaef4
      Content-Type:
      - text/plain
    body:
      encoding: UTF-8
      string: http://localhost:8983/fedora/rest/anno/bc25b914-c071-413e-8601-2750be7e440a/t/33f48d8a-0fa4-4d29-bfd1-0ffee6fdaef4
    http_version: 
  recorded_at: Tue, 27 Jan 2015 07:59:10 GMT
- request:
    method: post
    uri: http://localhost:8983/fedora/rest/anno/bc25b914-c071-413e-8601-2750be7e440a/t
    body:
      encoding: UTF-8
      string: |
        @prefix triannon: <http://triannon.stanford.edu/ns/> .

        <> triannon:externalReference <http://purl.stanford.edu/oo000oo1234> .
    headers:
      User-Agent:
      - Faraday v0.9.0
      Content-Type:
      - application/x-turtle
      Accept-Encoding:
      - gzip;q=1.0,deflate;q=0.6,identity;q=0.3
      Accept:
      - "*/*"
  response:
    status:
      code: 201
      message: Created
    headers:
      Etag:
      - '"ad07d33700664b987ff0df4a2afa7d147622db15"'
      Last-Modified:
      - Tue, 27 Jan 2015 07:59:10 GMT
      Content-Length:
      - '114'
      Location:
      - http://localhost:8983/fedora/rest/anno/bc25b914-c071-413e-8601-2750be7e440a/t/fd1e3f23-adac-42ab-b412-43b15d50f9e6
      Content-Type:
      - text/plain
    body:
      encoding: UTF-8
      string: http://localhost:8983/fedora/rest/anno/bc25b914-c071-413e-8601-2750be7e440a/t/fd1e3f23-adac-42ab-b412-43b15d50f9e6
    http_version: 
  recorded_at: Tue, 27 Jan 2015 07:59:10 GMT
- request:
    method: get
    uri: http://localhost:8983/fedora/rest/anno/bc25b914-c071-413e-8601-2750be7e440a/t
    body:
      encoding: US-ASCII
      string: ''
    headers:
      User-Agent:
      - Faraday v0.9.0
      Accept:
      - application/x-turtle
      Accept-Encoding:
      - gzip;q=1.0,deflate;q=0.6,identity;q=0.3
  response:
    status:
      code: 200
      message: OK
    headers:
      Etag:
      - '"ec60c22c7608d001200fb684848b025757b8c712"'
      Last-Modified:
      - Tue, 27 Jan 2015 07:59:10 GMT
      Link:
      - <http://www.w3.org/ns/ldp#DirectContainer>;rel="type"
      - <http://www.w3.org/ns/ldp#Resource>;rel="type"
      Accept-Patch:
      - application/sparql-update
      Accept-Post:
      - text/turtle,text/rdf+n3,application/n3,text/n3,application/rdf+xml,application/n-triples,multipart/form-data,application/sparql-update
      Allow:
      - MOVE,COPY,DELETE,POST,HEAD,GET,PUT,PATCH,OPTIONS
      Vary:
      - Accept, Range, Accept-Encoding, Accept-Language
      Content-Length:
      - '3574'
      Content-Type:
      - application/x-turtle
    body:
      encoding: UTF-8
      string: "@prefix premis: <http://www.loc.gov/premis/rdf/v1#> .\n@prefix fedorarelsext:
        <http://fedora.info/definitions/v4/rels-ext#> .\n@prefix nt: <http://www.jcp.org/jcr/nt/1.0>
        .\n@prefix rdfs: <http://www.w3.org/2000/01/rdf-schema#> .\n@prefix content:
        <http://www.w3.org/2011/content#> .\n@prefix xsi: <http://www.w3.org/2001/XMLSchema-instance>
        .\n@prefix mode: <http://www.modeshape.org/1.0> .\n@prefix openannotation:
        <http://www.w3.org/ns/oa#> .\n@prefix xml: <http://www.w3.org/XML/1998/namespace>
        .\n@prefix fcrepo: <http://fedora.info/definitions/v4/repository#> .\n@prefix
        fedoraconfig: <http://fedora.info/definitions/v4/config#> .\n@prefix mix:
        <http://www.jcp.org/jcr/mix/1.0> .\n@prefix prov: <http://www.w3.org/ns/prov#>
        .\n@prefix foaf: <http://xmlns.com/foaf/0.1/> .\n@prefix image: <http://www.modeshape.org/images/1.0>
        .\n@prefix sv: <http://www.jcp.org/jcr/sv/1.0> .\n@prefix test: <info:fedora/test/>
        .\n@prefix dcmitype: <http://purl.org/dc/dcmitype/> .\n@prefix triannon: <http://triannon.stanford.edu/ns/>
        .\n@prefix rdf: <http://www.w3.org/1999/02/22-rdf-syntax-ns#> .\n@prefix fedora:
        <http://fedora.info/definitions/v4/rest-api#> .\n@prefix ldp: <http://www.w3.org/ns/ldp#>
        .\n@prefix xs: <http://www.w3.org/2001/XMLSchema> .\n@prefix dc: <http://purl.org/dc/elements/1.1/>
        .\n\n\n<http://localhost:8983/fedora/rest/anno/bc25b914-c071-413e-8601-2750be7e440a/t>
        a ldp:Container , ldp:DirectContainer , ldp:RDFSource ;\n\tldp:contains <http://localhost:8983/fedora/rest/anno/bc25b914-c071-413e-8601-2750be7e440a/t/33f48d8a-0fa4-4d29-bfd1-0ffee6fdaef4>
        , <http://localhost:8983/fedora/rest/anno/bc25b914-c071-413e-8601-2750be7e440a/t/fd1e3f23-adac-42ab-b412-43b15d50f9e6>
        ;\n\tfcrepo:hasParent <http://localhost:8983/fedora/rest/anno/bc25b914-c071-413e-8601-2750be7e440a>
        ;\n\tfedora:writable \"true\"^^<http://www.w3.org/2001/XMLSchema#boolean>
        ;\n\tfedora:exportsAs <http://localhost:8983/fedora/rest/anno/bc25b914-c071-413e-8601-2750be7e440a/t/fcr:export?format=jcr/xml>
        .\n\n<http://localhost:8983/fedora/rest/anno/bc25b914-c071-413e-8601-2750be7e440a/t/fcr:export?format=jcr/xml>
        dc:format <http://fedora.info/definitions/v4/repository#jcr/xml> .\n\n<http://fedora.info/definitions/v4/repository#jcr/xml>
        rdfs:label \"jcr/xml\"^^<http://www.w3.org/2001/XMLSchema#string> .\n\n<http://localhost:8983/fedora/rest/anno/bc25b914-c071-413e-8601-2750be7e440a/t>
        a <http://www.jcp.org/jcr/nt/1.0folder> , <http://www.jcp.org/jcr/nt/1.0hierarchyNode>
        , <http://www.jcp.org/jcr/nt/1.0base> , <http://www.jcp.org/jcr/mix/1.0created>
        , fedora:resource , fedora:object , fedora:relations , <http://www.jcp.org/jcr/mix/1.0created>
        , <http://www.jcp.org/jcr/mix/1.0lastModified> , <http://www.jcp.org/jcr/mix/1.0referenceable>
        , fedora:DublinCoreDescribable , fedora:resource , ldp:Container ;\n\tfcrepo:lastModifiedBy
        \"bypassAdmin\"^^<http://www.w3.org/2001/XMLSchema#string> ;\n\tfcrepo:uuid
        \"f71c3362-7130-4d7e-b496-5f3c123544a4\"^^<http://www.w3.org/2001/XMLSchema#string>
        ;\n\tfcrepo:createdBy \"bypassAdmin\"^^<http://www.w3.org/2001/XMLSchema#string>
        ;\n\tfcrepo:primaryType \"nt:folder\"^^<http://www.w3.org/2001/XMLSchema#string>
        ;\n\tfcrepo:created \"2015-01-27T07:59:10.615Z\"^^<http://www.w3.org/2001/XMLSchema#dateTime>
        ;\n\tfcrepo:mixinTypes \"fedora:resource\"^^<http://www.w3.org/2001/XMLSchema#string>
        , \"fedora:object\"^^<http://www.w3.org/2001/XMLSchema#string> ;\n\tfcrepo:lastModified
        \"2015-01-27T07:59:10.649Z\"^^<http://www.w3.org/2001/XMLSchema#dateTime>
        ;\n\tldp:membershipResource <http://localhost:8983/fedora/rest/anno/bc25b914-c071-413e-8601-2750be7e440a>
        ;\n\tldp:hasMemberRelation openannotation:hasTarget .\n"
    http_version: 
  recorded_at: Tue, 27 Jan 2015 07:59:10 GMT
- request:
    method: get
    uri: http://localhost:8983/fedora/rest/anno/bc25b914-c071-413e-8601-2750be7e440a/t/33f48d8a-0fa4-4d29-bfd1-0ffee6fdaef4
    body:
      encoding: US-ASCII
      string: ''
    headers:
      User-Agent:
      - Faraday v0.9.0
      Accept:
      - application/x-turtle
      Accept-Encoding:
      - gzip;q=1.0,deflate;q=0.6,identity;q=0.3
  response:
    status:
      code: 200
      message: OK
    headers:
      Etag:
      - '"a0ba3bf9fd2da7a3e7a5cc046337856e8015f18b"'
      Last-Modified:
      - Tue, 27 Jan 2015 07:59:10 GMT
      Link:
      - <http://www.w3.org/ns/ldp#DirectContainer>;rel="type"
      - <http://www.w3.org/ns/ldp#Resource>;rel="type"
      Accept-Patch:
      - application/sparql-update
      Accept-Post:
      - text/turtle,text/rdf+n3,application/n3,text/n3,application/rdf+xml,application/n-triples,multipart/form-data,application/sparql-update
      Allow:
      - MOVE,COPY,DELETE,POST,HEAD,GET,PUT,PATCH,OPTIONS
      Vary:
      - Accept, Range, Accept-Encoding, Accept-Language
      Content-Length:
      - '3566'
      Content-Type:
      - application/x-turtle
    body:
      encoding: UTF-8
      string: "@prefix premis: <http://www.loc.gov/premis/rdf/v1#> .\n@prefix fedorarelsext:
        <http://fedora.info/definitions/v4/rels-ext#> .\n@prefix nt: <http://www.jcp.org/jcr/nt/1.0>
        .\n@prefix rdfs: <http://www.w3.org/2000/01/rdf-schema#> .\n@prefix content:
        <http://www.w3.org/2011/content#> .\n@prefix xsi: <http://www.w3.org/2001/XMLSchema-instance>
        .\n@prefix mode: <http://www.modeshape.org/1.0> .\n@prefix openannotation:
        <http://www.w3.org/ns/oa#> .\n@prefix xml: <http://www.w3.org/XML/1998/namespace>
        .\n@prefix fcrepo: <http://fedora.info/definitions/v4/repository#> .\n@prefix
        fedoraconfig: <http://fedora.info/definitions/v4/config#> .\n@prefix mix:
        <http://www.jcp.org/jcr/mix/1.0> .\n@prefix prov: <http://www.w3.org/ns/prov#>
        .\n@prefix foaf: <http://xmlns.com/foaf/0.1/> .\n@prefix image: <http://www.modeshape.org/images/1.0>
        .\n@prefix sv: <http://www.jcp.org/jcr/sv/1.0> .\n@prefix test: <info:fedora/test/>
        .\n@prefix dcmitype: <http://purl.org/dc/dcmitype/> .\n@prefix triannon: <http://triannon.stanford.edu/ns/>
        .\n@prefix rdf: <http://www.w3.org/1999/02/22-rdf-syntax-ns#> .\n@prefix fedora:
        <http://fedora.info/definitions/v4/rest-api#> .\n@prefix ldp: <http://www.w3.org/ns/ldp#>
        .\n@prefix xs: <http://www.w3.org/2001/XMLSchema> .\n@prefix dc: <http://purl.org/dc/elements/1.1/>
        .\n\n\n<http://localhost:8983/fedora/rest/anno/bc25b914-c071-413e-8601-2750be7e440a/t/33f48d8a-0fa4-4d29-bfd1-0ffee6fdaef4>
        ldp:hasMemberRelation ldp:member ;\n\tldp:membershipResource <http://localhost:8983/fedora/rest/anno/bc25b914-c071-413e-8601-2750be7e440a/t/33f48d8a-0fa4-4d29-bfd1-0ffee6fdaef4>
        ;\n\ta ldp:Container , ldp:DirectContainer , ldp:RDFSource ;\n\tfcrepo:hasParent
        <http://localhost:8983/fedora/rest/anno/bc25b914-c071-413e-8601-2750be7e440a/t>
        ;\n\tfedora:writable \"true\"^^<http://www.w3.org/2001/XMLSchema#boolean>
        ;\n\tfedora:exportsAs <http://localhost:8983/fedora/rest/anno/bc25b914-c071-413e-8601-2750be7e440a/t/33f48d8a-0fa4-4d29-bfd1-0ffee6fdaef4/fcr:export?format=jcr/xml>
        .\n\n<http://localhost:8983/fedora/rest/anno/bc25b914-c071-413e-8601-2750be7e440a/t/33f48d8a-0fa4-4d29-bfd1-0ffee6fdaef4/fcr:export?format=jcr/xml>
        dc:format <http://fedora.info/definitions/v4/repository#jcr/xml> .\n\n<http://fedora.info/definitions/v4/repository#jcr/xml>
        rdfs:label \"jcr/xml\"^^<http://www.w3.org/2001/XMLSchema#string> .\n\n<http://localhost:8983/fedora/rest/anno/bc25b914-c071-413e-8601-2750be7e440a/t/33f48d8a-0fa4-4d29-bfd1-0ffee6fdaef4>
        a <http://www.jcp.org/jcr/nt/1.0folder> , <http://www.jcp.org/jcr/nt/1.0hierarchyNode>
        , <http://www.jcp.org/jcr/nt/1.0base> , <http://www.jcp.org/jcr/mix/1.0created>
        , fedora:resource , fedora:object , fedora:relations , <http://www.jcp.org/jcr/mix/1.0created>
        , <http://www.jcp.org/jcr/mix/1.0lastModified> , <http://www.jcp.org/jcr/mix/1.0referenceable>
        , fedora:DublinCoreDescribable , fedora:resource , ldp:Container ;\n\tfcrepo:lastModifiedBy
        \"bypassAdmin\"^^<http://www.w3.org/2001/XMLSchema#string> ;\n\tfcrepo:uuid
        \"91b7744c-a28f-4e9e-b568-2823e2c5c4ee\"^^<http://www.w3.org/2001/XMLSchema#string>
        ;\n\tfcrepo:createdBy \"bypassAdmin\"^^<http://www.w3.org/2001/XMLSchema#string>
        ;\n\tfcrepo:primaryType \"nt:folder\"^^<http://www.w3.org/2001/XMLSchema#string>
        ;\n\tfcrepo:created \"2015-01-27T07:59:10.633Z\"^^<http://www.w3.org/2001/XMLSchema#dateTime>
        ;\n\ttriannon:externalReference <http://purl.stanford.edu/kq131cs7229> ;\n\tfcrepo:lastModified
        \"2015-01-27T07:59:10.633Z\"^^<http://www.w3.org/2001/XMLSchema#dateTime>
        ;\n\tfcrepo:mixinTypes \"fedora:resource\"^^<http://www.w3.org/2001/XMLSchema#string>
        , \"fedora:object\"^^<http://www.w3.org/2001/XMLSchema#string> .\n"
    http_version: 
  recorded_at: Tue, 27 Jan 2015 07:59:10 GMT
- request:
    method: get
    uri: http://localhost:8983/fedora/rest/anno/bc25b914-c071-413e-8601-2750be7e440a/t/fd1e3f23-adac-42ab-b412-43b15d50f9e6
    body:
      encoding: US-ASCII
      string: ''
    headers:
      User-Agent:
      - Faraday v0.9.0
      Accept:
      - application/x-turtle
      Accept-Encoding:
      - gzip;q=1.0,deflate;q=0.6,identity;q=0.3
  response:
    status:
      code: 200
      message: OK
    headers:
      Etag:
      - '"ad07d33700664b987ff0df4a2afa7d147622db15"'
      Last-Modified:
      - Tue, 27 Jan 2015 07:59:10 GMT
      Link:
      - <http://www.w3.org/ns/ldp#DirectContainer>;rel="type"
      - <http://www.w3.org/ns/ldp#Resource>;rel="type"
      Accept-Patch:
      - application/sparql-update
      Accept-Post:
      - text/turtle,text/rdf+n3,application/n3,text/n3,application/rdf+xml,application/n-triples,multipart/form-data,application/sparql-update
      Allow:
      - MOVE,COPY,DELETE,POST,HEAD,GET,PUT,PATCH,OPTIONS
      Vary:
      - Accept, Range, Accept-Encoding, Accept-Language
      Content-Length:
      - '3566'
      Content-Type:
      - application/x-turtle
    body:
      encoding: UTF-8
      string: "@prefix premis: <http://www.loc.gov/premis/rdf/v1#> .\n@prefix fedorarelsext:
        <http://fedora.info/definitions/v4/rels-ext#> .\n@prefix nt: <http://www.jcp.org/jcr/nt/1.0>
        .\n@prefix rdfs: <http://www.w3.org/2000/01/rdf-schema#> .\n@prefix content:
        <http://www.w3.org/2011/content#> .\n@prefix xsi: <http://www.w3.org/2001/XMLSchema-instance>
        .\n@prefix mode: <http://www.modeshape.org/1.0> .\n@prefix openannotation:
        <http://www.w3.org/ns/oa#> .\n@prefix xml: <http://www.w3.org/XML/1998/namespace>
        .\n@prefix fcrepo: <http://fedora.info/definitions/v4/repository#> .\n@prefix
        fedoraconfig: <http://fedora.info/definitions/v4/config#> .\n@prefix mix:
        <http://www.jcp.org/jcr/mix/1.0> .\n@prefix prov: <http://www.w3.org/ns/prov#>
        .\n@prefix foaf: <http://xmlns.com/foaf/0.1/> .\n@prefix image: <http://www.modeshape.org/images/1.0>
        .\n@prefix sv: <http://www.jcp.org/jcr/sv/1.0> .\n@prefix test: <info:fedora/test/>
        .\n@prefix dcmitype: <http://purl.org/dc/dcmitype/> .\n@prefix triannon: <http://triannon.stanford.edu/ns/>
        .\n@prefix rdf: <http://www.w3.org/1999/02/22-rdf-syntax-ns#> .\n@prefix fedora:
        <http://fedora.info/definitions/v4/rest-api#> .\n@prefix ldp: <http://www.w3.org/ns/ldp#>
        .\n@prefix xs: <http://www.w3.org/2001/XMLSchema> .\n@prefix dc: <http://purl.org/dc/elements/1.1/>
        .\n\n\n<http://localhost:8983/fedora/rest/anno/bc25b914-c071-413e-8601-2750be7e440a/t/fd1e3f23-adac-42ab-b412-43b15d50f9e6>
        ldp:hasMemberRelation ldp:member ;\n\tldp:membershipResource <http://localhost:8983/fedora/rest/anno/bc25b914-c071-413e-8601-2750be7e440a/t/fd1e3f23-adac-42ab-b412-43b15d50f9e6>
        ;\n\ta ldp:Container , ldp:DirectContainer , ldp:RDFSource ;\n\tfcrepo:hasParent
        <http://localhost:8983/fedora/rest/anno/bc25b914-c071-413e-8601-2750be7e440a/t>
        ;\n\tfedora:writable \"true\"^^<http://www.w3.org/2001/XMLSchema#boolean>
        ;\n\tfedora:exportsAs <http://localhost:8983/fedora/rest/anno/bc25b914-c071-413e-8601-2750be7e440a/t/fd1e3f23-adac-42ab-b412-43b15d50f9e6/fcr:export?format=jcr/xml>
        .\n\n<http://localhost:8983/fedora/rest/anno/bc25b914-c071-413e-8601-2750be7e440a/t/fd1e3f23-adac-42ab-b412-43b15d50f9e6/fcr:export?format=jcr/xml>
        dc:format <http://fedora.info/definitions/v4/repository#jcr/xml> .\n\n<http://fedora.info/definitions/v4/repository#jcr/xml>
        rdfs:label \"jcr/xml\"^^<http://www.w3.org/2001/XMLSchema#string> .\n\n<http://localhost:8983/fedora/rest/anno/bc25b914-c071-413e-8601-2750be7e440a/t/fd1e3f23-adac-42ab-b412-43b15d50f9e6>
        a <http://www.jcp.org/jcr/nt/1.0folder> , <http://www.jcp.org/jcr/nt/1.0hierarchyNode>
        , <http://www.jcp.org/jcr/nt/1.0base> , <http://www.jcp.org/jcr/mix/1.0created>
        , fedora:resource , fedora:object , fedora:relations , <http://www.jcp.org/jcr/mix/1.0created>
        , <http://www.jcp.org/jcr/mix/1.0lastModified> , <http://www.jcp.org/jcr/mix/1.0referenceable>
        , fedora:DublinCoreDescribable , fedora:resource , ldp:Container ;\n\tfcrepo:lastModifiedBy
        \"bypassAdmin\"^^<http://www.w3.org/2001/XMLSchema#string> ;\n\tfcrepo:uuid
        \"89a867f7-65c4-4f2d-8651-eb180b0202a0\"^^<http://www.w3.org/2001/XMLSchema#string>
        ;\n\tfcrepo:createdBy \"bypassAdmin\"^^<http://www.w3.org/2001/XMLSchema#string>
        ;\n\tfcrepo:primaryType \"nt:folder\"^^<http://www.w3.org/2001/XMLSchema#string>
        ;\n\tfcrepo:created \"2015-01-27T07:59:10.649Z\"^^<http://www.w3.org/2001/XMLSchema#dateTime>
        ;\n\ttriannon:externalReference <http://purl.stanford.edu/oo000oo1234> ;\n\tfcrepo:lastModified
        \"2015-01-27T07:59:10.649Z\"^^<http://www.w3.org/2001/XMLSchema#dateTime>
        ;\n\tfcrepo:mixinTypes \"fedora:resource\"^^<http://www.w3.org/2001/XMLSchema#string>
        , \"fedora:object\"^^<http://www.w3.org/2001/XMLSchema#string> .\n"
    http_version: 
  recorded_at: Tue, 27 Jan 2015 07:59:10 GMT
recorded_with: VCR 2.9.3
