---
http_interactions:
- request:
    method: head
    uri: http://localhost:8983/fedora/rest/anno/ldpwclassspec
    body:
      encoding: US-ASCII
      string: ''
    headers:
      User-Agent:
      - Faraday v0.9.1
      Accept:
      - "*/*"
  response:
    status:
      code: 200
      message: OK
    headers:
      Etag:
      - '"6d4b75bc2d4ba4795915404ccc01d34faf8818ca"'
      Last-Modified:
      - Tue, 09 Jun 2015 18:53:21 GMT
      Link:
      - <http://www.w3.org/ns/ldp#BasicContainer>;rel="type"
      - <http://www.w3.org/ns/ldp#Container>;rel="type"
      - <http://www.w3.org/ns/ldp#Resource>;rel="type"
      Accept-Patch:
      - application/sparql-update
      Accept-Post:
      - text/turtle,text/rdf+n3,text/n3,application/rdf+xml,application/n-triples,multipart/form-data,application/sparql-update
      Allow:
      - MOVE,COPY,DELETE,POST,HEAD,GET,PUT,PATCH,OPTIONS
      Content-Type:
      - text/tab-separated-values
      Content-Length:
      - '0'
    body:
      encoding: UTF-8
      string: ''
    http_version: 
  recorded_at: Tue, 09 Jun 2015 18:53:21 GMT
- request:
    method: post
    uri: http://localhost:8983/fedora/rest/anno/ldpwclassspec
    body:
      encoding: UTF-8
      string: |
        @prefix ldp: <http://www.w3.org/ns/ldp#> .
        @prefix oa: <http://www.w3.org/ns/oa#> .
        @prefix rdf: <http://www.w3.org/1999/02/22-rdf-syntax-ns#> .

        <> a oa:Annotation,
             ldp:BasicContainer;
           oa:motivatedBy oa:commenting .
    headers:
      User-Agent:
      - Faraday v0.9.1
      Prefer:
      - return=respresentation; omit="http://fedora.info/definitions/v4/repository#ServerManaged"
      Content-Type:
      - application/x-turtle
      Accept-Encoding:
      - gzip;q=1.0,deflate;q=0.6,identity;q=0.3
      Accept:
      - "*/*"
  response:
    status:
      code: 201
      message: Created
    headers:
      Etag:
      - '"77a209687dcecadd805b68eab0c1e1ff0001e57d"'
      Last-Modified:
      - Tue, 09 Jun 2015 18:53:21 GMT
      Content-Length:
      - '101'
      Location:
      - http://localhost:8983/fedora/rest/anno/ldpwclassspec/66/a9/4e/cc/66a94ecc-988d-4be3-97b7-761a980c0be1
      Content-Type:
      - text/plain
    body:
      encoding: UTF-8
      string: http://localhost:8983/fedora/rest/anno/ldpwclassspec/66/a9/4e/cc/66a94ecc-988d-4be3-97b7-761a980c0be1
    http_version: 
  recorded_at: Tue, 09 Jun 2015 18:53:21 GMT
- request:
    method: post
    uri: http://localhost:8983/fedora/rest/anno/ldpwclassspec/66/a9/4e/cc/66a94ecc-988d-4be3-97b7-761a980c0be1
    body:
      encoding: UTF-8
      string: |
        @prefix ldp: <http://www.w3.org/ns/ldp#> .
        @prefix oa: <http://www.w3.org/ns/oa#> .
        @prefix rdf: <http://www.w3.org/1999/02/22-rdf-syntax-ns#> .

        <> a ldp:DirectContainer;
           ldp:hasMemberRelation oa:hasBody;
           ldp:membershipResource <http://localhost:8983/fedora/rest/anno/ldpwclassspec/66/a9/4e/cc/66a94ecc-988d-4be3-97b7-761a980c0be1> .
    headers:
      User-Agent:
      - Faraday v0.9.1
      Prefer:
      - return=respresentation; omit="http://fedora.info/definitions/v4/repository#ServerManaged"
      Content-Type:
      - application/x-turtle
      Slug:
      - b
      Accept-Encoding:
      - gzip;q=1.0,deflate;q=0.6,identity;q=0.3
      Accept:
      - "*/*"
  response:
    status:
      code: 201
      message: Created
    headers:
      Etag:
      - '"3f6032b91622b151a7a840d35e36bffbbb11fb05"'
      Last-Modified:
      - Tue, 09 Jun 2015 18:53:21 GMT
      Content-Length:
      - '103'
      Location:
      - http://localhost:8983/fedora/rest/anno/ldpwclassspec/66/a9/4e/cc/66a94ecc-988d-4be3-97b7-761a980c0be1/b
      Content-Type:
      - text/plain
    body:
      encoding: UTF-8
      string: http://localhost:8983/fedora/rest/anno/ldpwclassspec/66/a9/4e/cc/66a94ecc-988d-4be3-97b7-761a980c0be1/b
    http_version: 
  recorded_at: Tue, 09 Jun 2015 18:53:21 GMT
- request:
    method: post
    uri: http://localhost:8983/fedora/rest/anno/ldpwclassspec/66/a9/4e/cc/66a94ecc-988d-4be3-97b7-761a980c0be1/b
    body:
      encoding: UTF-8
      string: |
        @prefix cnt: <http://www.w3.org/2011/content#> .
        @prefix dcmitype: <http://purl.org/dc/dcmitype/> .
        @prefix ldp: <http://www.w3.org/ns/ldp#> .
        @prefix rdf: <http://www.w3.org/1999/02/22-rdf-syntax-ns#> .
        @prefix xsd: <http://www.w3.org/2001/XMLSchema#> .

        <> a ldp:BasicContainer,
             cnt:ContentAsText,
             dcmitype:Text;
           cnt:chars "I love this!" .
    headers:
      User-Agent:
      - Faraday v0.9.1
      Prefer:
      - return=respresentation; omit="http://fedora.info/definitions/v4/repository#ServerManaged"
      Content-Type:
      - application/x-turtle
      Accept-Encoding:
      - gzip;q=1.0,deflate;q=0.6,identity;q=0.3
      Accept:
      - "*/*"
  response:
    status:
      code: 201
      message: Created
    headers:
      Etag:
      - '"c774e5d50ca7495814f0b26d17298d3d4595db32"'
      Last-Modified:
      - Tue, 09 Jun 2015 18:53:21 GMT
      Content-Length:
      - '152'
      Location:
      - http://localhost:8983/fedora/rest/anno/ldpwclassspec/66/a9/4e/cc/66a94ecc-988d-4be3-97b7-761a980c0be1/b/0d/0b/9c/bb/0d0b9cbb-3be0-472a-8e43-77ddbc371a6d
      Content-Type:
      - text/plain
    body:
      encoding: UTF-8
      string: http://localhost:8983/fedora/rest/anno/ldpwclassspec/66/a9/4e/cc/66a94ecc-988d-4be3-97b7-761a980c0be1/b/0d/0b/9c/bb/0d0b9cbb-3be0-472a-8e43-77ddbc371a6d
    http_version: 
  recorded_at: Tue, 09 Jun 2015 18:53:21 GMT
- request:
    method: post
    uri: http://localhost:8983/fedora/rest/anno/ldpwclassspec/66/a9/4e/cc/66a94ecc-988d-4be3-97b7-761a980c0be1/b
    body:
      encoding: UTF-8
      string: |
        @prefix ldp: <http://www.w3.org/ns/ldp#> .
        @prefix oa: <http://www.w3.org/ns/oa#> .
        @prefix rdf: <http://www.w3.org/1999/02/22-rdf-syntax-ns#> .
        @prefix triannon: <http://triannon.stanford.edu/ns/> .

        <> a ldp:BasicContainer,
             oa:SemanticTag;
           triannon:externalReference <http://dbpedia.org/resource/Love> .
    headers:
      User-Agent:
      - Faraday v0.9.1
      Prefer:
      - return=respresentation; omit="http://fedora.info/definitions/v4/repository#ServerManaged"
      Content-Type:
      - application/x-turtle
      Accept-Encoding:
      - gzip;q=1.0,deflate;q=0.6,identity;q=0.3
      Accept:
      - "*/*"
  response:
    status:
      code: 201
      message: Created
    headers:
      Etag:
      - '"bb040b79d88a751cea80a73aa79f039fb4cbbee4"'
      Last-Modified:
      - Tue, 09 Jun 2015 18:53:21 GMT
      Content-Length:
      - '152'
      Location:
      - http://localhost:8983/fedora/rest/anno/ldpwclassspec/66/a9/4e/cc/66a94ecc-988d-4be3-97b7-761a980c0be1/b/f3/27/7d/f3/f3277df3-6d6d-417b-90a0-92bc1beefc91
      Content-Type:
      - text/plain
    body:
      encoding: UTF-8
      string: http://localhost:8983/fedora/rest/anno/ldpwclassspec/66/a9/4e/cc/66a94ecc-988d-4be3-97b7-761a980c0be1/b/f3/27/7d/f3/f3277df3-6d6d-417b-90a0-92bc1beefc91
    http_version: 
  recorded_at: Tue, 09 Jun 2015 18:53:21 GMT
- request:
    method: get
    uri: http://localhost:8983/fedora/rest/anno/ldpwclassspec/66/a9/4e/cc/66a94ecc-988d-4be3-97b7-761a980c0be1/b
    body:
      encoding: US-ASCII
      string: ''
    headers:
      User-Agent:
      - Faraday v0.9.1
      Accept:
      - application/x-turtle
      Accept-Encoding:
      - gzip;q=1.0,deflate;q=0.6,identity;q=0.3
  response:
    status:
      code: 200
      message: OK
    headers:
      Etag:
      - '"b2a4a3ce54136262d35066d11da129724fa0f556"'
      Last-Modified:
      - Tue, 09 Jun 2015 18:53:21 GMT
      Link:
      - <http://www.w3.org/ns/ldp#Container>;rel="type"
      - <http://www.w3.org/ns/ldp#DirectContainer>;rel="type"
      - <http://www.w3.org/ns/ldp#Resource>;rel="type"
      Accept-Patch:
      - application/sparql-update
      Accept-Post:
      - text/turtle,text/rdf+n3,text/n3,application/rdf+xml,application/n-triples,multipart/form-data,application/sparql-update
      Allow:
      - MOVE,COPY,DELETE,POST,HEAD,GET,PUT,PATCH,OPTIONS
      Preference-Applied:
      - return=representation
      Vary:
      - Accept, Range, Accept-Encoding, Accept-Language
      - Prefer
      Content-Length:
      - '3618'
      Content-Type:
      - application/x-turtle
    body:
      encoding: UTF-8
      string: "@prefix premis: <http://www.loc.gov/premis/rdf/v1#> .\n@prefix image:
        <http://www.modeshape.org/images/1.0> .\n@prefix sv: <http://www.jcp.org/jcr/sv/1.0>
        .\n@prefix test: <info:fedora/test/> .\n@prefix nt: <http://www.jcp.org/jcr/nt/1.0>
        .\n@prefix cnt: <http://www.w3.org/2011/content#> .\n@prefix dcmitype: <http://purl.org/dc/dcmitype/>
        .\n@prefix rdfs: <http://www.w3.org/2000/01/rdf-schema#> .\n@prefix xsi: <http://www.w3.org/2001/XMLSchema-instance>
        .\n@prefix mode: <http://www.modeshape.org/1.0> .\n@prefix oa: <http://www.w3.org/ns/oa#>
        .\n@prefix triannon: <http://triannon.stanford.edu/ns/> .\n@prefix rdf: <http://www.w3.org/1999/02/22-rdf-syntax-ns#>
        .\n@prefix fedora: <http://fedora.info/definitions/v4/repository#> .\n@prefix
        xml: <http://www.w3.org/XML/1998/namespace> .\n@prefix ldp: <http://www.w3.org/ns/ldp#>
        .\n@prefix xs: <http://www.w3.org/2001/XMLSchema> .\n@prefix fedoraconfig:
        <http://fedora.info/definitions/v4/config#> .\n@prefix mix: <http://www.jcp.org/jcr/mix/1.0>
        .\n@prefix foaf: <http://xmlns.com/foaf/0.1/> .\n@prefix dc: <http://purl.org/dc/elements/1.1/>
        .\n\n\n<http://localhost:8983/fedora/rest/anno/ldpwclassspec/66/a9/4e/cc/66a94ecc-988d-4be3-97b7-761a980c0be1/b>
        a ldp:RDFSource , ldp:Container , <http://www.jcp.org/jcr/nt/1.0folder> ,
        <http://www.jcp.org/jcr/nt/1.0hierarchyNode> , <http://www.jcp.org/jcr/nt/1.0base>
        , <http://www.jcp.org/jcr/mix/1.0created> , fedora:Container , fedora:Resource
        , ldp:DirectContainer , fedora:Resource , <http://www.jcp.org/jcr/mix/1.0created>
        , <http://www.jcp.org/jcr/mix/1.0lastModified> , <http://www.jcp.org/jcr/mix/1.0referenceable>
        , fedora:Container ;\n\tfedora:lastModifiedBy \"bypassAdmin\"^^<http://www.w3.org/2001/XMLSchema#string>
        ;\n\tfedora:uuid \"6629712a-7211-4ef3-ac15-c3b56c80a8f3\"^^<http://www.w3.org/2001/XMLSchema#string>
        ;\n\tfedora:createdBy \"bypassAdmin\"^^<http://www.w3.org/2001/XMLSchema#string>
        ;\n\tfedora:primaryType \"nt:folder\"^^<http://www.w3.org/2001/XMLSchema#string>
        ;\n\tfedora:created \"2015-06-09T18:53:21.313Z\"^^<http://www.w3.org/2001/XMLSchema#dateTime>
        ;\n\tfedora:mixinTypes \"fedora:Container\"^^<http://www.w3.org/2001/XMLSchema#string>
        , \"fedora:Resource\"^^<http://www.w3.org/2001/XMLSchema#string> , \"ldp:DirectContainer\"^^<http://www.w3.org/2001/XMLSchema#string>
        ;\n\tfedora:lastModified \"2015-06-09T18:53:21.35Z\"^^<http://www.w3.org/2001/XMLSchema#dateTime>
        ;\n\tldp:membershipResource <http://localhost:8983/fedora/rest/anno/ldpwclassspec/66/a9/4e/cc/66a94ecc-988d-4be3-97b7-761a980c0be1>
        ;\n\tldp:hasMemberRelation oa:hasBody ;\n\tfedora:writable \"true\"^^<http://www.w3.org/2001/XMLSchema#boolean>
        ;\n\tfedora:hasParent <http://localhost:8983/fedora/rest/anno/ldpwclassspec/66/a9/4e/cc/66a94ecc-988d-4be3-97b7-761a980c0be1>
        ;\n\tldp:contains <http://localhost:8983/fedora/rest/anno/ldpwclassspec/66/a9/4e/cc/66a94ecc-988d-4be3-97b7-761a980c0be1/b/0d/0b/9c/bb/0d0b9cbb-3be0-472a-8e43-77ddbc371a6d>
        , <http://localhost:8983/fedora/rest/anno/ldpwclassspec/66/a9/4e/cc/66a94ecc-988d-4be3-97b7-761a980c0be1/b/f3/27/7d/f3/f3277df3-6d6d-417b-90a0-92bc1beefc91>
        .\n\n<http://localhost:8983/fedora/rest/anno/ldpwclassspec/66/a9/4e/cc/66a94ecc-988d-4be3-97b7-761a980c0be1/b/fcr:export?format=jcr/xml>
        dc:format <http://fedora.info/definitions/v4/repository#jcr/xml> .\n\n<http://localhost:8983/fedora/rest/anno/ldpwclassspec/66/a9/4e/cc/66a94ecc-988d-4be3-97b7-761a980c0be1/b>
        fedora:exportsAs <http://localhost:8983/fedora/rest/anno/ldpwclassspec/66/a9/4e/cc/66a94ecc-988d-4be3-97b7-761a980c0be1/b/fcr:export?format=jcr/xml>
        .\n\n<http://fedora.info/definitions/v4/repository#jcr/xml> rdfs:label \"jcr/xml\"^^<http://www.w3.org/2001/XMLSchema#string>
        .\n"
    http_version: 
  recorded_at: Tue, 09 Jun 2015 18:53:21 GMT
recorded_with: VCR 2.9.3
