---
http_interactions:
- request:
    method: head
    uri: http://localhost:8983/fedora/rest/anno/ldpwclassspec
    body:
      encoding: US-ASCII
      string: ''
    headers:
      User-Agent:
      - Faraday v0.9.1
      Accept:
      - "*/*"
  response:
    status:
      code: 200
      message: OK
    headers:
      Etag:
      - '"b2f6441908f2927252926ce66dd5781d48c77e65"'
      Last-Modified:
      - Fri, 19 Jun 2015 22:46:12 GMT
      Link:
      - <http://www.w3.org/ns/ldp#BasicContainer>;rel="type"
      - <http://www.w3.org/ns/ldp#Container>;rel="type"
      - <http://www.w3.org/ns/ldp#Resource>;rel="type"
      Accept-Patch:
      - application/sparql-update
      Accept-Post:
      - text/turtle,text/rdf+n3,text/n3,application/rdf+xml,application/n-triples,multipart/form-data,application/sparql-update
      Allow:
      - MOVE,COPY,DELETE,POST,HEAD,GET,PUT,PATCH,OPTIONS
      Content-Type:
      - text/tab-separated-values
      Content-Length:
      - '0'
    body:
      encoding: UTF-8
      string: ''
    http_version: 
  recorded_at: Fri, 19 Jun 2015 22:46:13 GMT
- request:
    method: post
    uri: http://localhost:8983/fedora/rest/anno/ldpwclassspec
    body:
      encoding: UTF-8
      string: |
        @prefix ldp: <http://www.w3.org/ns/ldp#> .
        @prefix oa: <http://www.w3.org/ns/oa#> .
        @prefix rdf: <http://www.w3.org/1999/02/22-rdf-syntax-ns#> .

        <> a oa:Annotation,
             ldp:BasicContainer .
    headers:
      User-Agent:
      - Faraday v0.9.1
      Prefer:
      - return=respresentation; omit="http://fedora.info/definitions/v4/repository#ServerManaged"
      Content-Type:
      - application/x-turtle
      Accept-Encoding:
      - gzip;q=1.0,deflate;q=0.6,identity;q=0.3
      Accept:
      - "*/*"
  response:
    status:
      code: 201
      message: Created
    headers:
      Etag:
      - '"c577e59034989d9fb854c76964380c88b37b24ca"'
      Last-Modified:
      - Fri, 19 Jun 2015 22:46:13 GMT
      Content-Length:
      - '101'
      Location:
      - http://localhost:8983/fedora/rest/anno/ldpwclassspec/64/82/25/f1/648225f1-a077-4d29-9f7f-b4cd9252e1e5
      Content-Type:
      - text/plain
    body:
      encoding: UTF-8
      string: http://localhost:8983/fedora/rest/anno/ldpwclassspec/64/82/25/f1/648225f1-a077-4d29-9f7f-b4cd9252e1e5
    http_version: 
  recorded_at: Fri, 19 Jun 2015 22:46:13 GMT
- request:
    method: post
    uri: http://localhost:8983/fedora/rest/anno/ldpwclassspec/64/82/25/f1/648225f1-a077-4d29-9f7f-b4cd9252e1e5
    body:
      encoding: UTF-8
      string: |
        @prefix ldp: <http://www.w3.org/ns/ldp#> .
        @prefix oa: <http://www.w3.org/ns/oa#> .
        @prefix rdf: <http://www.w3.org/1999/02/22-rdf-syntax-ns#> .

        <> a ldp:DirectContainer;
           ldp:hasMemberRelation oa:hasTarget;
           ldp:membershipResource <http://localhost:8983/fedora/rest/anno/ldpwclassspec/64/82/25/f1/648225f1-a077-4d29-9f7f-b4cd9252e1e5> .
    headers:
      User-Agent:
      - Faraday v0.9.1
      Prefer:
      - return=respresentation; omit="http://fedora.info/definitions/v4/repository#ServerManaged"
      Content-Type:
      - application/x-turtle
      Slug:
      - t
      Accept-Encoding:
      - gzip;q=1.0,deflate;q=0.6,identity;q=0.3
      Accept:
      - "*/*"
  response:
    status:
      code: 201
      message: Created
    headers:
      Etag:
      - '"e87db9370ec23184b8b14921892e799bee194388"'
      Last-Modified:
      - Fri, 19 Jun 2015 22:46:13 GMT
      Content-Length:
      - '103'
      Location:
      - http://localhost:8983/fedora/rest/anno/ldpwclassspec/64/82/25/f1/648225f1-a077-4d29-9f7f-b4cd9252e1e5/t
      Content-Type:
      - text/plain
    body:
      encoding: UTF-8
      string: http://localhost:8983/fedora/rest/anno/ldpwclassspec/64/82/25/f1/648225f1-a077-4d29-9f7f-b4cd9252e1e5/t
    http_version: 
  recorded_at: Fri, 19 Jun 2015 22:46:13 GMT
- request:
    method: post
    uri: http://localhost:8983/fedora/rest/anno/ldpwclassspec/64/82/25/f1/648225f1-a077-4d29-9f7f-b4cd9252e1e5/t
    body:
      encoding: UTF-8
      string: |
        @prefix ldp: <http://www.w3.org/ns/ldp#> .
        @prefix rdf: <http://www.w3.org/1999/02/22-rdf-syntax-ns#> .
        @prefix triannon: <http://triannon.stanford.edu/ns/> .

        <> a ldp:BasicContainer;
           triannon:externalReference <http://purl.stanford.edu/kq131cs7229> .
    headers:
      User-Agent:
      - Faraday v0.9.1
      Prefer:
      - return=respresentation; omit="http://fedora.info/definitions/v4/repository#ServerManaged"
      Content-Type:
      - application/x-turtle
      Accept-Encoding:
      - gzip;q=1.0,deflate;q=0.6,identity;q=0.3
      Accept:
      - "*/*"
  response:
    status:
      code: 201
      message: Created
    headers:
      Etag:
      - '"9066b2b869fe474b6bcf319c380f06638c3fd125"'
      Last-Modified:
      - Fri, 19 Jun 2015 22:46:13 GMT
      Content-Length:
      - '152'
      Location:
      - http://localhost:8983/fedora/rest/anno/ldpwclassspec/64/82/25/f1/648225f1-a077-4d29-9f7f-b4cd9252e1e5/t/10/c9/e6/ff/10c9e6ff-0ed7-47f3-95c7-2c2ac8df7d35
      Content-Type:
      - text/plain
    body:
      encoding: UTF-8
      string: http://localhost:8983/fedora/rest/anno/ldpwclassspec/64/82/25/f1/648225f1-a077-4d29-9f7f-b4cd9252e1e5/t/10/c9/e6/ff/10c9e6ff-0ed7-47f3-95c7-2c2ac8df7d35
    http_version: 
  recorded_at: Fri, 19 Jun 2015 22:46:13 GMT
recorded_with: VCR 2.9.3
