---
http_interactions:
- request:
    method: head
    uri: http://localhost:8983/fedora/rest/anno/ldpwclassspec
    body:
      encoding: US-ASCII
      string: ''
    headers:
      User-Agent:
      - Faraday v0.9.1
      Accept:
      - "*/*"
  response:
    status:
      code: 200
      message: OK
    headers:
      Etag:
      - '"ac97f91d0705fa3045ba604fc1c1300ab03e93d6"'
      Last-Modified:
      - Wed, 05 Aug 2015 20:21:24 GMT
      Link:
      - <http://www.w3.org/ns/ldp#BasicContainer>;rel="type"
      - <http://www.w3.org/ns/ldp#Container>;rel="type"
      - <http://www.w3.org/ns/ldp#Resource>;rel="type"
      Accept-Patch:
      - application/sparql-update
      Accept-Post:
      - text/turtle,text/rdf+n3,text/n3,application/rdf+xml,application/n-triples,multipart/form-data,application/sparql-update
      Allow:
      - MOVE,COPY,DELETE,POST,HEAD,GET,PUT,PATCH,OPTIONS
      Content-Type:
      - text/tab-separated-values
      Content-Length:
      - '0'
    body:
      encoding: UTF-8
      string: ''
    http_version: 
  recorded_at: Wed, 05 Aug 2015 20:21:24 GMT
- request:
    method: post
    uri: http://localhost:8983/fedora/rest/anno/ldpwclassspec
    body:
      encoding: UTF-8
      string: |
        @prefix ldp: <http://www.w3.org/ns/ldp#> .
        @prefix oa: <http://www.w3.org/ns/oa#> .
        @prefix rdf: <http://www.w3.org/1999/02/22-rdf-syntax-ns#> .

        <> a oa:Annotation,
             ldp:BasicContainer .
    headers:
      User-Agent:
      - Faraday v0.9.1
      Prefer:
      - return=respresentation; omit="http://fedora.info/definitions/v4/repository#ServerManaged"
      Content-Type:
      - application/x-turtle
      Accept-Encoding:
      - gzip;q=1.0,deflate;q=0.6,identity;q=0.3
      Accept:
      - "*/*"
  response:
    status:
      code: 201
      message: Created
    headers:
      Etag:
      - '"cf9c66743d7529a277c0a48d03d0bdbdb433daa9"'
      Last-Modified:
      - Wed, 05 Aug 2015 20:21:24 GMT
      Content-Length:
      - '101'
      Location:
      - http://localhost:8983/fedora/rest/anno/ldpwclassspec/d0/cd/7b/3b/d0cd7b3b-0190-4132-81d8-56113a9a8a5c
      Content-Type:
      - text/plain
    body:
      encoding: UTF-8
      string: http://localhost:8983/fedora/rest/anno/ldpwclassspec/d0/cd/7b/3b/d0cd7b3b-0190-4132-81d8-56113a9a8a5c
    http_version: 
  recorded_at: Wed, 05 Aug 2015 20:21:24 GMT
- request:
    method: post
    uri: http://localhost:8983/fedora/rest/anno/ldpwclassspec/d0/cd/7b/3b/d0cd7b3b-0190-4132-81d8-56113a9a8a5c
    body:
      encoding: UTF-8
      string: |
        @prefix ldp: <http://www.w3.org/ns/ldp#> .
        @prefix oa: <http://www.w3.org/ns/oa#> .
        @prefix rdf: <http://www.w3.org/1999/02/22-rdf-syntax-ns#> .

        <> a ldp:DirectContainer;
           ldp:hasMemberRelation oa:hasTarget;
           ldp:membershipResource <http://localhost:8983/fedora/rest/anno/ldpwclassspec/d0/cd/7b/3b/d0cd7b3b-0190-4132-81d8-56113a9a8a5c> .
    headers:
      User-Agent:
      - Faraday v0.9.1
      Prefer:
      - return=respresentation; omit="http://fedora.info/definitions/v4/repository#ServerManaged"
      Content-Type:
      - application/x-turtle
      Slug:
      - t
      Accept-Encoding:
      - gzip;q=1.0,deflate;q=0.6,identity;q=0.3
      Accept:
      - "*/*"
  response:
    status:
      code: 201
      message: Created
    headers:
      Etag:
      - '"bb422aa8cb1845bc6cd158dc86a1d47fa0a70c97"'
      Last-Modified:
      - Wed, 05 Aug 2015 20:21:24 GMT
      Content-Length:
      - '103'
      Location:
      - http://localhost:8983/fedora/rest/anno/ldpwclassspec/d0/cd/7b/3b/d0cd7b3b-0190-4132-81d8-56113a9a8a5c/t
      Content-Type:
      - text/plain
    body:
      encoding: UTF-8
      string: http://localhost:8983/fedora/rest/anno/ldpwclassspec/d0/cd/7b/3b/d0cd7b3b-0190-4132-81d8-56113a9a8a5c/t
    http_version: 
  recorded_at: Wed, 05 Aug 2015 20:21:24 GMT
- request:
    method: post
    uri: http://localhost:8983/fedora/rest/anno/ldpwclassspec/d0/cd/7b/3b/d0cd7b3b-0190-4132-81d8-56113a9a8a5c/t
    body:
      encoding: UTF-8
      string: |
        @prefix ldp: <http://www.w3.org/ns/ldp#> .
        @prefix rdf: <http://www.w3.org/1999/02/22-rdf-syntax-ns#> .
        @prefix triannon: <http://triannon.stanford.edu/ns/> .

        <> a ldp:BasicContainer;
           triannon:externalReference <http://purl.stanford.edu/kq131cs7229> .
    headers:
      User-Agent:
      - Faraday v0.9.1
      Prefer:
      - return=respresentation; omit="http://fedora.info/definitions/v4/repository#ServerManaged"
      Content-Type:
      - application/x-turtle
      Accept-Encoding:
      - gzip;q=1.0,deflate;q=0.6,identity;q=0.3
      Accept:
      - "*/*"
  response:
    status:
      code: 201
      message: Created
    headers:
      Etag:
      - '"b1bf0def99fc5f818418d6eb0ed68f36eb9250c7"'
      Last-Modified:
      - Wed, 05 Aug 2015 20:21:24 GMT
      Content-Length:
      - '152'
      Location:
      - http://localhost:8983/fedora/rest/anno/ldpwclassspec/d0/cd/7b/3b/d0cd7b3b-0190-4132-81d8-56113a9a8a5c/t/35/c8/da/0c/35c8da0c-2b07-4fb1-af2d-8f1ebb164d8e
      Content-Type:
      - text/plain
    body:
      encoding: UTF-8
      string: http://localhost:8983/fedora/rest/anno/ldpwclassspec/d0/cd/7b/3b/d0cd7b3b-0190-4132-81d8-56113a9a8a5c/t/35/c8/da/0c/35c8da0c-2b07-4fb1-af2d-8f1ebb164d8e
    http_version: 
  recorded_at: Wed, 05 Aug 2015 20:21:24 GMT
recorded_with: VCR 2.9.3
