---
http_interactions:
- request:
    method: head
    uri: http://localhost:8983/fedora/rest/anno/ldpwclassspec
    body:
      encoding: US-ASCII
      string: ''
    headers:
      User-Agent:
      - Faraday v0.9.1
      Accept:
      - "*/*"
  response:
    status:
      code: 200
      message: OK
    headers:
      Etag:
      - '"139ebd09cbd0cf7799507adecc2ea79c146ccd05"'
      Last-Modified:
      - Wed, 03 Jun 2015 21:51:23 GMT
      Link:
      - <http://www.w3.org/ns/ldp#BasicContainer>;rel="type"
      - <http://www.w3.org/ns/ldp#Container>;rel="type"
      - <http://www.w3.org/ns/ldp#Resource>;rel="type"
      Accept-Patch:
      - application/sparql-update
      Accept-Post:
      - text/turtle,text/rdf+n3,text/n3,application/rdf+xml,application/n-triples,multipart/form-data,application/sparql-update
      Allow:
      - MOVE,COPY,DELETE,POST,HEAD,GET,PUT,PATCH,OPTIONS
      Content-Type:
      - text/tab-separated-values
      Content-Length:
      - '0'
    body:
      encoding: UTF-8
      string: ''
    http_version: 
  recorded_at: Wed, 03 Jun 2015 21:51:25 GMT
- request:
    method: post
    uri: http://localhost:8983/fedora/rest/anno/ldpwclassspec
    body:
      encoding: UTF-8
      string: |
        @prefix ldp: <http://www.w3.org/ns/ldp#> .
        @prefix oa: <http://www.w3.org/ns/oa#> .
        @prefix rdf: <http://www.w3.org/1999/02/22-rdf-syntax-ns#> .

        <> a oa:Annotation,
             ldp:BasicContainer .
    headers:
      User-Agent:
      - Faraday v0.9.1
      Prefer:
      - return=respresentation; omit="http://fedora.info/definitions/v4/repository#ServerManaged"
      Content-Type:
      - application/x-turtle
      Accept-Encoding:
      - gzip;q=1.0,deflate;q=0.6,identity;q=0.3
      Accept:
      - "*/*"
  response:
    status:
      code: 201
      message: Created
    headers:
      Etag:
      - '"8900766592a10540840c470d4260b1c9ad7be48e"'
      Last-Modified:
      - Wed, 03 Jun 2015 21:51:25 GMT
      Content-Length:
      - '101'
      Location:
      - http://localhost:8983/fedora/rest/anno/ldpwclassspec/3b/3f/52/01/3b3f5201-e95b-47f7-9904-3b37ea8a698a
      Content-Type:
      - text/plain
    body:
      encoding: UTF-8
      string: http://localhost:8983/fedora/rest/anno/ldpwclassspec/3b/3f/52/01/3b3f5201-e95b-47f7-9904-3b37ea8a698a
    http_version: 
  recorded_at: Wed, 03 Jun 2015 21:51:25 GMT
- request:
    method: post
    uri: http://localhost:8983/fedora/rest/anno/ldpwclassspec/3b/3f/52/01/3b3f5201-e95b-47f7-9904-3b37ea8a698a
    body:
      encoding: UTF-8
      string: |
        @prefix ldp: <http://www.w3.org/ns/ldp#> .
        @prefix oa: <http://www.w3.org/ns/oa#> .
        @prefix rdf: <http://www.w3.org/1999/02/22-rdf-syntax-ns#> .

        <> a ldp:DirectContainer;
           ldp:hasMemberRelation oa:hasTarget;
           ldp:membershipResource <http://localhost:8983/fedora/rest/anno/ldpwclassspec/3b/3f/52/01/3b3f5201-e95b-47f7-9904-3b37ea8a698a> .
    headers:
      User-Agent:
      - Faraday v0.9.1
      Prefer:
      - return=respresentation; omit="http://fedora.info/definitions/v4/repository#ServerManaged"
      Content-Type:
      - application/x-turtle
      Slug:
      - t
      Accept-Encoding:
      - gzip;q=1.0,deflate;q=0.6,identity;q=0.3
      Accept:
      - "*/*"
  response:
    status:
      code: 201
      message: Created
    headers:
      Etag:
      - '"01753f0004876269627d6303d5eb1b47a0ec1370"'
      Last-Modified:
      - Wed, 03 Jun 2015 21:51:25 GMT
      Content-Length:
      - '103'
      Location:
      - http://localhost:8983/fedora/rest/anno/ldpwclassspec/3b/3f/52/01/3b3f5201-e95b-47f7-9904-3b37ea8a698a/t
      Content-Type:
      - text/plain
    body:
      encoding: UTF-8
      string: http://localhost:8983/fedora/rest/anno/ldpwclassspec/3b/3f/52/01/3b3f5201-e95b-47f7-9904-3b37ea8a698a/t
    http_version: 
  recorded_at: Wed, 03 Jun 2015 21:51:25 GMT
- request:
    method: post
    uri: http://localhost:8983/fedora/rest/anno/ldpwclassspec/3b/3f/52/01/3b3f5201-e95b-47f7-9904-3b37ea8a698a/t
    body:
      encoding: UTF-8
      string: |
        @prefix ldp: <http://www.w3.org/ns/ldp#> .
        @prefix rdf: <http://www.w3.org/1999/02/22-rdf-syntax-ns#> .
        @prefix triannon: <http://triannon.stanford.edu/ns/> .

        <> a ldp:BasicContainer;
           triannon:externalReference <http://purl.stanford.edu/kq131cs7229> .
    headers:
      User-Agent:
      - Faraday v0.9.1
      Prefer:
      - return=respresentation; omit="http://fedora.info/definitions/v4/repository#ServerManaged"
      Content-Type:
      - application/x-turtle
      Accept-Encoding:
      - gzip;q=1.0,deflate;q=0.6,identity;q=0.3
      Accept:
      - "*/*"
  response:
    status:
      code: 201
      message: Created
    headers:
      Etag:
      - '"40813e6ee039d33606afb39191cf447e8c799a0e"'
      Last-Modified:
      - Wed, 03 Jun 2015 21:51:25 GMT
      Content-Length:
      - '152'
      Location:
      - http://localhost:8983/fedora/rest/anno/ldpwclassspec/3b/3f/52/01/3b3f5201-e95b-47f7-9904-3b37ea8a698a/t/b0/81/3c/2a/b0813c2a-0fdf-436e-a4bd-64f32624d030
      Content-Type:
      - text/plain
    body:
      encoding: UTF-8
      string: http://localhost:8983/fedora/rest/anno/ldpwclassspec/3b/3f/52/01/3b3f5201-e95b-47f7-9904-3b37ea8a698a/t/b0/81/3c/2a/b0813c2a-0fdf-436e-a4bd-64f32624d030
    http_version: 
  recorded_at: Wed, 03 Jun 2015 21:51:25 GMT
recorded_with: VCR 2.9.3
