---
http_interactions:
- request:
    method: head
    uri: http://localhost:8983/fedora/rest/anno/ldpwclassspec
    body:
      encoding: US-ASCII
      string: ''
    headers:
      User-Agent:
      - Faraday v0.9.1
      Accept:
      - "*/*"
  response:
    status:
      code: 200
      message: OK
    headers:
      Etag:
      - '"146c3697df4175caf8b0db1a17375adf5b78d42e"'
      Last-Modified:
      - Wed, 08 Jul 2015 23:16:24 GMT
      Link:
      - <http://www.w3.org/ns/ldp#BasicContainer>;rel="type"
      - <http://www.w3.org/ns/ldp#Container>;rel="type"
      - <http://www.w3.org/ns/ldp#Resource>;rel="type"
      Accept-Patch:
      - application/sparql-update
      Accept-Post:
      - text/turtle,text/rdf+n3,text/n3,application/rdf+xml,application/n-triples,multipart/form-data,application/sparql-update
      Allow:
      - MOVE,COPY,DELETE,POST,HEAD,GET,PUT,PATCH,OPTIONS
      Content-Type:
      - text/tab-separated-values
      Content-Length:
      - '0'
    body:
      encoding: UTF-8
      string: ''
    http_version: 
  recorded_at: Wed, 08 Jul 2015 23:16:24 GMT
- request:
    method: post
    uri: http://localhost:8983/fedora/rest/anno/ldpwclassspec
    body:
      encoding: UTF-8
      string: |
        @prefix ldp: <http://www.w3.org/ns/ldp#> .
        @prefix oa: <http://www.w3.org/ns/oa#> .
        @prefix rdf: <http://www.w3.org/1999/02/22-rdf-syntax-ns#> .

        <> a oa:Annotation,
             ldp:BasicContainer;
           oa:motivatedBy oa:commenting .
    headers:
      User-Agent:
      - Faraday v0.9.1
      Prefer:
      - return=respresentation; omit="http://fedora.info/definitions/v4/repository#ServerManaged"
      Content-Type:
      - application/x-turtle
      Accept-Encoding:
      - gzip;q=1.0,deflate;q=0.6,identity;q=0.3
      Accept:
      - "*/*"
  response:
    status:
      code: 201
      message: Created
    headers:
      Etag:
      - '"1a55d6964f492fff76a31e1403e2a974de6b669b"'
      Last-Modified:
      - Wed, 08 Jul 2015 23:16:24 GMT
      Content-Length:
      - '101'
      Location:
      - http://localhost:8983/fedora/rest/anno/ldpwclassspec/c4/de/70/6b/c4de706b-e94b-4786-84a5-31530019fbda
      Content-Type:
      - text/plain
    body:
      encoding: UTF-8
      string: http://localhost:8983/fedora/rest/anno/ldpwclassspec/c4/de/70/6b/c4de706b-e94b-4786-84a5-31530019fbda
    http_version: 
  recorded_at: Wed, 08 Jul 2015 23:16:24 GMT
- request:
    method: post
    uri: http://localhost:8983/fedora/rest/anno/ldpwclassspec/c4/de/70/6b/c4de706b-e94b-4786-84a5-31530019fbda
    body:
      encoding: UTF-8
      string: |
        @prefix ldp: <http://www.w3.org/ns/ldp#> .
        @prefix oa: <http://www.w3.org/ns/oa#> .
        @prefix rdf: <http://www.w3.org/1999/02/22-rdf-syntax-ns#> .

        <> a ldp:DirectContainer;
           ldp:hasMemberRelation oa:hasBody;
           ldp:membershipResource <http://localhost:8983/fedora/rest/anno/ldpwclassspec/c4/de/70/6b/c4de706b-e94b-4786-84a5-31530019fbda> .
    headers:
      User-Agent:
      - Faraday v0.9.1
      Prefer:
      - return=respresentation; omit="http://fedora.info/definitions/v4/repository#ServerManaged"
      Content-Type:
      - application/x-turtle
      Slug:
      - b
      Accept-Encoding:
      - gzip;q=1.0,deflate;q=0.6,identity;q=0.3
      Accept:
      - "*/*"
  response:
    status:
      code: 201
      message: Created
    headers:
      Etag:
      - '"f8b2072d566c85bb2d1a7fbbb035344247f25c4f"'
      Last-Modified:
      - Wed, 08 Jul 2015 23:16:24 GMT
      Content-Length:
      - '103'
      Location:
      - http://localhost:8983/fedora/rest/anno/ldpwclassspec/c4/de/70/6b/c4de706b-e94b-4786-84a5-31530019fbda/b
      Content-Type:
      - text/plain
    body:
      encoding: UTF-8
      string: http://localhost:8983/fedora/rest/anno/ldpwclassspec/c4/de/70/6b/c4de706b-e94b-4786-84a5-31530019fbda/b
    http_version: 
  recorded_at: Wed, 08 Jul 2015 23:16:24 GMT
- request:
    method: post
    uri: http://localhost:8983/fedora/rest/anno/ldpwclassspec/c4/de/70/6b/c4de706b-e94b-4786-84a5-31530019fbda/b
    body:
      encoding: UTF-8
      string: |
        @prefix cnt: <http://www.w3.org/2011/content#> .
        @prefix dcmitype: <http://purl.org/dc/dcmitype/> .
        @prefix ldp: <http://www.w3.org/ns/ldp#> .
        @prefix rdf: <http://www.w3.org/1999/02/22-rdf-syntax-ns#> .
        @prefix xsd: <http://www.w3.org/2001/XMLSchema#> .

        <> a ldp:BasicContainer,
             cnt:ContentAsText,
             dcmitype:Text;
           cnt:chars "I love this!" .
    headers:
      User-Agent:
      - Faraday v0.9.1
      Prefer:
      - return=respresentation; omit="http://fedora.info/definitions/v4/repository#ServerManaged"
      Content-Type:
      - application/x-turtle
      Accept-Encoding:
      - gzip;q=1.0,deflate;q=0.6,identity;q=0.3
      Accept:
      - "*/*"
  response:
    status:
      code: 201
      message: Created
    headers:
      Etag:
      - '"90480f47edf11ff6e09d1f384d15c4404e2e317b"'
      Last-Modified:
      - Wed, 08 Jul 2015 23:16:24 GMT
      Content-Length:
      - '152'
      Location:
      - http://localhost:8983/fedora/rest/anno/ldpwclassspec/c4/de/70/6b/c4de706b-e94b-4786-84a5-31530019fbda/b/0e/3b/51/74/0e3b5174-6985-4958-8c16-c7fe66e72582
      Content-Type:
      - text/plain
    body:
      encoding: UTF-8
      string: http://localhost:8983/fedora/rest/anno/ldpwclassspec/c4/de/70/6b/c4de706b-e94b-4786-84a5-31530019fbda/b/0e/3b/51/74/0e3b5174-6985-4958-8c16-c7fe66e72582
    http_version: 
  recorded_at: Wed, 08 Jul 2015 23:16:24 GMT
- request:
    method: post
    uri: http://localhost:8983/fedora/rest/anno/ldpwclassspec/c4/de/70/6b/c4de706b-e94b-4786-84a5-31530019fbda
    body:
      encoding: UTF-8
      string: |
        @prefix ldp: <http://www.w3.org/ns/ldp#> .
        @prefix oa: <http://www.w3.org/ns/oa#> .
        @prefix rdf: <http://www.w3.org/1999/02/22-rdf-syntax-ns#> .

        <> a ldp:DirectContainer;
           ldp:hasMemberRelation oa:hasTarget;
           ldp:membershipResource <http://localhost:8983/fedora/rest/anno/ldpwclassspec/c4/de/70/6b/c4de706b-e94b-4786-84a5-31530019fbda> .
    headers:
      User-Agent:
      - Faraday v0.9.1
      Prefer:
      - return=respresentation; omit="http://fedora.info/definitions/v4/repository#ServerManaged"
      Content-Type:
      - application/x-turtle
      Slug:
      - t
      Accept-Encoding:
      - gzip;q=1.0,deflate;q=0.6,identity;q=0.3
      Accept:
      - "*/*"
  response:
    status:
      code: 201
      message: Created
    headers:
      Etag:
      - '"0c585c01df7e245bf6f8cd18bbb1fcc5e19dca2f"'
      Last-Modified:
      - Wed, 08 Jul 2015 23:16:24 GMT
      Content-Length:
      - '103'
      Location:
      - http://localhost:8983/fedora/rest/anno/ldpwclassspec/c4/de/70/6b/c4de706b-e94b-4786-84a5-31530019fbda/t
      Content-Type:
      - text/plain
    body:
      encoding: UTF-8
      string: http://localhost:8983/fedora/rest/anno/ldpwclassspec/c4/de/70/6b/c4de706b-e94b-4786-84a5-31530019fbda/t
    http_version: 
  recorded_at: Wed, 08 Jul 2015 23:16:24 GMT
- request:
    method: post
    uri: http://localhost:8983/fedora/rest/anno/ldpwclassspec/c4/de/70/6b/c4de706b-e94b-4786-84a5-31530019fbda/t
    body:
      encoding: UTF-8
      string: |
        @prefix ldp: <http://www.w3.org/ns/ldp#> .
        @prefix rdf: <http://www.w3.org/1999/02/22-rdf-syntax-ns#> .
        @prefix triannon: <http://triannon.stanford.edu/ns/> .

        <> a ldp:BasicContainer;
           triannon:externalReference <http://purl.stanford.edu/kq131cs7229> .
    headers:
      User-Agent:
      - Faraday v0.9.1
      Prefer:
      - return=respresentation; omit="http://fedora.info/definitions/v4/repository#ServerManaged"
      Content-Type:
      - application/x-turtle
      Accept-Encoding:
      - gzip;q=1.0,deflate;q=0.6,identity;q=0.3
      Accept:
      - "*/*"
  response:
    status:
      code: 201
      message: Created
    headers:
      Etag:
      - '"f88f7dfa1ecb9f5cbe2a91b1e0764d0d05f66caf"'
      Last-Modified:
      - Wed, 08 Jul 2015 23:16:24 GMT
      Content-Length:
      - '152'
      Location:
      - http://localhost:8983/fedora/rest/anno/ldpwclassspec/c4/de/70/6b/c4de706b-e94b-4786-84a5-31530019fbda/t/30/96/ac/f4/3096acf4-5197-441b-b509-e90c13827ad9
      Content-Type:
      - text/plain
    body:
      encoding: UTF-8
      string: http://localhost:8983/fedora/rest/anno/ldpwclassspec/c4/de/70/6b/c4de706b-e94b-4786-84a5-31530019fbda/t/30/96/ac/f4/3096acf4-5197-441b-b509-e90c13827ad9
    http_version: 
  recorded_at: Wed, 08 Jul 2015 23:16:24 GMT
- request:
    method: get
    uri: http://localhost:8983/fedora/rest/anno/ldpwclassspec/c4/de/70/6b/c4de706b-e94b-4786-84a5-31530019fbda
    body:
      encoding: US-ASCII
      string: ''
    headers:
      User-Agent:
      - Faraday v0.9.1
      Accept:
      - application/x-turtle
      Accept-Encoding:
      - gzip;q=1.0,deflate;q=0.6,identity;q=0.3
  response:
    status:
      code: 200
      message: OK
    headers:
      Etag:
      - '"7a6234cf4c74ac88b70cd84f9a42ae23bc387d45"'
      Last-Modified:
      - Wed, 08 Jul 2015 23:16:24 GMT
      Link:
      - <http://www.w3.org/ns/ldp#BasicContainer>;rel="type"
      - <http://www.w3.org/ns/ldp#Container>;rel="type"
      - <http://www.w3.org/ns/ldp#Resource>;rel="type"
      Accept-Patch:
      - application/sparql-update
      Accept-Post:
      - text/turtle,text/rdf+n3,text/n3,application/rdf+xml,application/n-triples,multipart/form-data,application/sparql-update
      Allow:
      - MOVE,COPY,DELETE,POST,HEAD,GET,PUT,PATCH,OPTIONS
      Preference-Applied:
      - return=representation
      Vary:
      - Accept, Range, Accept-Encoding, Accept-Language
      - Prefer
      Content-Length:
      - '3665'
      Content-Type:
      - application/x-turtle
    body:
      encoding: UTF-8
      string: "@prefix premis: <http://www.loc.gov/premis/rdf/v1#> .\n@prefix image:
        <http://www.modeshape.org/images/1.0> .\n@prefix sv: <http://www.jcp.org/jcr/sv/1.0>
        .\n@prefix test: <info:fedora/test/> .\n@prefix nt: <http://www.jcp.org/jcr/nt/1.0>
        .\n@prefix cnt: <http://www.w3.org/2011/content#> .\n@prefix dcmitype: <http://purl.org/dc/dcmitype/>
        .\n@prefix rdfs: <http://www.w3.org/2000/01/rdf-schema#> .\n@prefix xsi: <http://www.w3.org/2001/XMLSchema-instance>
        .\n@prefix mode: <http://www.modeshape.org/1.0> .\n@prefix oa: <http://www.w3.org/ns/oa#>
        .\n@prefix triannon: <http://triannon.stanford.edu/ns/> .\n@prefix rdf: <http://www.w3.org/1999/02/22-rdf-syntax-ns#>
        .\n@prefix fedora: <http://fedora.info/definitions/v4/repository#> .\n@prefix
        xml: <http://www.w3.org/XML/1998/namespace> .\n@prefix ldp: <http://www.w3.org/ns/ldp#>
        .\n@prefix xs: <http://www.w3.org/2001/XMLSchema> .\n@prefix fedoraconfig:
        <http://fedora.info/definitions/v4/config#> .\n@prefix mix: <http://www.jcp.org/jcr/mix/1.0>
        .\n@prefix foaf: <http://xmlns.com/foaf/0.1/> .\n@prefix dc: <http://purl.org/dc/terms/>
        .\n\n\n<http://localhost:8983/fedora/rest/anno/ldpwclassspec/c4/de/70/6b/c4de706b-e94b-4786-84a5-31530019fbda>
        a ldp:RDFSource , ldp:Container , <http://www.jcp.org/jcr/nt/1.0folder> ,
        <http://www.jcp.org/jcr/nt/1.0hierarchyNode> , <http://www.jcp.org/jcr/nt/1.0base>
        , <http://www.jcp.org/jcr/mix/1.0created> , fedora:Container , oa:Annotation
        , fedora:Resource , ldp:BasicContainer , fedora:Resource , <http://www.jcp.org/jcr/mix/1.0created>
        , <http://www.jcp.org/jcr/mix/1.0lastModified> , <http://www.jcp.org/jcr/mix/1.0referenceable>
        , fedora:Container ;\n\tfedora:lastModifiedBy \"bypassAdmin\"^^<http://www.w3.org/2001/XMLSchema#string>
        ;\n\tfedora:uuid \"1f61f5b4-f825-4b3d-8b8d-0efc5c4cd614\"^^<http://www.w3.org/2001/XMLSchema#string>
        ;\n\tfedora:createdBy \"bypassAdmin\"^^<http://www.w3.org/2001/XMLSchema#string>
        ;\n\tfedora:primaryType \"nt:folder\"^^<http://www.w3.org/2001/XMLSchema#string>
        ;\n\tfedora:created \"2015-07-08T23:16:24.254Z\"^^<http://www.w3.org/2001/XMLSchema#dateTime>
        ;\n\tfedora:mixinTypes \"fedora:Container\"^^<http://www.w3.org/2001/XMLSchema#string>
        , \"oa:Annotation\"^^<http://www.w3.org/2001/XMLSchema#string> , \"fedora:Resource\"^^<http://www.w3.org/2001/XMLSchema#string>
        , \"ldp:BasicContainer\"^^<http://www.w3.org/2001/XMLSchema#string> ;\n\tfedora:lastModified
        \"2015-07-08T23:16:24.323Z\"^^<http://www.w3.org/2001/XMLSchema#dateTime>
        ;\n\toa:motivatedBy oa:commenting ;\n\tfedora:writable \"true\"^^<http://www.w3.org/2001/XMLSchema#boolean>
        ;\n\tfedora:hasParent <http://localhost:8983/fedora/rest/anno/ldpwclassspec>
        ;\n\tldp:contains <http://localhost:8983/fedora/rest/anno/ldpwclassspec/c4/de/70/6b/c4de706b-e94b-4786-84a5-31530019fbda/b>
        , <http://localhost:8983/fedora/rest/anno/ldpwclassspec/c4/de/70/6b/c4de706b-e94b-4786-84a5-31530019fbda/t>
        ;\n\toa:hasBody <http://localhost:8983/fedora/rest/anno/ldpwclassspec/c4/de/70/6b/c4de706b-e94b-4786-84a5-31530019fbda/b/0e/3b/51/74/0e3b5174-6985-4958-8c16-c7fe66e72582>
        ;\n\toa:hasTarget <http://localhost:8983/fedora/rest/anno/ldpwclassspec/c4/de/70/6b/c4de706b-e94b-4786-84a5-31530019fbda/t/30/96/ac/f4/3096acf4-5197-441b-b509-e90c13827ad9>
        ;\n\tfedora:exportsAs <http://localhost:8983/fedora/rest/anno/ldpwclassspec/c4/de/70/6b/c4de706b-e94b-4786-84a5-31530019fbda/fcr:export?format=jcr/xml>
        .\n\n<http://fedora.info/definitions/v4/repository#jcr/xml> rdfs:label \"jcr/xml\"^^<http://www.w3.org/2001/XMLSchema#string>
        .\n\n<http://localhost:8983/fedora/rest/anno/ldpwclassspec/c4/de/70/6b/c4de706b-e94b-4786-84a5-31530019fbda/fcr:export?format=jcr/xml>
        <http://purl.org/dc/elements/1.1/format> <http://fedora.info/definitions/v4/repository#jcr/xml>
        .\n"
    http_version: 
  recorded_at: Wed, 08 Jul 2015 23:16:24 GMT
recorded_with: VCR 2.9.3
