---
http_interactions:
- request:
    method: post
    uri: http://localhost:8983/fedora/rest/anno
    body:
      encoding: UTF-8
      string: |
        @prefix ldp: <http://www.w3.org/ns/ldp#> .
        @prefix oa: <http://www.w3.org/ns/oa#> .
        @prefix rdf: <http://www.w3.org/1999/02/22-rdf-syntax-ns#> .

        <> a oa:Annotation,
             ldp:BasicContainer;
           oa:motivatedBy oa:commenting .
    headers:
      User-Agent:
      - Faraday v0.9.1
      Prefer:
      - return=respresentation; omit="http://fedora.info/definitions/v4/repository#ServerManaged"
      Content-Type:
      - application/x-turtle
      Accept-Encoding:
      - gzip;q=1.0,deflate;q=0.6,identity;q=0.3
      Accept:
      - "*/*"
  response:
    status:
      code: 201
      message: Created
    headers:
      Etag:
      - '"5b0c37730106f16e803711396516066798f1ebf3"'
      Last-Modified:
      - Wed, 10 Jun 2015 18:26:43 GMT
      Content-Length:
      - '87'
      Location:
      - http://localhost:8983/fedora/rest/anno/f8/2c/bd/f4/f82cbdf4-e7a0-443b-898c-44e9004a3963
      Content-Type:
      - text/plain
    body:
      encoding: UTF-8
      string: http://localhost:8983/fedora/rest/anno/f8/2c/bd/f4/f82cbdf4-e7a0-443b-898c-44e9004a3963
    http_version: 
  recorded_at: Wed, 10 Jun 2015 18:26:43 GMT
- request:
    method: post
    uri: http://localhost:8983/fedora/rest/anno/f8/2c/bd/f4/f82cbdf4-e7a0-443b-898c-44e9004a3963
    body:
      encoding: UTF-8
      string: |
        @prefix ldp: <http://www.w3.org/ns/ldp#> .
        @prefix oa: <http://www.w3.org/ns/oa#> .
        @prefix rdf: <http://www.w3.org/1999/02/22-rdf-syntax-ns#> .

        <> a ldp:DirectContainer;
           ldp:hasMemberRelation oa:hasBody;
           ldp:membershipResource <http://localhost:8983/fedora/rest/anno/f8/2c/bd/f4/f82cbdf4-e7a0-443b-898c-44e9004a3963> .
    headers:
      User-Agent:
      - Faraday v0.9.1
      Prefer:
      - return=respresentation; omit="http://fedora.info/definitions/v4/repository#ServerManaged"
      Content-Type:
      - application/x-turtle
      Slug:
      - b
      Accept-Encoding:
      - gzip;q=1.0,deflate;q=0.6,identity;q=0.3
      Accept:
      - "*/*"
  response:
    status:
      code: 201
      message: Created
    headers:
      Etag:
      - '"41f28afebce43685adcadb80d7b6abce4a8ef841"'
      Last-Modified:
      - Wed, 10 Jun 2015 18:26:43 GMT
      Content-Length:
      - '89'
      Location:
      - http://localhost:8983/fedora/rest/anno/f8/2c/bd/f4/f82cbdf4-e7a0-443b-898c-44e9004a3963/b
      Content-Type:
      - text/plain
    body:
      encoding: UTF-8
      string: http://localhost:8983/fedora/rest/anno/f8/2c/bd/f4/f82cbdf4-e7a0-443b-898c-44e9004a3963/b
    http_version: 
  recorded_at: Wed, 10 Jun 2015 18:26:43 GMT
- request:
    method: post
    uri: http://localhost:8983/fedora/rest/anno/f8/2c/bd/f4/f82cbdf4-e7a0-443b-898c-44e9004a3963/b
    body:
      encoding: UTF-8
      string: |
        @prefix cnt: <http://www.w3.org/2011/content#> .
        @prefix dcmitype: <http://purl.org/dc/dcmitype/> .
        @prefix ldp: <http://www.w3.org/ns/ldp#> .
        @prefix rdf: <http://www.w3.org/1999/02/22-rdf-syntax-ns#> .
        @prefix xsd: <http://www.w3.org/2001/XMLSchema#> .

        <> a ldp:BasicContainer,
             cnt:ContentAsText,
             dcmitype:Text;
           cnt:chars "I love this!" .
    headers:
      User-Agent:
      - Faraday v0.9.1
      Prefer:
      - return=respresentation; omit="http://fedora.info/definitions/v4/repository#ServerManaged"
      Content-Type:
      - application/x-turtle
      Accept-Encoding:
      - gzip;q=1.0,deflate;q=0.6,identity;q=0.3
      Accept:
      - "*/*"
  response:
    status:
      code: 201
      message: Created
    headers:
      Etag:
      - '"45f13c53395cd87c862d1e049d1353d2568d6812"'
      Last-Modified:
      - Wed, 10 Jun 2015 18:26:43 GMT
      Content-Length:
      - '138'
      Location:
      - http://localhost:8983/fedora/rest/anno/f8/2c/bd/f4/f82cbdf4-e7a0-443b-898c-44e9004a3963/b/8b/da/45/71/8bda4571-d586-4620-a0f4-a07956a81d70
      Content-Type:
      - text/plain
    body:
      encoding: UTF-8
      string: http://localhost:8983/fedora/rest/anno/f8/2c/bd/f4/f82cbdf4-e7a0-443b-898c-44e9004a3963/b/8b/da/45/71/8bda4571-d586-4620-a0f4-a07956a81d70
    http_version: 
  recorded_at: Wed, 10 Jun 2015 18:26:43 GMT
- request:
    method: post
    uri: http://localhost:8983/fedora/rest/anno/f8/2c/bd/f4/f82cbdf4-e7a0-443b-898c-44e9004a3963
    body:
      encoding: UTF-8
      string: |
        @prefix ldp: <http://www.w3.org/ns/ldp#> .
        @prefix oa: <http://www.w3.org/ns/oa#> .
        @prefix rdf: <http://www.w3.org/1999/02/22-rdf-syntax-ns#> .

        <> a ldp:DirectContainer;
           ldp:hasMemberRelation oa:hasTarget;
           ldp:membershipResource <http://localhost:8983/fedora/rest/anno/f8/2c/bd/f4/f82cbdf4-e7a0-443b-898c-44e9004a3963> .
    headers:
      User-Agent:
      - Faraday v0.9.1
      Prefer:
      - return=respresentation; omit="http://fedora.info/definitions/v4/repository#ServerManaged"
      Content-Type:
      - application/x-turtle
      Slug:
      - t
      Accept-Encoding:
      - gzip;q=1.0,deflate;q=0.6,identity;q=0.3
      Accept:
      - "*/*"
  response:
    status:
      code: 201
      message: Created
    headers:
      Etag:
      - '"6c170434609f1d9b44cd83853b87427e21cc8e6d"'
      Last-Modified:
      - Wed, 10 Jun 2015 18:26:43 GMT
      Content-Length:
      - '89'
      Location:
      - http://localhost:8983/fedora/rest/anno/f8/2c/bd/f4/f82cbdf4-e7a0-443b-898c-44e9004a3963/t
      Content-Type:
      - text/plain
    body:
      encoding: UTF-8
      string: http://localhost:8983/fedora/rest/anno/f8/2c/bd/f4/f82cbdf4-e7a0-443b-898c-44e9004a3963/t
    http_version: 
  recorded_at: Wed, 10 Jun 2015 18:26:43 GMT
- request:
    method: post
    uri: http://localhost:8983/fedora/rest/anno/f8/2c/bd/f4/f82cbdf4-e7a0-443b-898c-44e9004a3963/t
    body:
      encoding: UTF-8
      string: |
        @prefix ldp: <http://www.w3.org/ns/ldp#> .
        @prefix rdf: <http://www.w3.org/1999/02/22-rdf-syntax-ns#> .
        @prefix triannon: <http://triannon.stanford.edu/ns/> .

        <> a ldp:BasicContainer;
           triannon:externalReference <http://purl.stanford.edu/kq131cs7229> .
    headers:
      User-Agent:
      - Faraday v0.9.1
      Prefer:
      - return=respresentation; omit="http://fedora.info/definitions/v4/repository#ServerManaged"
      Content-Type:
      - application/x-turtle
      Accept-Encoding:
      - gzip;q=1.0,deflate;q=0.6,identity;q=0.3
      Accept:
      - "*/*"
  response:
    status:
      code: 201
      message: Created
    headers:
      Etag:
      - '"0dfdb1c8c576cae3c2adc9570609efb472f1745e"'
      Last-Modified:
      - Wed, 10 Jun 2015 18:26:43 GMT
      Content-Length:
      - '138'
      Location:
      - http://localhost:8983/fedora/rest/anno/f8/2c/bd/f4/f82cbdf4-e7a0-443b-898c-44e9004a3963/t/ab/da/8f/44/abda8f44-4c74-4ec7-ad4b-67997c6f517b
      Content-Type:
      - text/plain
    body:
      encoding: UTF-8
      string: http://localhost:8983/fedora/rest/anno/f8/2c/bd/f4/f82cbdf4-e7a0-443b-898c-44e9004a3963/t/ab/da/8f/44/abda8f44-4c74-4ec7-ad4b-67997c6f517b
    http_version: 
  recorded_at: Wed, 10 Jun 2015 18:26:43 GMT
- request:
    method: get
    uri: http://localhost:8983/fedora/rest/anno/f8/2c/bd/f4/f82cbdf4-e7a0-443b-898c-44e9004a3963
    body:
      encoding: US-ASCII
      string: ''
    headers:
      User-Agent:
      - Faraday v0.9.1
      Accept:
      - application/x-turtle
      Accept-Encoding:
      - gzip;q=1.0,deflate;q=0.6,identity;q=0.3
  response:
    status:
      code: 200
      message: OK
    headers:
      Etag:
      - '"48cc369d047b32cb68481ea25768b44bb71c2217"'
      Last-Modified:
      - Wed, 10 Jun 2015 18:26:43 GMT
      Link:
      - <http://www.w3.org/ns/ldp#BasicContainer>;rel="type"
      - <http://www.w3.org/ns/ldp#Container>;rel="type"
      - <http://www.w3.org/ns/ldp#Resource>;rel="type"
      Accept-Patch:
      - application/sparql-update
      Accept-Post:
      - text/turtle,text/rdf+n3,text/n3,application/rdf+xml,application/n-triples,multipart/form-data,application/sparql-update
      Allow:
      - MOVE,COPY,DELETE,POST,HEAD,GET,PUT,PATCH,OPTIONS
      Preference-Applied:
      - return=representation
      Vary:
      - Accept, Range, Accept-Encoding, Accept-Language
      - Prefer
      Content-Length:
      - '3552'
      Content-Type:
      - application/x-turtle
    body:
      encoding: UTF-8
      string: "@prefix premis: <http://www.loc.gov/premis/rdf/v1#> .\n@prefix image:
        <http://www.modeshape.org/images/1.0> .\n@prefix sv: <http://www.jcp.org/jcr/sv/1.0>
        .\n@prefix test: <info:fedora/test/> .\n@prefix nt: <http://www.jcp.org/jcr/nt/1.0>
        .\n@prefix cnt: <http://www.w3.org/2011/content#> .\n@prefix dcmitype: <http://purl.org/dc/dcmitype/>
        .\n@prefix rdfs: <http://www.w3.org/2000/01/rdf-schema#> .\n@prefix xsi: <http://www.w3.org/2001/XMLSchema-instance>
        .\n@prefix mode: <http://www.modeshape.org/1.0> .\n@prefix oa: <http://www.w3.org/ns/oa#>
        .\n@prefix triannon: <http://triannon.stanford.edu/ns/> .\n@prefix rdf: <http://www.w3.org/1999/02/22-rdf-syntax-ns#>
        .\n@prefix fedora: <http://fedora.info/definitions/v4/repository#> .\n@prefix
        xml: <http://www.w3.org/XML/1998/namespace> .\n@prefix ldp: <http://www.w3.org/ns/ldp#>
        .\n@prefix xs: <http://www.w3.org/2001/XMLSchema> .\n@prefix fedoraconfig:
        <http://fedora.info/definitions/v4/config#> .\n@prefix mix: <http://www.jcp.org/jcr/mix/1.0>
        .\n@prefix foaf: <http://xmlns.com/foaf/0.1/> .\n@prefix dc: <http://purl.org/dc/terms/>
        .\n\n\n<http://localhost:8983/fedora/rest/anno/f8/2c/bd/f4/f82cbdf4-e7a0-443b-898c-44e9004a3963>
        a ldp:RDFSource , ldp:Container , <http://www.jcp.org/jcr/nt/1.0folder> ,
        <http://www.jcp.org/jcr/nt/1.0hierarchyNode> , <http://www.jcp.org/jcr/nt/1.0base>
        , <http://www.jcp.org/jcr/mix/1.0created> , fedora:Container , oa:Annotation
        , fedora:Resource , ldp:BasicContainer , fedora:Resource , <http://www.jcp.org/jcr/mix/1.0created>
        , <http://www.jcp.org/jcr/mix/1.0lastModified> , <http://www.jcp.org/jcr/mix/1.0referenceable>
        , fedora:Container ;\n\tfedora:lastModifiedBy \"bypassAdmin\"^^<http://www.w3.org/2001/XMLSchema#string>
        ;\n\tfedora:uuid \"267fca46-c491-4f1d-941f-74d1b0612e96\"^^<http://www.w3.org/2001/XMLSchema#string>
        ;\n\tfedora:createdBy \"bypassAdmin\"^^<http://www.w3.org/2001/XMLSchema#string>
        ;\n\tfedora:primaryType \"nt:folder\"^^<http://www.w3.org/2001/XMLSchema#string>
        ;\n\tfedora:created \"2015-06-10T18:26:43.391Z\"^^<http://www.w3.org/2001/XMLSchema#dateTime>
        ;\n\tfedora:mixinTypes \"fedora:Container\"^^<http://www.w3.org/2001/XMLSchema#string>
        , \"oa:Annotation\"^^<http://www.w3.org/2001/XMLSchema#string> , \"fedora:Resource\"^^<http://www.w3.org/2001/XMLSchema#string>
        , \"ldp:BasicContainer\"^^<http://www.w3.org/2001/XMLSchema#string> ;\n\tfedora:lastModified
        \"2015-06-10T18:26:43.48Z\"^^<http://www.w3.org/2001/XMLSchema#dateTime> ;\n\toa:motivatedBy
        oa:commenting ;\n\tfedora:writable \"true\"^^<http://www.w3.org/2001/XMLSchema#boolean>
        ;\n\tfedora:hasParent <http://localhost:8983/fedora/rest/anno> ;\n\tldp:contains
        <http://localhost:8983/fedora/rest/anno/f8/2c/bd/f4/f82cbdf4-e7a0-443b-898c-44e9004a3963/b>
        , <http://localhost:8983/fedora/rest/anno/f8/2c/bd/f4/f82cbdf4-e7a0-443b-898c-44e9004a3963/t>
        ;\n\toa:hasTarget <http://localhost:8983/fedora/rest/anno/f8/2c/bd/f4/f82cbdf4-e7a0-443b-898c-44e9004a3963/t/ab/da/8f/44/abda8f44-4c74-4ec7-ad4b-67997c6f517b>
        ;\n\toa:hasBody <http://localhost:8983/fedora/rest/anno/f8/2c/bd/f4/f82cbdf4-e7a0-443b-898c-44e9004a3963/b/8b/da/45/71/8bda4571-d586-4620-a0f4-a07956a81d70>
        ;\n\tfedora:exportsAs <http://localhost:8983/fedora/rest/anno/f8/2c/bd/f4/f82cbdf4-e7a0-443b-898c-44e9004a3963/fcr:export?format=jcr/xml>
        .\n\n<http://localhost:8983/fedora/rest/anno/f8/2c/bd/f4/f82cbdf4-e7a0-443b-898c-44e9004a3963/fcr:export?format=jcr/xml>
        <http://purl.org/dc/elements/1.1/format> <http://fedora.info/definitions/v4/repository#jcr/xml>
        .\n\n<http://fedora.info/definitions/v4/repository#jcr/xml> rdfs:label \"jcr/xml\"^^<http://www.w3.org/2001/XMLSchema#string>
        .\n"
    http_version: 
  recorded_at: Wed, 10 Jun 2015 18:26:43 GMT
recorded_with: VCR 2.9.3
