---
http_interactions:
- request:
    method: head
    uri: http://localhost:8983/fedora/rest/anno/choice_integration_specs
    body:
      encoding: US-ASCII
      string: ''
    headers:
      User-Agent:
      - Faraday v0.9.1
      Accept:
      - "*/*"
  response:
    status:
      code: 200
      message: OK
    headers:
      Etag:
      - '"3f4771179a09373ba1f472658232bf6d25dfc54c"'
      Last-Modified:
      - Tue, 23 Jun 2015 21:00:27 GMT
      Link:
      - <http://www.w3.org/ns/ldp#BasicContainer>;rel="type"
      - <http://www.w3.org/ns/ldp#Container>;rel="type"
      - <http://www.w3.org/ns/ldp#Resource>;rel="type"
      Accept-Patch:
      - application/sparql-update
      Accept-Post:
      - text/turtle,text/rdf+n3,text/n3,application/rdf+xml,application/n-triples,multipart/form-data,application/sparql-update
      Allow:
      - MOVE,COPY,DELETE,POST,HEAD,GET,PUT,PATCH,OPTIONS
      Content-Type:
      - text/tab-separated-values
      Content-Length:
      - '0'
    body:
      encoding: UTF-8
      string: ''
    http_version: 
  recorded_at: Tue, 23 Jun 2015 21:00:27 GMT
- request:
    method: post
    uri: http://localhost:8983/fedora/rest/anno/choice_integration_specs
    body:
      encoding: UTF-8
      string: |
        @prefix ldp: <http://www.w3.org/ns/ldp#> .
        @prefix oa: <http://www.w3.org/ns/oa#> .
        @prefix rdf: <http://www.w3.org/1999/02/22-rdf-syntax-ns#> .

        <> a oa:Annotation,
             ldp:BasicContainer;
           oa:motivatedBy oa:commenting .
    headers:
      User-Agent:
      - Faraday v0.9.1
      Prefer:
      - return=respresentation; omit="http://fedora.info/definitions/v4/repository#ServerManaged"
      Content-Type:
      - application/x-turtle
      Accept-Encoding:
      - gzip;q=1.0,deflate;q=0.6,identity;q=0.3
      Accept:
      - "*/*"
  response:
    status:
      code: 201
      message: Created
    headers:
      Etag:
      - '"1b1a82c74c65d5023c0e308e5575e540aaf99254"'
      Last-Modified:
      - Tue, 23 Jun 2015 21:00:27 GMT
      Content-Length:
      - '112'
      Location:
      - http://localhost:8983/fedora/rest/anno/choice_integration_specs/d2/34/6f/79/d2346f79-c884-4e6d-ad0a-d3ded3a6ba0a
      Content-Type:
      - text/plain
    body:
      encoding: UTF-8
      string: http://localhost:8983/fedora/rest/anno/choice_integration_specs/d2/34/6f/79/d2346f79-c884-4e6d-ad0a-d3ded3a6ba0a
    http_version: 
  recorded_at: Tue, 23 Jun 2015 21:00:27 GMT
- request:
    method: post
    uri: http://localhost:8983/fedora/rest/anno/choice_integration_specs/d2/34/6f/79/d2346f79-c884-4e6d-ad0a-d3ded3a6ba0a
    body:
      encoding: UTF-8
      string: |
        @prefix ldp: <http://www.w3.org/ns/ldp#> .
        @prefix oa: <http://www.w3.org/ns/oa#> .
        @prefix rdf: <http://www.w3.org/1999/02/22-rdf-syntax-ns#> .

        <> a ldp:DirectContainer;
           ldp:hasMemberRelation oa:hasBody;
           ldp:membershipResource <http://localhost:8983/fedora/rest/anno/choice_integration_specs/d2/34/6f/79/d2346f79-c884-4e6d-ad0a-d3ded3a6ba0a> .
    headers:
      User-Agent:
      - Faraday v0.9.1
      Prefer:
      - return=respresentation; omit="http://fedora.info/definitions/v4/repository#ServerManaged"
      Content-Type:
      - application/x-turtle
      Slug:
      - b
      Accept-Encoding:
      - gzip;q=1.0,deflate;q=0.6,identity;q=0.3
      Accept:
      - "*/*"
  response:
    status:
      code: 201
      message: Created
    headers:
      Etag:
      - '"01e5c89edf22f1f17bbdd06ddf082ab9e8ec9675"'
      Last-Modified:
      - Tue, 23 Jun 2015 21:00:27 GMT
      Content-Length:
      - '114'
      Location:
      - http://localhost:8983/fedora/rest/anno/choice_integration_specs/d2/34/6f/79/d2346f79-c884-4e6d-ad0a-d3ded3a6ba0a/b
      Content-Type:
      - text/plain
    body:
      encoding: UTF-8
      string: http://localhost:8983/fedora/rest/anno/choice_integration_specs/d2/34/6f/79/d2346f79-c884-4e6d-ad0a-d3ded3a6ba0a/b
    http_version: 
  recorded_at: Tue, 23 Jun 2015 21:00:27 GMT
- request:
    method: post
    uri: http://localhost:8983/fedora/rest/anno/choice_integration_specs/d2/34/6f/79/d2346f79-c884-4e6d-ad0a-d3ded3a6ba0a/b
    body:
      encoding: UTF-8
      string: |
        @prefix dc11: <http://purl.org/dc/elements/1.1/> .
        @prefix dcmitype: <http://purl.org/dc/dcmitype/> .
        @prefix ldp: <http://www.w3.org/ns/ldp#> .
        @prefix oa: <http://www.w3.org/ns/oa#> .
        @prefix rdf: <http://www.w3.org/1999/02/22-rdf-syntax-ns#> .
        @prefix triannon: <http://triannon.stanford.edu/ns/> .
        @prefix xsd: <http://www.w3.org/2001/XMLSchema#> .

        <> a ldp:BasicContainer,
             oa:Choice;
           oa:default <#default>;
           oa:item <#item1> .

        <#default> a dcmitype:Sound;
           dc11:format "audio/mpeg3";
           triannon:externalReference <http://www.myaudioblog.com/post/1.mp3> .

        <#item1> a dcmitype:Text;
           dc11:format "text/plain";
           triannon:externalReference <http://text.transcriptions.com> .
    headers:
      User-Agent:
      - Faraday v0.9.1
      Prefer:
      - return=respresentation; omit="http://fedora.info/definitions/v4/repository#ServerManaged"
      Content-Type:
      - application/x-turtle
      Accept-Encoding:
      - gzip;q=1.0,deflate;q=0.6,identity;q=0.3
      Accept:
      - "*/*"
  response:
    status:
      code: 201
      message: Created
    headers:
      Etag:
      - '"fbd62c9724301f09ccf597cc01b2f3ab25c3e334"'
      Last-Modified:
      - Tue, 23 Jun 2015 21:00:27 GMT
      Content-Length:
      - '163'
      Location:
      - http://localhost:8983/fedora/rest/anno/choice_integration_specs/d2/34/6f/79/d2346f79-c884-4e6d-ad0a-d3ded3a6ba0a/b/3b/3f/93/b8/3b3f93b8-6a01-4197-b4b6-7c0808ba4cee
      Content-Type:
      - text/plain
    body:
      encoding: UTF-8
      string: http://localhost:8983/fedora/rest/anno/choice_integration_specs/d2/34/6f/79/d2346f79-c884-4e6d-ad0a-d3ded3a6ba0a/b/3b/3f/93/b8/3b3f93b8-6a01-4197-b4b6-7c0808ba4cee
    http_version: 
  recorded_at: Tue, 23 Jun 2015 21:00:27 GMT
- request:
    method: post
    uri: http://localhost:8983/fedora/rest/anno/choice_integration_specs/d2/34/6f/79/d2346f79-c884-4e6d-ad0a-d3ded3a6ba0a
    body:
      encoding: UTF-8
      string: |
        @prefix ldp: <http://www.w3.org/ns/ldp#> .
        @prefix oa: <http://www.w3.org/ns/oa#> .
        @prefix rdf: <http://www.w3.org/1999/02/22-rdf-syntax-ns#> .

        <> a ldp:DirectContainer;
           ldp:hasMemberRelation oa:hasTarget;
           ldp:membershipResource <http://localhost:8983/fedora/rest/anno/choice_integration_specs/d2/34/6f/79/d2346f79-c884-4e6d-ad0a-d3ded3a6ba0a> .
    headers:
      User-Agent:
      - Faraday v0.9.1
      Prefer:
      - return=respresentation; omit="http://fedora.info/definitions/v4/repository#ServerManaged"
      Content-Type:
      - application/x-turtle
      Slug:
      - t
      Accept-Encoding:
      - gzip;q=1.0,deflate;q=0.6,identity;q=0.3
      Accept:
      - "*/*"
  response:
    status:
      code: 201
      message: Created
    headers:
      Etag:
      - '"f9063ad10706c0a2b6fa4ce0b8001fb097eacb8c"'
      Last-Modified:
      - Tue, 23 Jun 2015 21:00:27 GMT
      Content-Length:
      - '114'
      Location:
      - http://localhost:8983/fedora/rest/anno/choice_integration_specs/d2/34/6f/79/d2346f79-c884-4e6d-ad0a-d3ded3a6ba0a/t
      Content-Type:
      - text/plain
    body:
      encoding: UTF-8
      string: http://localhost:8983/fedora/rest/anno/choice_integration_specs/d2/34/6f/79/d2346f79-c884-4e6d-ad0a-d3ded3a6ba0a/t
    http_version: 
  recorded_at: Tue, 23 Jun 2015 21:00:27 GMT
- request:
    method: post
    uri: http://localhost:8983/fedora/rest/anno/choice_integration_specs/d2/34/6f/79/d2346f79-c884-4e6d-ad0a-d3ded3a6ba0a/t
    body:
      encoding: UTF-8
      string: |
        @prefix ldp: <http://www.w3.org/ns/ldp#> .
        @prefix rdf: <http://www.w3.org/1999/02/22-rdf-syntax-ns#> .
        @prefix triannon: <http://triannon.stanford.edu/ns/> .

        <> a ldp:BasicContainer;
           triannon:externalReference <http://purl.stanford.edu/kq131cs7229> .
    headers:
      User-Agent:
      - Faraday v0.9.1
      Prefer:
      - return=respresentation; omit="http://fedora.info/definitions/v4/repository#ServerManaged"
      Content-Type:
      - application/x-turtle
      Accept-Encoding:
      - gzip;q=1.0,deflate;q=0.6,identity;q=0.3
      Accept:
      - "*/*"
  response:
    status:
      code: 201
      message: Created
    headers:
      Etag:
      - '"8795335652bca3ee75efdd66f24b37b0895f2a4d"'
      Last-Modified:
      - Tue, 23 Jun 2015 21:00:27 GMT
      Content-Length:
      - '163'
      Location:
      - http://localhost:8983/fedora/rest/anno/choice_integration_specs/d2/34/6f/79/d2346f79-c884-4e6d-ad0a-d3ded3a6ba0a/t/9f/db/02/eb/9fdb02eb-3bed-4943-90de-5a492b0261ca
      Content-Type:
      - text/plain
    body:
      encoding: UTF-8
      string: http://localhost:8983/fedora/rest/anno/choice_integration_specs/d2/34/6f/79/d2346f79-c884-4e6d-ad0a-d3ded3a6ba0a/t/9f/db/02/eb/9fdb02eb-3bed-4943-90de-5a492b0261ca
    http_version: 
  recorded_at: Tue, 23 Jun 2015 21:00:27 GMT
- request:
    method: get
    uri: http://localhost:8983/fedora/rest/anno/choice_integration_specs/d2/34/6f/79/d2346f79-c884-4e6d-ad0a-d3ded3a6ba0a
    body:
      encoding: US-ASCII
      string: ''
    headers:
      User-Agent:
      - Faraday v0.9.1
      Prefer:
      - return=respresentation; omit="http://fedora.info/definitions/v4/repository#ServerManaged"
      Accept:
      - application/x-turtle
      Accept-Encoding:
      - gzip;q=1.0,deflate;q=0.6,identity;q=0.3
  response:
    status:
      code: 200
      message: OK
    headers:
      Etag:
      - '"8a0a8b637270551e15490700432b8de9dbdba92c"'
      Last-Modified:
      - Tue, 23 Jun 2015 21:00:27 GMT
      Link:
      - <http://www.w3.org/ns/ldp#BasicContainer>;rel="type"
      - <http://www.w3.org/ns/ldp#Container>;rel="type"
      - <http://www.w3.org/ns/ldp#Resource>;rel="type"
      Accept-Patch:
      - application/sparql-update
      Accept-Post:
      - text/turtle,text/rdf+n3,text/n3,application/rdf+xml,application/n-triples,multipart/form-data,application/sparql-update
      Allow:
      - MOVE,COPY,DELETE,POST,HEAD,GET,PUT,PATCH,OPTIONS
      Preference-Applied:
      - return=representation
      Vary:
      - Accept, Range, Accept-Encoding, Accept-Language
      - Prefer
      Content-Length:
      - '1880'
      Content-Type:
      - application/x-turtle
    body:
      encoding: UTF-8
      string: "@prefix premis: <http://www.loc.gov/premis/rdf/v1#> .\n@prefix image:
        <http://www.modeshape.org/images/1.0> .\n@prefix sv: <http://www.jcp.org/jcr/sv/1.0>
        .\n@prefix test: <info:fedora/test/> .\n@prefix nt: <http://www.jcp.org/jcr/nt/1.0>
        .\n@prefix cnt: <http://www.w3.org/2011/content#> .\n@prefix dcmitype: <http://purl.org/dc/dcmitype/>
        .\n@prefix rdfs: <http://www.w3.org/2000/01/rdf-schema#> .\n@prefix xsi: <http://www.w3.org/2001/XMLSchema-instance>
        .\n@prefix mode: <http://www.modeshape.org/1.0> .\n@prefix oa: <http://www.w3.org/ns/oa#>
        .\n@prefix triannon: <http://triannon.stanford.edu/ns/> .\n@prefix rdf: <http://www.w3.org/1999/02/22-rdf-syntax-ns#>
        .\n@prefix fedora: <http://fedora.info/definitions/v4/repository#> .\n@prefix
        xml: <http://www.w3.org/XML/1998/namespace> .\n@prefix ldp: <http://www.w3.org/ns/ldp#>
        .\n@prefix xs: <http://www.w3.org/2001/XMLSchema> .\n@prefix fedoraconfig:
        <http://fedora.info/definitions/v4/config#> .\n@prefix mix: <http://www.jcp.org/jcr/mix/1.0>
        .\n@prefix foaf: <http://xmlns.com/foaf/0.1/> .\n@prefix dc: <http://purl.org/dc/elements/1.1/>
        .\n\n\n<http://localhost:8983/fedora/rest/anno/choice_integration_specs/d2/34/6f/79/d2346f79-c884-4e6d-ad0a-d3ded3a6ba0a>
        a oa:Annotation , ldp:BasicContainer ;\n\toa:motivatedBy oa:commenting ;\n\tldp:contains
        <http://localhost:8983/fedora/rest/anno/choice_integration_specs/d2/34/6f/79/d2346f79-c884-4e6d-ad0a-d3ded3a6ba0a/b>
        , <http://localhost:8983/fedora/rest/anno/choice_integration_specs/d2/34/6f/79/d2346f79-c884-4e6d-ad0a-d3ded3a6ba0a/t>
        ;\n\toa:hasBody <http://localhost:8983/fedora/rest/anno/choice_integration_specs/d2/34/6f/79/d2346f79-c884-4e6d-ad0a-d3ded3a6ba0a/b/3b/3f/93/b8/3b3f93b8-6a01-4197-b4b6-7c0808ba4cee>
        ;\n\toa:hasTarget <http://localhost:8983/fedora/rest/anno/choice_integration_specs/d2/34/6f/79/d2346f79-c884-4e6d-ad0a-d3ded3a6ba0a/t/9f/db/02/eb/9fdb02eb-3bed-4943-90de-5a492b0261ca>
        .\n"
    http_version: 
  recorded_at: Tue, 23 Jun 2015 21:00:27 GMT
- request:
    method: get
    uri: http://localhost:8983/fedora/rest/anno/choice_integration_specs/d2/34/6f/79/d2346f79-c884-4e6d-ad0a-d3ded3a6ba0a/b/3b/3f/93/b8/3b3f93b8-6a01-4197-b4b6-7c0808ba4cee
    body:
      encoding: US-ASCII
      string: ''
    headers:
      User-Agent:
      - Faraday v0.9.1
      Prefer:
      - return=respresentation; omit="http://fedora.info/definitions/v4/repository#ServerManaged"
      Accept:
      - application/x-turtle
      Accept-Encoding:
      - gzip;q=1.0,deflate;q=0.6,identity;q=0.3
  response:
    status:
      code: 200
      message: OK
    headers:
      Etag:
      - '"fbd62c9724301f09ccf597cc01b2f3ab25c3e334"'
      Last-Modified:
      - Tue, 23 Jun 2015 21:00:27 GMT
      Link:
      - <http://www.w3.org/ns/ldp#BasicContainer>;rel="type"
      - <http://www.w3.org/ns/ldp#Container>;rel="type"
      - <http://www.w3.org/ns/ldp#Resource>;rel="type"
      Accept-Patch:
      - application/sparql-update
      Accept-Post:
      - text/turtle,text/rdf+n3,text/n3,application/rdf+xml,application/n-triples,multipart/form-data,application/sparql-update
      Allow:
      - MOVE,COPY,DELETE,POST,HEAD,GET,PUT,PATCH,OPTIONS
      Preference-Applied:
      - return=representation
      Vary:
      - Accept, Range, Accept-Encoding, Accept-Language
      - Prefer
      Content-Length:
      - '2309'
      Content-Type:
      - application/x-turtle
    body:
      encoding: UTF-8
      string: "@prefix premis: <http://www.loc.gov/premis/rdf/v1#> .\n@prefix image:
        <http://www.modeshape.org/images/1.0> .\n@prefix sv: <http://www.jcp.org/jcr/sv/1.0>
        .\n@prefix test: <info:fedora/test/> .\n@prefix nt: <http://www.jcp.org/jcr/nt/1.0>
        .\n@prefix cnt: <http://www.w3.org/2011/content#> .\n@prefix dcmitype: <http://purl.org/dc/dcmitype/>
        .\n@prefix rdfs: <http://www.w3.org/2000/01/rdf-schema#> .\n@prefix xsi: <http://www.w3.org/2001/XMLSchema-instance>
        .\n@prefix mode: <http://www.modeshape.org/1.0> .\n@prefix oa: <http://www.w3.org/ns/oa#>
        .\n@prefix triannon: <http://triannon.stanford.edu/ns/> .\n@prefix rdf: <http://www.w3.org/1999/02/22-rdf-syntax-ns#>
        .\n@prefix fedora: <http://fedora.info/definitions/v4/repository#> .\n@prefix
        xml: <http://www.w3.org/XML/1998/namespace> .\n@prefix ldp: <http://www.w3.org/ns/ldp#>
        .\n@prefix xs: <http://www.w3.org/2001/XMLSchema> .\n@prefix fedoraconfig:
        <http://fedora.info/definitions/v4/config#> .\n@prefix mix: <http://www.jcp.org/jcr/mix/1.0>
        .\n@prefix foaf: <http://xmlns.com/foaf/0.1/> .\n@prefix dc: <http://purl.org/dc/elements/1.1/>
        .\n\n\n<http://localhost:8983/fedora/rest/anno/choice_integration_specs/d2/34/6f/79/d2346f79-c884-4e6d-ad0a-d3ded3a6ba0a/b/3b/3f/93/b8/3b3f93b8-6a01-4197-b4b6-7c0808ba4cee>
        a oa:Choice , ldp:BasicContainer ;\n\toa:item <http://localhost:8983/fedora/rest/anno/choice_integration_specs/d2/34/6f/79/d2346f79-c884-4e6d-ad0a-d3ded3a6ba0a/b/3b/3f/93/b8/3b3f93b8-6a01-4197-b4b6-7c0808ba4cee#item1>
        ;\n\toa:default <http://localhost:8983/fedora/rest/anno/choice_integration_specs/d2/34/6f/79/d2346f79-c884-4e6d-ad0a-d3ded3a6ba0a/b/3b/3f/93/b8/3b3f93b8-6a01-4197-b4b6-7c0808ba4cee#default>
        .\n\n<http://localhost:8983/fedora/rest/anno/choice_integration_specs/d2/34/6f/79/d2346f79-c884-4e6d-ad0a-d3ded3a6ba0a/b/3b/3f/93/b8/3b3f93b8-6a01-4197-b4b6-7c0808ba4cee#default>
        a dcmitype:Sound ;\n\ttriannon:externalReference <http://www.myaudioblog.com/post/1.mp3>
        ;\n\tdc:format \"audio/mpeg3\"^^<http://www.w3.org/2001/XMLSchema#string>
        .\n\n<http://localhost:8983/fedora/rest/anno/choice_integration_specs/d2/34/6f/79/d2346f79-c884-4e6d-ad0a-d3ded3a6ba0a/b/3b/3f/93/b8/3b3f93b8-6a01-4197-b4b6-7c0808ba4cee#item1>
        a dcmitype:Text ;\n\ttriannon:externalReference <http://text.transcriptions.com>
        ;\n\tdc:format \"text/plain\"^^<http://www.w3.org/2001/XMLSchema#string> .\n"
    http_version: 
  recorded_at: Tue, 23 Jun 2015 21:00:27 GMT
- request:
    method: get
    uri: http://localhost:8983/fedora/rest/anno/choice_integration_specs/d2/34/6f/79/d2346f79-c884-4e6d-ad0a-d3ded3a6ba0a/t/9f/db/02/eb/9fdb02eb-3bed-4943-90de-5a492b0261ca
    body:
      encoding: US-ASCII
      string: ''
    headers:
      User-Agent:
      - Faraday v0.9.1
      Prefer:
      - return=respresentation; omit="http://fedora.info/definitions/v4/repository#ServerManaged"
      Accept:
      - application/x-turtle
      Accept-Encoding:
      - gzip;q=1.0,deflate;q=0.6,identity;q=0.3
  response:
    status:
      code: 200
      message: OK
    headers:
      Etag:
      - '"8795335652bca3ee75efdd66f24b37b0895f2a4d"'
      Last-Modified:
      - Tue, 23 Jun 2015 21:00:27 GMT
      Link:
      - <http://www.w3.org/ns/ldp#BasicContainer>;rel="type"
      - <http://www.w3.org/ns/ldp#Container>;rel="type"
      - <http://www.w3.org/ns/ldp#Resource>;rel="type"
      Accept-Patch:
      - application/sparql-update
      Accept-Post:
      - text/turtle,text/rdf+n3,text/n3,application/rdf+xml,application/n-triples,multipart/form-data,application/sparql-update
      Allow:
      - MOVE,COPY,DELETE,POST,HEAD,GET,PUT,PATCH,OPTIONS
      Preference-Applied:
      - return=representation
      Vary:
      - Accept, Range, Accept-Encoding, Accept-Language
      - Prefer
      Content-Length:
      - '1338'
      Content-Type:
      - application/x-turtle
    body:
      encoding: UTF-8
      string: "@prefix premis: <http://www.loc.gov/premis/rdf/v1#> .\n@prefix image:
        <http://www.modeshape.org/images/1.0> .\n@prefix sv: <http://www.jcp.org/jcr/sv/1.0>
        .\n@prefix test: <info:fedora/test/> .\n@prefix nt: <http://www.jcp.org/jcr/nt/1.0>
        .\n@prefix cnt: <http://www.w3.org/2011/content#> .\n@prefix dcmitype: <http://purl.org/dc/dcmitype/>
        .\n@prefix rdfs: <http://www.w3.org/2000/01/rdf-schema#> .\n@prefix xsi: <http://www.w3.org/2001/XMLSchema-instance>
        .\n@prefix mode: <http://www.modeshape.org/1.0> .\n@prefix oa: <http://www.w3.org/ns/oa#>
        .\n@prefix triannon: <http://triannon.stanford.edu/ns/> .\n@prefix rdf: <http://www.w3.org/1999/02/22-rdf-syntax-ns#>
        .\n@prefix fedora: <http://fedora.info/definitions/v4/repository#> .\n@prefix
        xml: <http://www.w3.org/XML/1998/namespace> .\n@prefix ldp: <http://www.w3.org/ns/ldp#>
        .\n@prefix xs: <http://www.w3.org/2001/XMLSchema> .\n@prefix fedoraconfig:
        <http://fedora.info/definitions/v4/config#> .\n@prefix mix: <http://www.jcp.org/jcr/mix/1.0>
        .\n@prefix foaf: <http://xmlns.com/foaf/0.1/> .\n@prefix dc: <http://purl.org/dc/elements/1.1/>
        .\n\n\n<http://localhost:8983/fedora/rest/anno/choice_integration_specs/d2/34/6f/79/d2346f79-c884-4e6d-ad0a-d3ded3a6ba0a/t/9f/db/02/eb/9fdb02eb-3bed-4943-90de-5a492b0261ca>
        a ldp:BasicContainer ;\n\ttriannon:externalReference <http://purl.stanford.edu/kq131cs7229>
        .\n"
    http_version: 
  recorded_at: Tue, 23 Jun 2015 21:00:28 GMT
- request:
    method: get
    uri: http://localhost:8983/fedora/rest/anno/choice_integration_specs/d2/34/6f/79/d2346f79-c884-4e6d-ad0a-d3ded3a6ba0a
    body:
      encoding: US-ASCII
      string: ''
    headers:
      User-Agent:
      - Faraday v0.9.1
      Prefer:
      - return=respresentation; omit="http://fedora.info/definitions/v4/repository#ServerManaged"
      Accept:
      - application/x-turtle
      Accept-Encoding:
      - gzip;q=1.0,deflate;q=0.6,identity;q=0.3
  response:
    status:
      code: 200
      message: OK
    headers:
      Etag:
      - '"8a0a8b637270551e15490700432b8de9dbdba92c"'
      Last-Modified:
      - Tue, 23 Jun 2015 21:00:27 GMT
      Link:
      - <http://www.w3.org/ns/ldp#BasicContainer>;rel="type"
      - <http://www.w3.org/ns/ldp#Container>;rel="type"
      - <http://www.w3.org/ns/ldp#Resource>;rel="type"
      Accept-Patch:
      - application/sparql-update
      Accept-Post:
      - text/turtle,text/rdf+n3,text/n3,application/rdf+xml,application/n-triples,multipart/form-data,application/sparql-update
      Allow:
      - MOVE,COPY,DELETE,POST,HEAD,GET,PUT,PATCH,OPTIONS
      Preference-Applied:
      - return=representation
      Vary:
      - Accept, Range, Accept-Encoding, Accept-Language
      - Prefer
      Content-Length:
      - '1880'
      Content-Type:
      - application/x-turtle
    body:
      encoding: UTF-8
      string: "@prefix premis: <http://www.loc.gov/premis/rdf/v1#> .\n@prefix image:
        <http://www.modeshape.org/images/1.0> .\n@prefix sv: <http://www.jcp.org/jcr/sv/1.0>
        .\n@prefix test: <info:fedora/test/> .\n@prefix nt: <http://www.jcp.org/jcr/nt/1.0>
        .\n@prefix cnt: <http://www.w3.org/2011/content#> .\n@prefix dcmitype: <http://purl.org/dc/dcmitype/>
        .\n@prefix rdfs: <http://www.w3.org/2000/01/rdf-schema#> .\n@prefix xsi: <http://www.w3.org/2001/XMLSchema-instance>
        .\n@prefix mode: <http://www.modeshape.org/1.0> .\n@prefix oa: <http://www.w3.org/ns/oa#>
        .\n@prefix triannon: <http://triannon.stanford.edu/ns/> .\n@prefix rdf: <http://www.w3.org/1999/02/22-rdf-syntax-ns#>
        .\n@prefix fedora: <http://fedora.info/definitions/v4/repository#> .\n@prefix
        xml: <http://www.w3.org/XML/1998/namespace> .\n@prefix ldp: <http://www.w3.org/ns/ldp#>
        .\n@prefix xs: <http://www.w3.org/2001/XMLSchema> .\n@prefix fedoraconfig:
        <http://fedora.info/definitions/v4/config#> .\n@prefix mix: <http://www.jcp.org/jcr/mix/1.0>
        .\n@prefix foaf: <http://xmlns.com/foaf/0.1/> .\n@prefix dc: <http://purl.org/dc/elements/1.1/>
        .\n\n\n<http://localhost:8983/fedora/rest/anno/choice_integration_specs/d2/34/6f/79/d2346f79-c884-4e6d-ad0a-d3ded3a6ba0a>
        a oa:Annotation , ldp:BasicContainer ;\n\toa:motivatedBy oa:commenting ;\n\tldp:contains
        <http://localhost:8983/fedora/rest/anno/choice_integration_specs/d2/34/6f/79/d2346f79-c884-4e6d-ad0a-d3ded3a6ba0a/b>
        , <http://localhost:8983/fedora/rest/anno/choice_integration_specs/d2/34/6f/79/d2346f79-c884-4e6d-ad0a-d3ded3a6ba0a/t>
        ;\n\toa:hasBody <http://localhost:8983/fedora/rest/anno/choice_integration_specs/d2/34/6f/79/d2346f79-c884-4e6d-ad0a-d3ded3a6ba0a/b/3b/3f/93/b8/3b3f93b8-6a01-4197-b4b6-7c0808ba4cee>
        ;\n\toa:hasTarget <http://localhost:8983/fedora/rest/anno/choice_integration_specs/d2/34/6f/79/d2346f79-c884-4e6d-ad0a-d3ded3a6ba0a/t/9f/db/02/eb/9fdb02eb-3bed-4943-90de-5a492b0261ca>
        .\n"
    http_version: 
  recorded_at: Tue, 23 Jun 2015 21:00:28 GMT
- request:
    method: get
    uri: http://localhost:8983/fedora/rest/anno/choice_integration_specs/d2/34/6f/79/d2346f79-c884-4e6d-ad0a-d3ded3a6ba0a/b/3b/3f/93/b8/3b3f93b8-6a01-4197-b4b6-7c0808ba4cee
    body:
      encoding: US-ASCII
      string: ''
    headers:
      User-Agent:
      - Faraday v0.9.1
      Prefer:
      - return=respresentation; omit="http://fedora.info/definitions/v4/repository#ServerManaged"
      Accept:
      - application/x-turtle
      Accept-Encoding:
      - gzip;q=1.0,deflate;q=0.6,identity;q=0.3
  response:
    status:
      code: 200
      message: OK
    headers:
      Etag:
      - '"fbd62c9724301f09ccf597cc01b2f3ab25c3e334"'
      Last-Modified:
      - Tue, 23 Jun 2015 21:00:27 GMT
      Link:
      - <http://www.w3.org/ns/ldp#BasicContainer>;rel="type"
      - <http://www.w3.org/ns/ldp#Container>;rel="type"
      - <http://www.w3.org/ns/ldp#Resource>;rel="type"
      Accept-Patch:
      - application/sparql-update
      Accept-Post:
      - text/turtle,text/rdf+n3,text/n3,application/rdf+xml,application/n-triples,multipart/form-data,application/sparql-update
      Allow:
      - MOVE,COPY,DELETE,POST,HEAD,GET,PUT,PATCH,OPTIONS
      Preference-Applied:
      - return=representation
      Vary:
      - Accept, Range, Accept-Encoding, Accept-Language
      - Prefer
      Content-Length:
      - '2309'
      Content-Type:
      - application/x-turtle
    body:
      encoding: UTF-8
      string: "@prefix premis: <http://www.loc.gov/premis/rdf/v1#> .\n@prefix image:
        <http://www.modeshape.org/images/1.0> .\n@prefix sv: <http://www.jcp.org/jcr/sv/1.0>
        .\n@prefix test: <info:fedora/test/> .\n@prefix nt: <http://www.jcp.org/jcr/nt/1.0>
        .\n@prefix cnt: <http://www.w3.org/2011/content#> .\n@prefix dcmitype: <http://purl.org/dc/dcmitype/>
        .\n@prefix rdfs: <http://www.w3.org/2000/01/rdf-schema#> .\n@prefix xsi: <http://www.w3.org/2001/XMLSchema-instance>
        .\n@prefix mode: <http://www.modeshape.org/1.0> .\n@prefix oa: <http://www.w3.org/ns/oa#>
        .\n@prefix triannon: <http://triannon.stanford.edu/ns/> .\n@prefix rdf: <http://www.w3.org/1999/02/22-rdf-syntax-ns#>
        .\n@prefix fedora: <http://fedora.info/definitions/v4/repository#> .\n@prefix
        xml: <http://www.w3.org/XML/1998/namespace> .\n@prefix ldp: <http://www.w3.org/ns/ldp#>
        .\n@prefix xs: <http://www.w3.org/2001/XMLSchema> .\n@prefix fedoraconfig:
        <http://fedora.info/definitions/v4/config#> .\n@prefix mix: <http://www.jcp.org/jcr/mix/1.0>
        .\n@prefix foaf: <http://xmlns.com/foaf/0.1/> .\n@prefix dc: <http://purl.org/dc/elements/1.1/>
        .\n\n\n<http://localhost:8983/fedora/rest/anno/choice_integration_specs/d2/34/6f/79/d2346f79-c884-4e6d-ad0a-d3ded3a6ba0a/b/3b/3f/93/b8/3b3f93b8-6a01-4197-b4b6-7c0808ba4cee>
        a oa:Choice , ldp:BasicContainer ;\n\toa:item <http://localhost:8983/fedora/rest/anno/choice_integration_specs/d2/34/6f/79/d2346f79-c884-4e6d-ad0a-d3ded3a6ba0a/b/3b/3f/93/b8/3b3f93b8-6a01-4197-b4b6-7c0808ba4cee#item1>
        ;\n\toa:default <http://localhost:8983/fedora/rest/anno/choice_integration_specs/d2/34/6f/79/d2346f79-c884-4e6d-ad0a-d3ded3a6ba0a/b/3b/3f/93/b8/3b3f93b8-6a01-4197-b4b6-7c0808ba4cee#default>
        .\n\n<http://localhost:8983/fedora/rest/anno/choice_integration_specs/d2/34/6f/79/d2346f79-c884-4e6d-ad0a-d3ded3a6ba0a/b/3b/3f/93/b8/3b3f93b8-6a01-4197-b4b6-7c0808ba4cee#default>
        a dcmitype:Sound ;\n\ttriannon:externalReference <http://www.myaudioblog.com/post/1.mp3>
        ;\n\tdc:format \"audio/mpeg3\"^^<http://www.w3.org/2001/XMLSchema#string>
        .\n\n<http://localhost:8983/fedora/rest/anno/choice_integration_specs/d2/34/6f/79/d2346f79-c884-4e6d-ad0a-d3ded3a6ba0a/b/3b/3f/93/b8/3b3f93b8-6a01-4197-b4b6-7c0808ba4cee#item1>
        a dcmitype:Text ;\n\ttriannon:externalReference <http://text.transcriptions.com>
        ;\n\tdc:format \"text/plain\"^^<http://www.w3.org/2001/XMLSchema#string> .\n"
    http_version: 
  recorded_at: Tue, 23 Jun 2015 21:00:28 GMT
- request:
    method: get
    uri: http://localhost:8983/fedora/rest/anno/choice_integration_specs/d2/34/6f/79/d2346f79-c884-4e6d-ad0a-d3ded3a6ba0a/t/9f/db/02/eb/9fdb02eb-3bed-4943-90de-5a492b0261ca
    body:
      encoding: US-ASCII
      string: ''
    headers:
      User-Agent:
      - Faraday v0.9.1
      Prefer:
      - return=respresentation; omit="http://fedora.info/definitions/v4/repository#ServerManaged"
      Accept:
      - application/x-turtle
      Accept-Encoding:
      - gzip;q=1.0,deflate;q=0.6,identity;q=0.3
  response:
    status:
      code: 200
      message: OK
    headers:
      Etag:
      - '"8795335652bca3ee75efdd66f24b37b0895f2a4d"'
      Last-Modified:
      - Tue, 23 Jun 2015 21:00:27 GMT
      Link:
      - <http://www.w3.org/ns/ldp#BasicContainer>;rel="type"
      - <http://www.w3.org/ns/ldp#Container>;rel="type"
      - <http://www.w3.org/ns/ldp#Resource>;rel="type"
      Accept-Patch:
      - application/sparql-update
      Accept-Post:
      - text/turtle,text/rdf+n3,text/n3,application/rdf+xml,application/n-triples,multipart/form-data,application/sparql-update
      Allow:
      - MOVE,COPY,DELETE,POST,HEAD,GET,PUT,PATCH,OPTIONS
      Preference-Applied:
      - return=representation
      Vary:
      - Accept, Range, Accept-Encoding, Accept-Language
      - Prefer
      Content-Length:
      - '1338'
      Content-Type:
      - application/x-turtle
    body:
      encoding: UTF-8
      string: "@prefix premis: <http://www.loc.gov/premis/rdf/v1#> .\n@prefix image:
        <http://www.modeshape.org/images/1.0> .\n@prefix sv: <http://www.jcp.org/jcr/sv/1.0>
        .\n@prefix test: <info:fedora/test/> .\n@prefix nt: <http://www.jcp.org/jcr/nt/1.0>
        .\n@prefix cnt: <http://www.w3.org/2011/content#> .\n@prefix dcmitype: <http://purl.org/dc/dcmitype/>
        .\n@prefix rdfs: <http://www.w3.org/2000/01/rdf-schema#> .\n@prefix xsi: <http://www.w3.org/2001/XMLSchema-instance>
        .\n@prefix mode: <http://www.modeshape.org/1.0> .\n@prefix oa: <http://www.w3.org/ns/oa#>
        .\n@prefix triannon: <http://triannon.stanford.edu/ns/> .\n@prefix rdf: <http://www.w3.org/1999/02/22-rdf-syntax-ns#>
        .\n@prefix fedora: <http://fedora.info/definitions/v4/repository#> .\n@prefix
        xml: <http://www.w3.org/XML/1998/namespace> .\n@prefix ldp: <http://www.w3.org/ns/ldp#>
        .\n@prefix xs: <http://www.w3.org/2001/XMLSchema> .\n@prefix fedoraconfig:
        <http://fedora.info/definitions/v4/config#> .\n@prefix mix: <http://www.jcp.org/jcr/mix/1.0>
        .\n@prefix foaf: <http://xmlns.com/foaf/0.1/> .\n@prefix dc: <http://purl.org/dc/elements/1.1/>
        .\n\n\n<http://localhost:8983/fedora/rest/anno/choice_integration_specs/d2/34/6f/79/d2346f79-c884-4e6d-ad0a-d3ded3a6ba0a/t/9f/db/02/eb/9fdb02eb-3bed-4943-90de-5a492b0261ca>
        a ldp:BasicContainer ;\n\ttriannon:externalReference <http://purl.stanford.edu/kq131cs7229>
        .\n"
    http_version: 
  recorded_at: Tue, 23 Jun 2015 21:00:28 GMT
recorded_with: VCR 2.9.3
