---
http_interactions:
- request:
    method: head
    uri: http://localhost:8983/fedora/rest/anno/choice_integration_specs
    body:
      encoding: US-ASCII
      string: ''
    headers:
      User-Agent:
      - Faraday v0.9.1
      Accept:
      - "*/*"
  response:
    status:
      code: 200
      message: OK
    headers:
      Etag:
      - '"254a34938d4d8e9e5ee88bd0267101bb18a07ca4"'
      Last-Modified:
      - Tue, 04 Aug 2015 16:46:13 GMT
      Link:
      - <http://www.w3.org/ns/ldp#BasicContainer>;rel="type"
      - <http://www.w3.org/ns/ldp#Container>;rel="type"
      - <http://www.w3.org/ns/ldp#Resource>;rel="type"
      Accept-Patch:
      - application/sparql-update
      Accept-Post:
      - text/turtle,text/rdf+n3,text/n3,application/rdf+xml,application/n-triples,multipart/form-data,application/sparql-update
      Allow:
      - MOVE,COPY,DELETE,POST,HEAD,GET,PUT,PATCH,OPTIONS
      Content-Type:
      - text/tab-separated-values
      Content-Length:
      - '0'
    body:
      encoding: UTF-8
      string: ''
    http_version: 
  recorded_at: Tue, 04 Aug 2015 16:46:13 GMT
- request:
    method: post
    uri: http://localhost:8983/fedora/rest/anno/choice_integration_specs
    body:
      encoding: UTF-8
      string: |
        @prefix ldp: <http://www.w3.org/ns/ldp#> .
        @prefix oa: <http://www.w3.org/ns/oa#> .
        @prefix rdf: <http://www.w3.org/1999/02/22-rdf-syntax-ns#> .

        <> a oa:Annotation,
             ldp:BasicContainer;
           oa:motivatedBy oa:commenting .
    headers:
      User-Agent:
      - Faraday v0.9.1
      Prefer:
      - return=respresentation; omit="http://fedora.info/definitions/v4/repository#ServerManaged"
      Content-Type:
      - application/x-turtle
      Accept-Encoding:
      - gzip;q=1.0,deflate;q=0.6,identity;q=0.3
      Accept:
      - "*/*"
  response:
    status:
      code: 201
      message: Created
    headers:
      Etag:
      - '"b7d765ba5c24bfd6bd3d6dde1d901f196045def0"'
      Last-Modified:
      - Tue, 04 Aug 2015 16:46:13 GMT
      Content-Length:
      - '112'
      Location:
      - http://localhost:8983/fedora/rest/anno/choice_integration_specs/15/6b/21/5a/156b215a-5008-442c-8cc0-d5ab08dbd1f0
      Content-Type:
      - text/plain
    body:
      encoding: UTF-8
      string: http://localhost:8983/fedora/rest/anno/choice_integration_specs/15/6b/21/5a/156b215a-5008-442c-8cc0-d5ab08dbd1f0
    http_version: 
  recorded_at: Tue, 04 Aug 2015 16:46:13 GMT
- request:
    method: post
    uri: http://localhost:8983/fedora/rest/anno/choice_integration_specs/15/6b/21/5a/156b215a-5008-442c-8cc0-d5ab08dbd1f0
    body:
      encoding: UTF-8
      string: |
        @prefix ldp: <http://www.w3.org/ns/ldp#> .
        @prefix oa: <http://www.w3.org/ns/oa#> .
        @prefix rdf: <http://www.w3.org/1999/02/22-rdf-syntax-ns#> .

        <> a ldp:DirectContainer;
           ldp:hasMemberRelation oa:hasBody;
           ldp:membershipResource <http://localhost:8983/fedora/rest/anno/choice_integration_specs/15/6b/21/5a/156b215a-5008-442c-8cc0-d5ab08dbd1f0> .
    headers:
      User-Agent:
      - Faraday v0.9.1
      Prefer:
      - return=respresentation; omit="http://fedora.info/definitions/v4/repository#ServerManaged"
      Content-Type:
      - application/x-turtle
      Slug:
      - b
      Accept-Encoding:
      - gzip;q=1.0,deflate;q=0.6,identity;q=0.3
      Accept:
      - "*/*"
  response:
    status:
      code: 201
      message: Created
    headers:
      Etag:
      - '"3ab17312a62056d725a40c0b890c8df6d271188d"'
      Last-Modified:
      - Tue, 04 Aug 2015 16:46:13 GMT
      Content-Length:
      - '114'
      Location:
      - http://localhost:8983/fedora/rest/anno/choice_integration_specs/15/6b/21/5a/156b215a-5008-442c-8cc0-d5ab08dbd1f0/b
      Content-Type:
      - text/plain
    body:
      encoding: UTF-8
      string: http://localhost:8983/fedora/rest/anno/choice_integration_specs/15/6b/21/5a/156b215a-5008-442c-8cc0-d5ab08dbd1f0/b
    http_version: 
  recorded_at: Tue, 04 Aug 2015 16:46:13 GMT
- request:
    method: post
    uri: http://localhost:8983/fedora/rest/anno/choice_integration_specs/15/6b/21/5a/156b215a-5008-442c-8cc0-d5ab08dbd1f0/b
    body:
      encoding: UTF-8
      string: |
        @prefix cnt: <http://www.w3.org/2011/content#> .
        @prefix dc11: <http://purl.org/dc/elements/1.1/> .
        @prefix dcmitype: <http://purl.org/dc/dcmitype/> .
        @prefix ldp: <http://www.w3.org/ns/ldp#> .
        @prefix oa: <http://www.w3.org/ns/oa#> .
        @prefix rdf: <http://www.w3.org/1999/02/22-rdf-syntax-ns#> .
        @prefix xsd: <http://www.w3.org/2001/XMLSchema#> .

        <> a ldp:BasicContainer,
             oa:Choice;
           oa:default [
             a cnt:ContentAsText,
               dcmitype:Text;
             dc11:language "en";
             cnt:chars "I love this Englishly!"
           ];
           oa:item [
             a cnt:ContentAsText,
               dcmitype:Text;
             dc11:language "fr";
             cnt:chars "Je l'aime en Francais!"
           ] .
    headers:
      User-Agent:
      - Faraday v0.9.1
      Prefer:
      - return=respresentation; omit="http://fedora.info/definitions/v4/repository#ServerManaged"
      Content-Type:
      - application/x-turtle
      Accept-Encoding:
      - gzip;q=1.0,deflate;q=0.6,identity;q=0.3
      Accept:
      - "*/*"
  response:
    status:
      code: 201
      message: Created
    headers:
      Etag:
      - '"5f6ab6c9eb0daa63784c454dda0260b8b7842392"'
      Last-Modified:
      - Tue, 04 Aug 2015 16:46:13 GMT
      Content-Length:
      - '163'
      Location:
      - http://localhost:8983/fedora/rest/anno/choice_integration_specs/15/6b/21/5a/156b215a-5008-442c-8cc0-d5ab08dbd1f0/b/57/6f/32/24/576f3224-51da-4e6f-bd5a-56e6a2339547
      Content-Type:
      - text/plain
    body:
      encoding: UTF-8
      string: http://localhost:8983/fedora/rest/anno/choice_integration_specs/15/6b/21/5a/156b215a-5008-442c-8cc0-d5ab08dbd1f0/b/57/6f/32/24/576f3224-51da-4e6f-bd5a-56e6a2339547
    http_version: 
  recorded_at: Tue, 04 Aug 2015 16:46:13 GMT
- request:
    method: post
    uri: http://localhost:8983/fedora/rest/anno/choice_integration_specs/15/6b/21/5a/156b215a-5008-442c-8cc0-d5ab08dbd1f0
    body:
      encoding: UTF-8
      string: |
        @prefix ldp: <http://www.w3.org/ns/ldp#> .
        @prefix oa: <http://www.w3.org/ns/oa#> .
        @prefix rdf: <http://www.w3.org/1999/02/22-rdf-syntax-ns#> .

        <> a ldp:DirectContainer;
           ldp:hasMemberRelation oa:hasTarget;
           ldp:membershipResource <http://localhost:8983/fedora/rest/anno/choice_integration_specs/15/6b/21/5a/156b215a-5008-442c-8cc0-d5ab08dbd1f0> .
    headers:
      User-Agent:
      - Faraday v0.9.1
      Prefer:
      - return=respresentation; omit="http://fedora.info/definitions/v4/repository#ServerManaged"
      Content-Type:
      - application/x-turtle
      Slug:
      - t
      Accept-Encoding:
      - gzip;q=1.0,deflate;q=0.6,identity;q=0.3
      Accept:
      - "*/*"
  response:
    status:
      code: 201
      message: Created
    headers:
      Etag:
      - '"714c15fd8dc7daeb7440f9e629400fe44697423d"'
      Last-Modified:
      - Tue, 04 Aug 2015 16:46:13 GMT
      Content-Length:
      - '114'
      Location:
      - http://localhost:8983/fedora/rest/anno/choice_integration_specs/15/6b/21/5a/156b215a-5008-442c-8cc0-d5ab08dbd1f0/t
      Content-Type:
      - text/plain
    body:
      encoding: UTF-8
      string: http://localhost:8983/fedora/rest/anno/choice_integration_specs/15/6b/21/5a/156b215a-5008-442c-8cc0-d5ab08dbd1f0/t
    http_version: 
  recorded_at: Tue, 04 Aug 2015 16:46:13 GMT
- request:
    method: post
    uri: http://localhost:8983/fedora/rest/anno/choice_integration_specs/15/6b/21/5a/156b215a-5008-442c-8cc0-d5ab08dbd1f0/t
    body:
      encoding: UTF-8
      string: |
        @prefix ldp: <http://www.w3.org/ns/ldp#> .
        @prefix rdf: <http://www.w3.org/1999/02/22-rdf-syntax-ns#> .
        @prefix triannon: <http://triannon.stanford.edu/ns/> .

        <> a ldp:BasicContainer;
           triannon:externalReference <http://purl.stanford.edu/kq131cs7229> .
    headers:
      User-Agent:
      - Faraday v0.9.1
      Prefer:
      - return=respresentation; omit="http://fedora.info/definitions/v4/repository#ServerManaged"
      Content-Type:
      - application/x-turtle
      Accept-Encoding:
      - gzip;q=1.0,deflate;q=0.6,identity;q=0.3
      Accept:
      - "*/*"
  response:
    status:
      code: 201
      message: Created
    headers:
      Etag:
      - '"0e65295c3264ecb5fc3f9005b509909f4d36a286"'
      Last-Modified:
      - Tue, 04 Aug 2015 16:46:13 GMT
      Content-Length:
      - '163'
      Location:
      - http://localhost:8983/fedora/rest/anno/choice_integration_specs/15/6b/21/5a/156b215a-5008-442c-8cc0-d5ab08dbd1f0/t/03/8a/01/c9/038a01c9-2850-4ed8-80b6-88daef6e4a09
      Content-Type:
      - text/plain
    body:
      encoding: UTF-8
      string: http://localhost:8983/fedora/rest/anno/choice_integration_specs/15/6b/21/5a/156b215a-5008-442c-8cc0-d5ab08dbd1f0/t/03/8a/01/c9/038a01c9-2850-4ed8-80b6-88daef6e4a09
    http_version: 
  recorded_at: Tue, 04 Aug 2015 16:46:13 GMT
- request:
    method: get
    uri: http://localhost:8983/fedora/rest/anno/choice_integration_specs/15/6b/21/5a/156b215a-5008-442c-8cc0-d5ab08dbd1f0
    body:
      encoding: US-ASCII
      string: ''
    headers:
      User-Agent:
      - Faraday v0.9.1
      Prefer:
      - return=respresentation; omit="http://fedora.info/definitions/v4/repository#ServerManaged"
      Accept:
      - application/x-turtle
      Accept-Encoding:
      - gzip;q=1.0,deflate;q=0.6,identity;q=0.3
  response:
    status:
      code: 200
      message: OK
    headers:
      Etag:
      - '"7fadddaa167955d93eb2ddcc9e95b00ffd7b883d"'
      Last-Modified:
      - Tue, 04 Aug 2015 16:46:13 GMT
      Link:
      - <http://www.w3.org/ns/ldp#BasicContainer>;rel="type"
      - <http://www.w3.org/ns/ldp#Container>;rel="type"
      - <http://www.w3.org/ns/ldp#Resource>;rel="type"
      Accept-Patch:
      - application/sparql-update
      Accept-Post:
      - text/turtle,text/rdf+n3,text/n3,application/rdf+xml,application/n-triples,multipart/form-data,application/sparql-update
      Allow:
      - MOVE,COPY,DELETE,POST,HEAD,GET,PUT,PATCH,OPTIONS
      Preference-Applied:
      - return=representation
      Vary:
      - Accept, Range, Accept-Encoding, Accept-Language
      - Prefer
      Content-Length:
      - '1880'
      Content-Type:
      - application/x-turtle
    body:
      encoding: UTF-8
      string: "@prefix premis: <http://www.loc.gov/premis/rdf/v1#> .\n@prefix image:
        <http://www.modeshape.org/images/1.0> .\n@prefix sv: <http://www.jcp.org/jcr/sv/1.0>
        .\n@prefix test: <info:fedora/test/> .\n@prefix nt: <http://www.jcp.org/jcr/nt/1.0>
        .\n@prefix cnt: <http://www.w3.org/2011/content#> .\n@prefix dcmitype: <http://purl.org/dc/dcmitype/>
        .\n@prefix rdfs: <http://www.w3.org/2000/01/rdf-schema#> .\n@prefix xsi: <http://www.w3.org/2001/XMLSchema-instance>
        .\n@prefix mode: <http://www.modeshape.org/1.0> .\n@prefix oa: <http://www.w3.org/ns/oa#>
        .\n@prefix triannon: <http://triannon.stanford.edu/ns/> .\n@prefix rdf: <http://www.w3.org/1999/02/22-rdf-syntax-ns#>
        .\n@prefix fedora: <http://fedora.info/definitions/v4/repository#> .\n@prefix
        xml: <http://www.w3.org/XML/1998/namespace> .\n@prefix ldp: <http://www.w3.org/ns/ldp#>
        .\n@prefix xs: <http://www.w3.org/2001/XMLSchema> .\n@prefix fedoraconfig:
        <http://fedora.info/definitions/v4/config#> .\n@prefix mix: <http://www.jcp.org/jcr/mix/1.0>
        .\n@prefix foaf: <http://xmlns.com/foaf/0.1/> .\n@prefix dc: <http://purl.org/dc/elements/1.1/>
        .\n\n\n<http://localhost:8983/fedora/rest/anno/choice_integration_specs/15/6b/21/5a/156b215a-5008-442c-8cc0-d5ab08dbd1f0>
        a oa:Annotation , ldp:BasicContainer ;\n\toa:motivatedBy oa:commenting ;\n\tldp:contains
        <http://localhost:8983/fedora/rest/anno/choice_integration_specs/15/6b/21/5a/156b215a-5008-442c-8cc0-d5ab08dbd1f0/b>
        , <http://localhost:8983/fedora/rest/anno/choice_integration_specs/15/6b/21/5a/156b215a-5008-442c-8cc0-d5ab08dbd1f0/t>
        ;\n\toa:hasBody <http://localhost:8983/fedora/rest/anno/choice_integration_specs/15/6b/21/5a/156b215a-5008-442c-8cc0-d5ab08dbd1f0/b/57/6f/32/24/576f3224-51da-4e6f-bd5a-56e6a2339547>
        ;\n\toa:hasTarget <http://localhost:8983/fedora/rest/anno/choice_integration_specs/15/6b/21/5a/156b215a-5008-442c-8cc0-d5ab08dbd1f0/t/03/8a/01/c9/038a01c9-2850-4ed8-80b6-88daef6e4a09>
        .\n"
    http_version: 
  recorded_at: Tue, 04 Aug 2015 16:46:14 GMT
- request:
    method: get
    uri: http://localhost:8983/fedora/rest/anno/choice_integration_specs/15/6b/21/5a/156b215a-5008-442c-8cc0-d5ab08dbd1f0/b/57/6f/32/24/576f3224-51da-4e6f-bd5a-56e6a2339547
    body:
      encoding: US-ASCII
      string: ''
    headers:
      User-Agent:
      - Faraday v0.9.1
      Prefer:
      - return=respresentation; omit="http://fedora.info/definitions/v4/repository#ServerManaged"
      Accept:
      - application/x-turtle
      Accept-Encoding:
      - gzip;q=1.0,deflate;q=0.6,identity;q=0.3
  response:
    status:
      code: 200
      message: OK
    headers:
      Etag:
      - '"5f6ab6c9eb0daa63784c454dda0260b8b7842392"'
      Last-Modified:
      - Tue, 04 Aug 2015 16:46:13 GMT
      Link:
      - <http://www.w3.org/ns/ldp#BasicContainer>;rel="type"
      - <http://www.w3.org/ns/ldp#Container>;rel="type"
      - <http://www.w3.org/ns/ldp#Resource>;rel="type"
      Accept-Patch:
      - application/sparql-update
      Accept-Post:
      - text/turtle,text/rdf+n3,text/n3,application/rdf+xml,application/n-triples,multipart/form-data,application/sparql-update
      Allow:
      - MOVE,COPY,DELETE,POST,HEAD,GET,PUT,PATCH,OPTIONS
      Preference-Applied:
      - return=representation
      Vary:
      - Accept, Range, Accept-Encoding, Accept-Language
      - Prefer
      Content-Length:
      - '2084'
      Content-Type:
      - application/x-turtle
    body:
      encoding: UTF-8
      string: "@prefix premis: <http://www.loc.gov/premis/rdf/v1#> .\n@prefix image:
        <http://www.modeshape.org/images/1.0> .\n@prefix sv: <http://www.jcp.org/jcr/sv/1.0>
        .\n@prefix test: <info:fedora/test/> .\n@prefix nt: <http://www.jcp.org/jcr/nt/1.0>
        .\n@prefix cnt: <http://www.w3.org/2011/content#> .\n@prefix dcmitype: <http://purl.org/dc/dcmitype/>
        .\n@prefix rdfs: <http://www.w3.org/2000/01/rdf-schema#> .\n@prefix xsi: <http://www.w3.org/2001/XMLSchema-instance>
        .\n@prefix mode: <http://www.modeshape.org/1.0> .\n@prefix oa: <http://www.w3.org/ns/oa#>
        .\n@prefix triannon: <http://triannon.stanford.edu/ns/> .\n@prefix rdf: <http://www.w3.org/1999/02/22-rdf-syntax-ns#>
        .\n@prefix fedora: <http://fedora.info/definitions/v4/repository#> .\n@prefix
        xml: <http://www.w3.org/XML/1998/namespace> .\n@prefix ldp: <http://www.w3.org/ns/ldp#>
        .\n@prefix xs: <http://www.w3.org/2001/XMLSchema> .\n@prefix fedoraconfig:
        <http://fedora.info/definitions/v4/config#> .\n@prefix mix: <http://www.jcp.org/jcr/mix/1.0>
        .\n@prefix foaf: <http://xmlns.com/foaf/0.1/> .\n@prefix dc: <http://purl.org/dc/elements/1.1/>
        .\n\n\n<http://localhost:8983/fedora/rest/anno/choice_integration_specs/15/6b/21/5a/156b215a-5008-442c-8cc0-d5ab08dbd1f0/b/57/6f/32/24/576f3224-51da-4e6f-bd5a-56e6a2339547>
        a oa:Choice , ldp:BasicContainer ;\n\toa:item <http://localhost:8983/fedora/rest/.well-known/genid/f5/23/e4/06/f523e406-848a-4840-9a21-5f869e399cf2>
        ;\n\toa:default <http://localhost:8983/fedora/rest/.well-known/genid/fa/95/02/8d/fa95028d-c695-4ccc-96c6-a89c0f46dd10>
        .\n\n<http://localhost:8983/fedora/rest/.well-known/genid/f5/23/e4/06/f523e406-848a-4840-9a21-5f869e399cf2>
        a dcmitype:Text , cnt:ContentAsText ;\n\tdc:language \"fr\"^^<http://www.w3.org/2001/XMLSchema#string>
        ;\n\tcnt:chars \"Je l'aime en Francais!\"^^<http://www.w3.org/2001/XMLSchema#string>
        .\n\n<http://localhost:8983/fedora/rest/.well-known/genid/fa/95/02/8d/fa95028d-c695-4ccc-96c6-a89c0f46dd10>
        a dcmitype:Text , cnt:ContentAsText ;\n\tdc:language \"en\"^^<http://www.w3.org/2001/XMLSchema#string>
        ;\n\tcnt:chars \"I love this Englishly!\"^^<http://www.w3.org/2001/XMLSchema#string>
        .\n"
    http_version: 
  recorded_at: Tue, 04 Aug 2015 16:46:14 GMT
- request:
    method: get
    uri: http://localhost:8983/fedora/rest/anno/choice_integration_specs/15/6b/21/5a/156b215a-5008-442c-8cc0-d5ab08dbd1f0/t/03/8a/01/c9/038a01c9-2850-4ed8-80b6-88daef6e4a09
    body:
      encoding: US-ASCII
      string: ''
    headers:
      User-Agent:
      - Faraday v0.9.1
      Prefer:
      - return=respresentation; omit="http://fedora.info/definitions/v4/repository#ServerManaged"
      Accept:
      - application/x-turtle
      Accept-Encoding:
      - gzip;q=1.0,deflate;q=0.6,identity;q=0.3
  response:
    status:
      code: 200
      message: OK
    headers:
      Etag:
      - '"0e65295c3264ecb5fc3f9005b509909f4d36a286"'
      Last-Modified:
      - Tue, 04 Aug 2015 16:46:13 GMT
      Link:
      - <http://www.w3.org/ns/ldp#BasicContainer>;rel="type"
      - <http://www.w3.org/ns/ldp#Container>;rel="type"
      - <http://www.w3.org/ns/ldp#Resource>;rel="type"
      Accept-Patch:
      - application/sparql-update
      Accept-Post:
      - text/turtle,text/rdf+n3,text/n3,application/rdf+xml,application/n-triples,multipart/form-data,application/sparql-update
      Allow:
      - MOVE,COPY,DELETE,POST,HEAD,GET,PUT,PATCH,OPTIONS
      Preference-Applied:
      - return=representation
      Vary:
      - Accept, Range, Accept-Encoding, Accept-Language
      - Prefer
      Content-Length:
      - '1338'
      Content-Type:
      - application/x-turtle
    body:
      encoding: UTF-8
      string: "@prefix premis: <http://www.loc.gov/premis/rdf/v1#> .\n@prefix image:
        <http://www.modeshape.org/images/1.0> .\n@prefix sv: <http://www.jcp.org/jcr/sv/1.0>
        .\n@prefix test: <info:fedora/test/> .\n@prefix nt: <http://www.jcp.org/jcr/nt/1.0>
        .\n@prefix cnt: <http://www.w3.org/2011/content#> .\n@prefix dcmitype: <http://purl.org/dc/dcmitype/>
        .\n@prefix rdfs: <http://www.w3.org/2000/01/rdf-schema#> .\n@prefix xsi: <http://www.w3.org/2001/XMLSchema-instance>
        .\n@prefix mode: <http://www.modeshape.org/1.0> .\n@prefix oa: <http://www.w3.org/ns/oa#>
        .\n@prefix triannon: <http://triannon.stanford.edu/ns/> .\n@prefix rdf: <http://www.w3.org/1999/02/22-rdf-syntax-ns#>
        .\n@prefix fedora: <http://fedora.info/definitions/v4/repository#> .\n@prefix
        xml: <http://www.w3.org/XML/1998/namespace> .\n@prefix ldp: <http://www.w3.org/ns/ldp#>
        .\n@prefix xs: <http://www.w3.org/2001/XMLSchema> .\n@prefix fedoraconfig:
        <http://fedora.info/definitions/v4/config#> .\n@prefix mix: <http://www.jcp.org/jcr/mix/1.0>
        .\n@prefix foaf: <http://xmlns.com/foaf/0.1/> .\n@prefix dc: <http://purl.org/dc/elements/1.1/>
        .\n\n\n<http://localhost:8983/fedora/rest/anno/choice_integration_specs/15/6b/21/5a/156b215a-5008-442c-8cc0-d5ab08dbd1f0/t/03/8a/01/c9/038a01c9-2850-4ed8-80b6-88daef6e4a09>
        a ldp:BasicContainer ;\n\ttriannon:externalReference <http://purl.stanford.edu/kq131cs7229>
        .\n"
    http_version: 
  recorded_at: Tue, 04 Aug 2015 16:46:14 GMT
- request:
    method: get
    uri: http://localhost:8983/fedora/rest/anno/choice_integration_specs/15/6b/21/5a/156b215a-5008-442c-8cc0-d5ab08dbd1f0
    body:
      encoding: US-ASCII
      string: ''
    headers:
      User-Agent:
      - Faraday v0.9.1
      Prefer:
      - return=respresentation; omit="http://fedora.info/definitions/v4/repository#ServerManaged"
      Accept:
      - application/x-turtle
      Accept-Encoding:
      - gzip;q=1.0,deflate;q=0.6,identity;q=0.3
  response:
    status:
      code: 200
      message: OK
    headers:
      Etag:
      - '"7fadddaa167955d93eb2ddcc9e95b00ffd7b883d"'
      Last-Modified:
      - Tue, 04 Aug 2015 16:46:13 GMT
      Link:
      - <http://www.w3.org/ns/ldp#BasicContainer>;rel="type"
      - <http://www.w3.org/ns/ldp#Container>;rel="type"
      - <http://www.w3.org/ns/ldp#Resource>;rel="type"
      Accept-Patch:
      - application/sparql-update
      Accept-Post:
      - text/turtle,text/rdf+n3,text/n3,application/rdf+xml,application/n-triples,multipart/form-data,application/sparql-update
      Allow:
      - MOVE,COPY,DELETE,POST,HEAD,GET,PUT,PATCH,OPTIONS
      Preference-Applied:
      - return=representation
      Vary:
      - Accept, Range, Accept-Encoding, Accept-Language
      - Prefer
      Content-Length:
      - '1880'
      Content-Type:
      - application/x-turtle
    body:
      encoding: UTF-8
      string: "@prefix premis: <http://www.loc.gov/premis/rdf/v1#> .\n@prefix image:
        <http://www.modeshape.org/images/1.0> .\n@prefix sv: <http://www.jcp.org/jcr/sv/1.0>
        .\n@prefix test: <info:fedora/test/> .\n@prefix nt: <http://www.jcp.org/jcr/nt/1.0>
        .\n@prefix cnt: <http://www.w3.org/2011/content#> .\n@prefix dcmitype: <http://purl.org/dc/dcmitype/>
        .\n@prefix rdfs: <http://www.w3.org/2000/01/rdf-schema#> .\n@prefix xsi: <http://www.w3.org/2001/XMLSchema-instance>
        .\n@prefix mode: <http://www.modeshape.org/1.0> .\n@prefix oa: <http://www.w3.org/ns/oa#>
        .\n@prefix triannon: <http://triannon.stanford.edu/ns/> .\n@prefix rdf: <http://www.w3.org/1999/02/22-rdf-syntax-ns#>
        .\n@prefix fedora: <http://fedora.info/definitions/v4/repository#> .\n@prefix
        xml: <http://www.w3.org/XML/1998/namespace> .\n@prefix ldp: <http://www.w3.org/ns/ldp#>
        .\n@prefix xs: <http://www.w3.org/2001/XMLSchema> .\n@prefix fedoraconfig:
        <http://fedora.info/definitions/v4/config#> .\n@prefix mix: <http://www.jcp.org/jcr/mix/1.0>
        .\n@prefix foaf: <http://xmlns.com/foaf/0.1/> .\n@prefix dc: <http://purl.org/dc/elements/1.1/>
        .\n\n\n<http://localhost:8983/fedora/rest/anno/choice_integration_specs/15/6b/21/5a/156b215a-5008-442c-8cc0-d5ab08dbd1f0>
        a oa:Annotation , ldp:BasicContainer ;\n\toa:motivatedBy oa:commenting ;\n\tldp:contains
        <http://localhost:8983/fedora/rest/anno/choice_integration_specs/15/6b/21/5a/156b215a-5008-442c-8cc0-d5ab08dbd1f0/b>
        , <http://localhost:8983/fedora/rest/anno/choice_integration_specs/15/6b/21/5a/156b215a-5008-442c-8cc0-d5ab08dbd1f0/t>
        ;\n\toa:hasBody <http://localhost:8983/fedora/rest/anno/choice_integration_specs/15/6b/21/5a/156b215a-5008-442c-8cc0-d5ab08dbd1f0/b/57/6f/32/24/576f3224-51da-4e6f-bd5a-56e6a2339547>
        ;\n\toa:hasTarget <http://localhost:8983/fedora/rest/anno/choice_integration_specs/15/6b/21/5a/156b215a-5008-442c-8cc0-d5ab08dbd1f0/t/03/8a/01/c9/038a01c9-2850-4ed8-80b6-88daef6e4a09>
        .\n"
    http_version: 
  recorded_at: Tue, 04 Aug 2015 16:46:14 GMT
- request:
    method: get
    uri: http://localhost:8983/fedora/rest/anno/choice_integration_specs/15/6b/21/5a/156b215a-5008-442c-8cc0-d5ab08dbd1f0/b/57/6f/32/24/576f3224-51da-4e6f-bd5a-56e6a2339547
    body:
      encoding: US-ASCII
      string: ''
    headers:
      User-Agent:
      - Faraday v0.9.1
      Prefer:
      - return=respresentation; omit="http://fedora.info/definitions/v4/repository#ServerManaged"
      Accept:
      - application/x-turtle
      Accept-Encoding:
      - gzip;q=1.0,deflate;q=0.6,identity;q=0.3
  response:
    status:
      code: 200
      message: OK
    headers:
      Etag:
      - '"5f6ab6c9eb0daa63784c454dda0260b8b7842392"'
      Last-Modified:
      - Tue, 04 Aug 2015 16:46:13 GMT
      Link:
      - <http://www.w3.org/ns/ldp#BasicContainer>;rel="type"
      - <http://www.w3.org/ns/ldp#Container>;rel="type"
      - <http://www.w3.org/ns/ldp#Resource>;rel="type"
      Accept-Patch:
      - application/sparql-update
      Accept-Post:
      - text/turtle,text/rdf+n3,text/n3,application/rdf+xml,application/n-triples,multipart/form-data,application/sparql-update
      Allow:
      - MOVE,COPY,DELETE,POST,HEAD,GET,PUT,PATCH,OPTIONS
      Preference-Applied:
      - return=representation
      Vary:
      - Accept, Range, Accept-Encoding, Accept-Language
      - Prefer
      Content-Length:
      - '2084'
      Content-Type:
      - application/x-turtle
    body:
      encoding: UTF-8
      string: "@prefix premis: <http://www.loc.gov/premis/rdf/v1#> .\n@prefix image:
        <http://www.modeshape.org/images/1.0> .\n@prefix sv: <http://www.jcp.org/jcr/sv/1.0>
        .\n@prefix test: <info:fedora/test/> .\n@prefix nt: <http://www.jcp.org/jcr/nt/1.0>
        .\n@prefix cnt: <http://www.w3.org/2011/content#> .\n@prefix dcmitype: <http://purl.org/dc/dcmitype/>
        .\n@prefix rdfs: <http://www.w3.org/2000/01/rdf-schema#> .\n@prefix xsi: <http://www.w3.org/2001/XMLSchema-instance>
        .\n@prefix mode: <http://www.modeshape.org/1.0> .\n@prefix oa: <http://www.w3.org/ns/oa#>
        .\n@prefix triannon: <http://triannon.stanford.edu/ns/> .\n@prefix rdf: <http://www.w3.org/1999/02/22-rdf-syntax-ns#>
        .\n@prefix fedora: <http://fedora.info/definitions/v4/repository#> .\n@prefix
        xml: <http://www.w3.org/XML/1998/namespace> .\n@prefix ldp: <http://www.w3.org/ns/ldp#>
        .\n@prefix xs: <http://www.w3.org/2001/XMLSchema> .\n@prefix fedoraconfig:
        <http://fedora.info/definitions/v4/config#> .\n@prefix mix: <http://www.jcp.org/jcr/mix/1.0>
        .\n@prefix foaf: <http://xmlns.com/foaf/0.1/> .\n@prefix dc: <http://purl.org/dc/elements/1.1/>
        .\n\n\n<http://localhost:8983/fedora/rest/anno/choice_integration_specs/15/6b/21/5a/156b215a-5008-442c-8cc0-d5ab08dbd1f0/b/57/6f/32/24/576f3224-51da-4e6f-bd5a-56e6a2339547>
        a oa:Choice , ldp:BasicContainer ;\n\toa:item <http://localhost:8983/fedora/rest/.well-known/genid/f5/23/e4/06/f523e406-848a-4840-9a21-5f869e399cf2>
        ;\n\toa:default <http://localhost:8983/fedora/rest/.well-known/genid/fa/95/02/8d/fa95028d-c695-4ccc-96c6-a89c0f46dd10>
        .\n\n<http://localhost:8983/fedora/rest/.well-known/genid/f5/23/e4/06/f523e406-848a-4840-9a21-5f869e399cf2>
        a dcmitype:Text , cnt:ContentAsText ;\n\tdc:language \"fr\"^^<http://www.w3.org/2001/XMLSchema#string>
        ;\n\tcnt:chars \"Je l'aime en Francais!\"^^<http://www.w3.org/2001/XMLSchema#string>
        .\n\n<http://localhost:8983/fedora/rest/.well-known/genid/fa/95/02/8d/fa95028d-c695-4ccc-96c6-a89c0f46dd10>
        a dcmitype:Text , cnt:ContentAsText ;\n\tdc:language \"en\"^^<http://www.w3.org/2001/XMLSchema#string>
        ;\n\tcnt:chars \"I love this Englishly!\"^^<http://www.w3.org/2001/XMLSchema#string>
        .\n"
    http_version: 
  recorded_at: Tue, 04 Aug 2015 16:46:14 GMT
- request:
    method: get
    uri: http://localhost:8983/fedora/rest/anno/choice_integration_specs/15/6b/21/5a/156b215a-5008-442c-8cc0-d5ab08dbd1f0/t/03/8a/01/c9/038a01c9-2850-4ed8-80b6-88daef6e4a09
    body:
      encoding: US-ASCII
      string: ''
    headers:
      User-Agent:
      - Faraday v0.9.1
      Prefer:
      - return=respresentation; omit="http://fedora.info/definitions/v4/repository#ServerManaged"
      Accept:
      - application/x-turtle
      Accept-Encoding:
      - gzip;q=1.0,deflate;q=0.6,identity;q=0.3
  response:
    status:
      code: 200
      message: OK
    headers:
      Etag:
      - '"0e65295c3264ecb5fc3f9005b509909f4d36a286"'
      Last-Modified:
      - Tue, 04 Aug 2015 16:46:13 GMT
      Link:
      - <http://www.w3.org/ns/ldp#BasicContainer>;rel="type"
      - <http://www.w3.org/ns/ldp#Container>;rel="type"
      - <http://www.w3.org/ns/ldp#Resource>;rel="type"
      Accept-Patch:
      - application/sparql-update
      Accept-Post:
      - text/turtle,text/rdf+n3,text/n3,application/rdf+xml,application/n-triples,multipart/form-data,application/sparql-update
      Allow:
      - MOVE,COPY,DELETE,POST,HEAD,GET,PUT,PATCH,OPTIONS
      Preference-Applied:
      - return=representation
      Vary:
      - Accept, Range, Accept-Encoding, Accept-Language
      - Prefer
      Content-Length:
      - '1338'
      Content-Type:
      - application/x-turtle
    body:
      encoding: UTF-8
      string: "@prefix premis: <http://www.loc.gov/premis/rdf/v1#> .\n@prefix image:
        <http://www.modeshape.org/images/1.0> .\n@prefix sv: <http://www.jcp.org/jcr/sv/1.0>
        .\n@prefix test: <info:fedora/test/> .\n@prefix nt: <http://www.jcp.org/jcr/nt/1.0>
        .\n@prefix cnt: <http://www.w3.org/2011/content#> .\n@prefix dcmitype: <http://purl.org/dc/dcmitype/>
        .\n@prefix rdfs: <http://www.w3.org/2000/01/rdf-schema#> .\n@prefix xsi: <http://www.w3.org/2001/XMLSchema-instance>
        .\n@prefix mode: <http://www.modeshape.org/1.0> .\n@prefix oa: <http://www.w3.org/ns/oa#>
        .\n@prefix triannon: <http://triannon.stanford.edu/ns/> .\n@prefix rdf: <http://www.w3.org/1999/02/22-rdf-syntax-ns#>
        .\n@prefix fedora: <http://fedora.info/definitions/v4/repository#> .\n@prefix
        xml: <http://www.w3.org/XML/1998/namespace> .\n@prefix ldp: <http://www.w3.org/ns/ldp#>
        .\n@prefix xs: <http://www.w3.org/2001/XMLSchema> .\n@prefix fedoraconfig:
        <http://fedora.info/definitions/v4/config#> .\n@prefix mix: <http://www.jcp.org/jcr/mix/1.0>
        .\n@prefix foaf: <http://xmlns.com/foaf/0.1/> .\n@prefix dc: <http://purl.org/dc/elements/1.1/>
        .\n\n\n<http://localhost:8983/fedora/rest/anno/choice_integration_specs/15/6b/21/5a/156b215a-5008-442c-8cc0-d5ab08dbd1f0/t/03/8a/01/c9/038a01c9-2850-4ed8-80b6-88daef6e4a09>
        a ldp:BasicContainer ;\n\ttriannon:externalReference <http://purl.stanford.edu/kq131cs7229>
        .\n"
    http_version: 
  recorded_at: Tue, 04 Aug 2015 16:46:14 GMT
recorded_with: VCR 2.9.3
