---
http_interactions:
- request:
    method: post
    uri: http://localhost:8983/fedora/rest/anno
    body:
      encoding: UTF-8
      string: |
        @prefix openannotation: <http://www.w3.org/ns/oa#> .
        @prefix rdf: <http://www.w3.org/1999/02/22-rdf-syntax-ns#> .

        <> a openannotation:Annotation;
           openannotation:motivatedBy openannotation:commenting .
    headers:
      User-Agent:
      - Faraday v0.9.0
      Content-Type:
      - application/x-turtle
      Accept-Encoding:
      - gzip;q=1.0,deflate;q=0.6,identity;q=0.3
      Accept:
      - "*/*"
  response:
    status:
      code: 201
      message: Created
    headers:
      Etag:
      - '"0fccbd14d847875ee7d666cf7bd142019e34145e"'
      Last-Modified:
      - Tue, 02 Dec 2014 22:30:21 GMT
      Content-Length:
      - '75'
      Location:
      - http://localhost:8983/fedora/rest/anno/cab7e20a-f233-4cea-abaa-5aff90dc6780
      Content-Type:
      - text/plain
    body:
      encoding: UTF-8
      string: http://localhost:8983/fedora/rest/anno/cab7e20a-f233-4cea-abaa-5aff90dc6780
    http_version: 
  recorded_at: Tue, 02 Dec 2014 22:30:21 GMT
- request:
    method: post
    uri: http://localhost:8983/fedora/rest/anno/cab7e20a-f233-4cea-abaa-5aff90dc6780
    body:
      encoding: UTF-8
      string: |
        @prefix ldp: <http://www.w3.org/ns/ldp#> .
        @prefix openannotation: <http://www.w3.org/ns/oa#> .
        @prefix rdf: <http://www.w3.org/1999/02/22-rdf-syntax-ns#> .

        <> a ldp:DirectContainer;
           ldp:hasMemberRelation openannotation:hasBody;
           ldp:membershipResource <http://localhost:8983/fedora/rest/anno/cab7e20a-f233-4cea-abaa-5aff90dc6780> .
    headers:
      User-Agent:
      - Faraday v0.9.0
      Content-Type:
      - application/x-turtle
      Slug:
      - b
      Accept-Encoding:
      - gzip;q=1.0,deflate;q=0.6,identity;q=0.3
      Accept:
      - "*/*"
  response:
    status:
      code: 201
      message: Created
    headers:
      Etag:
      - '"088a9007d34ed3e2fb94432e5a927ace2f853c74"'
      Last-Modified:
      - Tue, 02 Dec 2014 22:30:21 GMT
      Content-Length:
      - '77'
      Location:
      - http://localhost:8983/fedora/rest/anno/cab7e20a-f233-4cea-abaa-5aff90dc6780/b
      Content-Type:
      - text/plain
    body:
      encoding: UTF-8
      string: http://localhost:8983/fedora/rest/anno/cab7e20a-f233-4cea-abaa-5aff90dc6780/b
    http_version: 
  recorded_at: Tue, 02 Dec 2014 22:30:21 GMT
- request:
    method: post
    uri: http://localhost:8983/fedora/rest/anno/cab7e20a-f233-4cea-abaa-5aff90dc6780/b
    body:
      encoding: UTF-8
      string: |
        @prefix content: <http://www.w3.org/2011/content#> .
        @prefix dc11: <http://purl.org/dc/elements/1.1/> .
        @prefix dcmitype: <http://purl.org/dc/dcmitype/> .
        @prefix openannotation: <http://www.w3.org/ns/oa#> .
        @prefix rdf: <http://www.w3.org/1999/02/22-rdf-syntax-ns#> .
        @prefix xsd: <http://www.w3.org/2001/XMLSchema#> .

        <> a openannotation:Choice;
           openannotation:default [
             a content:ContentAsText,
               dcmitype:Text;
             dc11:language "en";
             content:chars "I love this Englishly!"
           ];
           openannotation:item [
             a content:ContentAsText,
               dcmitype:Text;
             dc11:language "fr";
             content:chars "Je l'aime en Francais!"
           ] .
    headers:
      User-Agent:
      - Faraday v0.9.0
      Content-Type:
      - application/x-turtle
      Accept-Encoding:
      - gzip;q=1.0,deflate;q=0.6,identity;q=0.3
      Accept:
      - "*/*"
  response:
    status:
      code: 201
      message: Created
    headers:
      Etag:
      - '"b3570ea01a13c3989f20ecf31052f03862e77022"'
      Last-Modified:
      - Tue, 02 Dec 2014 22:30:21 GMT
      Content-Length:
      - '114'
      Location:
      - http://localhost:8983/fedora/rest/anno/cab7e20a-f233-4cea-abaa-5aff90dc6780/b/562fa931-c083-4f85-83ae-1c8cde970cc6
      Content-Type:
      - text/plain
    body:
      encoding: UTF-8
      string: http://localhost:8983/fedora/rest/anno/cab7e20a-f233-4cea-abaa-5aff90dc6780/b/562fa931-c083-4f85-83ae-1c8cde970cc6
    http_version: 
  recorded_at: Tue, 02 Dec 2014 22:30:21 GMT
- request:
    method: post
    uri: http://localhost:8983/fedora/rest/anno/cab7e20a-f233-4cea-abaa-5aff90dc6780
    body:
      encoding: UTF-8
      string: |
        @prefix ldp: <http://www.w3.org/ns/ldp#> .
        @prefix openannotation: <http://www.w3.org/ns/oa#> .
        @prefix rdf: <http://www.w3.org/1999/02/22-rdf-syntax-ns#> .

        <> a ldp:DirectContainer;
           ldp:hasMemberRelation openannotation:hasTarget;
           ldp:membershipResource <http://localhost:8983/fedora/rest/anno/cab7e20a-f233-4cea-abaa-5aff90dc6780> .
    headers:
      User-Agent:
      - Faraday v0.9.0
      Content-Type:
      - application/x-turtle
      Slug:
      - t
      Accept-Encoding:
      - gzip;q=1.0,deflate;q=0.6,identity;q=0.3
      Accept:
      - "*/*"
  response:
    status:
      code: 201
      message: Created
    headers:
      Etag:
      - '"f7fc1785f16e01bf1b752fc878da70081c9eda5f"'
      Last-Modified:
      - Tue, 02 Dec 2014 22:30:21 GMT
      Content-Length:
      - '77'
      Location:
      - http://localhost:8983/fedora/rest/anno/cab7e20a-f233-4cea-abaa-5aff90dc6780/t
      Content-Type:
      - text/plain
    body:
      encoding: UTF-8
      string: http://localhost:8983/fedora/rest/anno/cab7e20a-f233-4cea-abaa-5aff90dc6780/t
    http_version: 
  recorded_at: Tue, 02 Dec 2014 22:30:21 GMT
- request:
    method: post
    uri: http://localhost:8983/fedora/rest/anno/cab7e20a-f233-4cea-abaa-5aff90dc6780/t
    body:
      encoding: UTF-8
      string: |
        @prefix triannon: <http://triannon.stanford.edu/ns/> .

        <> triannon:externalReference <http://purl.stanford.edu/kq131cs7229> .
    headers:
      User-Agent:
      - Faraday v0.9.0
      Content-Type:
      - application/x-turtle
      Accept-Encoding:
      - gzip;q=1.0,deflate;q=0.6,identity;q=0.3
      Accept:
      - "*/*"
  response:
    status:
      code: 201
      message: Created
    headers:
      Etag:
      - '"3504da31a555b44c01e807026fc74fb5eeb5a6ad"'
      Last-Modified:
      - Tue, 02 Dec 2014 22:30:21 GMT
      Content-Length:
      - '114'
      Location:
      - http://localhost:8983/fedora/rest/anno/cab7e20a-f233-4cea-abaa-5aff90dc6780/t/14a9f628-4c0f-4960-b496-483a39f67625
      Content-Type:
      - text/plain
    body:
      encoding: UTF-8
      string: http://localhost:8983/fedora/rest/anno/cab7e20a-f233-4cea-abaa-5aff90dc6780/t/14a9f628-4c0f-4960-b496-483a39f67625
    http_version: 
  recorded_at: Tue, 02 Dec 2014 22:30:21 GMT
- request:
    method: get
    uri: http://localhost:8983/fedora/rest/anno/cab7e20a-f233-4cea-abaa-5aff90dc6780
    body:
      encoding: US-ASCII
      string: ''
    headers:
      User-Agent:
      - Faraday v0.9.0
      Accept:
      - application/x-turtle
      Accept-Encoding:
      - gzip;q=1.0,deflate;q=0.6,identity;q=0.3
  response:
    status:
      code: 200
      message: OK
    headers:
      Etag:
      - '"9df786e9a98abedb905bbca185304ad391bf8760"'
      Last-Modified:
      - Tue, 02 Dec 2014 22:30:21 GMT
      Link:
      - <http://www.w3.org/ns/ldp#DirectContainer>;rel="type"
      - <http://www.w3.org/ns/ldp#Resource>;rel="type"
      Accept-Patch:
      - application/sparql-update
      Accept-Post:
      - text/turtle,text/rdf+n3,application/n3,text/n3,application/rdf+xml,application/n-triples,multipart/form-data,application/sparql-update
      Allow:
      - MOVE,COPY,DELETE,POST,HEAD,GET,PUT,PATCH,OPTIONS
      Vary:
      - Accept, Range, Accept-Encoding, Accept-Language
      Content-Length:
      - '4541'
      Content-Type:
      - application/x-turtle
    body:
      encoding: UTF-8
      string: "@prefix premis: <http://www.loc.gov/premis/rdf/v1#> .\n@prefix fedorarelsext:
        <http://fedora.info/definitions/v4/rels-ext#> .\n@prefix nt: <http://www.jcp.org/jcr/nt/1.0>
        .\n@prefix rdfs: <http://www.w3.org/2000/01/rdf-schema#> .\n@prefix content:
        <http://www.w3.org/2011/content#> .\n@prefix xsi: <http://www.w3.org/2001/XMLSchema-instance>
        .\n@prefix mode: <http://www.modeshape.org/1.0> .\n@prefix openannotation:
        <http://www.w3.org/ns/oa#> .\n@prefix xml: <http://www.w3.org/XML/1998/namespace>
        .\n@prefix fcrepo: <http://fedora.info/definitions/v4/repository#> .\n@prefix
        fedoraconfig: <http://fedora.info/definitions/v4/config#> .\n@prefix mix:
        <http://www.jcp.org/jcr/mix/1.0> .\n@prefix foaf: <http://xmlns.com/foaf/0.1/>
        .\n@prefix image: <http://www.modeshape.org/images/1.0> .\n@prefix sv: <http://www.jcp.org/jcr/sv/1.0>
        .\n@prefix test: <info:fedora/test/> .\n@prefix dcmitype: <http://purl.org/dc/dcmitype/>
        .\n@prefix triannon: <http://triannon.stanford.edu/ns/> .\n@prefix rdf: <http://www.w3.org/1999/02/22-rdf-syntax-ns#>
        .\n@prefix fedora: <http://fedora.info/definitions/v4/rest-api#> .\n@prefix
        ldp: <http://www.w3.org/ns/ldp#> .\n@prefix xs: <http://www.w3.org/2001/XMLSchema>
        .\n@prefix dc: <http://purl.org/dc/elements/1.1/> .\n\n\n<http://localhost:8983/fedora/rest/anno/cab7e20a-f233-4cea-abaa-5aff90dc6780>
        ldp:membershipResource <http://localhost:8983/fedora/rest/anno/cab7e20a-f233-4cea-abaa-5aff90dc6780>
        ;\n\tldp:hasMemberRelation ldp:member ;\n\ta ldp:Container , ldp:DirectContainer
        , ldp:RDFSource ;\n\tldp:member <http://localhost:8983/fedora/rest/anno/cab7e20a-f233-4cea-abaa-5aff90dc6780/b>
        , <http://localhost:8983/fedora/rest/anno/cab7e20a-f233-4cea-abaa-5aff90dc6780/t>
        ;\n\topenannotation:hasTarget <http://localhost:8983/fedora/rest/anno/cab7e20a-f233-4cea-abaa-5aff90dc6780/t/14a9f628-4c0f-4960-b496-483a39f67625>
        ;\n\topenannotation:hasBody <http://localhost:8983/fedora/rest/anno/cab7e20a-f233-4cea-abaa-5aff90dc6780/b/562fa931-c083-4f85-83ae-1c8cde970cc6>
        ;\n\tldp:contains <http://localhost:8983/fedora/rest/anno/cab7e20a-f233-4cea-abaa-5aff90dc6780/b>
        , <http://localhost:8983/fedora/rest/anno/cab7e20a-f233-4cea-abaa-5aff90dc6780/t>
        ;\n\tfcrepo:hasParent <http://localhost:8983/fedora/rest/anno> .\n\n<http://localhost:8983/fedora/rest/anno/cab7e20a-f233-4cea-abaa-5aff90dc6780/t>
        ldp:membershipResource <http://localhost:8983/fedora/rest/anno/cab7e20a-f233-4cea-abaa-5aff90dc6780>
        .\n\n<http://localhost:8983/fedora/rest/anno/cab7e20a-f233-4cea-abaa-5aff90dc6780/b>
        ldp:membershipResource <http://localhost:8983/fedora/rest/anno/cab7e20a-f233-4cea-abaa-5aff90dc6780>
        .\n\n<http://localhost:8983/fedora/rest/anno/cab7e20a-f233-4cea-abaa-5aff90dc6780>
        fedora:writable \"true\"^^<http://www.w3.org/2001/XMLSchema#boolean> .\n\n<http://localhost:8983/fedora/rest/anno/cab7e20a-f233-4cea-abaa-5aff90dc6780/fcr:export?format=jcr/xml>
        dc:format <http://fedora.info/definitions/v4/repository#jcr/xml> .\n\n<http://localhost:8983/fedora/rest/anno/cab7e20a-f233-4cea-abaa-5aff90dc6780>
        fedora:exportsAs <http://localhost:8983/fedora/rest/anno/cab7e20a-f233-4cea-abaa-5aff90dc6780/fcr:export?format=jcr/xml>
        .\n\n<http://fedora.info/definitions/v4/repository#jcr/xml> rdfs:label \"jcr/xml\"^^<http://www.w3.org/2001/XMLSchema#string>
        .\n\n<http://localhost:8983/fedora/rest/anno/cab7e20a-f233-4cea-abaa-5aff90dc6780>
        a <http://www.jcp.org/jcr/nt/1.0folder> , <http://www.jcp.org/jcr/nt/1.0hierarchyNode>
        , <http://www.jcp.org/jcr/nt/1.0base> , <http://www.jcp.org/jcr/mix/1.0created>
        , openannotation:Annotation , fedora:resource , fedora:object , fedora:relations
        , <http://www.jcp.org/jcr/mix/1.0created> , <http://www.jcp.org/jcr/mix/1.0lastModified>
        , <http://www.jcp.org/jcr/mix/1.0referenceable> , fedora:DublinCoreDescribable
        , fedora:resource , ldp:Container ;\n\tfcrepo:lastModifiedBy \"bypassAdmin\"^^<http://www.w3.org/2001/XMLSchema#string>
        ;\n\tfcrepo:uuid \"b11584a4-d356-42e1-a64f-da3a220a13b1\"^^<http://www.w3.org/2001/XMLSchema#string>
        ;\n\tfcrepo:createdBy \"bypassAdmin\"^^<http://www.w3.org/2001/XMLSchema#string>
        ;\n\tfcrepo:primaryType \"nt:folder\"^^<http://www.w3.org/2001/XMLSchema#string>
        ;\n\tfcrepo:created \"2014-12-02T22:30:21.293Z\"^^<http://www.w3.org/2001/XMLSchema#dateTime>
        ;\n\tfcrepo:mixinTypes \"openannotation:Annotation\"^^<http://www.w3.org/2001/XMLSchema#string>
        , \"fedora:resource\"^^<http://www.w3.org/2001/XMLSchema#string> , \"fedora:object\"^^<http://www.w3.org/2001/XMLSchema#string>
        ;\n\tfcrepo:lastModified \"2014-12-02T22:30:21.411Z\"^^<http://www.w3.org/2001/XMLSchema#dateTime>
        ;\n\topenannotation:motivatedBy openannotation:commenting .\n"
    http_version: 
  recorded_at: Tue, 02 Dec 2014 22:30:21 GMT
- request:
    method: get
    uri: http://localhost:8983/fedora/rest/anno/cab7e20a-f233-4cea-abaa-5aff90dc6780/b/562fa931-c083-4f85-83ae-1c8cde970cc6
    body:
      encoding: US-ASCII
      string: ''
    headers:
      User-Agent:
      - Faraday v0.9.0
      Accept:
      - application/x-turtle
      Accept-Encoding:
      - gzip;q=1.0,deflate;q=0.6,identity;q=0.3
  response:
    status:
      code: 200
      message: OK
    headers:
      Etag:
      - '"b3570ea01a13c3989f20ecf31052f03862e77022"'
      Last-Modified:
      - Tue, 02 Dec 2014 22:30:21 GMT
      Link:
      - <http://www.w3.org/ns/ldp#DirectContainer>;rel="type"
      - <http://www.w3.org/ns/ldp#Resource>;rel="type"
      Accept-Patch:
      - application/sparql-update
      Accept-Post:
      - text/turtle,text/rdf+n3,application/n3,text/n3,application/rdf+xml,application/n-triples,multipart/form-data,application/sparql-update
      Allow:
      - MOVE,COPY,DELETE,POST,HEAD,GET,PUT,PATCH,OPTIONS
      Vary:
      - Accept, Range, Accept-Encoding, Accept-Language
      Content-Length:
      - '5543'
      Content-Type:
      - application/x-turtle
    body:
      encoding: UTF-8
      string: "@prefix premis: <http://www.loc.gov/premis/rdf/v1#> .\n@prefix fedorarelsext:
        <http://fedora.info/definitions/v4/rels-ext#> .\n@prefix nt: <http://www.jcp.org/jcr/nt/1.0>
        .\n@prefix rdfs: <http://www.w3.org/2000/01/rdf-schema#> .\n@prefix content:
        <http://www.w3.org/2011/content#> .\n@prefix xsi: <http://www.w3.org/2001/XMLSchema-instance>
        .\n@prefix mode: <http://www.modeshape.org/1.0> .\n@prefix openannotation:
        <http://www.w3.org/ns/oa#> .\n@prefix xml: <http://www.w3.org/XML/1998/namespace>
        .\n@prefix fcrepo: <http://fedora.info/definitions/v4/repository#> .\n@prefix
        fedoraconfig: <http://fedora.info/definitions/v4/config#> .\n@prefix mix:
        <http://www.jcp.org/jcr/mix/1.0> .\n@prefix foaf: <http://xmlns.com/foaf/0.1/>
        .\n@prefix image: <http://www.modeshape.org/images/1.0> .\n@prefix sv: <http://www.jcp.org/jcr/sv/1.0>
        .\n@prefix test: <info:fedora/test/> .\n@prefix dcmitype: <http://purl.org/dc/dcmitype/>
        .\n@prefix triannon: <http://triannon.stanford.edu/ns/> .\n@prefix rdf: <http://www.w3.org/1999/02/22-rdf-syntax-ns#>
        .\n@prefix fedora: <http://fedora.info/definitions/v4/rest-api#> .\n@prefix
        ldp: <http://www.w3.org/ns/ldp#> .\n@prefix xs: <http://www.w3.org/2001/XMLSchema>
        .\n@prefix dc: <http://purl.org/dc/elements/1.1/> .\n\n\n<http://localhost:8983/fedora/rest/anno/cab7e20a-f233-4cea-abaa-5aff90dc6780/b/562fa931-c083-4f85-83ae-1c8cde970cc6>
        ldp:membershipResource <http://localhost:8983/fedora/rest/anno/cab7e20a-f233-4cea-abaa-5aff90dc6780/b/562fa931-c083-4f85-83ae-1c8cde970cc6>
        ;\n\tldp:hasMemberRelation ldp:member ;\n\ta ldp:Container , ldp:DirectContainer
        , ldp:RDFSource ;\n\tfcrepo:hasParent <http://localhost:8983/fedora/rest/anno/cab7e20a-f233-4cea-abaa-5aff90dc6780/b>
        .\n\n<http://localhost:8983/fedora/rest/.well-known/genid/fb92ff61-fa4e-499d-befb-dbddbd096ff8>
        a <http://www.jcp.org/jcr/nt/1.0unstructured> , <http://www.jcp.org/jcr/nt/1.0base>
        , dcmitype:Text , fedora:blanknode , content:ContentAsText , <http://www.jcp.org/jcr/mix/1.0referenceable>
        ;\n\tdc:language \"fr\"^^<http://www.w3.org/2001/XMLSchema#string> ;\n\tfcrepo:uuid
        \"726c2cf5-d98d-41d4-a19c-da3bed091e1a\"^^<http://www.w3.org/2001/XMLSchema#string>
        ;\n\tfcrepo:primaryType \"nt:unstructured\"^^<http://www.w3.org/2001/XMLSchema#string>
        ;\n\tfcrepo:mixinTypes \"dcmitype:Text\"^^<http://www.w3.org/2001/XMLSchema#string>
        , \"fedora:blanknode\"^^<http://www.w3.org/2001/XMLSchema#string> , \"content:ContentAsText\"^^<http://www.w3.org/2001/XMLSchema#string>
        ;\n\tcontent:chars \"Je l'aime en Francais!\"^^<http://www.w3.org/2001/XMLSchema#string>
        .\n\n<http://localhost:8983/fedora/rest/.well-known/genid/9aec56f6-bdb0-4a9d-b45f-753c3599f839>
        a <http://www.jcp.org/jcr/nt/1.0unstructured> , <http://www.jcp.org/jcr/nt/1.0base>
        , dcmitype:Text , fedora:blanknode , content:ContentAsText , <http://www.jcp.org/jcr/mix/1.0referenceable>
        ;\n\tdc:language \"en\"^^<http://www.w3.org/2001/XMLSchema#string> ;\n\tfcrepo:uuid
        \"24cbc3df-6cc4-4272-9262-b7320efd5143\"^^<http://www.w3.org/2001/XMLSchema#string>
        ;\n\tfcrepo:primaryType \"nt:unstructured\"^^<http://www.w3.org/2001/XMLSchema#string>
        ;\n\tfcrepo:mixinTypes \"dcmitype:Text\"^^<http://www.w3.org/2001/XMLSchema#string>
        , \"fedora:blanknode\"^^<http://www.w3.org/2001/XMLSchema#string> , \"content:ContentAsText\"^^<http://www.w3.org/2001/XMLSchema#string>
        ;\n\tcontent:chars \"I love this Englishly!\"^^<http://www.w3.org/2001/XMLSchema#string>
        .\n\n<http://localhost:8983/fedora/rest/anno/cab7e20a-f233-4cea-abaa-5aff90dc6780/b/562fa931-c083-4f85-83ae-1c8cde970cc6>
        fedora:writable \"true\"^^<http://www.w3.org/2001/XMLSchema#boolean> ;\n\tfedora:exportsAs
        <http://localhost:8983/fedora/rest/anno/cab7e20a-f233-4cea-abaa-5aff90dc6780/b/562fa931-c083-4f85-83ae-1c8cde970cc6/fcr:export?format=jcr/xml>
        .\n\n<http://fedora.info/definitions/v4/repository#jcr/xml> rdfs:label \"jcr/xml\"^^<http://www.w3.org/2001/XMLSchema#string>
        .\n\n<http://localhost:8983/fedora/rest/anno/cab7e20a-f233-4cea-abaa-5aff90dc6780/b/562fa931-c083-4f85-83ae-1c8cde970cc6/fcr:export?format=jcr/xml>
        dc:format <http://fedora.info/definitions/v4/repository#jcr/xml> .\n\n<http://localhost:8983/fedora/rest/anno/cab7e20a-f233-4cea-abaa-5aff90dc6780/b/562fa931-c083-4f85-83ae-1c8cde970cc6>
        a <http://www.jcp.org/jcr/nt/1.0folder> , <http://www.jcp.org/jcr/nt/1.0hierarchyNode>
        , <http://www.jcp.org/jcr/nt/1.0base> , <http://www.jcp.org/jcr/mix/1.0created>
        , openannotation:Choice , fedora:resource , fedora:object , fedora:relations
        , <http://www.jcp.org/jcr/mix/1.0created> , <http://www.jcp.org/jcr/mix/1.0lastModified>
        , <http://www.jcp.org/jcr/mix/1.0referenceable> , fedora:DublinCoreDescribable
        , fedora:resource , ldp:Container ;\n\tfcrepo:lastModifiedBy \"bypassAdmin\"^^<http://www.w3.org/2001/XMLSchema#string>
        ;\n\tfcrepo:uuid \"ebe18ecc-8cca-4085-a363-9cf2cc5b5db5\"^^<http://www.w3.org/2001/XMLSchema#string>
        ;\n\tfcrepo:createdBy \"bypassAdmin\"^^<http://www.w3.org/2001/XMLSchema#string>
        ;\n\tfcrepo:primaryType \"nt:folder\"^^<http://www.w3.org/2001/XMLSchema#string>
        ;\n\tfcrepo:created \"2014-12-02T22:30:21.38Z\"^^<http://www.w3.org/2001/XMLSchema#dateTime>
        ;\n\tfcrepo:lastModified \"2014-12-02T22:30:21.38Z\"^^<http://www.w3.org/2001/XMLSchema#dateTime>
        ;\n\tfcrepo:mixinTypes \"openannotation:Choice\"^^<http://www.w3.org/2001/XMLSchema#string>
        , \"fedora:resource\"^^<http://www.w3.org/2001/XMLSchema#string> , \"fedora:object\"^^<http://www.w3.org/2001/XMLSchema#string>
        ;\n\topenannotation:item <http://localhost:8983/fedora/rest/.well-known/genid/fb92ff61-fa4e-499d-befb-dbddbd096ff8>
        ;\n\topenannotation:default <http://localhost:8983/fedora/rest/.well-known/genid/9aec56f6-bdb0-4a9d-b45f-753c3599f839>
        .\n"
    http_version: 
  recorded_at: Tue, 02 Dec 2014 22:30:21 GMT
- request:
    method: get
    uri: http://localhost:8983/fedora/rest/anno/cab7e20a-f233-4cea-abaa-5aff90dc6780/t/14a9f628-4c0f-4960-b496-483a39f67625
    body:
      encoding: US-ASCII
      string: ''
    headers:
      User-Agent:
      - Faraday v0.9.0
      Accept:
      - application/x-turtle
      Accept-Encoding:
      - gzip;q=1.0,deflate;q=0.6,identity;q=0.3
  response:
    status:
      code: 200
      message: OK
    headers:
      Etag:
      - '"3504da31a555b44c01e807026fc74fb5eeb5a6ad"'
      Last-Modified:
      - Tue, 02 Dec 2014 22:30:21 GMT
      Link:
      - <http://www.w3.org/ns/ldp#DirectContainer>;rel="type"
      - <http://www.w3.org/ns/ldp#Resource>;rel="type"
      Accept-Patch:
      - application/sparql-update
      Accept-Post:
      - text/turtle,text/rdf+n3,application/n3,text/n3,application/rdf+xml,application/n-triples,multipart/form-data,application/sparql-update
      Allow:
      - MOVE,COPY,DELETE,POST,HEAD,GET,PUT,PATCH,OPTIONS
      Vary:
      - Accept, Range, Accept-Encoding, Accept-Language
      Content-Length:
      - '3521'
      Content-Type:
      - application/x-turtle
    body:
      encoding: UTF-8
      string: "@prefix premis: <http://www.loc.gov/premis/rdf/v1#> .\n@prefix fedorarelsext:
        <http://fedora.info/definitions/v4/rels-ext#> .\n@prefix nt: <http://www.jcp.org/jcr/nt/1.0>
        .\n@prefix rdfs: <http://www.w3.org/2000/01/rdf-schema#> .\n@prefix content:
        <http://www.w3.org/2011/content#> .\n@prefix xsi: <http://www.w3.org/2001/XMLSchema-instance>
        .\n@prefix mode: <http://www.modeshape.org/1.0> .\n@prefix openannotation:
        <http://www.w3.org/ns/oa#> .\n@prefix xml: <http://www.w3.org/XML/1998/namespace>
        .\n@prefix fcrepo: <http://fedora.info/definitions/v4/repository#> .\n@prefix
        fedoraconfig: <http://fedora.info/definitions/v4/config#> .\n@prefix mix:
        <http://www.jcp.org/jcr/mix/1.0> .\n@prefix foaf: <http://xmlns.com/foaf/0.1/>
        .\n@prefix image: <http://www.modeshape.org/images/1.0> .\n@prefix sv: <http://www.jcp.org/jcr/sv/1.0>
        .\n@prefix test: <info:fedora/test/> .\n@prefix dcmitype: <http://purl.org/dc/dcmitype/>
        .\n@prefix triannon: <http://triannon.stanford.edu/ns/> .\n@prefix rdf: <http://www.w3.org/1999/02/22-rdf-syntax-ns#>
        .\n@prefix fedora: <http://fedora.info/definitions/v4/rest-api#> .\n@prefix
        ldp: <http://www.w3.org/ns/ldp#> .\n@prefix xs: <http://www.w3.org/2001/XMLSchema>
        .\n@prefix dc: <http://purl.org/dc/elements/1.1/> .\n\n\n<http://localhost:8983/fedora/rest/anno/cab7e20a-f233-4cea-abaa-5aff90dc6780/t/14a9f628-4c0f-4960-b496-483a39f67625>
        ldp:membershipResource <http://localhost:8983/fedora/rest/anno/cab7e20a-f233-4cea-abaa-5aff90dc6780/t/14a9f628-4c0f-4960-b496-483a39f67625>
        ;\n\tldp:hasMemberRelation ldp:member ;\n\ta ldp:Container , ldp:DirectContainer
        , ldp:RDFSource ;\n\tfcrepo:hasParent <http://localhost:8983/fedora/rest/anno/cab7e20a-f233-4cea-abaa-5aff90dc6780/t>
        ;\n\tfedora:writable \"true\"^^<http://www.w3.org/2001/XMLSchema#boolean>
        ;\n\tfedora:exportsAs <http://localhost:8983/fedora/rest/anno/cab7e20a-f233-4cea-abaa-5aff90dc6780/t/14a9f628-4c0f-4960-b496-483a39f67625/fcr:export?format=jcr/xml>
        .\n\n<http://localhost:8983/fedora/rest/anno/cab7e20a-f233-4cea-abaa-5aff90dc6780/t/14a9f628-4c0f-4960-b496-483a39f67625/fcr:export?format=jcr/xml>
        dc:format <http://fedora.info/definitions/v4/repository#jcr/xml> .\n\n<http://fedora.info/definitions/v4/repository#jcr/xml>
        rdfs:label \"jcr/xml\"^^<http://www.w3.org/2001/XMLSchema#string> .\n\n<http://localhost:8983/fedora/rest/anno/cab7e20a-f233-4cea-abaa-5aff90dc6780/t/14a9f628-4c0f-4960-b496-483a39f67625>
        a <http://www.jcp.org/jcr/nt/1.0folder> , <http://www.jcp.org/jcr/nt/1.0hierarchyNode>
        , <http://www.jcp.org/jcr/nt/1.0base> , <http://www.jcp.org/jcr/mix/1.0created>
        , fedora:resource , fedora:object , fedora:relations , <http://www.jcp.org/jcr/mix/1.0created>
        , <http://www.jcp.org/jcr/mix/1.0lastModified> , <http://www.jcp.org/jcr/mix/1.0referenceable>
        , fedora:DublinCoreDescribable , fedora:resource , ldp:Container ;\n\tfcrepo:lastModifiedBy
        \"bypassAdmin\"^^<http://www.w3.org/2001/XMLSchema#string> ;\n\tfcrepo:uuid
        \"9cdec6bb-0f8e-409d-b9e8-6f8a71520fdf\"^^<http://www.w3.org/2001/XMLSchema#string>
        ;\n\tfcrepo:createdBy \"bypassAdmin\"^^<http://www.w3.org/2001/XMLSchema#string>
        ;\n\tfcrepo:primaryType \"nt:folder\"^^<http://www.w3.org/2001/XMLSchema#string>
        ;\n\tfcrepo:created \"2014-12-02T22:30:21.434Z\"^^<http://www.w3.org/2001/XMLSchema#dateTime>
        ;\n\ttriannon:externalReference <http://purl.stanford.edu/kq131cs7229> ;\n\tfcrepo:lastModified
        \"2014-12-02T22:30:21.434Z\"^^<http://www.w3.org/2001/XMLSchema#dateTime>
        ;\n\tfcrepo:mixinTypes \"fedora:resource\"^^<http://www.w3.org/2001/XMLSchema#string>
        , \"fedora:object\"^^<http://www.w3.org/2001/XMLSchema#string> .\n"
    http_version: 
  recorded_at: Tue, 02 Dec 2014 22:30:21 GMT
recorded_with: VCR 2.9.3
