---
http_interactions:
- request:
    method: head
    uri: http://localhost:8983/fedora/rest/anno/choice_integration_specs
    body:
      encoding: US-ASCII
      string: ''
    headers:
      User-Agent:
      - Faraday v0.9.1
      Accept:
      - "*/*"
  response:
    status:
      code: 200
      message: OK
    headers:
      Etag:
      - '"aabf815514a49a02ac23f64154f281b1cc48144a"'
      Last-Modified:
      - Fri, 26 Jun 2015 00:52:09 GMT
      Link:
      - <http://www.w3.org/ns/ldp#BasicContainer>;rel="type"
      - <http://www.w3.org/ns/ldp#Container>;rel="type"
      - <http://www.w3.org/ns/ldp#Resource>;rel="type"
      Accept-Patch:
      - application/sparql-update
      Accept-Post:
      - text/turtle,text/rdf+n3,text/n3,application/rdf+xml,application/n-triples,multipart/form-data,application/sparql-update
      Allow:
      - MOVE,COPY,DELETE,POST,HEAD,GET,PUT,PATCH,OPTIONS
      Content-Type:
      - text/tab-separated-values
      Content-Length:
      - '0'
    body:
      encoding: UTF-8
      string: ''
    http_version: 
  recorded_at: Fri, 26 Jun 2015 00:52:09 GMT
- request:
    method: post
    uri: http://localhost:8983/fedora/rest/anno/choice_integration_specs
    body:
      encoding: UTF-8
      string: |
        @prefix ldp: <http://www.w3.org/ns/ldp#> .
        @prefix oa: <http://www.w3.org/ns/oa#> .
        @prefix rdf: <http://www.w3.org/1999/02/22-rdf-syntax-ns#> .

        <> a oa:Annotation,
             ldp:BasicContainer;
           oa:motivatedBy oa:commenting .
    headers:
      User-Agent:
      - Faraday v0.9.1
      Prefer:
      - return=respresentation; omit="http://fedora.info/definitions/v4/repository#ServerManaged"
      Content-Type:
      - application/x-turtle
      Accept-Encoding:
      - gzip;q=1.0,deflate;q=0.6,identity;q=0.3
      Accept:
      - "*/*"
  response:
    status:
      code: 201
      message: Created
    headers:
      Etag:
      - '"61c2cd462c680ff043203f696cdba37cb1469c50"'
      Last-Modified:
      - Fri, 26 Jun 2015 00:52:09 GMT
      Content-Length:
      - '112'
      Location:
      - http://localhost:8983/fedora/rest/anno/choice_integration_specs/ab/09/26/39/ab092639-c589-45e8-98b7-f00c99c872f9
      Content-Type:
      - text/plain
    body:
      encoding: UTF-8
      string: http://localhost:8983/fedora/rest/anno/choice_integration_specs/ab/09/26/39/ab092639-c589-45e8-98b7-f00c99c872f9
    http_version: 
  recorded_at: Fri, 26 Jun 2015 00:52:09 GMT
- request:
    method: post
    uri: http://localhost:8983/fedora/rest/anno/choice_integration_specs/ab/09/26/39/ab092639-c589-45e8-98b7-f00c99c872f9
    body:
      encoding: UTF-8
      string: |
        @prefix ldp: <http://www.w3.org/ns/ldp#> .
        @prefix oa: <http://www.w3.org/ns/oa#> .
        @prefix rdf: <http://www.w3.org/1999/02/22-rdf-syntax-ns#> .

        <> a ldp:DirectContainer;
           ldp:hasMemberRelation oa:hasBody;
           ldp:membershipResource <http://localhost:8983/fedora/rest/anno/choice_integration_specs/ab/09/26/39/ab092639-c589-45e8-98b7-f00c99c872f9> .
    headers:
      User-Agent:
      - Faraday v0.9.1
      Prefer:
      - return=respresentation; omit="http://fedora.info/definitions/v4/repository#ServerManaged"
      Content-Type:
      - application/x-turtle
      Slug:
      - b
      Accept-Encoding:
      - gzip;q=1.0,deflate;q=0.6,identity;q=0.3
      Accept:
      - "*/*"
  response:
    status:
      code: 201
      message: Created
    headers:
      Etag:
      - '"4a69c9cef6c2b52b19c6365ee643baa1592a9ae7"'
      Last-Modified:
      - Fri, 26 Jun 2015 00:52:09 GMT
      Content-Length:
      - '114'
      Location:
      - http://localhost:8983/fedora/rest/anno/choice_integration_specs/ab/09/26/39/ab092639-c589-45e8-98b7-f00c99c872f9/b
      Content-Type:
      - text/plain
    body:
      encoding: UTF-8
      string: http://localhost:8983/fedora/rest/anno/choice_integration_specs/ab/09/26/39/ab092639-c589-45e8-98b7-f00c99c872f9/b
    http_version: 
  recorded_at: Fri, 26 Jun 2015 00:52:09 GMT
- request:
    method: post
    uri: http://localhost:8983/fedora/rest/anno/choice_integration_specs/ab/09/26/39/ab092639-c589-45e8-98b7-f00c99c872f9/b
    body:
      encoding: UTF-8
      string: |
        @prefix cnt: <http://www.w3.org/2011/content#> .
        @prefix dc11: <http://purl.org/dc/elements/1.1/> .
        @prefix dcmitype: <http://purl.org/dc/dcmitype/> .
        @prefix ldp: <http://www.w3.org/ns/ldp#> .
        @prefix oa: <http://www.w3.org/ns/oa#> .
        @prefix rdf: <http://www.w3.org/1999/02/22-rdf-syntax-ns#> .
        @prefix xsd: <http://www.w3.org/2001/XMLSchema#> .

        <> a ldp:BasicContainer,
             oa:Choice;
           oa:default [
             a cnt:ContentAsText,
               dcmitype:Text;
             dc11:language "en";
             cnt:chars "I love this Englishly!"
           ];
           oa:item [
             a cnt:ContentAsText,
               dcmitype:Text;
             dc11:language "fr";
             cnt:chars "Je l'aime en Francais!"
           ] .
    headers:
      User-Agent:
      - Faraday v0.9.1
      Prefer:
      - return=respresentation; omit="http://fedora.info/definitions/v4/repository#ServerManaged"
      Content-Type:
      - application/x-turtle
      Accept-Encoding:
      - gzip;q=1.0,deflate;q=0.6,identity;q=0.3
      Accept:
      - "*/*"
  response:
    status:
      code: 201
      message: Created
    headers:
      Etag:
      - '"0d52b1a822f09aabaf6d4e138b7aebe2d9746a88"'
      Last-Modified:
      - Fri, 26 Jun 2015 00:52:09 GMT
      Content-Length:
      - '163'
      Location:
      - http://localhost:8983/fedora/rest/anno/choice_integration_specs/ab/09/26/39/ab092639-c589-45e8-98b7-f00c99c872f9/b/91/2a/9c/74/912a9c74-5f1f-4498-ac36-63e63ced3772
      Content-Type:
      - text/plain
    body:
      encoding: UTF-8
      string: http://localhost:8983/fedora/rest/anno/choice_integration_specs/ab/09/26/39/ab092639-c589-45e8-98b7-f00c99c872f9/b/91/2a/9c/74/912a9c74-5f1f-4498-ac36-63e63ced3772
    http_version: 
  recorded_at: Fri, 26 Jun 2015 00:52:09 GMT
- request:
    method: post
    uri: http://localhost:8983/fedora/rest/anno/choice_integration_specs/ab/09/26/39/ab092639-c589-45e8-98b7-f00c99c872f9
    body:
      encoding: UTF-8
      string: |
        @prefix ldp: <http://www.w3.org/ns/ldp#> .
        @prefix oa: <http://www.w3.org/ns/oa#> .
        @prefix rdf: <http://www.w3.org/1999/02/22-rdf-syntax-ns#> .

        <> a ldp:DirectContainer;
           ldp:hasMemberRelation oa:hasTarget;
           ldp:membershipResource <http://localhost:8983/fedora/rest/anno/choice_integration_specs/ab/09/26/39/ab092639-c589-45e8-98b7-f00c99c872f9> .
    headers:
      User-Agent:
      - Faraday v0.9.1
      Prefer:
      - return=respresentation; omit="http://fedora.info/definitions/v4/repository#ServerManaged"
      Content-Type:
      - application/x-turtle
      Slug:
      - t
      Accept-Encoding:
      - gzip;q=1.0,deflate;q=0.6,identity;q=0.3
      Accept:
      - "*/*"
  response:
    status:
      code: 201
      message: Created
    headers:
      Etag:
      - '"c83e650fc91cdf8c65a9c7f09105f038627386b1"'
      Last-Modified:
      - Fri, 26 Jun 2015 00:52:09 GMT
      Content-Length:
      - '114'
      Location:
      - http://localhost:8983/fedora/rest/anno/choice_integration_specs/ab/09/26/39/ab092639-c589-45e8-98b7-f00c99c872f9/t
      Content-Type:
      - text/plain
    body:
      encoding: UTF-8
      string: http://localhost:8983/fedora/rest/anno/choice_integration_specs/ab/09/26/39/ab092639-c589-45e8-98b7-f00c99c872f9/t
    http_version: 
  recorded_at: Fri, 26 Jun 2015 00:52:09 GMT
- request:
    method: post
    uri: http://localhost:8983/fedora/rest/anno/choice_integration_specs/ab/09/26/39/ab092639-c589-45e8-98b7-f00c99c872f9/t
    body:
      encoding: UTF-8
      string: |
        @prefix ldp: <http://www.w3.org/ns/ldp#> .
        @prefix rdf: <http://www.w3.org/1999/02/22-rdf-syntax-ns#> .
        @prefix triannon: <http://triannon.stanford.edu/ns/> .

        <> a ldp:BasicContainer;
           triannon:externalReference <http://purl.stanford.edu/kq131cs7229> .
    headers:
      User-Agent:
      - Faraday v0.9.1
      Prefer:
      - return=respresentation; omit="http://fedora.info/definitions/v4/repository#ServerManaged"
      Content-Type:
      - application/x-turtle
      Accept-Encoding:
      - gzip;q=1.0,deflate;q=0.6,identity;q=0.3
      Accept:
      - "*/*"
  response:
    status:
      code: 201
      message: Created
    headers:
      Etag:
      - '"8b42e391ea2a2ea69e30bd47892f8872024ddb0d"'
      Last-Modified:
      - Fri, 26 Jun 2015 00:52:09 GMT
      Content-Length:
      - '163'
      Location:
      - http://localhost:8983/fedora/rest/anno/choice_integration_specs/ab/09/26/39/ab092639-c589-45e8-98b7-f00c99c872f9/t/9f/f5/9d/0b/9ff59d0b-5565-4a16-afc5-d80327b82cd1
      Content-Type:
      - text/plain
    body:
      encoding: UTF-8
      string: http://localhost:8983/fedora/rest/anno/choice_integration_specs/ab/09/26/39/ab092639-c589-45e8-98b7-f00c99c872f9/t/9f/f5/9d/0b/9ff59d0b-5565-4a16-afc5-d80327b82cd1
    http_version: 
  recorded_at: Fri, 26 Jun 2015 00:52:09 GMT
- request:
    method: get
    uri: http://localhost:8983/fedora/rest/anno/choice_integration_specs/ab/09/26/39/ab092639-c589-45e8-98b7-f00c99c872f9
    body:
      encoding: US-ASCII
      string: ''
    headers:
      User-Agent:
      - Faraday v0.9.1
      Prefer:
      - return=respresentation; omit="http://fedora.info/definitions/v4/repository#ServerManaged"
      Accept:
      - application/x-turtle
      Accept-Encoding:
      - gzip;q=1.0,deflate;q=0.6,identity;q=0.3
  response:
    status:
      code: 200
      message: OK
    headers:
      Etag:
      - '"6f163caa1f87386da1e2a3ff2a67452e0ae3491b"'
      Last-Modified:
      - Fri, 26 Jun 2015 00:52:09 GMT
      Link:
      - <http://www.w3.org/ns/ldp#BasicContainer>;rel="type"
      - <http://www.w3.org/ns/ldp#Container>;rel="type"
      - <http://www.w3.org/ns/ldp#Resource>;rel="type"
      Accept-Patch:
      - application/sparql-update
      Accept-Post:
      - text/turtle,text/rdf+n3,text/n3,application/rdf+xml,application/n-triples,multipart/form-data,application/sparql-update
      Allow:
      - MOVE,COPY,DELETE,POST,HEAD,GET,PUT,PATCH,OPTIONS
      Preference-Applied:
      - return=representation
      Vary:
      - Accept, Range, Accept-Encoding, Accept-Language
      - Prefer
      Content-Length:
      - '1880'
      Content-Type:
      - application/x-turtle
    body:
      encoding: UTF-8
      string: "@prefix premis: <http://www.loc.gov/premis/rdf/v1#> .\n@prefix image:
        <http://www.modeshape.org/images/1.0> .\n@prefix sv: <http://www.jcp.org/jcr/sv/1.0>
        .\n@prefix test: <info:fedora/test/> .\n@prefix nt: <http://www.jcp.org/jcr/nt/1.0>
        .\n@prefix cnt: <http://www.w3.org/2011/content#> .\n@prefix dcmitype: <http://purl.org/dc/dcmitype/>
        .\n@prefix rdfs: <http://www.w3.org/2000/01/rdf-schema#> .\n@prefix xsi: <http://www.w3.org/2001/XMLSchema-instance>
        .\n@prefix mode: <http://www.modeshape.org/1.0> .\n@prefix oa: <http://www.w3.org/ns/oa#>
        .\n@prefix triannon: <http://triannon.stanford.edu/ns/> .\n@prefix rdf: <http://www.w3.org/1999/02/22-rdf-syntax-ns#>
        .\n@prefix fedora: <http://fedora.info/definitions/v4/repository#> .\n@prefix
        xml: <http://www.w3.org/XML/1998/namespace> .\n@prefix ldp: <http://www.w3.org/ns/ldp#>
        .\n@prefix xs: <http://www.w3.org/2001/XMLSchema> .\n@prefix fedoraconfig:
        <http://fedora.info/definitions/v4/config#> .\n@prefix mix: <http://www.jcp.org/jcr/mix/1.0>
        .\n@prefix foaf: <http://xmlns.com/foaf/0.1/> .\n@prefix dc: <http://purl.org/dc/elements/1.1/>
        .\n\n\n<http://localhost:8983/fedora/rest/anno/choice_integration_specs/ab/09/26/39/ab092639-c589-45e8-98b7-f00c99c872f9>
        a oa:Annotation , ldp:BasicContainer ;\n\toa:motivatedBy oa:commenting ;\n\tldp:contains
        <http://localhost:8983/fedora/rest/anno/choice_integration_specs/ab/09/26/39/ab092639-c589-45e8-98b7-f00c99c872f9/b>
        , <http://localhost:8983/fedora/rest/anno/choice_integration_specs/ab/09/26/39/ab092639-c589-45e8-98b7-f00c99c872f9/t>
        ;\n\toa:hasBody <http://localhost:8983/fedora/rest/anno/choice_integration_specs/ab/09/26/39/ab092639-c589-45e8-98b7-f00c99c872f9/b/91/2a/9c/74/912a9c74-5f1f-4498-ac36-63e63ced3772>
        ;\n\toa:hasTarget <http://localhost:8983/fedora/rest/anno/choice_integration_specs/ab/09/26/39/ab092639-c589-45e8-98b7-f00c99c872f9/t/9f/f5/9d/0b/9ff59d0b-5565-4a16-afc5-d80327b82cd1>
        .\n"
    http_version: 
  recorded_at: Fri, 26 Jun 2015 00:52:10 GMT
- request:
    method: get
    uri: http://localhost:8983/fedora/rest/anno/choice_integration_specs/ab/09/26/39/ab092639-c589-45e8-98b7-f00c99c872f9/b/91/2a/9c/74/912a9c74-5f1f-4498-ac36-63e63ced3772
    body:
      encoding: US-ASCII
      string: ''
    headers:
      User-Agent:
      - Faraday v0.9.1
      Prefer:
      - return=respresentation; omit="http://fedora.info/definitions/v4/repository#ServerManaged"
      Accept:
      - application/x-turtle
      Accept-Encoding:
      - gzip;q=1.0,deflate;q=0.6,identity;q=0.3
  response:
    status:
      code: 200
      message: OK
    headers:
      Etag:
      - '"0d52b1a822f09aabaf6d4e138b7aebe2d9746a88"'
      Last-Modified:
      - Fri, 26 Jun 2015 00:52:09 GMT
      Link:
      - <http://www.w3.org/ns/ldp#BasicContainer>;rel="type"
      - <http://www.w3.org/ns/ldp#Container>;rel="type"
      - <http://www.w3.org/ns/ldp#Resource>;rel="type"
      Accept-Patch:
      - application/sparql-update
      Accept-Post:
      - text/turtle,text/rdf+n3,text/n3,application/rdf+xml,application/n-triples,multipart/form-data,application/sparql-update
      Allow:
      - MOVE,COPY,DELETE,POST,HEAD,GET,PUT,PATCH,OPTIONS
      Preference-Applied:
      - return=representation
      Vary:
      - Accept, Range, Accept-Encoding, Accept-Language
      - Prefer
      Content-Length:
      - '2084'
      Content-Type:
      - application/x-turtle
    body:
      encoding: UTF-8
      string: "@prefix premis: <http://www.loc.gov/premis/rdf/v1#> .\n@prefix image:
        <http://www.modeshape.org/images/1.0> .\n@prefix sv: <http://www.jcp.org/jcr/sv/1.0>
        .\n@prefix test: <info:fedora/test/> .\n@prefix nt: <http://www.jcp.org/jcr/nt/1.0>
        .\n@prefix cnt: <http://www.w3.org/2011/content#> .\n@prefix dcmitype: <http://purl.org/dc/dcmitype/>
        .\n@prefix rdfs: <http://www.w3.org/2000/01/rdf-schema#> .\n@prefix xsi: <http://www.w3.org/2001/XMLSchema-instance>
        .\n@prefix mode: <http://www.modeshape.org/1.0> .\n@prefix oa: <http://www.w3.org/ns/oa#>
        .\n@prefix triannon: <http://triannon.stanford.edu/ns/> .\n@prefix rdf: <http://www.w3.org/1999/02/22-rdf-syntax-ns#>
        .\n@prefix fedora: <http://fedora.info/definitions/v4/repository#> .\n@prefix
        xml: <http://www.w3.org/XML/1998/namespace> .\n@prefix ldp: <http://www.w3.org/ns/ldp#>
        .\n@prefix xs: <http://www.w3.org/2001/XMLSchema> .\n@prefix fedoraconfig:
        <http://fedora.info/definitions/v4/config#> .\n@prefix mix: <http://www.jcp.org/jcr/mix/1.0>
        .\n@prefix foaf: <http://xmlns.com/foaf/0.1/> .\n@prefix dc: <http://purl.org/dc/elements/1.1/>
        .\n\n\n<http://localhost:8983/fedora/rest/anno/choice_integration_specs/ab/09/26/39/ab092639-c589-45e8-98b7-f00c99c872f9/b/91/2a/9c/74/912a9c74-5f1f-4498-ac36-63e63ced3772>
        a oa:Choice , ldp:BasicContainer ;\n\toa:item <http://localhost:8983/fedora/rest/.well-known/genid/9b/ef/17/7d/9bef177d-50c2-4431-95fe-f4bc72964cfe>
        ;\n\toa:default <http://localhost:8983/fedora/rest/.well-known/genid/08/02/1b/d0/08021bd0-a3c2-4869-810c-55324a2c002f>
        .\n\n<http://localhost:8983/fedora/rest/.well-known/genid/9b/ef/17/7d/9bef177d-50c2-4431-95fe-f4bc72964cfe>
        a dcmitype:Text , cnt:ContentAsText ;\n\tdc:language \"fr\"^^<http://www.w3.org/2001/XMLSchema#string>
        ;\n\tcnt:chars \"Je l'aime en Francais!\"^^<http://www.w3.org/2001/XMLSchema#string>
        .\n\n<http://localhost:8983/fedora/rest/.well-known/genid/08/02/1b/d0/08021bd0-a3c2-4869-810c-55324a2c002f>
        a dcmitype:Text , cnt:ContentAsText ;\n\tdc:language \"en\"^^<http://www.w3.org/2001/XMLSchema#string>
        ;\n\tcnt:chars \"I love this Englishly!\"^^<http://www.w3.org/2001/XMLSchema#string>
        .\n"
    http_version: 
  recorded_at: Fri, 26 Jun 2015 00:52:10 GMT
- request:
    method: get
    uri: http://localhost:8983/fedora/rest/anno/choice_integration_specs/ab/09/26/39/ab092639-c589-45e8-98b7-f00c99c872f9/t/9f/f5/9d/0b/9ff59d0b-5565-4a16-afc5-d80327b82cd1
    body:
      encoding: US-ASCII
      string: ''
    headers:
      User-Agent:
      - Faraday v0.9.1
      Prefer:
      - return=respresentation; omit="http://fedora.info/definitions/v4/repository#ServerManaged"
      Accept:
      - application/x-turtle
      Accept-Encoding:
      - gzip;q=1.0,deflate;q=0.6,identity;q=0.3
  response:
    status:
      code: 200
      message: OK
    headers:
      Etag:
      - '"8b42e391ea2a2ea69e30bd47892f8872024ddb0d"'
      Last-Modified:
      - Fri, 26 Jun 2015 00:52:09 GMT
      Link:
      - <http://www.w3.org/ns/ldp#BasicContainer>;rel="type"
      - <http://www.w3.org/ns/ldp#Container>;rel="type"
      - <http://www.w3.org/ns/ldp#Resource>;rel="type"
      Accept-Patch:
      - application/sparql-update
      Accept-Post:
      - text/turtle,text/rdf+n3,text/n3,application/rdf+xml,application/n-triples,multipart/form-data,application/sparql-update
      Allow:
      - MOVE,COPY,DELETE,POST,HEAD,GET,PUT,PATCH,OPTIONS
      Preference-Applied:
      - return=representation
      Vary:
      - Accept, Range, Accept-Encoding, Accept-Language
      - Prefer
      Content-Length:
      - '1338'
      Content-Type:
      - application/x-turtle
    body:
      encoding: UTF-8
      string: "@prefix premis: <http://www.loc.gov/premis/rdf/v1#> .\n@prefix image:
        <http://www.modeshape.org/images/1.0> .\n@prefix sv: <http://www.jcp.org/jcr/sv/1.0>
        .\n@prefix test: <info:fedora/test/> .\n@prefix nt: <http://www.jcp.org/jcr/nt/1.0>
        .\n@prefix cnt: <http://www.w3.org/2011/content#> .\n@prefix dcmitype: <http://purl.org/dc/dcmitype/>
        .\n@prefix rdfs: <http://www.w3.org/2000/01/rdf-schema#> .\n@prefix xsi: <http://www.w3.org/2001/XMLSchema-instance>
        .\n@prefix mode: <http://www.modeshape.org/1.0> .\n@prefix oa: <http://www.w3.org/ns/oa#>
        .\n@prefix triannon: <http://triannon.stanford.edu/ns/> .\n@prefix rdf: <http://www.w3.org/1999/02/22-rdf-syntax-ns#>
        .\n@prefix fedora: <http://fedora.info/definitions/v4/repository#> .\n@prefix
        xml: <http://www.w3.org/XML/1998/namespace> .\n@prefix ldp: <http://www.w3.org/ns/ldp#>
        .\n@prefix xs: <http://www.w3.org/2001/XMLSchema> .\n@prefix fedoraconfig:
        <http://fedora.info/definitions/v4/config#> .\n@prefix mix: <http://www.jcp.org/jcr/mix/1.0>
        .\n@prefix foaf: <http://xmlns.com/foaf/0.1/> .\n@prefix dc: <http://purl.org/dc/elements/1.1/>
        .\n\n\n<http://localhost:8983/fedora/rest/anno/choice_integration_specs/ab/09/26/39/ab092639-c589-45e8-98b7-f00c99c872f9/t/9f/f5/9d/0b/9ff59d0b-5565-4a16-afc5-d80327b82cd1>
        a ldp:BasicContainer ;\n\ttriannon:externalReference <http://purl.stanford.edu/kq131cs7229>
        .\n"
    http_version: 
  recorded_at: Fri, 26 Jun 2015 00:52:10 GMT
- request:
    method: get
    uri: http://localhost:8983/fedora/rest/anno/choice_integration_specs/ab/09/26/39/ab092639-c589-45e8-98b7-f00c99c872f9
    body:
      encoding: US-ASCII
      string: ''
    headers:
      User-Agent:
      - Faraday v0.9.1
      Prefer:
      - return=respresentation; omit="http://fedora.info/definitions/v4/repository#ServerManaged"
      Accept:
      - application/x-turtle
      Accept-Encoding:
      - gzip;q=1.0,deflate;q=0.6,identity;q=0.3
  response:
    status:
      code: 200
      message: OK
    headers:
      Etag:
      - '"6f163caa1f87386da1e2a3ff2a67452e0ae3491b"'
      Last-Modified:
      - Fri, 26 Jun 2015 00:52:09 GMT
      Link:
      - <http://www.w3.org/ns/ldp#BasicContainer>;rel="type"
      - <http://www.w3.org/ns/ldp#Container>;rel="type"
      - <http://www.w3.org/ns/ldp#Resource>;rel="type"
      Accept-Patch:
      - application/sparql-update
      Accept-Post:
      - text/turtle,text/rdf+n3,text/n3,application/rdf+xml,application/n-triples,multipart/form-data,application/sparql-update
      Allow:
      - MOVE,COPY,DELETE,POST,HEAD,GET,PUT,PATCH,OPTIONS
      Preference-Applied:
      - return=representation
      Vary:
      - Accept, Range, Accept-Encoding, Accept-Language
      - Prefer
      Content-Length:
      - '1880'
      Content-Type:
      - application/x-turtle
    body:
      encoding: UTF-8
      string: "@prefix premis: <http://www.loc.gov/premis/rdf/v1#> .\n@prefix image:
        <http://www.modeshape.org/images/1.0> .\n@prefix sv: <http://www.jcp.org/jcr/sv/1.0>
        .\n@prefix test: <info:fedora/test/> .\n@prefix nt: <http://www.jcp.org/jcr/nt/1.0>
        .\n@prefix cnt: <http://www.w3.org/2011/content#> .\n@prefix dcmitype: <http://purl.org/dc/dcmitype/>
        .\n@prefix rdfs: <http://www.w3.org/2000/01/rdf-schema#> .\n@prefix xsi: <http://www.w3.org/2001/XMLSchema-instance>
        .\n@prefix mode: <http://www.modeshape.org/1.0> .\n@prefix oa: <http://www.w3.org/ns/oa#>
        .\n@prefix triannon: <http://triannon.stanford.edu/ns/> .\n@prefix rdf: <http://www.w3.org/1999/02/22-rdf-syntax-ns#>
        .\n@prefix fedora: <http://fedora.info/definitions/v4/repository#> .\n@prefix
        xml: <http://www.w3.org/XML/1998/namespace> .\n@prefix ldp: <http://www.w3.org/ns/ldp#>
        .\n@prefix xs: <http://www.w3.org/2001/XMLSchema> .\n@prefix fedoraconfig:
        <http://fedora.info/definitions/v4/config#> .\n@prefix mix: <http://www.jcp.org/jcr/mix/1.0>
        .\n@prefix foaf: <http://xmlns.com/foaf/0.1/> .\n@prefix dc: <http://purl.org/dc/elements/1.1/>
        .\n\n\n<http://localhost:8983/fedora/rest/anno/choice_integration_specs/ab/09/26/39/ab092639-c589-45e8-98b7-f00c99c872f9>
        a oa:Annotation , ldp:BasicContainer ;\n\toa:motivatedBy oa:commenting ;\n\tldp:contains
        <http://localhost:8983/fedora/rest/anno/choice_integration_specs/ab/09/26/39/ab092639-c589-45e8-98b7-f00c99c872f9/b>
        , <http://localhost:8983/fedora/rest/anno/choice_integration_specs/ab/09/26/39/ab092639-c589-45e8-98b7-f00c99c872f9/t>
        ;\n\toa:hasBody <http://localhost:8983/fedora/rest/anno/choice_integration_specs/ab/09/26/39/ab092639-c589-45e8-98b7-f00c99c872f9/b/91/2a/9c/74/912a9c74-5f1f-4498-ac36-63e63ced3772>
        ;\n\toa:hasTarget <http://localhost:8983/fedora/rest/anno/choice_integration_specs/ab/09/26/39/ab092639-c589-45e8-98b7-f00c99c872f9/t/9f/f5/9d/0b/9ff59d0b-5565-4a16-afc5-d80327b82cd1>
        .\n"
    http_version: 
  recorded_at: Fri, 26 Jun 2015 00:52:10 GMT
- request:
    method: get
    uri: http://localhost:8983/fedora/rest/anno/choice_integration_specs/ab/09/26/39/ab092639-c589-45e8-98b7-f00c99c872f9/b/91/2a/9c/74/912a9c74-5f1f-4498-ac36-63e63ced3772
    body:
      encoding: US-ASCII
      string: ''
    headers:
      User-Agent:
      - Faraday v0.9.1
      Prefer:
      - return=respresentation; omit="http://fedora.info/definitions/v4/repository#ServerManaged"
      Accept:
      - application/x-turtle
      Accept-Encoding:
      - gzip;q=1.0,deflate;q=0.6,identity;q=0.3
  response:
    status:
      code: 200
      message: OK
    headers:
      Etag:
      - '"0d52b1a822f09aabaf6d4e138b7aebe2d9746a88"'
      Last-Modified:
      - Fri, 26 Jun 2015 00:52:09 GMT
      Link:
      - <http://www.w3.org/ns/ldp#BasicContainer>;rel="type"
      - <http://www.w3.org/ns/ldp#Container>;rel="type"
      - <http://www.w3.org/ns/ldp#Resource>;rel="type"
      Accept-Patch:
      - application/sparql-update
      Accept-Post:
      - text/turtle,text/rdf+n3,text/n3,application/rdf+xml,application/n-triples,multipart/form-data,application/sparql-update
      Allow:
      - MOVE,COPY,DELETE,POST,HEAD,GET,PUT,PATCH,OPTIONS
      Preference-Applied:
      - return=representation
      Vary:
      - Accept, Range, Accept-Encoding, Accept-Language
      - Prefer
      Content-Length:
      - '2084'
      Content-Type:
      - application/x-turtle
    body:
      encoding: UTF-8
      string: "@prefix premis: <http://www.loc.gov/premis/rdf/v1#> .\n@prefix image:
        <http://www.modeshape.org/images/1.0> .\n@prefix sv: <http://www.jcp.org/jcr/sv/1.0>
        .\n@prefix test: <info:fedora/test/> .\n@prefix nt: <http://www.jcp.org/jcr/nt/1.0>
        .\n@prefix cnt: <http://www.w3.org/2011/content#> .\n@prefix dcmitype: <http://purl.org/dc/dcmitype/>
        .\n@prefix rdfs: <http://www.w3.org/2000/01/rdf-schema#> .\n@prefix xsi: <http://www.w3.org/2001/XMLSchema-instance>
        .\n@prefix mode: <http://www.modeshape.org/1.0> .\n@prefix oa: <http://www.w3.org/ns/oa#>
        .\n@prefix triannon: <http://triannon.stanford.edu/ns/> .\n@prefix rdf: <http://www.w3.org/1999/02/22-rdf-syntax-ns#>
        .\n@prefix fedora: <http://fedora.info/definitions/v4/repository#> .\n@prefix
        xml: <http://www.w3.org/XML/1998/namespace> .\n@prefix ldp: <http://www.w3.org/ns/ldp#>
        .\n@prefix xs: <http://www.w3.org/2001/XMLSchema> .\n@prefix fedoraconfig:
        <http://fedora.info/definitions/v4/config#> .\n@prefix mix: <http://www.jcp.org/jcr/mix/1.0>
        .\n@prefix foaf: <http://xmlns.com/foaf/0.1/> .\n@prefix dc: <http://purl.org/dc/elements/1.1/>
        .\n\n\n<http://localhost:8983/fedora/rest/anno/choice_integration_specs/ab/09/26/39/ab092639-c589-45e8-98b7-f00c99c872f9/b/91/2a/9c/74/912a9c74-5f1f-4498-ac36-63e63ced3772>
        a oa:Choice , ldp:BasicContainer ;\n\toa:item <http://localhost:8983/fedora/rest/.well-known/genid/9b/ef/17/7d/9bef177d-50c2-4431-95fe-f4bc72964cfe>
        ;\n\toa:default <http://localhost:8983/fedora/rest/.well-known/genid/08/02/1b/d0/08021bd0-a3c2-4869-810c-55324a2c002f>
        .\n\n<http://localhost:8983/fedora/rest/.well-known/genid/9b/ef/17/7d/9bef177d-50c2-4431-95fe-f4bc72964cfe>
        a dcmitype:Text , cnt:ContentAsText ;\n\tdc:language \"fr\"^^<http://www.w3.org/2001/XMLSchema#string>
        ;\n\tcnt:chars \"Je l'aime en Francais!\"^^<http://www.w3.org/2001/XMLSchema#string>
        .\n\n<http://localhost:8983/fedora/rest/.well-known/genid/08/02/1b/d0/08021bd0-a3c2-4869-810c-55324a2c002f>
        a dcmitype:Text , cnt:ContentAsText ;\n\tdc:language \"en\"^^<http://www.w3.org/2001/XMLSchema#string>
        ;\n\tcnt:chars \"I love this Englishly!\"^^<http://www.w3.org/2001/XMLSchema#string>
        .\n"
    http_version: 
  recorded_at: Fri, 26 Jun 2015 00:52:10 GMT
- request:
    method: get
    uri: http://localhost:8983/fedora/rest/anno/choice_integration_specs/ab/09/26/39/ab092639-c589-45e8-98b7-f00c99c872f9/t/9f/f5/9d/0b/9ff59d0b-5565-4a16-afc5-d80327b82cd1
    body:
      encoding: US-ASCII
      string: ''
    headers:
      User-Agent:
      - Faraday v0.9.1
      Prefer:
      - return=respresentation; omit="http://fedora.info/definitions/v4/repository#ServerManaged"
      Accept:
      - application/x-turtle
      Accept-Encoding:
      - gzip;q=1.0,deflate;q=0.6,identity;q=0.3
  response:
    status:
      code: 200
      message: OK
    headers:
      Etag:
      - '"8b42e391ea2a2ea69e30bd47892f8872024ddb0d"'
      Last-Modified:
      - Fri, 26 Jun 2015 00:52:09 GMT
      Link:
      - <http://www.w3.org/ns/ldp#BasicContainer>;rel="type"
      - <http://www.w3.org/ns/ldp#Container>;rel="type"
      - <http://www.w3.org/ns/ldp#Resource>;rel="type"
      Accept-Patch:
      - application/sparql-update
      Accept-Post:
      - text/turtle,text/rdf+n3,text/n3,application/rdf+xml,application/n-triples,multipart/form-data,application/sparql-update
      Allow:
      - MOVE,COPY,DELETE,POST,HEAD,GET,PUT,PATCH,OPTIONS
      Preference-Applied:
      - return=representation
      Vary:
      - Accept, Range, Accept-Encoding, Accept-Language
      - Prefer
      Content-Length:
      - '1338'
      Content-Type:
      - application/x-turtle
    body:
      encoding: UTF-8
      string: "@prefix premis: <http://www.loc.gov/premis/rdf/v1#> .\n@prefix image:
        <http://www.modeshape.org/images/1.0> .\n@prefix sv: <http://www.jcp.org/jcr/sv/1.0>
        .\n@prefix test: <info:fedora/test/> .\n@prefix nt: <http://www.jcp.org/jcr/nt/1.0>
        .\n@prefix cnt: <http://www.w3.org/2011/content#> .\n@prefix dcmitype: <http://purl.org/dc/dcmitype/>
        .\n@prefix rdfs: <http://www.w3.org/2000/01/rdf-schema#> .\n@prefix xsi: <http://www.w3.org/2001/XMLSchema-instance>
        .\n@prefix mode: <http://www.modeshape.org/1.0> .\n@prefix oa: <http://www.w3.org/ns/oa#>
        .\n@prefix triannon: <http://triannon.stanford.edu/ns/> .\n@prefix rdf: <http://www.w3.org/1999/02/22-rdf-syntax-ns#>
        .\n@prefix fedora: <http://fedora.info/definitions/v4/repository#> .\n@prefix
        xml: <http://www.w3.org/XML/1998/namespace> .\n@prefix ldp: <http://www.w3.org/ns/ldp#>
        .\n@prefix xs: <http://www.w3.org/2001/XMLSchema> .\n@prefix fedoraconfig:
        <http://fedora.info/definitions/v4/config#> .\n@prefix mix: <http://www.jcp.org/jcr/mix/1.0>
        .\n@prefix foaf: <http://xmlns.com/foaf/0.1/> .\n@prefix dc: <http://purl.org/dc/elements/1.1/>
        .\n\n\n<http://localhost:8983/fedora/rest/anno/choice_integration_specs/ab/09/26/39/ab092639-c589-45e8-98b7-f00c99c872f9/t/9f/f5/9d/0b/9ff59d0b-5565-4a16-afc5-d80327b82cd1>
        a ldp:BasicContainer ;\n\ttriannon:externalReference <http://purl.stanford.edu/kq131cs7229>
        .\n"
    http_version: 
  recorded_at: Fri, 26 Jun 2015 00:52:10 GMT
recorded_with: VCR 2.9.3
