---
http_interactions:
- request:
    method: post
    uri: http://localhost:8983/fedora/rest/anno
    body:
      encoding: UTF-8
      string: |
        @prefix oa: <http://www.w3.org/ns/oa#> .
        @prefix rdf: <http://www.w3.org/1999/02/22-rdf-syntax-ns#> .

        <> a oa:Annotation;
           oa:motivatedBy oa:commenting .
    headers:
      User-Agent:
      - Faraday v0.9.1
      Prefer:
      - return=respresentation; omit="http://fedora.info/definitions/v4/repository#ServerManaged"
      Content-Type:
      - application/x-turtle
      Accept-Encoding:
      - gzip;q=1.0,deflate;q=0.6,identity;q=0.3
      Accept:
      - "*/*"
  response:
    status:
      code: 201
      message: Created
    headers:
      Etag:
      - '"03d4c64c2d1d3ec94fef16dfb11f8c7b580d1b04"'
      Last-Modified:
      - Tue, 05 May 2015 00:47:47 GMT
      Content-Length:
      - '87'
      Location:
      - http://localhost:8983/fedora/rest/anno/8a/85/e2/cb/8a85e2cb-94bc-40b5-bf42-3c9e039653e8
      Content-Type:
      - text/plain
    body:
      encoding: UTF-8
      string: http://localhost:8983/fedora/rest/anno/8a/85/e2/cb/8a85e2cb-94bc-40b5-bf42-3c9e039653e8
    http_version: 
  recorded_at: Tue, 05 May 2015 00:47:47 GMT
- request:
    method: post
    uri: http://localhost:8983/fedora/rest/anno/8a/85/e2/cb/8a85e2cb-94bc-40b5-bf42-3c9e039653e8
    body:
      encoding: UTF-8
      string: |
        @prefix ldp: <http://www.w3.org/ns/ldp#> .
        @prefix oa: <http://www.w3.org/ns/oa#> .
        @prefix rdf: <http://www.w3.org/1999/02/22-rdf-syntax-ns#> .

        <> a ldp:DirectContainer;
           ldp:hasMemberRelation oa:hasBody;
           ldp:membershipResource <http://localhost:8983/fedora/rest/anno/8a/85/e2/cb/8a85e2cb-94bc-40b5-bf42-3c9e039653e8> .
    headers:
      User-Agent:
      - Faraday v0.9.1
      Prefer:
      - return=respresentation; omit="http://fedora.info/definitions/v4/repository#ServerManaged"
      Content-Type:
      - application/x-turtle
      Slug:
      - b
      Accept-Encoding:
      - gzip;q=1.0,deflate;q=0.6,identity;q=0.3
      Accept:
      - "*/*"
  response:
    status:
      code: 201
      message: Created
    headers:
      Etag:
      - '"9fb0a9fbaf1fbe60d2de9596f40cf2b40b172d7f"'
      Last-Modified:
      - Tue, 05 May 2015 00:47:47 GMT
      Content-Length:
      - '89'
      Location:
      - http://localhost:8983/fedora/rest/anno/8a/85/e2/cb/8a85e2cb-94bc-40b5-bf42-3c9e039653e8/b
      Content-Type:
      - text/plain
    body:
      encoding: UTF-8
      string: http://localhost:8983/fedora/rest/anno/8a/85/e2/cb/8a85e2cb-94bc-40b5-bf42-3c9e039653e8/b
    http_version: 
  recorded_at: Tue, 05 May 2015 00:47:47 GMT
- request:
    method: post
    uri: http://localhost:8983/fedora/rest/anno/8a/85/e2/cb/8a85e2cb-94bc-40b5-bf42-3c9e039653e8/b
    body:
      encoding: UTF-8
      string: |
        @prefix cnt: <http://www.w3.org/2011/content#> .
        @prefix dc11: <http://purl.org/dc/elements/1.1/> .
        @prefix dcmitype: <http://purl.org/dc/dcmitype/> .
        @prefix oa: <http://www.w3.org/ns/oa#> .
        @prefix rdf: <http://www.w3.org/1999/02/22-rdf-syntax-ns#> .
        @prefix xsd: <http://www.w3.org/2001/XMLSchema#> .

        <> a oa:Choice;
           oa:default [
             a cnt:ContentAsText,
               dcmitype:Text;
             dc11:language "en";
             cnt:chars "I love this Englishly!"
           ];
           oa:item [
             a cnt:ContentAsText,
               dcmitype:Text;
             dc11:language "fr";
             cnt:chars "Je l'aime en Francais!"
           ] .
    headers:
      User-Agent:
      - Faraday v0.9.1
      Prefer:
      - return=respresentation; omit="http://fedora.info/definitions/v4/repository#ServerManaged"
      Content-Type:
      - application/x-turtle
      Accept-Encoding:
      - gzip;q=1.0,deflate;q=0.6,identity;q=0.3
      Accept:
      - "*/*"
  response:
    status:
      code: 201
      message: Created
    headers:
      Etag:
      - '"c0f165a2b9baee86782c4d0aa09d404e92525a46"'
      Last-Modified:
      - Tue, 05 May 2015 00:47:47 GMT
      Content-Length:
      - '138'
      Location:
      - http://localhost:8983/fedora/rest/anno/8a/85/e2/cb/8a85e2cb-94bc-40b5-bf42-3c9e039653e8/b/e9/36/d2/4a/e936d24a-4ba1-4c23-aa46-351bcdb7855c
      Content-Type:
      - text/plain
    body:
      encoding: UTF-8
      string: http://localhost:8983/fedora/rest/anno/8a/85/e2/cb/8a85e2cb-94bc-40b5-bf42-3c9e039653e8/b/e9/36/d2/4a/e936d24a-4ba1-4c23-aa46-351bcdb7855c
    http_version: 
  recorded_at: Tue, 05 May 2015 00:47:47 GMT
- request:
    method: post
    uri: http://localhost:8983/fedora/rest/anno/8a/85/e2/cb/8a85e2cb-94bc-40b5-bf42-3c9e039653e8
    body:
      encoding: UTF-8
      string: |
        @prefix ldp: <http://www.w3.org/ns/ldp#> .
        @prefix oa: <http://www.w3.org/ns/oa#> .
        @prefix rdf: <http://www.w3.org/1999/02/22-rdf-syntax-ns#> .

        <> a ldp:DirectContainer;
           ldp:hasMemberRelation oa:hasTarget;
           ldp:membershipResource <http://localhost:8983/fedora/rest/anno/8a/85/e2/cb/8a85e2cb-94bc-40b5-bf42-3c9e039653e8> .
    headers:
      User-Agent:
      - Faraday v0.9.1
      Prefer:
      - return=respresentation; omit="http://fedora.info/definitions/v4/repository#ServerManaged"
      Content-Type:
      - application/x-turtle
      Slug:
      - t
      Accept-Encoding:
      - gzip;q=1.0,deflate;q=0.6,identity;q=0.3
      Accept:
      - "*/*"
  response:
    status:
      code: 201
      message: Created
    headers:
      Etag:
      - '"4979a81f0bdda31a0a4415aa380b3e4883aff32b"'
      Last-Modified:
      - Tue, 05 May 2015 00:47:47 GMT
      Content-Length:
      - '89'
      Location:
      - http://localhost:8983/fedora/rest/anno/8a/85/e2/cb/8a85e2cb-94bc-40b5-bf42-3c9e039653e8/t
      Content-Type:
      - text/plain
    body:
      encoding: UTF-8
      string: http://localhost:8983/fedora/rest/anno/8a/85/e2/cb/8a85e2cb-94bc-40b5-bf42-3c9e039653e8/t
    http_version: 
  recorded_at: Tue, 05 May 2015 00:47:47 GMT
- request:
    method: post
    uri: http://localhost:8983/fedora/rest/anno/8a/85/e2/cb/8a85e2cb-94bc-40b5-bf42-3c9e039653e8/t
    body:
      encoding: UTF-8
      string: |
        @prefix triannon: <http://triannon.stanford.edu/ns/> .

        <> triannon:externalReference <http://purl.stanford.edu/kq131cs7229> .
    headers:
      User-Agent:
      - Faraday v0.9.1
      Prefer:
      - return=respresentation; omit="http://fedora.info/definitions/v4/repository#ServerManaged"
      Content-Type:
      - application/x-turtle
      Accept-Encoding:
      - gzip;q=1.0,deflate;q=0.6,identity;q=0.3
      Accept:
      - "*/*"
  response:
    status:
      code: 201
      message: Created
    headers:
      Etag:
      - '"28d6c9882690c9f9392ed528337f4d044e8ef377"'
      Last-Modified:
      - Tue, 05 May 2015 00:47:47 GMT
      Content-Length:
      - '138'
      Location:
      - http://localhost:8983/fedora/rest/anno/8a/85/e2/cb/8a85e2cb-94bc-40b5-bf42-3c9e039653e8/t/d6/f0/ac/3c/d6f0ac3c-a86f-4628-9928-c5613341206b
      Content-Type:
      - text/plain
    body:
      encoding: UTF-8
      string: http://localhost:8983/fedora/rest/anno/8a/85/e2/cb/8a85e2cb-94bc-40b5-bf42-3c9e039653e8/t/d6/f0/ac/3c/d6f0ac3c-a86f-4628-9928-c5613341206b
    http_version: 
  recorded_at: Tue, 05 May 2015 00:47:47 GMT
- request:
    method: get
    uri: http://localhost:8983/fedora/rest/anno/8a/85/e2/cb/8a85e2cb-94bc-40b5-bf42-3c9e039653e8
    body:
      encoding: US-ASCII
      string: ''
    headers:
      User-Agent:
      - Faraday v0.9.1
      Prefer:
      - return=respresentation; omit="http://fedora.info/definitions/v4/repository#ServerManaged"
      Accept:
      - application/x-turtle
      Accept-Encoding:
      - gzip;q=1.0,deflate;q=0.6,identity;q=0.3
  response:
    status:
      code: 200
      message: OK
    headers:
      Etag:
      - '"59034241734f2e0de177baddbe3f00de29ee6c5c"'
      Last-Modified:
      - Tue, 05 May 2015 00:47:47 GMT
      Link:
      - <http://www.w3.org/ns/ldp#BasicContainer>;rel="type"
      - <http://www.w3.org/ns/ldp#Container>;rel="type"
      - <http://www.w3.org/ns/ldp#Resource>;rel="type"
      Accept-Patch:
      - application/sparql-update
      Accept-Post:
      - text/turtle,text/rdf+n3,text/n3,application/rdf+xml,application/n-triples,multipart/form-data,application/sparql-update
      Allow:
      - MOVE,COPY,DELETE,POST,HEAD,GET,PUT,PATCH,OPTIONS
      Preference-Applied:
      - return=representation
      Vary:
      - Accept, Range, Accept-Encoding, Accept-Language
      - Prefer
      Content-Length:
      - '1823'
      Content-Type:
      - application/x-turtle
    body:
      encoding: UTF-8
      string: "@prefix premis: <http://www.loc.gov/premis/rdf/v1#> .\n@prefix nt:
        <http://www.jcp.org/jcr/nt/1.0> .\n@prefix rdfs: <http://www.w3.org/2000/01/rdf-schema#>
        .\n@prefix xsi: <http://www.w3.org/2001/XMLSchema-instance> .\n@prefix mode:
        <http://www.modeshape.org/1.0> .\n@prefix oa: <http://www.w3.org/ns/oa#> .\n@prefix
        xml: <http://www.w3.org/XML/1998/namespace> .\n@prefix fedoraconfig: <http://fedora.info/definitions/v4/config#>
        .\n@prefix mix: <http://www.jcp.org/jcr/mix/1.0> .\n@prefix prov: <http://www.w3.org/ns/prov#>
        .\n@prefix foaf: <http://xmlns.com/foaf/0.1/> .\n@prefix image: <http://www.modeshape.org/images/1.0>
        .\n@prefix sv: <http://www.jcp.org/jcr/sv/1.0> .\n@prefix test: <info:fedora/test/>
        .\n@prefix cnt: <http://www.w3.org/2011/content#> .\n@prefix dcmitype: <http://purl.org/dc/dcmitype/>
        .\n@prefix dc11: <http://purl.org/dc/elements/1.1/> .\n@prefix triannon: <http://triannon.stanford.edu/ns/>
        .\n@prefix rdf: <http://www.w3.org/1999/02/22-rdf-syntax-ns#> .\n@prefix fedora:
        <http://fedora.info/definitions/v4/repository#> .\n@prefix ldp: <http://www.w3.org/ns/ldp#>
        .\n@prefix xs: <http://www.w3.org/2001/XMLSchema> .\n@prefix dc: <http://purl.org/dc/terms/>
        .\n\n\n<http://localhost:8983/fedora/rest/anno/8a/85/e2/cb/8a85e2cb-94bc-40b5-bf42-3c9e039653e8>
        a oa:Annotation ;\n\toa:motivatedBy oa:commenting ;\n\tldp:contains <http://localhost:8983/fedora/rest/anno/8a/85/e2/cb/8a85e2cb-94bc-40b5-bf42-3c9e039653e8/b>
        , <http://localhost:8983/fedora/rest/anno/8a/85/e2/cb/8a85e2cb-94bc-40b5-bf42-3c9e039653e8/t>
        ;\n\toa:hasTarget <http://localhost:8983/fedora/rest/anno/8a/85/e2/cb/8a85e2cb-94bc-40b5-bf42-3c9e039653e8/t/d6/f0/ac/3c/d6f0ac3c-a86f-4628-9928-c5613341206b>
        ;\n\toa:hasBody <http://localhost:8983/fedora/rest/anno/8a/85/e2/cb/8a85e2cb-94bc-40b5-bf42-3c9e039653e8/b/e9/36/d2/4a/e936d24a-4ba1-4c23-aa46-351bcdb7855c>
        .\n"
    http_version: 
  recorded_at: Tue, 05 May 2015 00:47:47 GMT
- request:
    method: get
    uri: http://localhost:8983/fedora/rest/anno/8a/85/e2/cb/8a85e2cb-94bc-40b5-bf42-3c9e039653e8/b/e9/36/d2/4a/e936d24a-4ba1-4c23-aa46-351bcdb7855c
    body:
      encoding: US-ASCII
      string: ''
    headers:
      User-Agent:
      - Faraday v0.9.1
      Prefer:
      - return=respresentation; omit="http://fedora.info/definitions/v4/repository#ServerManaged"
      Accept:
      - application/x-turtle
      Accept-Encoding:
      - gzip;q=1.0,deflate;q=0.6,identity;q=0.3
  response:
    status:
      code: 200
      message: OK
    headers:
      Etag:
      - '"c0f165a2b9baee86782c4d0aa09d404e92525a46"'
      Last-Modified:
      - Tue, 05 May 2015 00:47:47 GMT
      Link:
      - <http://www.w3.org/ns/ldp#BasicContainer>;rel="type"
      - <http://www.w3.org/ns/ldp#Container>;rel="type"
      - <http://www.w3.org/ns/ldp#Resource>;rel="type"
      Accept-Patch:
      - application/sparql-update
      Accept-Post:
      - text/turtle,text/rdf+n3,text/n3,application/rdf+xml,application/n-triples,multipart/form-data,application/sparql-update
      Allow:
      - MOVE,COPY,DELETE,POST,HEAD,GET,PUT,PATCH,OPTIONS
      Preference-Applied:
      - return=representation
      Vary:
      - Accept, Range, Accept-Encoding, Accept-Language
      - Prefer
      Content-Length:
      - '2131'
      Content-Type:
      - application/x-turtle
    body:
      encoding: UTF-8
      string: "@prefix premis: <http://www.loc.gov/premis/rdf/v1#> .\n@prefix nt:
        <http://www.jcp.org/jcr/nt/1.0> .\n@prefix rdfs: <http://www.w3.org/2000/01/rdf-schema#>
        .\n@prefix xsi: <http://www.w3.org/2001/XMLSchema-instance> .\n@prefix mode:
        <http://www.modeshape.org/1.0> .\n@prefix oa: <http://www.w3.org/ns/oa#> .\n@prefix
        xml: <http://www.w3.org/XML/1998/namespace> .\n@prefix fedoraconfig: <http://fedora.info/definitions/v4/config#>
        .\n@prefix mix: <http://www.jcp.org/jcr/mix/1.0> .\n@prefix prov: <http://www.w3.org/ns/prov#>
        .\n@prefix foaf: <http://xmlns.com/foaf/0.1/> .\n@prefix image: <http://www.modeshape.org/images/1.0>
        .\n@prefix sv: <http://www.jcp.org/jcr/sv/1.0> .\n@prefix test: <info:fedora/test/>
        .\n@prefix cnt: <http://www.w3.org/2011/content#> .\n@prefix dcmitype: <http://purl.org/dc/dcmitype/>
        .\n@prefix dc11: <http://purl.org/dc/elements/1.1/> .\n@prefix triannon: <http://triannon.stanford.edu/ns/>
        .\n@prefix rdf: <http://www.w3.org/1999/02/22-rdf-syntax-ns#> .\n@prefix fedora:
        <http://fedora.info/definitions/v4/repository#> .\n@prefix ldp: <http://www.w3.org/ns/ldp#>
        .\n@prefix xs: <http://www.w3.org/2001/XMLSchema> .\n@prefix dc: <http://purl.org/dc/terms/>
        .\n\n\n<http://localhost:8983/fedora/rest/anno/8a/85/e2/cb/8a85e2cb-94bc-40b5-bf42-3c9e039653e8/b/e9/36/d2/4a/e936d24a-4ba1-4c23-aa46-351bcdb7855c>
        a oa:Choice ;\n\toa:item <http://localhost:8983/fedora/rest/.well-known/genid/a0/1e/d5/c7/a01ed5c7-6da2-4533-bf12-3b426ae34668>
        ;\n\toa:default <http://localhost:8983/fedora/rest/.well-known/genid/b1/aa/e2/98/b1aae298-a6df-42bd-a852-bdd120b916d6>
        .\n\n<http://localhost:8983/fedora/rest/.well-known/genid/a0/1e/d5/c7/a01ed5c7-6da2-4533-bf12-3b426ae34668>
        a dcmitype:Text , cnt:ContentAsText ;\n\tdc11:language \"fr\"^^<http://www.w3.org/2001/XMLSchema#string>
        ;\n\tcnt:chars \"Je l'aime en Francais!\"^^<http://www.w3.org/2001/XMLSchema#string>
        .\n\n<http://localhost:8983/fedora/rest/.well-known/genid/b1/aa/e2/98/b1aae298-a6df-42bd-a852-bdd120b916d6>
        a dcmitype:Text , cnt:ContentAsText ;\n\tdc11:language \"en\"^^<http://www.w3.org/2001/XMLSchema#string>
        ;\n\tcnt:chars \"I love this Englishly!\"^^<http://www.w3.org/2001/XMLSchema#string>
        .\n"
    http_version: 
  recorded_at: Tue, 05 May 2015 00:47:47 GMT
- request:
    method: get
    uri: http://localhost:8983/fedora/rest/anno/8a/85/e2/cb/8a85e2cb-94bc-40b5-bf42-3c9e039653e8/t/d6/f0/ac/3c/d6f0ac3c-a86f-4628-9928-c5613341206b
    body:
      encoding: US-ASCII
      string: ''
    headers:
      User-Agent:
      - Faraday v0.9.1
      Prefer:
      - return=respresentation; omit="http://fedora.info/definitions/v4/repository#ServerManaged"
      Accept:
      - application/x-turtle
      Accept-Encoding:
      - gzip;q=1.0,deflate;q=0.6,identity;q=0.3
  response:
    status:
      code: 200
      message: OK
    headers:
      Etag:
      - '"28d6c9882690c9f9392ed528337f4d044e8ef377"'
      Last-Modified:
      - Tue, 05 May 2015 00:47:47 GMT
      Link:
      - <http://www.w3.org/ns/ldp#BasicContainer>;rel="type"
      - <http://www.w3.org/ns/ldp#Container>;rel="type"
      - <http://www.w3.org/ns/ldp#Resource>;rel="type"
      Accept-Patch:
      - application/sparql-update
      Accept-Post:
      - text/turtle,text/rdf+n3,text/n3,application/rdf+xml,application/n-triples,multipart/form-data,application/sparql-update
      Allow:
      - MOVE,COPY,DELETE,POST,HEAD,GET,PUT,PATCH,OPTIONS
      Preference-Applied:
      - return=representation
      Vary:
      - Accept, Range, Accept-Encoding, Accept-Language
      - Prefer
      Content-Length:
      - '1378'
      Content-Type:
      - application/x-turtle
    body:
      encoding: UTF-8
      string: |
        @prefix premis: <http://www.loc.gov/premis/rdf/v1#> .
        @prefix nt: <http://www.jcp.org/jcr/nt/1.0> .
        @prefix rdfs: <http://www.w3.org/2000/01/rdf-schema#> .
        @prefix xsi: <http://www.w3.org/2001/XMLSchema-instance> .
        @prefix mode: <http://www.modeshape.org/1.0> .
        @prefix oa: <http://www.w3.org/ns/oa#> .
        @prefix xml: <http://www.w3.org/XML/1998/namespace> .
        @prefix fedoraconfig: <http://fedora.info/definitions/v4/config#> .
        @prefix mix: <http://www.jcp.org/jcr/mix/1.0> .
        @prefix prov: <http://www.w3.org/ns/prov#> .
        @prefix foaf: <http://xmlns.com/foaf/0.1/> .
        @prefix image: <http://www.modeshape.org/images/1.0> .
        @prefix sv: <http://www.jcp.org/jcr/sv/1.0> .
        @prefix test: <info:fedora/test/> .
        @prefix cnt: <http://www.w3.org/2011/content#> .
        @prefix dcmitype: <http://purl.org/dc/dcmitype/> .
        @prefix dc11: <http://purl.org/dc/elements/1.1/> .
        @prefix triannon: <http://triannon.stanford.edu/ns/> .
        @prefix rdf: <http://www.w3.org/1999/02/22-rdf-syntax-ns#> .
        @prefix fedora: <http://fedora.info/definitions/v4/repository#> .
        @prefix ldp: <http://www.w3.org/ns/ldp#> .
        @prefix xs: <http://www.w3.org/2001/XMLSchema> .
        @prefix dc: <http://purl.org/dc/terms/> .


        <http://localhost:8983/fedora/rest/anno/8a/85/e2/cb/8a85e2cb-94bc-40b5-bf42-3c9e039653e8/t/d6/f0/ac/3c/d6f0ac3c-a86f-4628-9928-c5613341206b> triannon:externalReference <http://purl.stanford.edu/kq131cs7229> .
    http_version: 
  recorded_at: Tue, 05 May 2015 00:47:47 GMT
- request:
    method: get
    uri: http://localhost:8983/fedora/rest/anno/8a/85/e2/cb/8a85e2cb-94bc-40b5-bf42-3c9e039653e8
    body:
      encoding: US-ASCII
      string: ''
    headers:
      User-Agent:
      - Faraday v0.9.1
      Prefer:
      - return=respresentation; omit="http://fedora.info/definitions/v4/repository#ServerManaged"
      Accept:
      - application/x-turtle
      Accept-Encoding:
      - gzip;q=1.0,deflate;q=0.6,identity;q=0.3
  response:
    status:
      code: 200
      message: OK
    headers:
      Etag:
      - '"59034241734f2e0de177baddbe3f00de29ee6c5c"'
      Last-Modified:
      - Tue, 05 May 2015 00:47:47 GMT
      Link:
      - <http://www.w3.org/ns/ldp#BasicContainer>;rel="type"
      - <http://www.w3.org/ns/ldp#Container>;rel="type"
      - <http://www.w3.org/ns/ldp#Resource>;rel="type"
      Accept-Patch:
      - application/sparql-update
      Accept-Post:
      - text/turtle,text/rdf+n3,text/n3,application/rdf+xml,application/n-triples,multipart/form-data,application/sparql-update
      Allow:
      - MOVE,COPY,DELETE,POST,HEAD,GET,PUT,PATCH,OPTIONS
      Preference-Applied:
      - return=representation
      Vary:
      - Accept, Range, Accept-Encoding, Accept-Language
      - Prefer
      Content-Length:
      - '1823'
      Content-Type:
      - application/x-turtle
    body:
      encoding: UTF-8
      string: "@prefix premis: <http://www.loc.gov/premis/rdf/v1#> .\n@prefix nt:
        <http://www.jcp.org/jcr/nt/1.0> .\n@prefix rdfs: <http://www.w3.org/2000/01/rdf-schema#>
        .\n@prefix xsi: <http://www.w3.org/2001/XMLSchema-instance> .\n@prefix mode:
        <http://www.modeshape.org/1.0> .\n@prefix oa: <http://www.w3.org/ns/oa#> .\n@prefix
        xml: <http://www.w3.org/XML/1998/namespace> .\n@prefix fedoraconfig: <http://fedora.info/definitions/v4/config#>
        .\n@prefix mix: <http://www.jcp.org/jcr/mix/1.0> .\n@prefix prov: <http://www.w3.org/ns/prov#>
        .\n@prefix foaf: <http://xmlns.com/foaf/0.1/> .\n@prefix image: <http://www.modeshape.org/images/1.0>
        .\n@prefix sv: <http://www.jcp.org/jcr/sv/1.0> .\n@prefix test: <info:fedora/test/>
        .\n@prefix cnt: <http://www.w3.org/2011/content#> .\n@prefix dcmitype: <http://purl.org/dc/dcmitype/>
        .\n@prefix dc11: <http://purl.org/dc/elements/1.1/> .\n@prefix triannon: <http://triannon.stanford.edu/ns/>
        .\n@prefix rdf: <http://www.w3.org/1999/02/22-rdf-syntax-ns#> .\n@prefix fedora:
        <http://fedora.info/definitions/v4/repository#> .\n@prefix ldp: <http://www.w3.org/ns/ldp#>
        .\n@prefix xs: <http://www.w3.org/2001/XMLSchema> .\n@prefix dc: <http://purl.org/dc/terms/>
        .\n\n\n<http://localhost:8983/fedora/rest/anno/8a/85/e2/cb/8a85e2cb-94bc-40b5-bf42-3c9e039653e8>
        a oa:Annotation ;\n\toa:motivatedBy oa:commenting ;\n\tldp:contains <http://localhost:8983/fedora/rest/anno/8a/85/e2/cb/8a85e2cb-94bc-40b5-bf42-3c9e039653e8/b>
        , <http://localhost:8983/fedora/rest/anno/8a/85/e2/cb/8a85e2cb-94bc-40b5-bf42-3c9e039653e8/t>
        ;\n\toa:hasTarget <http://localhost:8983/fedora/rest/anno/8a/85/e2/cb/8a85e2cb-94bc-40b5-bf42-3c9e039653e8/t/d6/f0/ac/3c/d6f0ac3c-a86f-4628-9928-c5613341206b>
        ;\n\toa:hasBody <http://localhost:8983/fedora/rest/anno/8a/85/e2/cb/8a85e2cb-94bc-40b5-bf42-3c9e039653e8/b/e9/36/d2/4a/e936d24a-4ba1-4c23-aa46-351bcdb7855c>
        .\n"
    http_version: 
  recorded_at: Tue, 05 May 2015 00:47:48 GMT
- request:
    method: get
    uri: http://localhost:8983/fedora/rest/anno/8a/85/e2/cb/8a85e2cb-94bc-40b5-bf42-3c9e039653e8/b/e9/36/d2/4a/e936d24a-4ba1-4c23-aa46-351bcdb7855c
    body:
      encoding: US-ASCII
      string: ''
    headers:
      User-Agent:
      - Faraday v0.9.1
      Prefer:
      - return=respresentation; omit="http://fedora.info/definitions/v4/repository#ServerManaged"
      Accept:
      - application/x-turtle
      Accept-Encoding:
      - gzip;q=1.0,deflate;q=0.6,identity;q=0.3
  response:
    status:
      code: 200
      message: OK
    headers:
      Etag:
      - '"c0f165a2b9baee86782c4d0aa09d404e92525a46"'
      Last-Modified:
      - Tue, 05 May 2015 00:47:47 GMT
      Link:
      - <http://www.w3.org/ns/ldp#BasicContainer>;rel="type"
      - <http://www.w3.org/ns/ldp#Container>;rel="type"
      - <http://www.w3.org/ns/ldp#Resource>;rel="type"
      Accept-Patch:
      - application/sparql-update
      Accept-Post:
      - text/turtle,text/rdf+n3,text/n3,application/rdf+xml,application/n-triples,multipart/form-data,application/sparql-update
      Allow:
      - MOVE,COPY,DELETE,POST,HEAD,GET,PUT,PATCH,OPTIONS
      Preference-Applied:
      - return=representation
      Vary:
      - Accept, Range, Accept-Encoding, Accept-Language
      - Prefer
      Content-Length:
      - '2131'
      Content-Type:
      - application/x-turtle
    body:
      encoding: UTF-8
      string: "@prefix premis: <http://www.loc.gov/premis/rdf/v1#> .\n@prefix nt:
        <http://www.jcp.org/jcr/nt/1.0> .\n@prefix rdfs: <http://www.w3.org/2000/01/rdf-schema#>
        .\n@prefix xsi: <http://www.w3.org/2001/XMLSchema-instance> .\n@prefix mode:
        <http://www.modeshape.org/1.0> .\n@prefix oa: <http://www.w3.org/ns/oa#> .\n@prefix
        xml: <http://www.w3.org/XML/1998/namespace> .\n@prefix fedoraconfig: <http://fedora.info/definitions/v4/config#>
        .\n@prefix mix: <http://www.jcp.org/jcr/mix/1.0> .\n@prefix prov: <http://www.w3.org/ns/prov#>
        .\n@prefix foaf: <http://xmlns.com/foaf/0.1/> .\n@prefix image: <http://www.modeshape.org/images/1.0>
        .\n@prefix sv: <http://www.jcp.org/jcr/sv/1.0> .\n@prefix test: <info:fedora/test/>
        .\n@prefix cnt: <http://www.w3.org/2011/content#> .\n@prefix dcmitype: <http://purl.org/dc/dcmitype/>
        .\n@prefix dc11: <http://purl.org/dc/elements/1.1/> .\n@prefix triannon: <http://triannon.stanford.edu/ns/>
        .\n@prefix rdf: <http://www.w3.org/1999/02/22-rdf-syntax-ns#> .\n@prefix fedora:
        <http://fedora.info/definitions/v4/repository#> .\n@prefix ldp: <http://www.w3.org/ns/ldp#>
        .\n@prefix xs: <http://www.w3.org/2001/XMLSchema> .\n@prefix dc: <http://purl.org/dc/terms/>
        .\n\n\n<http://localhost:8983/fedora/rest/anno/8a/85/e2/cb/8a85e2cb-94bc-40b5-bf42-3c9e039653e8/b/e9/36/d2/4a/e936d24a-4ba1-4c23-aa46-351bcdb7855c>
        a oa:Choice ;\n\toa:item <http://localhost:8983/fedora/rest/.well-known/genid/a0/1e/d5/c7/a01ed5c7-6da2-4533-bf12-3b426ae34668>
        ;\n\toa:default <http://localhost:8983/fedora/rest/.well-known/genid/b1/aa/e2/98/b1aae298-a6df-42bd-a852-bdd120b916d6>
        .\n\n<http://localhost:8983/fedora/rest/.well-known/genid/a0/1e/d5/c7/a01ed5c7-6da2-4533-bf12-3b426ae34668>
        a dcmitype:Text , cnt:ContentAsText ;\n\tdc11:language \"fr\"^^<http://www.w3.org/2001/XMLSchema#string>
        ;\n\tcnt:chars \"Je l'aime en Francais!\"^^<http://www.w3.org/2001/XMLSchema#string>
        .\n\n<http://localhost:8983/fedora/rest/.well-known/genid/b1/aa/e2/98/b1aae298-a6df-42bd-a852-bdd120b916d6>
        a dcmitype:Text , cnt:ContentAsText ;\n\tdc11:language \"en\"^^<http://www.w3.org/2001/XMLSchema#string>
        ;\n\tcnt:chars \"I love this Englishly!\"^^<http://www.w3.org/2001/XMLSchema#string>
        .\n"
    http_version: 
  recorded_at: Tue, 05 May 2015 00:47:48 GMT
- request:
    method: get
    uri: http://localhost:8983/fedora/rest/anno/8a/85/e2/cb/8a85e2cb-94bc-40b5-bf42-3c9e039653e8/t/d6/f0/ac/3c/d6f0ac3c-a86f-4628-9928-c5613341206b
    body:
      encoding: US-ASCII
      string: ''
    headers:
      User-Agent:
      - Faraday v0.9.1
      Prefer:
      - return=respresentation; omit="http://fedora.info/definitions/v4/repository#ServerManaged"
      Accept:
      - application/x-turtle
      Accept-Encoding:
      - gzip;q=1.0,deflate;q=0.6,identity;q=0.3
  response:
    status:
      code: 200
      message: OK
    headers:
      Etag:
      - '"28d6c9882690c9f9392ed528337f4d044e8ef377"'
      Last-Modified:
      - Tue, 05 May 2015 00:47:47 GMT
      Link:
      - <http://www.w3.org/ns/ldp#BasicContainer>;rel="type"
      - <http://www.w3.org/ns/ldp#Container>;rel="type"
      - <http://www.w3.org/ns/ldp#Resource>;rel="type"
      Accept-Patch:
      - application/sparql-update
      Accept-Post:
      - text/turtle,text/rdf+n3,text/n3,application/rdf+xml,application/n-triples,multipart/form-data,application/sparql-update
      Allow:
      - MOVE,COPY,DELETE,POST,HEAD,GET,PUT,PATCH,OPTIONS
      Preference-Applied:
      - return=representation
      Vary:
      - Accept, Range, Accept-Encoding, Accept-Language
      - Prefer
      Content-Length:
      - '1378'
      Content-Type:
      - application/x-turtle
    body:
      encoding: UTF-8
      string: |
        @prefix premis: <http://www.loc.gov/premis/rdf/v1#> .
        @prefix nt: <http://www.jcp.org/jcr/nt/1.0> .
        @prefix rdfs: <http://www.w3.org/2000/01/rdf-schema#> .
        @prefix xsi: <http://www.w3.org/2001/XMLSchema-instance> .
        @prefix mode: <http://www.modeshape.org/1.0> .
        @prefix oa: <http://www.w3.org/ns/oa#> .
        @prefix xml: <http://www.w3.org/XML/1998/namespace> .
        @prefix fedoraconfig: <http://fedora.info/definitions/v4/config#> .
        @prefix mix: <http://www.jcp.org/jcr/mix/1.0> .
        @prefix prov: <http://www.w3.org/ns/prov#> .
        @prefix foaf: <http://xmlns.com/foaf/0.1/> .
        @prefix image: <http://www.modeshape.org/images/1.0> .
        @prefix sv: <http://www.jcp.org/jcr/sv/1.0> .
        @prefix test: <info:fedora/test/> .
        @prefix cnt: <http://www.w3.org/2011/content#> .
        @prefix dcmitype: <http://purl.org/dc/dcmitype/> .
        @prefix dc11: <http://purl.org/dc/elements/1.1/> .
        @prefix triannon: <http://triannon.stanford.edu/ns/> .
        @prefix rdf: <http://www.w3.org/1999/02/22-rdf-syntax-ns#> .
        @prefix fedora: <http://fedora.info/definitions/v4/repository#> .
        @prefix ldp: <http://www.w3.org/ns/ldp#> .
        @prefix xs: <http://www.w3.org/2001/XMLSchema> .
        @prefix dc: <http://purl.org/dc/terms/> .


        <http://localhost:8983/fedora/rest/anno/8a/85/e2/cb/8a85e2cb-94bc-40b5-bf42-3c9e039653e8/t/d6/f0/ac/3c/d6f0ac3c-a86f-4628-9928-c5613341206b> triannon:externalReference <http://purl.stanford.edu/kq131cs7229> .
    http_version: 
  recorded_at: Tue, 05 May 2015 00:47:48 GMT
recorded_with: VCR 2.9.3
