---
http_interactions:
- request:
    method: post
    uri: http://localhost:8983/fedora/rest/anno
    body:
      encoding: UTF-8
      string: |
        @prefix oa: <http://www.w3.org/ns/oa#> .
        @prefix rdf: <http://www.w3.org/1999/02/22-rdf-syntax-ns#> .

        <> a oa:Annotation;
           oa:motivatedBy oa:commenting .
    headers:
      User-Agent:
      - Faraday v0.9.1
      Prefer:
      - return=respresentation; omit="http://fedora.info/definitions/v4/repository#ServerManaged"
      Content-Type:
      - application/x-turtle
      Accept-Encoding:
      - gzip;q=1.0,deflate;q=0.6,identity;q=0.3
      Accept:
      - "*/*"
  response:
    status:
      code: 201
      message: Created
    headers:
      Etag:
      - '"8f2a32ef336e0a43be43180943bd8add81bec67f"'
      Last-Modified:
      - Tue, 05 May 2015 00:47:48 GMT
      Content-Length:
      - '87'
      Location:
      - http://localhost:8983/fedora/rest/anno/c5/f0/10/29/c5f01029-01b4-4d34-9bb9-2d21a45d6975
      Content-Type:
      - text/plain
    body:
      encoding: UTF-8
      string: http://localhost:8983/fedora/rest/anno/c5/f0/10/29/c5f01029-01b4-4d34-9bb9-2d21a45d6975
    http_version: 
  recorded_at: Tue, 05 May 2015 00:47:48 GMT
- request:
    method: post
    uri: http://localhost:8983/fedora/rest/anno/c5/f0/10/29/c5f01029-01b4-4d34-9bb9-2d21a45d6975
    body:
      encoding: UTF-8
      string: |
        @prefix ldp: <http://www.w3.org/ns/ldp#> .
        @prefix oa: <http://www.w3.org/ns/oa#> .
        @prefix rdf: <http://www.w3.org/1999/02/22-rdf-syntax-ns#> .

        <> a ldp:DirectContainer;
           ldp:hasMemberRelation oa:hasBody;
           ldp:membershipResource <http://localhost:8983/fedora/rest/anno/c5/f0/10/29/c5f01029-01b4-4d34-9bb9-2d21a45d6975> .
    headers:
      User-Agent:
      - Faraday v0.9.1
      Prefer:
      - return=respresentation; omit="http://fedora.info/definitions/v4/repository#ServerManaged"
      Content-Type:
      - application/x-turtle
      Slug:
      - b
      Accept-Encoding:
      - gzip;q=1.0,deflate;q=0.6,identity;q=0.3
      Accept:
      - "*/*"
  response:
    status:
      code: 201
      message: Created
    headers:
      Etag:
      - '"d11338c05eb4a009a8a059fc30285262b393589f"'
      Last-Modified:
      - Tue, 05 May 2015 00:47:48 GMT
      Content-Length:
      - '89'
      Location:
      - http://localhost:8983/fedora/rest/anno/c5/f0/10/29/c5f01029-01b4-4d34-9bb9-2d21a45d6975/b
      Content-Type:
      - text/plain
    body:
      encoding: UTF-8
      string: http://localhost:8983/fedora/rest/anno/c5/f0/10/29/c5f01029-01b4-4d34-9bb9-2d21a45d6975/b
    http_version: 
  recorded_at: Tue, 05 May 2015 00:47:48 GMT
- request:
    method: post
    uri: http://localhost:8983/fedora/rest/anno/c5/f0/10/29/c5f01029-01b4-4d34-9bb9-2d21a45d6975/b
    body:
      encoding: UTF-8
      string: |
        @prefix triannon: <http://triannon.stanford.edu/ns/> .

        <> triannon:externalReference <http://dbpedia.org/resource/Otto_Ege> .
    headers:
      User-Agent:
      - Faraday v0.9.1
      Prefer:
      - return=respresentation; omit="http://fedora.info/definitions/v4/repository#ServerManaged"
      Content-Type:
      - application/x-turtle
      Accept-Encoding:
      - gzip;q=1.0,deflate;q=0.6,identity;q=0.3
      Accept:
      - "*/*"
  response:
    status:
      code: 201
      message: Created
    headers:
      Etag:
      - '"2e60d71ffce48330cc442d4ea08b0e0c1e630ad3"'
      Last-Modified:
      - Tue, 05 May 2015 00:47:48 GMT
      Content-Length:
      - '138'
      Location:
      - http://localhost:8983/fedora/rest/anno/c5/f0/10/29/c5f01029-01b4-4d34-9bb9-2d21a45d6975/b/c1/d5/ab/a3/c1d5aba3-2d7d-471e-a990-0a6ca1ddc288
      Content-Type:
      - text/plain
    body:
      encoding: UTF-8
      string: http://localhost:8983/fedora/rest/anno/c5/f0/10/29/c5f01029-01b4-4d34-9bb9-2d21a45d6975/b/c1/d5/ab/a3/c1d5aba3-2d7d-471e-a990-0a6ca1ddc288
    http_version: 
  recorded_at: Tue, 05 May 2015 00:47:48 GMT
- request:
    method: post
    uri: http://localhost:8983/fedora/rest/anno/c5/f0/10/29/c5f01029-01b4-4d34-9bb9-2d21a45d6975
    body:
      encoding: UTF-8
      string: |
        @prefix ldp: <http://www.w3.org/ns/ldp#> .
        @prefix oa: <http://www.w3.org/ns/oa#> .
        @prefix rdf: <http://www.w3.org/1999/02/22-rdf-syntax-ns#> .

        <> a ldp:DirectContainer;
           ldp:hasMemberRelation oa:hasTarget;
           ldp:membershipResource <http://localhost:8983/fedora/rest/anno/c5/f0/10/29/c5f01029-01b4-4d34-9bb9-2d21a45d6975> .
    headers:
      User-Agent:
      - Faraday v0.9.1
      Prefer:
      - return=respresentation; omit="http://fedora.info/definitions/v4/repository#ServerManaged"
      Content-Type:
      - application/x-turtle
      Slug:
      - t
      Accept-Encoding:
      - gzip;q=1.0,deflate;q=0.6,identity;q=0.3
      Accept:
      - "*/*"
  response:
    status:
      code: 201
      message: Created
    headers:
      Etag:
      - '"88306b14d66761331866937d9a75081ed0481608"'
      Last-Modified:
      - Tue, 05 May 2015 00:47:48 GMT
      Content-Length:
      - '89'
      Location:
      - http://localhost:8983/fedora/rest/anno/c5/f0/10/29/c5f01029-01b4-4d34-9bb9-2d21a45d6975/t
      Content-Type:
      - text/plain
    body:
      encoding: UTF-8
      string: http://localhost:8983/fedora/rest/anno/c5/f0/10/29/c5f01029-01b4-4d34-9bb9-2d21a45d6975/t
    http_version: 
  recorded_at: Tue, 05 May 2015 00:47:48 GMT
- request:
    method: post
    uri: http://localhost:8983/fedora/rest/anno/c5/f0/10/29/c5f01029-01b4-4d34-9bb9-2d21a45d6975/t
    body:
      encoding: UTF-8
      string: |
        @prefix dcmitype: <http://purl.org/dc/dcmitype/> .
        @prefix oa: <http://www.w3.org/ns/oa#> .
        @prefix rdf: <http://www.w3.org/1999/02/22-rdf-syntax-ns#> .
        @prefix triannon: <http://triannon.stanford.edu/ns/> .

        <> a oa:Choice;
           oa:default <#default>;
           oa:item <#item1> .

        <#default> a dcmitype:Text;
           triannon:externalReference <http://some.external.ref/default> .

        <#item1> triannon:externalReference <http://some.external.ref/item> .
    headers:
      User-Agent:
      - Faraday v0.9.1
      Prefer:
      - return=respresentation; omit="http://fedora.info/definitions/v4/repository#ServerManaged"
      Content-Type:
      - application/x-turtle
      Accept-Encoding:
      - gzip;q=1.0,deflate;q=0.6,identity;q=0.3
      Accept:
      - "*/*"
  response:
    status:
      code: 201
      message: Created
    headers:
      Etag:
      - '"1e914be76ebf09dd53fc6940fb914163a46b0e60"'
      Last-Modified:
      - Tue, 05 May 2015 00:47:49 GMT
      Content-Length:
      - '138'
      Location:
      - http://localhost:8983/fedora/rest/anno/c5/f0/10/29/c5f01029-01b4-4d34-9bb9-2d21a45d6975/t/03/87/eb/74/0387eb74-1f26-4e4c-a018-576444e800d9
      Content-Type:
      - text/plain
    body:
      encoding: UTF-8
      string: http://localhost:8983/fedora/rest/anno/c5/f0/10/29/c5f01029-01b4-4d34-9bb9-2d21a45d6975/t/03/87/eb/74/0387eb74-1f26-4e4c-a018-576444e800d9
    http_version: 
  recorded_at: Tue, 05 May 2015 00:47:49 GMT
- request:
    method: get
    uri: http://localhost:8983/fedora/rest/anno/c5/f0/10/29/c5f01029-01b4-4d34-9bb9-2d21a45d6975
    body:
      encoding: US-ASCII
      string: ''
    headers:
      User-Agent:
      - Faraday v0.9.1
      Prefer:
      - return=respresentation; omit="http://fedora.info/definitions/v4/repository#ServerManaged"
      Accept:
      - application/x-turtle
      Accept-Encoding:
      - gzip;q=1.0,deflate;q=0.6,identity;q=0.3
  response:
    status:
      code: 200
      message: OK
    headers:
      Etag:
      - '"5c4cbc1aedb512a783e189f82c40d01f30f4d191"'
      Last-Modified:
      - Tue, 05 May 2015 00:47:48 GMT
      Link:
      - <http://www.w3.org/ns/ldp#BasicContainer>;rel="type"
      - <http://www.w3.org/ns/ldp#Container>;rel="type"
      - <http://www.w3.org/ns/ldp#Resource>;rel="type"
      Accept-Patch:
      - application/sparql-update
      Accept-Post:
      - text/turtle,text/rdf+n3,text/n3,application/rdf+xml,application/n-triples,multipart/form-data,application/sparql-update
      Allow:
      - MOVE,COPY,DELETE,POST,HEAD,GET,PUT,PATCH,OPTIONS
      Preference-Applied:
      - return=representation
      Vary:
      - Accept, Range, Accept-Encoding, Accept-Language
      - Prefer
      Content-Length:
      - '1823'
      Content-Type:
      - application/x-turtle
    body:
      encoding: UTF-8
      string: "@prefix premis: <http://www.loc.gov/premis/rdf/v1#> .\n@prefix nt:
        <http://www.jcp.org/jcr/nt/1.0> .\n@prefix rdfs: <http://www.w3.org/2000/01/rdf-schema#>
        .\n@prefix xsi: <http://www.w3.org/2001/XMLSchema-instance> .\n@prefix mode:
        <http://www.modeshape.org/1.0> .\n@prefix oa: <http://www.w3.org/ns/oa#> .\n@prefix
        xml: <http://www.w3.org/XML/1998/namespace> .\n@prefix fedoraconfig: <http://fedora.info/definitions/v4/config#>
        .\n@prefix mix: <http://www.jcp.org/jcr/mix/1.0> .\n@prefix prov: <http://www.w3.org/ns/prov#>
        .\n@prefix foaf: <http://xmlns.com/foaf/0.1/> .\n@prefix image: <http://www.modeshape.org/images/1.0>
        .\n@prefix sv: <http://www.jcp.org/jcr/sv/1.0> .\n@prefix test: <info:fedora/test/>
        .\n@prefix cnt: <http://www.w3.org/2011/content#> .\n@prefix dcmitype: <http://purl.org/dc/dcmitype/>
        .\n@prefix dc11: <http://purl.org/dc/elements/1.1/> .\n@prefix triannon: <http://triannon.stanford.edu/ns/>
        .\n@prefix rdf: <http://www.w3.org/1999/02/22-rdf-syntax-ns#> .\n@prefix fedora:
        <http://fedora.info/definitions/v4/repository#> .\n@prefix ldp: <http://www.w3.org/ns/ldp#>
        .\n@prefix xs: <http://www.w3.org/2001/XMLSchema> .\n@prefix dc: <http://purl.org/dc/terms/>
        .\n\n\n<http://localhost:8983/fedora/rest/anno/c5/f0/10/29/c5f01029-01b4-4d34-9bb9-2d21a45d6975>
        a oa:Annotation ;\n\toa:motivatedBy oa:commenting ;\n\tldp:contains <http://localhost:8983/fedora/rest/anno/c5/f0/10/29/c5f01029-01b4-4d34-9bb9-2d21a45d6975/b>
        , <http://localhost:8983/fedora/rest/anno/c5/f0/10/29/c5f01029-01b4-4d34-9bb9-2d21a45d6975/t>
        ;\n\toa:hasTarget <http://localhost:8983/fedora/rest/anno/c5/f0/10/29/c5f01029-01b4-4d34-9bb9-2d21a45d6975/t/03/87/eb/74/0387eb74-1f26-4e4c-a018-576444e800d9>
        ;\n\toa:hasBody <http://localhost:8983/fedora/rest/anno/c5/f0/10/29/c5f01029-01b4-4d34-9bb9-2d21a45d6975/b/c1/d5/ab/a3/c1d5aba3-2d7d-471e-a990-0a6ca1ddc288>
        .\n"
    http_version: 
  recorded_at: Tue, 05 May 2015 00:47:49 GMT
- request:
    method: get
    uri: http://localhost:8983/fedora/rest/anno/c5/f0/10/29/c5f01029-01b4-4d34-9bb9-2d21a45d6975/b/c1/d5/ab/a3/c1d5aba3-2d7d-471e-a990-0a6ca1ddc288
    body:
      encoding: US-ASCII
      string: ''
    headers:
      User-Agent:
      - Faraday v0.9.1
      Prefer:
      - return=respresentation; omit="http://fedora.info/definitions/v4/repository#ServerManaged"
      Accept:
      - application/x-turtle
      Accept-Encoding:
      - gzip;q=1.0,deflate;q=0.6,identity;q=0.3
  response:
    status:
      code: 200
      message: OK
    headers:
      Etag:
      - '"2e60d71ffce48330cc442d4ea08b0e0c1e630ad3"'
      Last-Modified:
      - Tue, 05 May 2015 00:47:48 GMT
      Link:
      - <http://www.w3.org/ns/ldp#BasicContainer>;rel="type"
      - <http://www.w3.org/ns/ldp#Container>;rel="type"
      - <http://www.w3.org/ns/ldp#Resource>;rel="type"
      Accept-Patch:
      - application/sparql-update
      Accept-Post:
      - text/turtle,text/rdf+n3,text/n3,application/rdf+xml,application/n-triples,multipart/form-data,application/sparql-update
      Allow:
      - MOVE,COPY,DELETE,POST,HEAD,GET,PUT,PATCH,OPTIONS
      Preference-Applied:
      - return=representation
      Vary:
      - Accept, Range, Accept-Encoding, Accept-Language
      - Prefer
      Content-Length:
      - '1378'
      Content-Type:
      - application/x-turtle
    body:
      encoding: UTF-8
      string: |
        @prefix premis: <http://www.loc.gov/premis/rdf/v1#> .
        @prefix nt: <http://www.jcp.org/jcr/nt/1.0> .
        @prefix rdfs: <http://www.w3.org/2000/01/rdf-schema#> .
        @prefix xsi: <http://www.w3.org/2001/XMLSchema-instance> .
        @prefix mode: <http://www.modeshape.org/1.0> .
        @prefix oa: <http://www.w3.org/ns/oa#> .
        @prefix xml: <http://www.w3.org/XML/1998/namespace> .
        @prefix fedoraconfig: <http://fedora.info/definitions/v4/config#> .
        @prefix mix: <http://www.jcp.org/jcr/mix/1.0> .
        @prefix prov: <http://www.w3.org/ns/prov#> .
        @prefix foaf: <http://xmlns.com/foaf/0.1/> .
        @prefix image: <http://www.modeshape.org/images/1.0> .
        @prefix sv: <http://www.jcp.org/jcr/sv/1.0> .
        @prefix test: <info:fedora/test/> .
        @prefix cnt: <http://www.w3.org/2011/content#> .
        @prefix dcmitype: <http://purl.org/dc/dcmitype/> .
        @prefix dc11: <http://purl.org/dc/elements/1.1/> .
        @prefix triannon: <http://triannon.stanford.edu/ns/> .
        @prefix rdf: <http://www.w3.org/1999/02/22-rdf-syntax-ns#> .
        @prefix fedora: <http://fedora.info/definitions/v4/repository#> .
        @prefix ldp: <http://www.w3.org/ns/ldp#> .
        @prefix xs: <http://www.w3.org/2001/XMLSchema> .
        @prefix dc: <http://purl.org/dc/terms/> .


        <http://localhost:8983/fedora/rest/anno/c5/f0/10/29/c5f01029-01b4-4d34-9bb9-2d21a45d6975/b/c1/d5/ab/a3/c1d5aba3-2d7d-471e-a990-0a6ca1ddc288> triannon:externalReference <http://dbpedia.org/resource/Otto_Ege> .
    http_version: 
  recorded_at: Tue, 05 May 2015 00:47:49 GMT
- request:
    method: get
    uri: http://localhost:8983/fedora/rest/anno/c5/f0/10/29/c5f01029-01b4-4d34-9bb9-2d21a45d6975/t/03/87/eb/74/0387eb74-1f26-4e4c-a018-576444e800d9
    body:
      encoding: US-ASCII
      string: ''
    headers:
      User-Agent:
      - Faraday v0.9.1
      Prefer:
      - return=respresentation; omit="http://fedora.info/definitions/v4/repository#ServerManaged"
      Accept:
      - application/x-turtle
      Accept-Encoding:
      - gzip;q=1.0,deflate;q=0.6,identity;q=0.3
  response:
    status:
      code: 200
      message: OK
    headers:
      Etag:
      - '"1e914be76ebf09dd53fc6940fb914163a46b0e60"'
      Last-Modified:
      - Tue, 05 May 2015 00:47:49 GMT
      Link:
      - <http://www.w3.org/ns/ldp#BasicContainer>;rel="type"
      - <http://www.w3.org/ns/ldp#Container>;rel="type"
      - <http://www.w3.org/ns/ldp#Resource>;rel="type"
      Accept-Patch:
      - application/sparql-update
      Accept-Post:
      - text/turtle,text/rdf+n3,text/n3,application/rdf+xml,application/n-triples,multipart/form-data,application/sparql-update
      Allow:
      - MOVE,COPY,DELETE,POST,HEAD,GET,PUT,PATCH,OPTIONS
      Preference-Applied:
      - return=representation
      Vary:
      - Accept, Range, Accept-Encoding, Accept-Language
      - Prefer
      Content-Length:
      - '2087'
      Content-Type:
      - application/x-turtle
    body:
      encoding: UTF-8
      string: "@prefix premis: <http://www.loc.gov/premis/rdf/v1#> .\n@prefix nt:
        <http://www.jcp.org/jcr/nt/1.0> .\n@prefix rdfs: <http://www.w3.org/2000/01/rdf-schema#>
        .\n@prefix xsi: <http://www.w3.org/2001/XMLSchema-instance> .\n@prefix mode:
        <http://www.modeshape.org/1.0> .\n@prefix oa: <http://www.w3.org/ns/oa#> .\n@prefix
        xml: <http://www.w3.org/XML/1998/namespace> .\n@prefix fedoraconfig: <http://fedora.info/definitions/v4/config#>
        .\n@prefix mix: <http://www.jcp.org/jcr/mix/1.0> .\n@prefix prov: <http://www.w3.org/ns/prov#>
        .\n@prefix foaf: <http://xmlns.com/foaf/0.1/> .\n@prefix image: <http://www.modeshape.org/images/1.0>
        .\n@prefix sv: <http://www.jcp.org/jcr/sv/1.0> .\n@prefix test: <info:fedora/test/>
        .\n@prefix cnt: <http://www.w3.org/2011/content#> .\n@prefix dcmitype: <http://purl.org/dc/dcmitype/>
        .\n@prefix dc11: <http://purl.org/dc/elements/1.1/> .\n@prefix triannon: <http://triannon.stanford.edu/ns/>
        .\n@prefix rdf: <http://www.w3.org/1999/02/22-rdf-syntax-ns#> .\n@prefix fedora:
        <http://fedora.info/definitions/v4/repository#> .\n@prefix ldp: <http://www.w3.org/ns/ldp#>
        .\n@prefix xs: <http://www.w3.org/2001/XMLSchema> .\n@prefix dc: <http://purl.org/dc/terms/>
        .\n\n\n<http://localhost:8983/fedora/rest/anno/c5/f0/10/29/c5f01029-01b4-4d34-9bb9-2d21a45d6975/t/03/87/eb/74/0387eb74-1f26-4e4c-a018-576444e800d9>
        a oa:Choice ;\n\toa:item <http://localhost:8983/fedora/rest/anno/c5/f0/10/29/c5f01029-01b4-4d34-9bb9-2d21a45d6975/t/03/87/eb/74/0387eb74-1f26-4e4c-a018-576444e800d9#item1>
        ;\n\toa:default <http://localhost:8983/fedora/rest/anno/c5/f0/10/29/c5f01029-01b4-4d34-9bb9-2d21a45d6975/t/03/87/eb/74/0387eb74-1f26-4e4c-a018-576444e800d9#default>
        .\n\n<http://localhost:8983/fedora/rest/anno/c5/f0/10/29/c5f01029-01b4-4d34-9bb9-2d21a45d6975/t/03/87/eb/74/0387eb74-1f26-4e4c-a018-576444e800d9#item1>
        triannon:externalReference <http://some.external.ref/item> .\n\n<http://localhost:8983/fedora/rest/anno/c5/f0/10/29/c5f01029-01b4-4d34-9bb9-2d21a45d6975/t/03/87/eb/74/0387eb74-1f26-4e4c-a018-576444e800d9#default>
        a dcmitype:Text ;\n\ttriannon:externalReference <http://some.external.ref/default>
        .\n"
    http_version: 
  recorded_at: Tue, 05 May 2015 00:47:49 GMT
- request:
    method: get
    uri: http://localhost:8983/fedora/rest/anno/c5/f0/10/29/c5f01029-01b4-4d34-9bb9-2d21a45d6975
    body:
      encoding: US-ASCII
      string: ''
    headers:
      User-Agent:
      - Faraday v0.9.1
      Prefer:
      - return=respresentation; omit="http://fedora.info/definitions/v4/repository#ServerManaged"
      Accept:
      - application/x-turtle
      Accept-Encoding:
      - gzip;q=1.0,deflate;q=0.6,identity;q=0.3
  response:
    status:
      code: 200
      message: OK
    headers:
      Etag:
      - '"5c4cbc1aedb512a783e189f82c40d01f30f4d191"'
      Last-Modified:
      - Tue, 05 May 2015 00:47:48 GMT
      Link:
      - <http://www.w3.org/ns/ldp#BasicContainer>;rel="type"
      - <http://www.w3.org/ns/ldp#Container>;rel="type"
      - <http://www.w3.org/ns/ldp#Resource>;rel="type"
      Accept-Patch:
      - application/sparql-update
      Accept-Post:
      - text/turtle,text/rdf+n3,text/n3,application/rdf+xml,application/n-triples,multipart/form-data,application/sparql-update
      Allow:
      - MOVE,COPY,DELETE,POST,HEAD,GET,PUT,PATCH,OPTIONS
      Preference-Applied:
      - return=representation
      Vary:
      - Accept, Range, Accept-Encoding, Accept-Language
      - Prefer
      Content-Length:
      - '1823'
      Content-Type:
      - application/x-turtle
    body:
      encoding: UTF-8
      string: "@prefix premis: <http://www.loc.gov/premis/rdf/v1#> .\n@prefix nt:
        <http://www.jcp.org/jcr/nt/1.0> .\n@prefix rdfs: <http://www.w3.org/2000/01/rdf-schema#>
        .\n@prefix xsi: <http://www.w3.org/2001/XMLSchema-instance> .\n@prefix mode:
        <http://www.modeshape.org/1.0> .\n@prefix oa: <http://www.w3.org/ns/oa#> .\n@prefix
        xml: <http://www.w3.org/XML/1998/namespace> .\n@prefix fedoraconfig: <http://fedora.info/definitions/v4/config#>
        .\n@prefix mix: <http://www.jcp.org/jcr/mix/1.0> .\n@prefix prov: <http://www.w3.org/ns/prov#>
        .\n@prefix foaf: <http://xmlns.com/foaf/0.1/> .\n@prefix image: <http://www.modeshape.org/images/1.0>
        .\n@prefix sv: <http://www.jcp.org/jcr/sv/1.0> .\n@prefix test: <info:fedora/test/>
        .\n@prefix cnt: <http://www.w3.org/2011/content#> .\n@prefix dcmitype: <http://purl.org/dc/dcmitype/>
        .\n@prefix dc11: <http://purl.org/dc/elements/1.1/> .\n@prefix triannon: <http://triannon.stanford.edu/ns/>
        .\n@prefix rdf: <http://www.w3.org/1999/02/22-rdf-syntax-ns#> .\n@prefix fedora:
        <http://fedora.info/definitions/v4/repository#> .\n@prefix ldp: <http://www.w3.org/ns/ldp#>
        .\n@prefix xs: <http://www.w3.org/2001/XMLSchema> .\n@prefix dc: <http://purl.org/dc/terms/>
        .\n\n\n<http://localhost:8983/fedora/rest/anno/c5/f0/10/29/c5f01029-01b4-4d34-9bb9-2d21a45d6975>
        a oa:Annotation ;\n\toa:motivatedBy oa:commenting ;\n\tldp:contains <http://localhost:8983/fedora/rest/anno/c5/f0/10/29/c5f01029-01b4-4d34-9bb9-2d21a45d6975/b>
        , <http://localhost:8983/fedora/rest/anno/c5/f0/10/29/c5f01029-01b4-4d34-9bb9-2d21a45d6975/t>
        ;\n\toa:hasTarget <http://localhost:8983/fedora/rest/anno/c5/f0/10/29/c5f01029-01b4-4d34-9bb9-2d21a45d6975/t/03/87/eb/74/0387eb74-1f26-4e4c-a018-576444e800d9>
        ;\n\toa:hasBody <http://localhost:8983/fedora/rest/anno/c5/f0/10/29/c5f01029-01b4-4d34-9bb9-2d21a45d6975/b/c1/d5/ab/a3/c1d5aba3-2d7d-471e-a990-0a6ca1ddc288>
        .\n"
    http_version: 
  recorded_at: Tue, 05 May 2015 00:47:49 GMT
- request:
    method: get
    uri: http://localhost:8983/fedora/rest/anno/c5/f0/10/29/c5f01029-01b4-4d34-9bb9-2d21a45d6975/b/c1/d5/ab/a3/c1d5aba3-2d7d-471e-a990-0a6ca1ddc288
    body:
      encoding: US-ASCII
      string: ''
    headers:
      User-Agent:
      - Faraday v0.9.1
      Prefer:
      - return=respresentation; omit="http://fedora.info/definitions/v4/repository#ServerManaged"
      Accept:
      - application/x-turtle
      Accept-Encoding:
      - gzip;q=1.0,deflate;q=0.6,identity;q=0.3
  response:
    status:
      code: 200
      message: OK
    headers:
      Etag:
      - '"2e60d71ffce48330cc442d4ea08b0e0c1e630ad3"'
      Last-Modified:
      - Tue, 05 May 2015 00:47:48 GMT
      Link:
      - <http://www.w3.org/ns/ldp#BasicContainer>;rel="type"
      - <http://www.w3.org/ns/ldp#Container>;rel="type"
      - <http://www.w3.org/ns/ldp#Resource>;rel="type"
      Accept-Patch:
      - application/sparql-update
      Accept-Post:
      - text/turtle,text/rdf+n3,text/n3,application/rdf+xml,application/n-triples,multipart/form-data,application/sparql-update
      Allow:
      - MOVE,COPY,DELETE,POST,HEAD,GET,PUT,PATCH,OPTIONS
      Preference-Applied:
      - return=representation
      Vary:
      - Accept, Range, Accept-Encoding, Accept-Language
      - Prefer
      Content-Length:
      - '1378'
      Content-Type:
      - application/x-turtle
    body:
      encoding: UTF-8
      string: |
        @prefix premis: <http://www.loc.gov/premis/rdf/v1#> .
        @prefix nt: <http://www.jcp.org/jcr/nt/1.0> .
        @prefix rdfs: <http://www.w3.org/2000/01/rdf-schema#> .
        @prefix xsi: <http://www.w3.org/2001/XMLSchema-instance> .
        @prefix mode: <http://www.modeshape.org/1.0> .
        @prefix oa: <http://www.w3.org/ns/oa#> .
        @prefix xml: <http://www.w3.org/XML/1998/namespace> .
        @prefix fedoraconfig: <http://fedora.info/definitions/v4/config#> .
        @prefix mix: <http://www.jcp.org/jcr/mix/1.0> .
        @prefix prov: <http://www.w3.org/ns/prov#> .
        @prefix foaf: <http://xmlns.com/foaf/0.1/> .
        @prefix image: <http://www.modeshape.org/images/1.0> .
        @prefix sv: <http://www.jcp.org/jcr/sv/1.0> .
        @prefix test: <info:fedora/test/> .
        @prefix cnt: <http://www.w3.org/2011/content#> .
        @prefix dcmitype: <http://purl.org/dc/dcmitype/> .
        @prefix dc11: <http://purl.org/dc/elements/1.1/> .
        @prefix triannon: <http://triannon.stanford.edu/ns/> .
        @prefix rdf: <http://www.w3.org/1999/02/22-rdf-syntax-ns#> .
        @prefix fedora: <http://fedora.info/definitions/v4/repository#> .
        @prefix ldp: <http://www.w3.org/ns/ldp#> .
        @prefix xs: <http://www.w3.org/2001/XMLSchema> .
        @prefix dc: <http://purl.org/dc/terms/> .


        <http://localhost:8983/fedora/rest/anno/c5/f0/10/29/c5f01029-01b4-4d34-9bb9-2d21a45d6975/b/c1/d5/ab/a3/c1d5aba3-2d7d-471e-a990-0a6ca1ddc288> triannon:externalReference <http://dbpedia.org/resource/Otto_Ege> .
    http_version: 
  recorded_at: Tue, 05 May 2015 00:47:49 GMT
- request:
    method: get
    uri: http://localhost:8983/fedora/rest/anno/c5/f0/10/29/c5f01029-01b4-4d34-9bb9-2d21a45d6975/t/03/87/eb/74/0387eb74-1f26-4e4c-a018-576444e800d9
    body:
      encoding: US-ASCII
      string: ''
    headers:
      User-Agent:
      - Faraday v0.9.1
      Prefer:
      - return=respresentation; omit="http://fedora.info/definitions/v4/repository#ServerManaged"
      Accept:
      - application/x-turtle
      Accept-Encoding:
      - gzip;q=1.0,deflate;q=0.6,identity;q=0.3
  response:
    status:
      code: 200
      message: OK
    headers:
      Etag:
      - '"1e914be76ebf09dd53fc6940fb914163a46b0e60"'
      Last-Modified:
      - Tue, 05 May 2015 00:47:49 GMT
      Link:
      - <http://www.w3.org/ns/ldp#BasicContainer>;rel="type"
      - <http://www.w3.org/ns/ldp#Container>;rel="type"
      - <http://www.w3.org/ns/ldp#Resource>;rel="type"
      Accept-Patch:
      - application/sparql-update
      Accept-Post:
      - text/turtle,text/rdf+n3,text/n3,application/rdf+xml,application/n-triples,multipart/form-data,application/sparql-update
      Allow:
      - MOVE,COPY,DELETE,POST,HEAD,GET,PUT,PATCH,OPTIONS
      Preference-Applied:
      - return=representation
      Vary:
      - Accept, Range, Accept-Encoding, Accept-Language
      - Prefer
      Content-Length:
      - '2087'
      Content-Type:
      - application/x-turtle
    body:
      encoding: UTF-8
      string: "@prefix premis: <http://www.loc.gov/premis/rdf/v1#> .\n@prefix nt:
        <http://www.jcp.org/jcr/nt/1.0> .\n@prefix rdfs: <http://www.w3.org/2000/01/rdf-schema#>
        .\n@prefix xsi: <http://www.w3.org/2001/XMLSchema-instance> .\n@prefix mode:
        <http://www.modeshape.org/1.0> .\n@prefix oa: <http://www.w3.org/ns/oa#> .\n@prefix
        xml: <http://www.w3.org/XML/1998/namespace> .\n@prefix fedoraconfig: <http://fedora.info/definitions/v4/config#>
        .\n@prefix mix: <http://www.jcp.org/jcr/mix/1.0> .\n@prefix prov: <http://www.w3.org/ns/prov#>
        .\n@prefix foaf: <http://xmlns.com/foaf/0.1/> .\n@prefix image: <http://www.modeshape.org/images/1.0>
        .\n@prefix sv: <http://www.jcp.org/jcr/sv/1.0> .\n@prefix test: <info:fedora/test/>
        .\n@prefix cnt: <http://www.w3.org/2011/content#> .\n@prefix dcmitype: <http://purl.org/dc/dcmitype/>
        .\n@prefix dc11: <http://purl.org/dc/elements/1.1/> .\n@prefix triannon: <http://triannon.stanford.edu/ns/>
        .\n@prefix rdf: <http://www.w3.org/1999/02/22-rdf-syntax-ns#> .\n@prefix fedora:
        <http://fedora.info/definitions/v4/repository#> .\n@prefix ldp: <http://www.w3.org/ns/ldp#>
        .\n@prefix xs: <http://www.w3.org/2001/XMLSchema> .\n@prefix dc: <http://purl.org/dc/terms/>
        .\n\n\n<http://localhost:8983/fedora/rest/anno/c5/f0/10/29/c5f01029-01b4-4d34-9bb9-2d21a45d6975/t/03/87/eb/74/0387eb74-1f26-4e4c-a018-576444e800d9>
        a oa:Choice ;\n\toa:item <http://localhost:8983/fedora/rest/anno/c5/f0/10/29/c5f01029-01b4-4d34-9bb9-2d21a45d6975/t/03/87/eb/74/0387eb74-1f26-4e4c-a018-576444e800d9#item1>
        ;\n\toa:default <http://localhost:8983/fedora/rest/anno/c5/f0/10/29/c5f01029-01b4-4d34-9bb9-2d21a45d6975/t/03/87/eb/74/0387eb74-1f26-4e4c-a018-576444e800d9#default>
        .\n\n<http://localhost:8983/fedora/rest/anno/c5/f0/10/29/c5f01029-01b4-4d34-9bb9-2d21a45d6975/t/03/87/eb/74/0387eb74-1f26-4e4c-a018-576444e800d9#item1>
        triannon:externalReference <http://some.external.ref/item> .\n\n<http://localhost:8983/fedora/rest/anno/c5/f0/10/29/c5f01029-01b4-4d34-9bb9-2d21a45d6975/t/03/87/eb/74/0387eb74-1f26-4e4c-a018-576444e800d9#default>
        a dcmitype:Text ;\n\ttriannon:externalReference <http://some.external.ref/default>
        .\n"
    http_version: 
  recorded_at: Tue, 05 May 2015 00:47:49 GMT
recorded_with: VCR 2.9.3
