---
http_interactions:
- request:
    method: head
    uri: http://localhost:8983/fedora/rest/anno/choice_integration_specs
    body:
      encoding: US-ASCII
      string: ''
    headers:
      User-Agent:
      - Faraday v0.9.1
      Accept:
      - "*/*"
  response:
    status:
      code: 200
      message: OK
    headers:
      Etag:
      - '"a2be82d021aecbd6502c4cbd60b50f6d2e5a6c0a"'
      Last-Modified:
      - Fri, 26 Jun 2015 22:20:43 GMT
      Link:
      - <http://www.w3.org/ns/ldp#BasicContainer>;rel="type"
      - <http://www.w3.org/ns/ldp#Container>;rel="type"
      - <http://www.w3.org/ns/ldp#Resource>;rel="type"
      Accept-Patch:
      - application/sparql-update
      Accept-Post:
      - text/turtle,text/rdf+n3,text/n3,application/rdf+xml,application/n-triples,multipart/form-data,application/sparql-update
      Allow:
      - MOVE,COPY,DELETE,POST,HEAD,GET,PUT,PATCH,OPTIONS
      Content-Type:
      - text/tab-separated-values
      Content-Length:
      - '0'
    body:
      encoding: UTF-8
      string: ''
    http_version: 
  recorded_at: Fri, 26 Jun 2015 22:20:43 GMT
- request:
    method: post
    uri: http://localhost:8983/fedora/rest/anno/choice_integration_specs
    body:
      encoding: UTF-8
      string: |
        @prefix ldp: <http://www.w3.org/ns/ldp#> .
        @prefix oa: <http://www.w3.org/ns/oa#> .
        @prefix rdf: <http://www.w3.org/1999/02/22-rdf-syntax-ns#> .

        <> a oa:Annotation,
             ldp:BasicContainer;
           oa:motivatedBy oa:commenting .
    headers:
      User-Agent:
      - Faraday v0.9.1
      Prefer:
      - return=respresentation; omit="http://fedora.info/definitions/v4/repository#ServerManaged"
      Content-Type:
      - application/x-turtle
      Accept-Encoding:
      - gzip;q=1.0,deflate;q=0.6,identity;q=0.3
      Accept:
      - "*/*"
  response:
    status:
      code: 201
      message: Created
    headers:
      Etag:
      - '"d777661b1dce322de8aacfeae49d726cb1a2408b"'
      Last-Modified:
      - Fri, 26 Jun 2015 22:20:43 GMT
      Content-Length:
      - '112'
      Location:
      - http://localhost:8983/fedora/rest/anno/choice_integration_specs/31/11/59/79/31115979-a56d-44cf-b1d3-2ffdd9faa2a9
      Content-Type:
      - text/plain
    body:
      encoding: UTF-8
      string: http://localhost:8983/fedora/rest/anno/choice_integration_specs/31/11/59/79/31115979-a56d-44cf-b1d3-2ffdd9faa2a9
    http_version: 
  recorded_at: Fri, 26 Jun 2015 22:20:43 GMT
- request:
    method: post
    uri: http://localhost:8983/fedora/rest/anno/choice_integration_specs/31/11/59/79/31115979-a56d-44cf-b1d3-2ffdd9faa2a9
    body:
      encoding: UTF-8
      string: |
        @prefix ldp: <http://www.w3.org/ns/ldp#> .
        @prefix oa: <http://www.w3.org/ns/oa#> .
        @prefix rdf: <http://www.w3.org/1999/02/22-rdf-syntax-ns#> .

        <> a ldp:DirectContainer;
           ldp:hasMemberRelation oa:hasBody;
           ldp:membershipResource <http://localhost:8983/fedora/rest/anno/choice_integration_specs/31/11/59/79/31115979-a56d-44cf-b1d3-2ffdd9faa2a9> .
    headers:
      User-Agent:
      - Faraday v0.9.1
      Prefer:
      - return=respresentation; omit="http://fedora.info/definitions/v4/repository#ServerManaged"
      Content-Type:
      - application/x-turtle
      Slug:
      - b
      Accept-Encoding:
      - gzip;q=1.0,deflate;q=0.6,identity;q=0.3
      Accept:
      - "*/*"
  response:
    status:
      code: 201
      message: Created
    headers:
      Etag:
      - '"caba8f81775f36b5855c92845d09c7dbf7d3eb28"'
      Last-Modified:
      - Fri, 26 Jun 2015 22:20:43 GMT
      Content-Length:
      - '114'
      Location:
      - http://localhost:8983/fedora/rest/anno/choice_integration_specs/31/11/59/79/31115979-a56d-44cf-b1d3-2ffdd9faa2a9/b
      Content-Type:
      - text/plain
    body:
      encoding: UTF-8
      string: http://localhost:8983/fedora/rest/anno/choice_integration_specs/31/11/59/79/31115979-a56d-44cf-b1d3-2ffdd9faa2a9/b
    http_version: 
  recorded_at: Fri, 26 Jun 2015 22:20:43 GMT
- request:
    method: post
    uri: http://localhost:8983/fedora/rest/anno/choice_integration_specs/31/11/59/79/31115979-a56d-44cf-b1d3-2ffdd9faa2a9/b
    body:
      encoding: UTF-8
      string: |
        @prefix ldp: <http://www.w3.org/ns/ldp#> .
        @prefix rdf: <http://www.w3.org/1999/02/22-rdf-syntax-ns#> .
        @prefix triannon: <http://triannon.stanford.edu/ns/> .

        <> a ldp:BasicContainer;
           triannon:externalReference <http://dbpedia.org/resource/Otto_Ege> .
    headers:
      User-Agent:
      - Faraday v0.9.1
      Prefer:
      - return=respresentation; omit="http://fedora.info/definitions/v4/repository#ServerManaged"
      Content-Type:
      - application/x-turtle
      Accept-Encoding:
      - gzip;q=1.0,deflate;q=0.6,identity;q=0.3
      Accept:
      - "*/*"
  response:
    status:
      code: 201
      message: Created
    headers:
      Etag:
      - '"99702defeee374c51e256df525c65cd682d2500d"'
      Last-Modified:
      - Fri, 26 Jun 2015 22:20:43 GMT
      Content-Length:
      - '163'
      Location:
      - http://localhost:8983/fedora/rest/anno/choice_integration_specs/31/11/59/79/31115979-a56d-44cf-b1d3-2ffdd9faa2a9/b/48/c4/61/41/48c46141-5e57-4e78-a0c3-d8d88664bc9a
      Content-Type:
      - text/plain
    body:
      encoding: UTF-8
      string: http://localhost:8983/fedora/rest/anno/choice_integration_specs/31/11/59/79/31115979-a56d-44cf-b1d3-2ffdd9faa2a9/b/48/c4/61/41/48c46141-5e57-4e78-a0c3-d8d88664bc9a
    http_version: 
  recorded_at: Fri, 26 Jun 2015 22:20:43 GMT
- request:
    method: post
    uri: http://localhost:8983/fedora/rest/anno/choice_integration_specs/31/11/59/79/31115979-a56d-44cf-b1d3-2ffdd9faa2a9
    body:
      encoding: UTF-8
      string: |
        @prefix ldp: <http://www.w3.org/ns/ldp#> .
        @prefix oa: <http://www.w3.org/ns/oa#> .
        @prefix rdf: <http://www.w3.org/1999/02/22-rdf-syntax-ns#> .

        <> a ldp:DirectContainer;
           ldp:hasMemberRelation oa:hasTarget;
           ldp:membershipResource <http://localhost:8983/fedora/rest/anno/choice_integration_specs/31/11/59/79/31115979-a56d-44cf-b1d3-2ffdd9faa2a9> .
    headers:
      User-Agent:
      - Faraday v0.9.1
      Prefer:
      - return=respresentation; omit="http://fedora.info/definitions/v4/repository#ServerManaged"
      Content-Type:
      - application/x-turtle
      Slug:
      - t
      Accept-Encoding:
      - gzip;q=1.0,deflate;q=0.6,identity;q=0.3
      Accept:
      - "*/*"
  response:
    status:
      code: 201
      message: Created
    headers:
      Etag:
      - '"d052d9c08936bdcef3d22aed322daaba05278b55"'
      Last-Modified:
      - Fri, 26 Jun 2015 22:20:43 GMT
      Content-Length:
      - '114'
      Location:
      - http://localhost:8983/fedora/rest/anno/choice_integration_specs/31/11/59/79/31115979-a56d-44cf-b1d3-2ffdd9faa2a9/t
      Content-Type:
      - text/plain
    body:
      encoding: UTF-8
      string: http://localhost:8983/fedora/rest/anno/choice_integration_specs/31/11/59/79/31115979-a56d-44cf-b1d3-2ffdd9faa2a9/t
    http_version: 
  recorded_at: Fri, 26 Jun 2015 22:20:43 GMT
- request:
    method: post
    uri: http://localhost:8983/fedora/rest/anno/choice_integration_specs/31/11/59/79/31115979-a56d-44cf-b1d3-2ffdd9faa2a9/t
    body:
      encoding: UTF-8
      string: |
        @prefix dcmitype: <http://purl.org/dc/dcmitype/> .
        @prefix ldp: <http://www.w3.org/ns/ldp#> .
        @prefix oa: <http://www.w3.org/ns/oa#> .
        @prefix rdf: <http://www.w3.org/1999/02/22-rdf-syntax-ns#> .
        @prefix triannon: <http://triannon.stanford.edu/ns/> .

        <> a ldp:BasicContainer,
             oa:Choice;
           oa:default <#default>;
           oa:item <#item1>,
             <#item2> .

        <#default> a dcmitype:Image;
           triannon:externalReference <http://images.com/small> .

        <#item1> a dcmitype:Image;
           triannon:externalReference <http://images.com/large> .

        <#item2> a dcmitype:Image;
           triannon:externalReference <http://images.com/huge> .
    headers:
      User-Agent:
      - Faraday v0.9.1
      Prefer:
      - return=respresentation; omit="http://fedora.info/definitions/v4/repository#ServerManaged"
      Content-Type:
      - application/x-turtle
      Accept-Encoding:
      - gzip;q=1.0,deflate;q=0.6,identity;q=0.3
      Accept:
      - "*/*"
  response:
    status:
      code: 201
      message: Created
    headers:
      Etag:
      - '"1daaf9bb9235ac62801504970e57f1af5f52510d"'
      Last-Modified:
      - Fri, 26 Jun 2015 22:20:43 GMT
      Content-Length:
      - '163'
      Location:
      - http://localhost:8983/fedora/rest/anno/choice_integration_specs/31/11/59/79/31115979-a56d-44cf-b1d3-2ffdd9faa2a9/t/88/94/31/51/88943151-5047-4b17-94c1-09c4fd4bbedd
      Content-Type:
      - text/plain
    body:
      encoding: UTF-8
      string: http://localhost:8983/fedora/rest/anno/choice_integration_specs/31/11/59/79/31115979-a56d-44cf-b1d3-2ffdd9faa2a9/t/88/94/31/51/88943151-5047-4b17-94c1-09c4fd4bbedd
    http_version: 
  recorded_at: Fri, 26 Jun 2015 22:20:43 GMT
- request:
    method: get
    uri: http://localhost:8983/fedora/rest/anno/choice_integration_specs/31/11/59/79/31115979-a56d-44cf-b1d3-2ffdd9faa2a9
    body:
      encoding: US-ASCII
      string: ''
    headers:
      User-Agent:
      - Faraday v0.9.1
      Prefer:
      - return=respresentation; omit="http://fedora.info/definitions/v4/repository#ServerManaged"
      Accept:
      - application/x-turtle
      Accept-Encoding:
      - gzip;q=1.0,deflate;q=0.6,identity;q=0.3
  response:
    status:
      code: 200
      message: OK
    headers:
      Etag:
      - '"20a31e52c97d114ca57366b3b994b762fbe62409"'
      Last-Modified:
      - Fri, 26 Jun 2015 22:20:43 GMT
      Link:
      - <http://www.w3.org/ns/ldp#BasicContainer>;rel="type"
      - <http://www.w3.org/ns/ldp#Container>;rel="type"
      - <http://www.w3.org/ns/ldp#Resource>;rel="type"
      Accept-Patch:
      - application/sparql-update
      Accept-Post:
      - text/turtle,text/rdf+n3,text/n3,application/rdf+xml,application/n-triples,multipart/form-data,application/sparql-update
      Allow:
      - MOVE,COPY,DELETE,POST,HEAD,GET,PUT,PATCH,OPTIONS
      Preference-Applied:
      - return=representation
      Vary:
      - Accept, Range, Accept-Encoding, Accept-Language
      - Prefer
      Content-Length:
      - '1880'
      Content-Type:
      - application/x-turtle
    body:
      encoding: UTF-8
      string: "@prefix premis: <http://www.loc.gov/premis/rdf/v1#> .\n@prefix image:
        <http://www.modeshape.org/images/1.0> .\n@prefix sv: <http://www.jcp.org/jcr/sv/1.0>
        .\n@prefix test: <info:fedora/test/> .\n@prefix nt: <http://www.jcp.org/jcr/nt/1.0>
        .\n@prefix cnt: <http://www.w3.org/2011/content#> .\n@prefix dcmitype: <http://purl.org/dc/dcmitype/>
        .\n@prefix rdfs: <http://www.w3.org/2000/01/rdf-schema#> .\n@prefix xsi: <http://www.w3.org/2001/XMLSchema-instance>
        .\n@prefix mode: <http://www.modeshape.org/1.0> .\n@prefix oa: <http://www.w3.org/ns/oa#>
        .\n@prefix triannon: <http://triannon.stanford.edu/ns/> .\n@prefix rdf: <http://www.w3.org/1999/02/22-rdf-syntax-ns#>
        .\n@prefix fedora: <http://fedora.info/definitions/v4/repository#> .\n@prefix
        xml: <http://www.w3.org/XML/1998/namespace> .\n@prefix ldp: <http://www.w3.org/ns/ldp#>
        .\n@prefix xs: <http://www.w3.org/2001/XMLSchema> .\n@prefix fedoraconfig:
        <http://fedora.info/definitions/v4/config#> .\n@prefix mix: <http://www.jcp.org/jcr/mix/1.0>
        .\n@prefix foaf: <http://xmlns.com/foaf/0.1/> .\n@prefix dc: <http://purl.org/dc/elements/1.1/>
        .\n\n\n<http://localhost:8983/fedora/rest/anno/choice_integration_specs/31/11/59/79/31115979-a56d-44cf-b1d3-2ffdd9faa2a9>
        a oa:Annotation , ldp:BasicContainer ;\n\toa:motivatedBy oa:commenting ;\n\tldp:contains
        <http://localhost:8983/fedora/rest/anno/choice_integration_specs/31/11/59/79/31115979-a56d-44cf-b1d3-2ffdd9faa2a9/b>
        , <http://localhost:8983/fedora/rest/anno/choice_integration_specs/31/11/59/79/31115979-a56d-44cf-b1d3-2ffdd9faa2a9/t>
        ;\n\toa:hasTarget <http://localhost:8983/fedora/rest/anno/choice_integration_specs/31/11/59/79/31115979-a56d-44cf-b1d3-2ffdd9faa2a9/t/88/94/31/51/88943151-5047-4b17-94c1-09c4fd4bbedd>
        ;\n\toa:hasBody <http://localhost:8983/fedora/rest/anno/choice_integration_specs/31/11/59/79/31115979-a56d-44cf-b1d3-2ffdd9faa2a9/b/48/c4/61/41/48c46141-5e57-4e78-a0c3-d8d88664bc9a>
        .\n"
    http_version: 
  recorded_at: Fri, 26 Jun 2015 22:20:43 GMT
- request:
    method: get
    uri: http://localhost:8983/fedora/rest/anno/choice_integration_specs/31/11/59/79/31115979-a56d-44cf-b1d3-2ffdd9faa2a9/b/48/c4/61/41/48c46141-5e57-4e78-a0c3-d8d88664bc9a
    body:
      encoding: US-ASCII
      string: ''
    headers:
      User-Agent:
      - Faraday v0.9.1
      Prefer:
      - return=respresentation; omit="http://fedora.info/definitions/v4/repository#ServerManaged"
      Accept:
      - application/x-turtle
      Accept-Encoding:
      - gzip;q=1.0,deflate;q=0.6,identity;q=0.3
  response:
    status:
      code: 200
      message: OK
    headers:
      Etag:
      - '"99702defeee374c51e256df525c65cd682d2500d"'
      Last-Modified:
      - Fri, 26 Jun 2015 22:20:43 GMT
      Link:
      - <http://www.w3.org/ns/ldp#BasicContainer>;rel="type"
      - <http://www.w3.org/ns/ldp#Container>;rel="type"
      - <http://www.w3.org/ns/ldp#Resource>;rel="type"
      Accept-Patch:
      - application/sparql-update
      Accept-Post:
      - text/turtle,text/rdf+n3,text/n3,application/rdf+xml,application/n-triples,multipart/form-data,application/sparql-update
      Allow:
      - MOVE,COPY,DELETE,POST,HEAD,GET,PUT,PATCH,OPTIONS
      Preference-Applied:
      - return=representation
      Vary:
      - Accept, Range, Accept-Encoding, Accept-Language
      - Prefer
      Content-Length:
      - '1338'
      Content-Type:
      - application/x-turtle
    body:
      encoding: UTF-8
      string: "@prefix premis: <http://www.loc.gov/premis/rdf/v1#> .\n@prefix image:
        <http://www.modeshape.org/images/1.0> .\n@prefix sv: <http://www.jcp.org/jcr/sv/1.0>
        .\n@prefix test: <info:fedora/test/> .\n@prefix nt: <http://www.jcp.org/jcr/nt/1.0>
        .\n@prefix cnt: <http://www.w3.org/2011/content#> .\n@prefix dcmitype: <http://purl.org/dc/dcmitype/>
        .\n@prefix rdfs: <http://www.w3.org/2000/01/rdf-schema#> .\n@prefix xsi: <http://www.w3.org/2001/XMLSchema-instance>
        .\n@prefix mode: <http://www.modeshape.org/1.0> .\n@prefix oa: <http://www.w3.org/ns/oa#>
        .\n@prefix triannon: <http://triannon.stanford.edu/ns/> .\n@prefix rdf: <http://www.w3.org/1999/02/22-rdf-syntax-ns#>
        .\n@prefix fedora: <http://fedora.info/definitions/v4/repository#> .\n@prefix
        xml: <http://www.w3.org/XML/1998/namespace> .\n@prefix ldp: <http://www.w3.org/ns/ldp#>
        .\n@prefix xs: <http://www.w3.org/2001/XMLSchema> .\n@prefix fedoraconfig:
        <http://fedora.info/definitions/v4/config#> .\n@prefix mix: <http://www.jcp.org/jcr/mix/1.0>
        .\n@prefix foaf: <http://xmlns.com/foaf/0.1/> .\n@prefix dc: <http://purl.org/dc/elements/1.1/>
        .\n\n\n<http://localhost:8983/fedora/rest/anno/choice_integration_specs/31/11/59/79/31115979-a56d-44cf-b1d3-2ffdd9faa2a9/b/48/c4/61/41/48c46141-5e57-4e78-a0c3-d8d88664bc9a>
        a ldp:BasicContainer ;\n\ttriannon:externalReference <http://dbpedia.org/resource/Otto_Ege>
        .\n"
    http_version: 
  recorded_at: Fri, 26 Jun 2015 22:20:43 GMT
- request:
    method: get
    uri: http://localhost:8983/fedora/rest/anno/choice_integration_specs/31/11/59/79/31115979-a56d-44cf-b1d3-2ffdd9faa2a9/t/88/94/31/51/88943151-5047-4b17-94c1-09c4fd4bbedd
    body:
      encoding: US-ASCII
      string: ''
    headers:
      User-Agent:
      - Faraday v0.9.1
      Prefer:
      - return=respresentation; omit="http://fedora.info/definitions/v4/repository#ServerManaged"
      Accept:
      - application/x-turtle
      Accept-Encoding:
      - gzip;q=1.0,deflate;q=0.6,identity;q=0.3
  response:
    status:
      code: 200
      message: OK
    headers:
      Etag:
      - '"1daaf9bb9235ac62801504970e57f1af5f52510d"'
      Last-Modified:
      - Fri, 26 Jun 2015 22:20:43 GMT
      Link:
      - <http://www.w3.org/ns/ldp#BasicContainer>;rel="type"
      - <http://www.w3.org/ns/ldp#Container>;rel="type"
      - <http://www.w3.org/ns/ldp#Resource>;rel="type"
      Accept-Patch:
      - application/sparql-update
      Accept-Post:
      - text/turtle,text/rdf+n3,text/n3,application/rdf+xml,application/n-triples,multipart/form-data,application/sparql-update
      Allow:
      - MOVE,COPY,DELETE,POST,HEAD,GET,PUT,PATCH,OPTIONS
      Preference-Applied:
      - return=representation
      Vary:
      - Accept, Range, Accept-Encoding, Accept-Language
      - Prefer
      Content-Length:
      - '2571'
      Content-Type:
      - application/x-turtle
    body:
      encoding: UTF-8
      string: "@prefix premis: <http://www.loc.gov/premis/rdf/v1#> .\n@prefix image:
        <http://www.modeshape.org/images/1.0> .\n@prefix sv: <http://www.jcp.org/jcr/sv/1.0>
        .\n@prefix test: <info:fedora/test/> .\n@prefix nt: <http://www.jcp.org/jcr/nt/1.0>
        .\n@prefix cnt: <http://www.w3.org/2011/content#> .\n@prefix dcmitype: <http://purl.org/dc/dcmitype/>
        .\n@prefix rdfs: <http://www.w3.org/2000/01/rdf-schema#> .\n@prefix xsi: <http://www.w3.org/2001/XMLSchema-instance>
        .\n@prefix mode: <http://www.modeshape.org/1.0> .\n@prefix oa: <http://www.w3.org/ns/oa#>
        .\n@prefix triannon: <http://triannon.stanford.edu/ns/> .\n@prefix rdf: <http://www.w3.org/1999/02/22-rdf-syntax-ns#>
        .\n@prefix fedora: <http://fedora.info/definitions/v4/repository#> .\n@prefix
        xml: <http://www.w3.org/XML/1998/namespace> .\n@prefix ldp: <http://www.w3.org/ns/ldp#>
        .\n@prefix xs: <http://www.w3.org/2001/XMLSchema> .\n@prefix fedoraconfig:
        <http://fedora.info/definitions/v4/config#> .\n@prefix mix: <http://www.jcp.org/jcr/mix/1.0>
        .\n@prefix foaf: <http://xmlns.com/foaf/0.1/> .\n@prefix dc: <http://purl.org/dc/elements/1.1/>
        .\n\n\n<http://localhost:8983/fedora/rest/anno/choice_integration_specs/31/11/59/79/31115979-a56d-44cf-b1d3-2ffdd9faa2a9/t/88/94/31/51/88943151-5047-4b17-94c1-09c4fd4bbedd>
        a oa:Choice , ldp:BasicContainer ;\n\toa:item <http://localhost:8983/fedora/rest/anno/choice_integration_specs/31/11/59/79/31115979-a56d-44cf-b1d3-2ffdd9faa2a9/t/88/94/31/51/88943151-5047-4b17-94c1-09c4fd4bbedd#item2>
        , <http://localhost:8983/fedora/rest/anno/choice_integration_specs/31/11/59/79/31115979-a56d-44cf-b1d3-2ffdd9faa2a9/t/88/94/31/51/88943151-5047-4b17-94c1-09c4fd4bbedd#item1>
        ;\n\toa:default <http://localhost:8983/fedora/rest/anno/choice_integration_specs/31/11/59/79/31115979-a56d-44cf-b1d3-2ffdd9faa2a9/t/88/94/31/51/88943151-5047-4b17-94c1-09c4fd4bbedd#default>
        .\n\n<http://localhost:8983/fedora/rest/anno/choice_integration_specs/31/11/59/79/31115979-a56d-44cf-b1d3-2ffdd9faa2a9/t/88/94/31/51/88943151-5047-4b17-94c1-09c4fd4bbedd#default>
        a dcmitype:Image ;\n\ttriannon:externalReference <http://images.com/small>
        .\n\n<http://localhost:8983/fedora/rest/anno/choice_integration_specs/31/11/59/79/31115979-a56d-44cf-b1d3-2ffdd9faa2a9/t/88/94/31/51/88943151-5047-4b17-94c1-09c4fd4bbedd#item1>
        a dcmitype:Image ;\n\ttriannon:externalReference <http://images.com/large>
        .\n\n<http://localhost:8983/fedora/rest/anno/choice_integration_specs/31/11/59/79/31115979-a56d-44cf-b1d3-2ffdd9faa2a9/t/88/94/31/51/88943151-5047-4b17-94c1-09c4fd4bbedd#item2>
        a dcmitype:Image ;\n\ttriannon:externalReference <http://images.com/huge>
        .\n"
    http_version: 
  recorded_at: Fri, 26 Jun 2015 22:20:43 GMT
- request:
    method: get
    uri: http://localhost:8983/fedora/rest/anno/choice_integration_specs/31/11/59/79/31115979-a56d-44cf-b1d3-2ffdd9faa2a9
    body:
      encoding: US-ASCII
      string: ''
    headers:
      User-Agent:
      - Faraday v0.9.1
      Prefer:
      - return=respresentation; omit="http://fedora.info/definitions/v4/repository#ServerManaged"
      Accept:
      - application/x-turtle
      Accept-Encoding:
      - gzip;q=1.0,deflate;q=0.6,identity;q=0.3
  response:
    status:
      code: 200
      message: OK
    headers:
      Etag:
      - '"20a31e52c97d114ca57366b3b994b762fbe62409"'
      Last-Modified:
      - Fri, 26 Jun 2015 22:20:43 GMT
      Link:
      - <http://www.w3.org/ns/ldp#BasicContainer>;rel="type"
      - <http://www.w3.org/ns/ldp#Container>;rel="type"
      - <http://www.w3.org/ns/ldp#Resource>;rel="type"
      Accept-Patch:
      - application/sparql-update
      Accept-Post:
      - text/turtle,text/rdf+n3,text/n3,application/rdf+xml,application/n-triples,multipart/form-data,application/sparql-update
      Allow:
      - MOVE,COPY,DELETE,POST,HEAD,GET,PUT,PATCH,OPTIONS
      Preference-Applied:
      - return=representation
      Vary:
      - Accept, Range, Accept-Encoding, Accept-Language
      - Prefer
      Content-Length:
      - '1880'
      Content-Type:
      - application/x-turtle
    body:
      encoding: UTF-8
      string: "@prefix premis: <http://www.loc.gov/premis/rdf/v1#> .\n@prefix image:
        <http://www.modeshape.org/images/1.0> .\n@prefix sv: <http://www.jcp.org/jcr/sv/1.0>
        .\n@prefix test: <info:fedora/test/> .\n@prefix nt: <http://www.jcp.org/jcr/nt/1.0>
        .\n@prefix cnt: <http://www.w3.org/2011/content#> .\n@prefix dcmitype: <http://purl.org/dc/dcmitype/>
        .\n@prefix rdfs: <http://www.w3.org/2000/01/rdf-schema#> .\n@prefix xsi: <http://www.w3.org/2001/XMLSchema-instance>
        .\n@prefix mode: <http://www.modeshape.org/1.0> .\n@prefix oa: <http://www.w3.org/ns/oa#>
        .\n@prefix triannon: <http://triannon.stanford.edu/ns/> .\n@prefix rdf: <http://www.w3.org/1999/02/22-rdf-syntax-ns#>
        .\n@prefix fedora: <http://fedora.info/definitions/v4/repository#> .\n@prefix
        xml: <http://www.w3.org/XML/1998/namespace> .\n@prefix ldp: <http://www.w3.org/ns/ldp#>
        .\n@prefix xs: <http://www.w3.org/2001/XMLSchema> .\n@prefix fedoraconfig:
        <http://fedora.info/definitions/v4/config#> .\n@prefix mix: <http://www.jcp.org/jcr/mix/1.0>
        .\n@prefix foaf: <http://xmlns.com/foaf/0.1/> .\n@prefix dc: <http://purl.org/dc/elements/1.1/>
        .\n\n\n<http://localhost:8983/fedora/rest/anno/choice_integration_specs/31/11/59/79/31115979-a56d-44cf-b1d3-2ffdd9faa2a9>
        a oa:Annotation , ldp:BasicContainer ;\n\toa:motivatedBy oa:commenting ;\n\tldp:contains
        <http://localhost:8983/fedora/rest/anno/choice_integration_specs/31/11/59/79/31115979-a56d-44cf-b1d3-2ffdd9faa2a9/b>
        , <http://localhost:8983/fedora/rest/anno/choice_integration_specs/31/11/59/79/31115979-a56d-44cf-b1d3-2ffdd9faa2a9/t>
        ;\n\toa:hasTarget <http://localhost:8983/fedora/rest/anno/choice_integration_specs/31/11/59/79/31115979-a56d-44cf-b1d3-2ffdd9faa2a9/t/88/94/31/51/88943151-5047-4b17-94c1-09c4fd4bbedd>
        ;\n\toa:hasBody <http://localhost:8983/fedora/rest/anno/choice_integration_specs/31/11/59/79/31115979-a56d-44cf-b1d3-2ffdd9faa2a9/b/48/c4/61/41/48c46141-5e57-4e78-a0c3-d8d88664bc9a>
        .\n"
    http_version: 
  recorded_at: Fri, 26 Jun 2015 22:20:43 GMT
- request:
    method: get
    uri: http://localhost:8983/fedora/rest/anno/choice_integration_specs/31/11/59/79/31115979-a56d-44cf-b1d3-2ffdd9faa2a9/b/48/c4/61/41/48c46141-5e57-4e78-a0c3-d8d88664bc9a
    body:
      encoding: US-ASCII
      string: ''
    headers:
      User-Agent:
      - Faraday v0.9.1
      Prefer:
      - return=respresentation; omit="http://fedora.info/definitions/v4/repository#ServerManaged"
      Accept:
      - application/x-turtle
      Accept-Encoding:
      - gzip;q=1.0,deflate;q=0.6,identity;q=0.3
  response:
    status:
      code: 200
      message: OK
    headers:
      Etag:
      - '"99702defeee374c51e256df525c65cd682d2500d"'
      Last-Modified:
      - Fri, 26 Jun 2015 22:20:43 GMT
      Link:
      - <http://www.w3.org/ns/ldp#BasicContainer>;rel="type"
      - <http://www.w3.org/ns/ldp#Container>;rel="type"
      - <http://www.w3.org/ns/ldp#Resource>;rel="type"
      Accept-Patch:
      - application/sparql-update
      Accept-Post:
      - text/turtle,text/rdf+n3,text/n3,application/rdf+xml,application/n-triples,multipart/form-data,application/sparql-update
      Allow:
      - MOVE,COPY,DELETE,POST,HEAD,GET,PUT,PATCH,OPTIONS
      Preference-Applied:
      - return=representation
      Vary:
      - Accept, Range, Accept-Encoding, Accept-Language
      - Prefer
      Content-Length:
      - '1338'
      Content-Type:
      - application/x-turtle
    body:
      encoding: UTF-8
      string: "@prefix premis: <http://www.loc.gov/premis/rdf/v1#> .\n@prefix image:
        <http://www.modeshape.org/images/1.0> .\n@prefix sv: <http://www.jcp.org/jcr/sv/1.0>
        .\n@prefix test: <info:fedora/test/> .\n@prefix nt: <http://www.jcp.org/jcr/nt/1.0>
        .\n@prefix cnt: <http://www.w3.org/2011/content#> .\n@prefix dcmitype: <http://purl.org/dc/dcmitype/>
        .\n@prefix rdfs: <http://www.w3.org/2000/01/rdf-schema#> .\n@prefix xsi: <http://www.w3.org/2001/XMLSchema-instance>
        .\n@prefix mode: <http://www.modeshape.org/1.0> .\n@prefix oa: <http://www.w3.org/ns/oa#>
        .\n@prefix triannon: <http://triannon.stanford.edu/ns/> .\n@prefix rdf: <http://www.w3.org/1999/02/22-rdf-syntax-ns#>
        .\n@prefix fedora: <http://fedora.info/definitions/v4/repository#> .\n@prefix
        xml: <http://www.w3.org/XML/1998/namespace> .\n@prefix ldp: <http://www.w3.org/ns/ldp#>
        .\n@prefix xs: <http://www.w3.org/2001/XMLSchema> .\n@prefix fedoraconfig:
        <http://fedora.info/definitions/v4/config#> .\n@prefix mix: <http://www.jcp.org/jcr/mix/1.0>
        .\n@prefix foaf: <http://xmlns.com/foaf/0.1/> .\n@prefix dc: <http://purl.org/dc/elements/1.1/>
        .\n\n\n<http://localhost:8983/fedora/rest/anno/choice_integration_specs/31/11/59/79/31115979-a56d-44cf-b1d3-2ffdd9faa2a9/b/48/c4/61/41/48c46141-5e57-4e78-a0c3-d8d88664bc9a>
        a ldp:BasicContainer ;\n\ttriannon:externalReference <http://dbpedia.org/resource/Otto_Ege>
        .\n"
    http_version: 
  recorded_at: Fri, 26 Jun 2015 22:20:43 GMT
- request:
    method: get
    uri: http://localhost:8983/fedora/rest/anno/choice_integration_specs/31/11/59/79/31115979-a56d-44cf-b1d3-2ffdd9faa2a9/t/88/94/31/51/88943151-5047-4b17-94c1-09c4fd4bbedd
    body:
      encoding: US-ASCII
      string: ''
    headers:
      User-Agent:
      - Faraday v0.9.1
      Prefer:
      - return=respresentation; omit="http://fedora.info/definitions/v4/repository#ServerManaged"
      Accept:
      - application/x-turtle
      Accept-Encoding:
      - gzip;q=1.0,deflate;q=0.6,identity;q=0.3
  response:
    status:
      code: 200
      message: OK
    headers:
      Etag:
      - '"1daaf9bb9235ac62801504970e57f1af5f52510d"'
      Last-Modified:
      - Fri, 26 Jun 2015 22:20:43 GMT
      Link:
      - <http://www.w3.org/ns/ldp#BasicContainer>;rel="type"
      - <http://www.w3.org/ns/ldp#Container>;rel="type"
      - <http://www.w3.org/ns/ldp#Resource>;rel="type"
      Accept-Patch:
      - application/sparql-update
      Accept-Post:
      - text/turtle,text/rdf+n3,text/n3,application/rdf+xml,application/n-triples,multipart/form-data,application/sparql-update
      Allow:
      - MOVE,COPY,DELETE,POST,HEAD,GET,PUT,PATCH,OPTIONS
      Preference-Applied:
      - return=representation
      Vary:
      - Accept, Range, Accept-Encoding, Accept-Language
      - Prefer
      Content-Length:
      - '2571'
      Content-Type:
      - application/x-turtle
    body:
      encoding: UTF-8
      string: "@prefix premis: <http://www.loc.gov/premis/rdf/v1#> .\n@prefix image:
        <http://www.modeshape.org/images/1.0> .\n@prefix sv: <http://www.jcp.org/jcr/sv/1.0>
        .\n@prefix test: <info:fedora/test/> .\n@prefix nt: <http://www.jcp.org/jcr/nt/1.0>
        .\n@prefix cnt: <http://www.w3.org/2011/content#> .\n@prefix dcmitype: <http://purl.org/dc/dcmitype/>
        .\n@prefix rdfs: <http://www.w3.org/2000/01/rdf-schema#> .\n@prefix xsi: <http://www.w3.org/2001/XMLSchema-instance>
        .\n@prefix mode: <http://www.modeshape.org/1.0> .\n@prefix oa: <http://www.w3.org/ns/oa#>
        .\n@prefix triannon: <http://triannon.stanford.edu/ns/> .\n@prefix rdf: <http://www.w3.org/1999/02/22-rdf-syntax-ns#>
        .\n@prefix fedora: <http://fedora.info/definitions/v4/repository#> .\n@prefix
        xml: <http://www.w3.org/XML/1998/namespace> .\n@prefix ldp: <http://www.w3.org/ns/ldp#>
        .\n@prefix xs: <http://www.w3.org/2001/XMLSchema> .\n@prefix fedoraconfig:
        <http://fedora.info/definitions/v4/config#> .\n@prefix mix: <http://www.jcp.org/jcr/mix/1.0>
        .\n@prefix foaf: <http://xmlns.com/foaf/0.1/> .\n@prefix dc: <http://purl.org/dc/elements/1.1/>
        .\n\n\n<http://localhost:8983/fedora/rest/anno/choice_integration_specs/31/11/59/79/31115979-a56d-44cf-b1d3-2ffdd9faa2a9/t/88/94/31/51/88943151-5047-4b17-94c1-09c4fd4bbedd>
        a oa:Choice , ldp:BasicContainer ;\n\toa:item <http://localhost:8983/fedora/rest/anno/choice_integration_specs/31/11/59/79/31115979-a56d-44cf-b1d3-2ffdd9faa2a9/t/88/94/31/51/88943151-5047-4b17-94c1-09c4fd4bbedd#item2>
        , <http://localhost:8983/fedora/rest/anno/choice_integration_specs/31/11/59/79/31115979-a56d-44cf-b1d3-2ffdd9faa2a9/t/88/94/31/51/88943151-5047-4b17-94c1-09c4fd4bbedd#item1>
        ;\n\toa:default <http://localhost:8983/fedora/rest/anno/choice_integration_specs/31/11/59/79/31115979-a56d-44cf-b1d3-2ffdd9faa2a9/t/88/94/31/51/88943151-5047-4b17-94c1-09c4fd4bbedd#default>
        .\n\n<http://localhost:8983/fedora/rest/anno/choice_integration_specs/31/11/59/79/31115979-a56d-44cf-b1d3-2ffdd9faa2a9/t/88/94/31/51/88943151-5047-4b17-94c1-09c4fd4bbedd#default>
        a dcmitype:Image ;\n\ttriannon:externalReference <http://images.com/small>
        .\n\n<http://localhost:8983/fedora/rest/anno/choice_integration_specs/31/11/59/79/31115979-a56d-44cf-b1d3-2ffdd9faa2a9/t/88/94/31/51/88943151-5047-4b17-94c1-09c4fd4bbedd#item1>
        a dcmitype:Image ;\n\ttriannon:externalReference <http://images.com/large>
        .\n\n<http://localhost:8983/fedora/rest/anno/choice_integration_specs/31/11/59/79/31115979-a56d-44cf-b1d3-2ffdd9faa2a9/t/88/94/31/51/88943151-5047-4b17-94c1-09c4fd4bbedd#item2>
        a dcmitype:Image ;\n\ttriannon:externalReference <http://images.com/huge>
        .\n"
    http_version: 
  recorded_at: Fri, 26 Jun 2015 22:20:43 GMT
recorded_with: VCR 2.9.3
