---
http_interactions:
- request:
    method: head
    uri: http://localhost:8983/fedora/rest/anno_controller_create_specs/c8/4f/05/57/c84f0557-2041-44e8-8aee-edaf86b01950
    body:
      encoding: US-ASCII
      string: ''
    headers:
      User-Agent:
      - Faraday v0.9.1
      Accept:
      - "*/*"
  response:
    status:
      code: 404
      message: Not Found
    headers:
      Content-Type:
      - text/html;charset=ISO-8859-1
      Cache-Control:
      - must-revalidate,no-cache,no-store
      Content-Length:
      - '1454'
    body:
      encoding: UTF-8
      string: ''
    http_version: 
  recorded_at: Tue, 04 Aug 2015 16:45:45 GMT
- request:
    method: head
    uri: http://localhost:8983/fedora/rest/anno_controller_create_specs/40/26/d7/b2/4026d7b2-9ef1-4f33-859f-408145ce397c
    body:
      encoding: US-ASCII
      string: ''
    headers:
      User-Agent:
      - Faraday v0.9.1
      Accept:
      - "*/*"
  response:
    status:
      code: 404
      message: Not Found
    headers:
      Content-Type:
      - text/html;charset=ISO-8859-1
      Cache-Control:
      - must-revalidate,no-cache,no-store
      Content-Length:
      - '1454'
    body:
      encoding: UTF-8
      string: ''
    http_version: 
  recorded_at: Tue, 04 Aug 2015 16:45:45 GMT
- request:
    method: head
    uri: http://localhost:8983/fedora/rest/anno_controller_create_specs/7f/1a/3e/a2/7f1a3ea2-390f-41ac-9b60-ad89c3dd0d2f
    body:
      encoding: US-ASCII
      string: ''
    headers:
      User-Agent:
      - Faraday v0.9.1
      Accept:
      - "*/*"
  response:
    status:
      code: 404
      message: Not Found
    headers:
      Content-Type:
      - text/html;charset=ISO-8859-1
      Cache-Control:
      - must-revalidate,no-cache,no-store
      Content-Length:
      - '1454'
    body:
      encoding: UTF-8
      string: ''
    http_version: 
  recorded_at: Tue, 04 Aug 2015 16:45:45 GMT
- request:
    method: head
    uri: http://localhost:8983/fedora/rest/anno_controller_create_specs/77/8a/df/d8/778adfd8-777b-4eed-931d-66e350668660
    body:
      encoding: US-ASCII
      string: ''
    headers:
      User-Agent:
      - Faraday v0.9.1
      Accept:
      - "*/*"
  response:
    status:
      code: 404
      message: Not Found
    headers:
      Content-Type:
      - text/html;charset=ISO-8859-1
      Cache-Control:
      - must-revalidate,no-cache,no-store
      Content-Length:
      - '1454'
    body:
      encoding: UTF-8
      string: ''
    http_version: 
  recorded_at: Tue, 04 Aug 2015 16:45:45 GMT
- request:
    method: head
    uri: http://localhost:8983/fedora/rest/anno_controller_create_specs/51/a0/6a/d3/51a06ad3-09d3-4776-bd2b-397759b01afd
    body:
      encoding: US-ASCII
      string: ''
    headers:
      User-Agent:
      - Faraday v0.9.1
      Accept:
      - "*/*"
  response:
    status:
      code: 404
      message: Not Found
    headers:
      Content-Type:
      - text/html;charset=ISO-8859-1
      Cache-Control:
      - must-revalidate,no-cache,no-store
      Content-Length:
      - '1454'
    body:
      encoding: UTF-8
      string: ''
    http_version: 
  recorded_at: Tue, 04 Aug 2015 16:45:45 GMT
- request:
    method: head
    uri: http://localhost:8983/fedora/rest/anno_controller_create_specs/b4/2e/79/57/b42e7957-f13f-409a-968a-4f6448de869f
    body:
      encoding: US-ASCII
      string: ''
    headers:
      User-Agent:
      - Faraday v0.9.1
      Accept:
      - "*/*"
  response:
    status:
      code: 404
      message: Not Found
    headers:
      Content-Type:
      - text/html;charset=ISO-8859-1
      Cache-Control:
      - must-revalidate,no-cache,no-store
      Content-Length:
      - '1454'
    body:
      encoding: UTF-8
      string: ''
    http_version: 
  recorded_at: Tue, 04 Aug 2015 16:45:45 GMT
- request:
    method: head
    uri: http://localhost:8983/fedora/rest/anno_controller_create_specs/51/f3/24/1e/51f3241e-fe1c-4691-9d30-9dcfcebffd58
    body:
      encoding: US-ASCII
      string: ''
    headers:
      User-Agent:
      - Faraday v0.9.1
      Accept:
      - "*/*"
  response:
    status:
      code: 404
      message: Not Found
    headers:
      Content-Type:
      - text/html;charset=ISO-8859-1
      Cache-Control:
      - must-revalidate,no-cache,no-store
      Content-Length:
      - '1454'
    body:
      encoding: UTF-8
      string: ''
    http_version: 
  recorded_at: Tue, 04 Aug 2015 16:45:45 GMT
- request:
    method: head
    uri: http://localhost:8983/fedora/rest/anno_controller_create_specs/ca/fd/9e/20/cafd9e20-718e-4ad4-9aa4-384b9b2f3d06
    body:
      encoding: US-ASCII
      string: ''
    headers:
      User-Agent:
      - Faraday v0.9.1
      Accept:
      - "*/*"
  response:
    status:
      code: 404
      message: Not Found
    headers:
      Content-Type:
      - text/html;charset=ISO-8859-1
      Cache-Control:
      - must-revalidate,no-cache,no-store
      Content-Length:
      - '1454'
    body:
      encoding: UTF-8
      string: ''
    http_version: 
  recorded_at: Tue, 04 Aug 2015 16:45:45 GMT
- request:
    method: head
    uri: http://localhost:8983/fedora/rest/anno_controller_create_specs/5f/5b/b2/f7/5f5bb2f7-30f4-4bc2-989b-11d7deadda07
    body:
      encoding: US-ASCII
      string: ''
    headers:
      User-Agent:
      - Faraday v0.9.1
      Accept:
      - "*/*"
  response:
    status:
      code: 404
      message: Not Found
    headers:
      Content-Type:
      - text/html;charset=ISO-8859-1
      Cache-Control:
      - must-revalidate,no-cache,no-store
      Content-Length:
      - '1454'
    body:
      encoding: UTF-8
      string: ''
    http_version: 
  recorded_at: Tue, 04 Aug 2015 16:45:45 GMT
- request:
    method: head
    uri: http://localhost:8983/fedora/rest/anno_controller_create_specs/d1/14/35/e5/d11435e5-4711-4459-9fb9-78ee552acbb6
    body:
      encoding: US-ASCII
      string: ''
    headers:
      User-Agent:
      - Faraday v0.9.1
      Accept:
      - "*/*"
  response:
    status:
      code: 404
      message: Not Found
    headers:
      Content-Type:
      - text/html;charset=ISO-8859-1
      Cache-Control:
      - must-revalidate,no-cache,no-store
      Content-Length:
      - '1454'
    body:
      encoding: UTF-8
      string: ''
    http_version: 
  recorded_at: Tue, 04 Aug 2015 16:45:45 GMT
- request:
    method: head
    uri: http://localhost:8983/fedora/rest/anno_controller_create_specs/bc/9b/90/f8/bc9b90f8-f77b-4ba1-91dd-125ceadd3e13
    body:
      encoding: US-ASCII
      string: ''
    headers:
      User-Agent:
      - Faraday v0.9.1
      Accept:
      - "*/*"
  response:
    status:
      code: 404
      message: Not Found
    headers:
      Content-Type:
      - text/html;charset=ISO-8859-1
      Cache-Control:
      - must-revalidate,no-cache,no-store
      Content-Length:
      - '1454'
    body:
      encoding: UTF-8
      string: ''
    http_version: 
  recorded_at: Tue, 04 Aug 2015 16:45:45 GMT
- request:
    method: head
    uri: http://localhost:8983/fedora/rest/anno_controller_create_specs/90/ce/21/59/90ce2159-05de-4b2e-b744-d7af3536cb93
    body:
      encoding: US-ASCII
      string: ''
    headers:
      User-Agent:
      - Faraday v0.9.1
      Accept:
      - "*/*"
  response:
    status:
      code: 404
      message: Not Found
    headers:
      Content-Type:
      - text/html;charset=ISO-8859-1
      Cache-Control:
      - must-revalidate,no-cache,no-store
      Content-Length:
      - '1454'
    body:
      encoding: UTF-8
      string: ''
    http_version: 
  recorded_at: Tue, 04 Aug 2015 16:45:45 GMT
- request:
    method: head
    uri: http://localhost:8983/fedora/rest/anno_controller_create_specs/e1/8c/8f/ad/e18c8fad-84d6-4c36-ae1e-e877a96bb90b
    body:
      encoding: US-ASCII
      string: ''
    headers:
      User-Agent:
      - Faraday v0.9.1
      Accept:
      - "*/*"
  response:
    status:
      code: 404
      message: Not Found
    headers:
      Content-Type:
      - text/html;charset=ISO-8859-1
      Cache-Control:
      - must-revalidate,no-cache,no-store
      Content-Length:
      - '1454'
    body:
      encoding: UTF-8
      string: ''
    http_version: 
  recorded_at: Tue, 04 Aug 2015 16:45:45 GMT
- request:
    method: head
    uri: http://localhost:8983/fedora/rest/anno_controller_create_specs/84/10/2a/03/84102a03-7448-4ac0-9caa-fee1610db1dc
    body:
      encoding: US-ASCII
      string: ''
    headers:
      User-Agent:
      - Faraday v0.9.1
      Accept:
      - "*/*"
  response:
    status:
      code: 404
      message: Not Found
    headers:
      Content-Type:
      - text/html;charset=ISO-8859-1
      Cache-Control:
      - must-revalidate,no-cache,no-store
      Content-Length:
      - '1454'
    body:
      encoding: UTF-8
      string: ''
    http_version: 
  recorded_at: Tue, 04 Aug 2015 16:45:45 GMT
- request:
    method: head
    uri: http://localhost:8983/fedora/rest/anno_controller_create_specs/3c/96/fa/40/3c96fa40-14ac-4ec6-8e85-d5074abdc24a
    body:
      encoding: US-ASCII
      string: ''
    headers:
      User-Agent:
      - Faraday v0.9.1
      Accept:
      - "*/*"
  response:
    status:
      code: 404
      message: Not Found
    headers:
      Content-Type:
      - text/html;charset=ISO-8859-1
      Cache-Control:
      - must-revalidate,no-cache,no-store
      Content-Length:
      - '1454'
    body:
      encoding: UTF-8
      string: ''
    http_version: 
  recorded_at: Tue, 04 Aug 2015 16:45:45 GMT
- request:
    method: head
    uri: http://localhost:8983/fedora/rest/anno_controller_create_specs/aa/f2/06/b1/aaf206b1-8888-4a9f-bf0d-228410a860ab
    body:
      encoding: US-ASCII
      string: ''
    headers:
      User-Agent:
      - Faraday v0.9.1
      Accept:
      - "*/*"
  response:
    status:
      code: 404
      message: Not Found
    headers:
      Content-Type:
      - text/html;charset=ISO-8859-1
      Cache-Control:
      - must-revalidate,no-cache,no-store
      Content-Length:
      - '1454'
    body:
      encoding: UTF-8
      string: ''
    http_version: 
  recorded_at: Tue, 04 Aug 2015 16:45:45 GMT
- request:
    method: head
    uri: http://localhost:8983/fedora/rest/anno_controller_create_specs/45/e7/e6/43/45e7e643-7000-4be4-995f-75f0026a2406
    body:
      encoding: US-ASCII
      string: ''
    headers:
      User-Agent:
      - Faraday v0.9.1
      Accept:
      - "*/*"
  response:
    status:
      code: 404
      message: Not Found
    headers:
      Content-Type:
      - text/html;charset=ISO-8859-1
      Cache-Control:
      - must-revalidate,no-cache,no-store
      Content-Length:
      - '1454'
    body:
      encoding: UTF-8
      string: ''
    http_version: 
  recorded_at: Tue, 04 Aug 2015 16:45:45 GMT
- request:
    method: head
    uri: http://localhost:8983/fedora/rest/anno_controller_create_specs/85/da/7f/4c/85da7f4c-6b17-4279-b42a-29d2dbdfb801
    body:
      encoding: US-ASCII
      string: ''
    headers:
      User-Agent:
      - Faraday v0.9.1
      Accept:
      - "*/*"
  response:
    status:
      code: 404
      message: Not Found
    headers:
      Content-Type:
      - text/html;charset=ISO-8859-1
      Cache-Control:
      - must-revalidate,no-cache,no-store
      Content-Length:
      - '1454'
    body:
      encoding: UTF-8
      string: ''
    http_version: 
  recorded_at: Tue, 04 Aug 2015 16:45:45 GMT
- request:
    method: head
    uri: http://localhost:8983/fedora/rest/anno_controller_create_specs/51/c2/85/ab/51c285ab-4be9-4de6-8d49-cff631d52a9e
    body:
      encoding: US-ASCII
      string: ''
    headers:
      User-Agent:
      - Faraday v0.9.1
      Accept:
      - "*/*"
  response:
    status:
      code: 404
      message: Not Found
    headers:
      Content-Type:
      - text/html;charset=ISO-8859-1
      Cache-Control:
      - must-revalidate,no-cache,no-store
      Content-Length:
      - '1454'
    body:
      encoding: UTF-8
      string: ''
    http_version: 
  recorded_at: Tue, 04 Aug 2015 16:45:45 GMT
- request:
    method: head
    uri: http://localhost:8983/fedora/rest/anno_controller_create_specs/39/64/fb/ef/3964fbef-592f-4f13-a2c6-f93f1a9fbc31
    body:
      encoding: US-ASCII
      string: ''
    headers:
      User-Agent:
      - Faraday v0.9.1
      Accept:
      - "*/*"
  response:
    status:
      code: 404
      message: Not Found
    headers:
      Content-Type:
      - text/html;charset=ISO-8859-1
      Cache-Control:
      - must-revalidate,no-cache,no-store
      Content-Length:
      - '1454'
    body:
      encoding: UTF-8
      string: ''
    http_version: 
  recorded_at: Tue, 04 Aug 2015 16:45:45 GMT
- request:
    method: head
    uri: http://localhost:8983/fedora/rest/anno_controller_create_specs/34/ae/83/f1/34ae83f1-aca0-408d-86d7-88dacb276ac9
    body:
      encoding: US-ASCII
      string: ''
    headers:
      User-Agent:
      - Faraday v0.9.1
      Accept:
      - "*/*"
  response:
    status:
      code: 404
      message: Not Found
    headers:
      Content-Type:
      - text/html;charset=ISO-8859-1
      Cache-Control:
      - must-revalidate,no-cache,no-store
      Content-Length:
      - '1454'
    body:
      encoding: UTF-8
      string: ''
    http_version: 
  recorded_at: Tue, 04 Aug 2015 16:45:45 GMT
- request:
    method: head
    uri: http://localhost:8983/fedora/rest/anno_controller_create_specs/d5/a3/c2/47/d5a3c247-b5ec-41aa-8069-b455eed33aaf
    body:
      encoding: US-ASCII
      string: ''
    headers:
      User-Agent:
      - Faraday v0.9.1
      Accept:
      - "*/*"
  response:
    status:
      code: 404
      message: Not Found
    headers:
      Content-Type:
      - text/html;charset=ISO-8859-1
      Cache-Control:
      - must-revalidate,no-cache,no-store
      Content-Length:
      - '1454'
    body:
      encoding: UTF-8
      string: ''
    http_version: 
  recorded_at: Tue, 04 Aug 2015 16:45:45 GMT
- request:
    method: head
    uri: http://localhost:8983/fedora/rest/anno_controller_create_specs/28/08/e2/db/2808e2db-560d-4c46-bb8f-5e8ef7079646
    body:
      encoding: US-ASCII
      string: ''
    headers:
      User-Agent:
      - Faraday v0.9.1
      Accept:
      - "*/*"
  response:
    status:
      code: 404
      message: Not Found
    headers:
      Content-Type:
      - text/html;charset=ISO-8859-1
      Cache-Control:
      - must-revalidate,no-cache,no-store
      Content-Length:
      - '1454'
    body:
      encoding: UTF-8
      string: ''
    http_version: 
  recorded_at: Tue, 04 Aug 2015 16:45:45 GMT
- request:
    method: head
    uri: http://localhost:8983/fedora/rest/anno_controller_create_specs/b5/c7/2f/c0/b5c72fc0-c83e-4ab2-91c6-2e7cd608d8bd
    body:
      encoding: US-ASCII
      string: ''
    headers:
      User-Agent:
      - Faraday v0.9.1
      Accept:
      - "*/*"
  response:
    status:
      code: 404
      message: Not Found
    headers:
      Content-Type:
      - text/html;charset=ISO-8859-1
      Cache-Control:
      - must-revalidate,no-cache,no-store
      Content-Length:
      - '1454'
    body:
      encoding: UTF-8
      string: ''
    http_version: 
  recorded_at: Tue, 04 Aug 2015 16:45:45 GMT
- request:
    method: head
    uri: http://localhost:8983/fedora/rest/anno_controller_create_specs/00/41/9e/d4/00419ed4-5735-45d6-94be-56bdff05d558
    body:
      encoding: US-ASCII
      string: ''
    headers:
      User-Agent:
      - Faraday v0.9.1
      Accept:
      - "*/*"
  response:
    status:
      code: 404
      message: Not Found
    headers:
      Content-Type:
      - text/html;charset=ISO-8859-1
      Cache-Control:
      - must-revalidate,no-cache,no-store
      Content-Length:
      - '1454'
    body:
      encoding: UTF-8
      string: ''
    http_version: 
  recorded_at: Tue, 04 Aug 2015 16:45:45 GMT
- request:
    method: head
    uri: http://localhost:8983/fedora/rest/anno_controller_create_specs/a3/60/bc/3a/a360bc3a-fee5-41d9-af38-b744def54a99
    body:
      encoding: US-ASCII
      string: ''
    headers:
      User-Agent:
      - Faraday v0.9.1
      Accept:
      - "*/*"
  response:
    status:
      code: 404
      message: Not Found
    headers:
      Content-Type:
      - text/html;charset=ISO-8859-1
      Cache-Control:
      - must-revalidate,no-cache,no-store
      Content-Length:
      - '1454'
    body:
      encoding: UTF-8
      string: ''
    http_version: 
  recorded_at: Tue, 04 Aug 2015 16:45:45 GMT
- request:
    method: head
    uri: http://localhost:8983/fedora/rest/anno_controller_create_specs/74/e0/e8/63/74e0e863-a66d-4a5a-aed1-12f46ebbbd07
    body:
      encoding: US-ASCII
      string: ''
    headers:
      User-Agent:
      - Faraday v0.9.1
      Accept:
      - "*/*"
  response:
    status:
      code: 404
      message: Not Found
    headers:
      Content-Type:
      - text/html;charset=ISO-8859-1
      Cache-Control:
      - must-revalidate,no-cache,no-store
      Content-Length:
      - '1454'
    body:
      encoding: UTF-8
      string: ''
    http_version: 
  recorded_at: Tue, 04 Aug 2015 16:45:45 GMT
- request:
    method: head
    uri: http://localhost:8983/fedora/rest/anno_controller_create_specs/a9/a8/93/64/a9a89364-0014-4edb-90e9-e6e33b523140
    body:
      encoding: US-ASCII
      string: ''
    headers:
      User-Agent:
      - Faraday v0.9.1
      Accept:
      - "*/*"
  response:
    status:
      code: 404
      message: Not Found
    headers:
      Content-Type:
      - text/html;charset=ISO-8859-1
      Cache-Control:
      - must-revalidate,no-cache,no-store
      Content-Length:
      - '1454'
    body:
      encoding: UTF-8
      string: ''
    http_version: 
  recorded_at: Tue, 04 Aug 2015 16:45:45 GMT
- request:
    method: head
    uri: http://localhost:8983/fedora/rest/anno_controller_create_specs/91/0e/ba/a0/910ebaa0-c75a-4700-b47c-200b2c91ca12
    body:
      encoding: US-ASCII
      string: ''
    headers:
      User-Agent:
      - Faraday v0.9.1
      Accept:
      - "*/*"
  response:
    status:
      code: 404
      message: Not Found
    headers:
      Content-Type:
      - text/html;charset=ISO-8859-1
      Cache-Control:
      - must-revalidate,no-cache,no-store
      Content-Length:
      - '1454'
    body:
      encoding: UTF-8
      string: ''
    http_version: 
  recorded_at: Tue, 04 Aug 2015 16:45:45 GMT
- request:
    method: head
    uri: http://localhost:8983/fedora/rest/anno_controller_create_specs/5a/19/a6/0f/5a19a60f-61d6-4b49-a09d-627c7729906e
    body:
      encoding: US-ASCII
      string: ''
    headers:
      User-Agent:
      - Faraday v0.9.1
      Accept:
      - "*/*"
  response:
    status:
      code: 404
      message: Not Found
    headers:
      Content-Type:
      - text/html;charset=ISO-8859-1
      Cache-Control:
      - must-revalidate,no-cache,no-store
      Content-Length:
      - '1454'
    body:
      encoding: UTF-8
      string: ''
    http_version: 
  recorded_at: Tue, 04 Aug 2015 16:45:45 GMT
- request:
    method: head
    uri: http://localhost:8983/fedora/rest/anno_controller_create_specs/f3/19/a5/ed/f319a5ed-7379-42a7-b913-0b99b05cc62d
    body:
      encoding: US-ASCII
      string: ''
    headers:
      User-Agent:
      - Faraday v0.9.1
      Accept:
      - "*/*"
  response:
    status:
      code: 404
      message: Not Found
    headers:
      Content-Type:
      - text/html;charset=ISO-8859-1
      Cache-Control:
      - must-revalidate,no-cache,no-store
      Content-Length:
      - '1454'
    body:
      encoding: UTF-8
      string: ''
    http_version: 
  recorded_at: Tue, 04 Aug 2015 16:45:45 GMT
- request:
    method: head
    uri: http://localhost:8983/fedora/rest/anno_controller_create_specs/eb/b0/51/35/ebb05135-242d-4dcd-96fe-099ea13e7adc
    body:
      encoding: US-ASCII
      string: ''
    headers:
      User-Agent:
      - Faraday v0.9.1
      Accept:
      - "*/*"
  response:
    status:
      code: 404
      message: Not Found
    headers:
      Content-Type:
      - text/html;charset=ISO-8859-1
      Cache-Control:
      - must-revalidate,no-cache,no-store
      Content-Length:
      - '1454'
    body:
      encoding: UTF-8
      string: ''
    http_version: 
  recorded_at: Tue, 04 Aug 2015 16:45:45 GMT
- request:
    method: head
    uri: http://localhost:8983/fedora/rest/anno_controller_create_specs/63/48/91/f0/634891f0-5532-4333-a628-aa75c7ba0829
    body:
      encoding: US-ASCII
      string: ''
    headers:
      User-Agent:
      - Faraday v0.9.1
      Accept:
      - "*/*"
  response:
    status:
      code: 404
      message: Not Found
    headers:
      Content-Type:
      - text/html;charset=ISO-8859-1
      Cache-Control:
      - must-revalidate,no-cache,no-store
      Content-Length:
      - '1454'
    body:
      encoding: UTF-8
      string: ''
    http_version: 
  recorded_at: Tue, 04 Aug 2015 16:45:45 GMT
- request:
    method: head
    uri: http://localhost:8983/fedora/rest/anno_controller_create_specs/09/c1/11/a3/09c111a3-2d20-409a-96ce-c777d84653d2
    body:
      encoding: US-ASCII
      string: ''
    headers:
      User-Agent:
      - Faraday v0.9.1
      Accept:
      - "*/*"
  response:
    status:
      code: 404
      message: Not Found
    headers:
      Content-Type:
      - text/html;charset=ISO-8859-1
      Cache-Control:
      - must-revalidate,no-cache,no-store
      Content-Length:
      - '1454'
    body:
      encoding: UTF-8
      string: ''
    http_version: 
  recorded_at: Tue, 04 Aug 2015 16:45:45 GMT
- request:
    method: head
    uri: http://localhost:8983/fedora/rest/anno_controller_create_specs/ce/21/4f/ec/ce214fec-8fc1-432b-8a90-743ae0719188
    body:
      encoding: US-ASCII
      string: ''
    headers:
      User-Agent:
      - Faraday v0.9.1
      Accept:
      - "*/*"
  response:
    status:
      code: 404
      message: Not Found
    headers:
      Content-Type:
      - text/html;charset=ISO-8859-1
      Cache-Control:
      - must-revalidate,no-cache,no-store
      Content-Length:
      - '1454'
    body:
      encoding: UTF-8
      string: ''
    http_version: 
  recorded_at: Tue, 04 Aug 2015 16:45:45 GMT
- request:
    method: head
    uri: http://localhost:8983/fedora/rest/anno_controller_create_specs/79/8a/67/ad/798a67ad-14e3-48a7-a77b-3850d7bbbad5
    body:
      encoding: US-ASCII
      string: ''
    headers:
      User-Agent:
      - Faraday v0.9.1
      Accept:
      - "*/*"
  response:
    status:
      code: 404
      message: Not Found
    headers:
      Content-Type:
      - text/html;charset=ISO-8859-1
      Cache-Control:
      - must-revalidate,no-cache,no-store
      Content-Length:
      - '1454'
    body:
      encoding: UTF-8
      string: ''
    http_version: 
  recorded_at: Tue, 04 Aug 2015 16:45:45 GMT
- request:
    method: head
    uri: http://localhost:8983/fedora/rest/anno_controller_create_specs/f0/3b/86/5c/f03b865c-1623-4069-b96f-d9932302e4ea
    body:
      encoding: US-ASCII
      string: ''
    headers:
      User-Agent:
      - Faraday v0.9.1
      Accept:
      - "*/*"
  response:
    status:
      code: 404
      message: Not Found
    headers:
      Content-Type:
      - text/html;charset=ISO-8859-1
      Cache-Control:
      - must-revalidate,no-cache,no-store
      Content-Length:
      - '1454'
    body:
      encoding: UTF-8
      string: ''
    http_version: 
  recorded_at: Tue, 04 Aug 2015 16:45:45 GMT
- request:
    method: head
    uri: http://localhost:8983/fedora/rest/anno_controller_create_specs/ea/ad/c6/11/eaadc611-28b8-4f8e-9e6a-05998265597b
    body:
      encoding: US-ASCII
      string: ''
    headers:
      User-Agent:
      - Faraday v0.9.1
      Accept:
      - "*/*"
  response:
    status:
      code: 404
      message: Not Found
    headers:
      Content-Type:
      - text/html;charset=ISO-8859-1
      Cache-Control:
      - must-revalidate,no-cache,no-store
      Content-Length:
      - '1454'
    body:
      encoding: UTF-8
      string: ''
    http_version: 
  recorded_at: Tue, 04 Aug 2015 16:45:45 GMT
- request:
    method: head
    uri: http://localhost:8983/fedora/rest/anno_controller_create_specs/0f/ca/d4/f2/0fcad4f2-f8d9-4964-9f88-60ee67f65df7
    body:
      encoding: US-ASCII
      string: ''
    headers:
      User-Agent:
      - Faraday v0.9.1
      Accept:
      - "*/*"
  response:
    status:
      code: 404
      message: Not Found
    headers:
      Content-Type:
      - text/html;charset=ISO-8859-1
      Cache-Control:
      - must-revalidate,no-cache,no-store
      Content-Length:
      - '1454'
    body:
      encoding: UTF-8
      string: ''
    http_version: 
  recorded_at: Tue, 04 Aug 2015 16:45:45 GMT
- request:
    method: head
    uri: http://localhost:8983/fedora/rest/anno_controller_create_specs/d1/1c/1a/cf/d11c1acf-14ee-48f3-a0b4-7602366787b1
    body:
      encoding: US-ASCII
      string: ''
    headers:
      User-Agent:
      - Faraday v0.9.1
      Accept:
      - "*/*"
  response:
    status:
      code: 404
      message: Not Found
    headers:
      Content-Type:
      - text/html;charset=ISO-8859-1
      Cache-Control:
      - must-revalidate,no-cache,no-store
      Content-Length:
      - '1454'
    body:
      encoding: UTF-8
      string: ''
    http_version: 
  recorded_at: Tue, 04 Aug 2015 16:45:45 GMT
- request:
    method: head
    uri: http://localhost:8983/fedora/rest/anno_controller_create_specs/1a/cb/c5/cc/1acbc5cc-0daf-418e-b2a1-e865ae1b9a3c
    body:
      encoding: US-ASCII
      string: ''
    headers:
      User-Agent:
      - Faraday v0.9.1
      Accept:
      - "*/*"
  response:
    status:
      code: 404
      message: Not Found
    headers:
      Content-Type:
      - text/html;charset=ISO-8859-1
      Cache-Control:
      - must-revalidate,no-cache,no-store
      Content-Length:
      - '1454'
    body:
      encoding: UTF-8
      string: ''
    http_version: 
  recorded_at: Tue, 04 Aug 2015 16:45:45 GMT
- request:
    method: head
    uri: http://localhost:8983/fedora/rest/anno_controller_create_specs/bf/5f/be/a7/bf5fbea7-bf96-4940-ad02-51852158c6b1
    body:
      encoding: US-ASCII
      string: ''
    headers:
      User-Agent:
      - Faraday v0.9.1
      Accept:
      - "*/*"
  response:
    status:
      code: 404
      message: Not Found
    headers:
      Content-Type:
      - text/html;charset=ISO-8859-1
      Cache-Control:
      - must-revalidate,no-cache,no-store
      Content-Length:
      - '1454'
    body:
      encoding: UTF-8
      string: ''
    http_version: 
  recorded_at: Tue, 04 Aug 2015 16:45:45 GMT
- request:
    method: head
    uri: http://localhost:8983/fedora/rest/anno_controller_create_specs/6f/ce/b0/09/6fceb009-90ec-4f6b-931f-c3d8607a5c82
    body:
      encoding: US-ASCII
      string: ''
    headers:
      User-Agent:
      - Faraday v0.9.1
      Accept:
      - "*/*"
  response:
    status:
      code: 404
      message: Not Found
    headers:
      Content-Type:
      - text/html;charset=ISO-8859-1
      Cache-Control:
      - must-revalidate,no-cache,no-store
      Content-Length:
      - '1454'
    body:
      encoding: UTF-8
      string: ''
    http_version: 
  recorded_at: Tue, 04 Aug 2015 16:45:46 GMT
- request:
    method: head
    uri: http://localhost:8983/fedora/rest/anno_controller_create_specs/c6/73/90/11/c6739011-4502-4a49-bbc3-2b01f81b1cd5
    body:
      encoding: US-ASCII
      string: ''
    headers:
      User-Agent:
      - Faraday v0.9.1
      Accept:
      - "*/*"
  response:
    status:
      code: 404
      message: Not Found
    headers:
      Content-Type:
      - text/html;charset=ISO-8859-1
      Cache-Control:
      - must-revalidate,no-cache,no-store
      Content-Length:
      - '1454'
    body:
      encoding: UTF-8
      string: ''
    http_version: 
  recorded_at: Tue, 04 Aug 2015 16:45:46 GMT
- request:
    method: head
    uri: http://localhost:8983/fedora/rest/anno_controller_create_specs/ff/82/4d/1e/ff824d1e-7cfc-40a5-bf8c-26897fa5a11e
    body:
      encoding: US-ASCII
      string: ''
    headers:
      User-Agent:
      - Faraday v0.9.1
      Accept:
      - "*/*"
  response:
    status:
      code: 404
      message: Not Found
    headers:
      Content-Type:
      - text/html;charset=ISO-8859-1
      Cache-Control:
      - must-revalidate,no-cache,no-store
      Content-Length:
      - '1454'
    body:
      encoding: UTF-8
      string: ''
    http_version: 
  recorded_at: Tue, 04 Aug 2015 16:45:46 GMT
- request:
    method: head
    uri: http://localhost:8983/fedora/rest/anno_controller_create_specs/7b/f7/62/76/7bf76276-fb7c-4a5a-bb13-90cec18f9a50
    body:
      encoding: US-ASCII
      string: ''
    headers:
      User-Agent:
      - Faraday v0.9.1
      Accept:
      - "*/*"
  response:
    status:
      code: 404
      message: Not Found
    headers:
      Content-Type:
      - text/html;charset=ISO-8859-1
      Cache-Control:
      - must-revalidate,no-cache,no-store
      Content-Length:
      - '1454'
    body:
      encoding: UTF-8
      string: ''
    http_version: 
  recorded_at: Tue, 04 Aug 2015 16:45:46 GMT
- request:
    method: head
    uri: http://localhost:8983/fedora/rest/anno_controller_create_specs/f0/1f/fa/8b/f01ffa8b-2b34-4369-8406-8d16dd5fb827
    body:
      encoding: US-ASCII
      string: ''
    headers:
      User-Agent:
      - Faraday v0.9.1
      Accept:
      - "*/*"
  response:
    status:
      code: 404
      message: Not Found
    headers:
      Content-Type:
      - text/html;charset=ISO-8859-1
      Cache-Control:
      - must-revalidate,no-cache,no-store
      Content-Length:
      - '1454'
    body:
      encoding: UTF-8
      string: ''
    http_version: 
  recorded_at: Tue, 04 Aug 2015 16:45:46 GMT
- request:
    method: head
    uri: http://localhost:8983/fedora/rest/anno_controller_create_specs/63/44/af/93/6344af93-831b-4117-a8c1-359cd459c190
    body:
      encoding: US-ASCII
      string: ''
    headers:
      User-Agent:
      - Faraday v0.9.1
      Accept:
      - "*/*"
  response:
    status:
      code: 404
      message: Not Found
    headers:
      Content-Type:
      - text/html;charset=ISO-8859-1
      Cache-Control:
      - must-revalidate,no-cache,no-store
      Content-Length:
      - '1454'
    body:
      encoding: UTF-8
      string: ''
    http_version: 
  recorded_at: Tue, 04 Aug 2015 16:45:46 GMT
- request:
    method: head
    uri: http://localhost:8983/fedora/rest/anno_controller_create_specs/5c/cd/50/49/5ccd5049-4852-443f-8688-527d1179db44
    body:
      encoding: US-ASCII
      string: ''
    headers:
      User-Agent:
      - Faraday v0.9.1
      Accept:
      - "*/*"
  response:
    status:
      code: 404
      message: Not Found
    headers:
      Content-Type:
      - text/html;charset=ISO-8859-1
      Cache-Control:
      - must-revalidate,no-cache,no-store
      Content-Length:
      - '1454'
    body:
      encoding: UTF-8
      string: ''
    http_version: 
  recorded_at: Tue, 04 Aug 2015 16:45:46 GMT
- request:
    method: head
    uri: http://localhost:8983/fedora/rest/anno_controller_create_specs/b9/2e/f4/d7/b92ef4d7-4162-4ae5-be13-17c78cef242c
    body:
      encoding: US-ASCII
      string: ''
    headers:
      User-Agent:
      - Faraday v0.9.1
      Accept:
      - "*/*"
  response:
    status:
      code: 404
      message: Not Found
    headers:
      Content-Type:
      - text/html;charset=ISO-8859-1
      Cache-Control:
      - must-revalidate,no-cache,no-store
      Content-Length:
      - '1454'
    body:
      encoding: UTF-8
      string: ''
    http_version: 
  recorded_at: Tue, 04 Aug 2015 16:45:46 GMT
- request:
    method: head
    uri: http://localhost:8983/fedora/rest/anno_controller_create_specs/e6/06/f1/8d/e606f18d-f918-42fb-b861-3fd307db0e48
    body:
      encoding: US-ASCII
      string: ''
    headers:
      User-Agent:
      - Faraday v0.9.1
      Accept:
      - "*/*"
  response:
    status:
      code: 404
      message: Not Found
    headers:
      Content-Type:
      - text/html;charset=ISO-8859-1
      Cache-Control:
      - must-revalidate,no-cache,no-store
      Content-Length:
      - '1454'
    body:
      encoding: UTF-8
      string: ''
    http_version: 
  recorded_at: Tue, 04 Aug 2015 16:45:46 GMT
- request:
    method: head
    uri: http://localhost:8983/fedora/rest/anno_controller_create_specs/3e/8a/fc/6f/3e8afc6f-959f-4f59-83e0-4553efca4148
    body:
      encoding: US-ASCII
      string: ''
    headers:
      User-Agent:
      - Faraday v0.9.1
      Accept:
      - "*/*"
  response:
    status:
      code: 404
      message: Not Found
    headers:
      Content-Type:
      - text/html;charset=ISO-8859-1
      Cache-Control:
      - must-revalidate,no-cache,no-store
      Content-Length:
      - '1454'
    body:
      encoding: UTF-8
      string: ''
    http_version: 
  recorded_at: Tue, 04 Aug 2015 16:45:46 GMT
- request:
    method: head
    uri: http://localhost:8983/fedora/rest/anno_controller_create_specs/4e/6c/14/56/4e6c1456-b848-4689-b667-bca06ad6cf47
    body:
      encoding: US-ASCII
      string: ''
    headers:
      User-Agent:
      - Faraday v0.9.1
      Accept:
      - "*/*"
  response:
    status:
      code: 404
      message: Not Found
    headers:
      Content-Type:
      - text/html;charset=ISO-8859-1
      Cache-Control:
      - must-revalidate,no-cache,no-store
      Content-Length:
      - '1454'
    body:
      encoding: UTF-8
      string: ''
    http_version: 
  recorded_at: Tue, 04 Aug 2015 16:45:46 GMT
- request:
    method: head
    uri: http://localhost:8983/fedora/rest/anno_controller_create_specs/96/a1/20/aa/96a120aa-6b79-421b-9a4b-660981f61823
    body:
      encoding: US-ASCII
      string: ''
    headers:
      User-Agent:
      - Faraday v0.9.1
      Accept:
      - "*/*"
  response:
    status:
      code: 404
      message: Not Found
    headers:
      Content-Type:
      - text/html;charset=ISO-8859-1
      Cache-Control:
      - must-revalidate,no-cache,no-store
      Content-Length:
      - '1454'
    body:
      encoding: UTF-8
      string: ''
    http_version: 
  recorded_at: Tue, 04 Aug 2015 16:45:46 GMT
- request:
    method: head
    uri: http://localhost:8983/fedora/rest/anno_controller_create_specs/e9/1f/59/75/e91f5975-51cc-42a8-abd2-f1089815e865
    body:
      encoding: US-ASCII
      string: ''
    headers:
      User-Agent:
      - Faraday v0.9.1
      Accept:
      - "*/*"
  response:
    status:
      code: 404
      message: Not Found
    headers:
      Content-Type:
      - text/html;charset=ISO-8859-1
      Cache-Control:
      - must-revalidate,no-cache,no-store
      Content-Length:
      - '1454'
    body:
      encoding: UTF-8
      string: ''
    http_version: 
  recorded_at: Tue, 04 Aug 2015 16:45:46 GMT
- request:
    method: head
    uri: http://localhost:8983/fedora/rest/anno_controller_create_specs/8f/ca/32/ba/8fca32ba-bef1-4b41-ab07-1d9ff10af942
    body:
      encoding: US-ASCII
      string: ''
    headers:
      User-Agent:
      - Faraday v0.9.1
      Accept:
      - "*/*"
  response:
    status:
      code: 404
      message: Not Found
    headers:
      Content-Type:
      - text/html;charset=ISO-8859-1
      Cache-Control:
      - must-revalidate,no-cache,no-store
      Content-Length:
      - '1454'
    body:
      encoding: UTF-8
      string: ''
    http_version: 
  recorded_at: Tue, 04 Aug 2015 16:45:46 GMT
- request:
    method: head
    uri: http://localhost:8983/fedora/rest/anno_controller_create_specs/2b/7c/00/cb/2b7c00cb-f609-445f-beb3-2f003cb5b919
    body:
      encoding: US-ASCII
      string: ''
    headers:
      User-Agent:
      - Faraday v0.9.1
      Accept:
      - "*/*"
  response:
    status:
      code: 404
      message: Not Found
    headers:
      Content-Type:
      - text/html;charset=ISO-8859-1
      Cache-Control:
      - must-revalidate,no-cache,no-store
      Content-Length:
      - '1454'
    body:
      encoding: UTF-8
      string: ''
    http_version: 
  recorded_at: Tue, 04 Aug 2015 16:45:46 GMT
- request:
    method: head
    uri: http://localhost:8983/fedora/rest/anno_controller_create_specs/4e/3e/fd/c1/4e3efdc1-e615-4465-bcf6-d0bec822b223
    body:
      encoding: US-ASCII
      string: ''
    headers:
      User-Agent:
      - Faraday v0.9.1
      Accept:
      - "*/*"
  response:
    status:
      code: 404
      message: Not Found
    headers:
      Content-Type:
      - text/html;charset=ISO-8859-1
      Cache-Control:
      - must-revalidate,no-cache,no-store
      Content-Length:
      - '1454'
    body:
      encoding: UTF-8
      string: ''
    http_version: 
  recorded_at: Tue, 04 Aug 2015 16:45:46 GMT
- request:
    method: head
    uri: http://localhost:8983/fedora/rest/anno_controller_create_specs/47/c4/5a/1f/47c45a1f-5dfd-49f2-bf9e-a0786da446f5
    body:
      encoding: US-ASCII
      string: ''
    headers:
      User-Agent:
      - Faraday v0.9.1
      Accept:
      - "*/*"
  response:
    status:
      code: 404
      message: Not Found
    headers:
      Content-Type:
      - text/html;charset=ISO-8859-1
      Cache-Control:
      - must-revalidate,no-cache,no-store
      Content-Length:
      - '1454'
    body:
      encoding: UTF-8
      string: ''
    http_version: 
  recorded_at: Tue, 04 Aug 2015 16:45:46 GMT
- request:
    method: head
    uri: http://localhost:8983/fedora/rest/anno_controller_create_specs/9a/26/fa/28/9a26fa28-d9f8-4689-8643-3b714c94a485
    body:
      encoding: US-ASCII
      string: ''
    headers:
      User-Agent:
      - Faraday v0.9.1
      Accept:
      - "*/*"
  response:
    status:
      code: 404
      message: Not Found
    headers:
      Content-Type:
      - text/html;charset=ISO-8859-1
      Cache-Control:
      - must-revalidate,no-cache,no-store
      Content-Length:
      - '1454'
    body:
      encoding: UTF-8
      string: ''
    http_version: 
  recorded_at: Tue, 04 Aug 2015 16:45:46 GMT
- request:
    method: head
    uri: http://localhost:8983/fedora/rest/anno_controller_create_specs/e5/c0/f4/38/e5c0f438-9e3b-4bf3-b871-c3418da826e3
    body:
      encoding: US-ASCII
      string: ''
    headers:
      User-Agent:
      - Faraday v0.9.1
      Accept:
      - "*/*"
  response:
    status:
      code: 404
      message: Not Found
    headers:
      Content-Type:
      - text/html;charset=ISO-8859-1
      Cache-Control:
      - must-revalidate,no-cache,no-store
      Content-Length:
      - '1454'
    body:
      encoding: UTF-8
      string: ''
    http_version: 
  recorded_at: Tue, 04 Aug 2015 16:45:46 GMT
- request:
    method: head
    uri: http://localhost:8983/fedora/rest/anno_controller_create_specs/f9/e0/fd/7b/f9e0fd7b-dbe8-4873-a283-c5c70e37f5a3
    body:
      encoding: US-ASCII
      string: ''
    headers:
      User-Agent:
      - Faraday v0.9.1
      Accept:
      - "*/*"
  response:
    status:
      code: 404
      message: Not Found
    headers:
      Content-Type:
      - text/html;charset=ISO-8859-1
      Cache-Control:
      - must-revalidate,no-cache,no-store
      Content-Length:
      - '1454'
    body:
      encoding: UTF-8
      string: ''
    http_version: 
  recorded_at: Tue, 04 Aug 2015 16:45:46 GMT
- request:
    method: head
    uri: http://localhost:8983/fedora/rest/anno_controller_create_specs/b8/26/e9/ed/b826e9ed-c2e3-4a43-a84e-0fecf28a3e8b
    body:
      encoding: US-ASCII
      string: ''
    headers:
      User-Agent:
      - Faraday v0.9.1
      Accept:
      - "*/*"
  response:
    status:
      code: 404
      message: Not Found
    headers:
      Content-Type:
      - text/html;charset=ISO-8859-1
      Cache-Control:
      - must-revalidate,no-cache,no-store
      Content-Length:
      - '1454'
    body:
      encoding: UTF-8
      string: ''
    http_version: 
  recorded_at: Tue, 04 Aug 2015 16:45:46 GMT
- request:
    method: head
    uri: http://localhost:8983/fedora/rest/anno_controller_create_specs/61/75/0a/8b/61750a8b-5c9f-403e-b89f-ce7c13c6eefe
    body:
      encoding: US-ASCII
      string: ''
    headers:
      User-Agent:
      - Faraday v0.9.1
      Accept:
      - "*/*"
  response:
    status:
      code: 404
      message: Not Found
    headers:
      Content-Type:
      - text/html;charset=ISO-8859-1
      Cache-Control:
      - must-revalidate,no-cache,no-store
      Content-Length:
      - '1454'
    body:
      encoding: UTF-8
      string: ''
    http_version: 
  recorded_at: Tue, 04 Aug 2015 16:45:46 GMT
- request:
    method: head
    uri: http://localhost:8983/fedora/rest/anno_controller_create_specs/79/65/40/e2/796540e2-1243-4211-84b8-0d12760e0d23
    body:
      encoding: US-ASCII
      string: ''
    headers:
      User-Agent:
      - Faraday v0.9.1
      Accept:
      - "*/*"
  response:
    status:
      code: 404
      message: Not Found
    headers:
      Content-Type:
      - text/html;charset=ISO-8859-1
      Cache-Control:
      - must-revalidate,no-cache,no-store
      Content-Length:
      - '1454'
    body:
      encoding: UTF-8
      string: ''
    http_version: 
  recorded_at: Tue, 04 Aug 2015 16:45:46 GMT
- request:
    method: head
    uri: http://localhost:8983/fedora/rest/anno_controller_create_specs/05/e3/da/8c/05e3da8c-1b36-4c31-9510-e66e8fde1c17
    body:
      encoding: US-ASCII
      string: ''
    headers:
      User-Agent:
      - Faraday v0.9.1
      Accept:
      - "*/*"
  response:
    status:
      code: 404
      message: Not Found
    headers:
      Content-Type:
      - text/html;charset=ISO-8859-1
      Cache-Control:
      - must-revalidate,no-cache,no-store
      Content-Length:
      - '1454'
    body:
      encoding: UTF-8
      string: ''
    http_version: 
  recorded_at: Tue, 04 Aug 2015 16:45:46 GMT
- request:
    method: head
    uri: http://localhost:8983/fedora/rest/anno_controller_create_specs/fd/e5/46/38/fde54638-7fe1-4454-b41c-8bbd7ffa1061
    body:
      encoding: US-ASCII
      string: ''
    headers:
      User-Agent:
      - Faraday v0.9.1
      Accept:
      - "*/*"
  response:
    status:
      code: 404
      message: Not Found
    headers:
      Content-Type:
      - text/html;charset=ISO-8859-1
      Cache-Control:
      - must-revalidate,no-cache,no-store
      Content-Length:
      - '1454'
    body:
      encoding: UTF-8
      string: ''
    http_version: 
  recorded_at: Tue, 04 Aug 2015 16:45:46 GMT
- request:
    method: head
    uri: http://localhost:8983/fedora/rest/anno_controller_create_specs/90/b5/5e/86/90b55e86-b88c-46a0-9c8c-c7c50bc0667e
    body:
      encoding: US-ASCII
      string: ''
    headers:
      User-Agent:
      - Faraday v0.9.1
      Accept:
      - "*/*"
  response:
    status:
      code: 404
      message: Not Found
    headers:
      Content-Type:
      - text/html;charset=ISO-8859-1
      Cache-Control:
      - must-revalidate,no-cache,no-store
      Content-Length:
      - '1454'
    body:
      encoding: UTF-8
      string: ''
    http_version: 
  recorded_at: Tue, 04 Aug 2015 16:45:46 GMT
- request:
    method: head
    uri: http://localhost:8983/fedora/rest/anno_controller_create_specs/bf/38/9a/8d/bf389a8d-3ab9-47ec-b6db-ba056d8f7a32
    body:
      encoding: US-ASCII
      string: ''
    headers:
      User-Agent:
      - Faraday v0.9.1
      Accept:
      - "*/*"
  response:
    status:
      code: 404
      message: Not Found
    headers:
      Content-Type:
      - text/html;charset=ISO-8859-1
      Cache-Control:
      - must-revalidate,no-cache,no-store
      Content-Length:
      - '1454'
    body:
      encoding: UTF-8
      string: ''
    http_version: 
  recorded_at: Tue, 04 Aug 2015 16:45:46 GMT
- request:
    method: head
    uri: http://localhost:8983/fedora/rest/anno/anno_controller_create_specs
    body:
      encoding: US-ASCII
      string: ''
    headers:
      User-Agent:
      - Faraday v0.9.1
      Accept:
      - "*/*"
  response:
    status:
      code: 200
      message: OK
    headers:
      Etag:
      - '"740b3faed5d8f441d1efb19c4525b2b39863ac35"'
      Last-Modified:
      - Tue, 04 Aug 2015 16:45:44 GMT
      Link:
      - <http://www.w3.org/ns/ldp#BasicContainer>;rel="type"
      - <http://www.w3.org/ns/ldp#Container>;rel="type"
      - <http://www.w3.org/ns/ldp#Resource>;rel="type"
      Accept-Patch:
      - application/sparql-update
      Accept-Post:
      - text/turtle,text/rdf+n3,text/n3,application/rdf+xml,application/n-triples,multipart/form-data,application/sparql-update
      Allow:
      - MOVE,COPY,DELETE,POST,HEAD,GET,PUT,PATCH,OPTIONS
      Content-Type:
      - text/tab-separated-values
      Content-Length:
      - '0'
    body:
      encoding: UTF-8
      string: ''
    http_version: 
  recorded_at: Tue, 04 Aug 2015 16:45:46 GMT
- request:
    method: delete
    uri: http://localhost:8983/fedora/rest/anno/anno_controller_create_specs
    body:
      encoding: US-ASCII
      string: ''
    headers:
      User-Agent:
      - Faraday v0.9.1
      Prefer:
      - return=respresentation; omit="http://fedora.info/definitions/v4/repository#ServerManaged"
      Accept-Encoding:
      - gzip;q=1.0,deflate;q=0.6,identity;q=0.3
      Accept:
      - "*/*"
  response:
    status:
      code: 204
      message: No Content
    headers: {}
    body:
      encoding: UTF-8
      string: ''
    http_version: 
  recorded_at: Tue, 04 Aug 2015 16:45:46 GMT
- request:
    method: delete
    uri: http://localhost:8983/fedora/rest/anno/anno_controller_create_specs/fcr:tombstone
    body:
      encoding: US-ASCII
      string: ''
    headers:
      User-Agent:
      - Faraday v0.9.1
      Accept-Encoding:
      - gzip;q=1.0,deflate;q=0.6,identity;q=0.3
      Accept:
      - "*/*"
  response:
    status:
      code: 204
      message: No Content
    headers: {}
    body:
      encoding: UTF-8
      string: ''
    http_version: 
  recorded_at: Tue, 04 Aug 2015 16:45:46 GMT
- request:
    method: post
    uri: http://localhost:8983/solr/triannon/update?wt=ruby
    body:
      encoding: UTF-8
      string: <?xml version="1.0" encoding="UTF-8"?><delete><id>anno_controller_create_specs/c8/4f/05/57/c84f0557-2041-44e8-8aee-edaf86b01950</id></delete>
    headers:
      Content-Type:
      - text/xml
  response:
    status:
      code: 200
      message: OK
    headers:
      Content-Type:
      - text/plain;charset=UTF-8
      Transfer-Encoding:
      - chunked
    body:
      encoding: UTF-8
      string: |
        {'responseHeader'=>{'status'=>0,'QTime'=>2}}
    http_version: 
  recorded_at: Tue, 04 Aug 2015 16:45:46 GMT
- request:
    method: post
    uri: http://localhost:8983/solr/triannon/update?wt=ruby
    body:
      encoding: UTF-8
      string: <?xml version="1.0" encoding="UTF-8"?><delete><id>anno_controller_create_specs/40/26/d7/b2/4026d7b2-9ef1-4f33-859f-408145ce397c</id></delete>
    headers:
      Content-Type:
      - text/xml
  response:
    status:
      code: 200
      message: OK
    headers:
      Content-Type:
      - text/plain;charset=UTF-8
      Transfer-Encoding:
      - chunked
    body:
      encoding: UTF-8
      string: |
        {'responseHeader'=>{'status'=>0,'QTime'=>1}}
    http_version: 
  recorded_at: Tue, 04 Aug 2015 16:45:46 GMT
- request:
    method: post
    uri: http://localhost:8983/solr/triannon/update?wt=ruby
    body:
      encoding: UTF-8
      string: <?xml version="1.0" encoding="UTF-8"?><delete><id>anno_controller_create_specs/7f/1a/3e/a2/7f1a3ea2-390f-41ac-9b60-ad89c3dd0d2f</id></delete>
    headers:
      Content-Type:
      - text/xml
  response:
    status:
      code: 200
      message: OK
    headers:
      Content-Type:
      - text/plain;charset=UTF-8
      Transfer-Encoding:
      - chunked
    body:
      encoding: UTF-8
      string: |
        {'responseHeader'=>{'status'=>0,'QTime'=>1}}
    http_version: 
  recorded_at: Tue, 04 Aug 2015 16:45:46 GMT
- request:
    method: post
    uri: http://localhost:8983/solr/triannon/update?wt=ruby
    body:
      encoding: UTF-8
      string: <?xml version="1.0" encoding="UTF-8"?><delete><id>anno_controller_create_specs/77/8a/df/d8/778adfd8-777b-4eed-931d-66e350668660</id></delete>
    headers:
      Content-Type:
      - text/xml
  response:
    status:
      code: 200
      message: OK
    headers:
      Content-Type:
      - text/plain;charset=UTF-8
      Transfer-Encoding:
      - chunked
    body:
      encoding: UTF-8
      string: |
        {'responseHeader'=>{'status'=>0,'QTime'=>1}}
    http_version: 
  recorded_at: Tue, 04 Aug 2015 16:45:46 GMT
- request:
    method: post
    uri: http://localhost:8983/solr/triannon/update?wt=ruby
    body:
      encoding: UTF-8
      string: <?xml version="1.0" encoding="UTF-8"?><delete><id>anno_controller_create_specs/51/a0/6a/d3/51a06ad3-09d3-4776-bd2b-397759b01afd</id></delete>
    headers:
      Content-Type:
      - text/xml
  response:
    status:
      code: 200
      message: OK
    headers:
      Content-Type:
      - text/plain;charset=UTF-8
      Transfer-Encoding:
      - chunked
    body:
      encoding: UTF-8
      string: |
        {'responseHeader'=>{'status'=>0,'QTime'=>1}}
    http_version: 
  recorded_at: Tue, 04 Aug 2015 16:45:46 GMT
- request:
    method: post
    uri: http://localhost:8983/solr/triannon/update?wt=ruby
    body:
      encoding: UTF-8
      string: <?xml version="1.0" encoding="UTF-8"?><delete><id>anno_controller_create_specs/b4/2e/79/57/b42e7957-f13f-409a-968a-4f6448de869f</id></delete>
    headers:
      Content-Type:
      - text/xml
  response:
    status:
      code: 200
      message: OK
    headers:
      Content-Type:
      - text/plain;charset=UTF-8
      Transfer-Encoding:
      - chunked
    body:
      encoding: UTF-8
      string: |
        {'responseHeader'=>{'status'=>0,'QTime'=>8}}
    http_version: 
  recorded_at: Tue, 04 Aug 2015 16:45:46 GMT
- request:
    method: post
    uri: http://localhost:8983/solr/triannon/update?wt=ruby
    body:
      encoding: UTF-8
      string: <?xml version="1.0" encoding="UTF-8"?><delete><id>anno_controller_create_specs/51/f3/24/1e/51f3241e-fe1c-4691-9d30-9dcfcebffd58</id></delete>
    headers:
      Content-Type:
      - text/xml
  response:
    status:
      code: 200
      message: OK
    headers:
      Content-Type:
      - text/plain;charset=UTF-8
      Transfer-Encoding:
      - chunked
    body:
      encoding: UTF-8
      string: |
        {'responseHeader'=>{'status'=>0,'QTime'=>1}}
    http_version: 
  recorded_at: Tue, 04 Aug 2015 16:45:46 GMT
- request:
    method: post
    uri: http://localhost:8983/solr/triannon/update?wt=ruby
    body:
      encoding: UTF-8
      string: <?xml version="1.0" encoding="UTF-8"?><delete><id>anno_controller_create_specs/ca/fd/9e/20/cafd9e20-718e-4ad4-9aa4-384b9b2f3d06</id></delete>
    headers:
      Content-Type:
      - text/xml
  response:
    status:
      code: 200
      message: OK
    headers:
      Content-Type:
      - text/plain;charset=UTF-8
      Transfer-Encoding:
      - chunked
    body:
      encoding: UTF-8
      string: |
        {'responseHeader'=>{'status'=>0,'QTime'=>1}}
    http_version: 
  recorded_at: Tue, 04 Aug 2015 16:45:46 GMT
- request:
    method: post
    uri: http://localhost:8983/solr/triannon/update?wt=ruby
    body:
      encoding: UTF-8
      string: <?xml version="1.0" encoding="UTF-8"?><delete><id>anno_controller_create_specs/5f/5b/b2/f7/5f5bb2f7-30f4-4bc2-989b-11d7deadda07</id></delete>
    headers:
      Content-Type:
      - text/xml
  response:
    status:
      code: 200
      message: OK
    headers:
      Content-Type:
      - text/plain;charset=UTF-8
      Transfer-Encoding:
      - chunked
    body:
      encoding: UTF-8
      string: |
        {'responseHeader'=>{'status'=>0,'QTime'=>1}}
    http_version: 
  recorded_at: Tue, 04 Aug 2015 16:45:46 GMT
- request:
    method: post
    uri: http://localhost:8983/solr/triannon/update?wt=ruby
    body:
      encoding: UTF-8
      string: <?xml version="1.0" encoding="UTF-8"?><delete><id>anno_controller_create_specs/d1/14/35/e5/d11435e5-4711-4459-9fb9-78ee552acbb6</id></delete>
    headers:
      Content-Type:
      - text/xml
  response:
    status:
      code: 200
      message: OK
    headers:
      Content-Type:
      - text/plain;charset=UTF-8
      Transfer-Encoding:
      - chunked
    body:
      encoding: UTF-8
      string: |
        {'responseHeader'=>{'status'=>0,'QTime'=>1}}
    http_version: 
  recorded_at: Tue, 04 Aug 2015 16:45:46 GMT
- request:
    method: post
    uri: http://localhost:8983/solr/triannon/update?wt=ruby
    body:
      encoding: UTF-8
      string: <?xml version="1.0" encoding="UTF-8"?><delete><id>anno_controller_create_specs/bc/9b/90/f8/bc9b90f8-f77b-4ba1-91dd-125ceadd3e13</id></delete>
    headers:
      Content-Type:
      - text/xml
  response:
    status:
      code: 200
      message: OK
    headers:
      Content-Type:
      - text/plain;charset=UTF-8
      Transfer-Encoding:
      - chunked
    body:
      encoding: UTF-8
      string: |
        {'responseHeader'=>{'status'=>0,'QTime'=>1}}
    http_version: 
  recorded_at: Tue, 04 Aug 2015 16:45:46 GMT
- request:
    method: post
    uri: http://localhost:8983/solr/triannon/update?wt=ruby
    body:
      encoding: UTF-8
      string: <?xml version="1.0" encoding="UTF-8"?><delete><id>anno_controller_create_specs/90/ce/21/59/90ce2159-05de-4b2e-b744-d7af3536cb93</id></delete>
    headers:
      Content-Type:
      - text/xml
  response:
    status:
      code: 200
      message: OK
    headers:
      Content-Type:
      - text/plain;charset=UTF-8
      Transfer-Encoding:
      - chunked
    body:
      encoding: UTF-8
      string: |
        {'responseHeader'=>{'status'=>0,'QTime'=>5}}
    http_version: 
  recorded_at: Tue, 04 Aug 2015 16:45:46 GMT
- request:
    method: post
    uri: http://localhost:8983/solr/triannon/update?wt=ruby
    body:
      encoding: UTF-8
      string: <?xml version="1.0" encoding="UTF-8"?><delete><id>anno_controller_create_specs/e1/8c/8f/ad/e18c8fad-84d6-4c36-ae1e-e877a96bb90b</id></delete>
    headers:
      Content-Type:
      - text/xml
  response:
    status:
      code: 200
      message: OK
    headers:
      Content-Type:
      - text/plain;charset=UTF-8
      Transfer-Encoding:
      - chunked
    body:
      encoding: UTF-8
      string: |
        {'responseHeader'=>{'status'=>0,'QTime'=>0}}
    http_version: 
  recorded_at: Tue, 04 Aug 2015 16:45:46 GMT
- request:
    method: post
    uri: http://localhost:8983/solr/triannon/update?wt=ruby
    body:
      encoding: UTF-8
      string: <?xml version="1.0" encoding="UTF-8"?><delete><id>anno_controller_create_specs/84/10/2a/03/84102a03-7448-4ac0-9caa-fee1610db1dc</id></delete>
    headers:
      Content-Type:
      - text/xml
  response:
    status:
      code: 200
      message: OK
    headers:
      Content-Type:
      - text/plain;charset=UTF-8
      Transfer-Encoding:
      - chunked
    body:
      encoding: UTF-8
      string: |
        {'responseHeader'=>{'status'=>0,'QTime'=>0}}
    http_version: 
  recorded_at: Tue, 04 Aug 2015 16:45:46 GMT
- request:
    method: post
    uri: http://localhost:8983/solr/triannon/update?wt=ruby
    body:
      encoding: UTF-8
      string: <?xml version="1.0" encoding="UTF-8"?><delete><id>anno_controller_create_specs/3c/96/fa/40/3c96fa40-14ac-4ec6-8e85-d5074abdc24a</id></delete>
    headers:
      Content-Type:
      - text/xml
  response:
    status:
      code: 200
      message: OK
    headers:
      Content-Type:
      - text/plain;charset=UTF-8
      Transfer-Encoding:
      - chunked
    body:
      encoding: UTF-8
      string: |
        {'responseHeader'=>{'status'=>0,'QTime'=>0}}
    http_version: 
  recorded_at: Tue, 04 Aug 2015 16:45:46 GMT
- request:
    method: post
    uri: http://localhost:8983/solr/triannon/update?wt=ruby
    body:
      encoding: UTF-8
      string: <?xml version="1.0" encoding="UTF-8"?><delete><id>anno_controller_create_specs/aa/f2/06/b1/aaf206b1-8888-4a9f-bf0d-228410a860ab</id></delete>
    headers:
      Content-Type:
      - text/xml
  response:
    status:
      code: 200
      message: OK
    headers:
      Content-Type:
      - text/plain;charset=UTF-8
      Transfer-Encoding:
      - chunked
    body:
      encoding: UTF-8
      string: |
        {'responseHeader'=>{'status'=>0,'QTime'=>0}}
    http_version: 
  recorded_at: Tue, 04 Aug 2015 16:45:46 GMT
- request:
    method: post
    uri: http://localhost:8983/solr/triannon/update?wt=ruby
    body:
      encoding: UTF-8
      string: <?xml version="1.0" encoding="UTF-8"?><delete><id>anno_controller_create_specs/45/e7/e6/43/45e7e643-7000-4be4-995f-75f0026a2406</id></delete>
    headers:
      Content-Type:
      - text/xml
  response:
    status:
      code: 200
      message: OK
    headers:
      Content-Type:
      - text/plain;charset=UTF-8
      Transfer-Encoding:
      - chunked
    body:
      encoding: UTF-8
      string: |
        {'responseHeader'=>{'status'=>0,'QTime'=>1}}
    http_version: 
  recorded_at: Tue, 04 Aug 2015 16:45:46 GMT
- request:
    method: post
    uri: http://localhost:8983/solr/triannon/update?wt=ruby
    body:
      encoding: UTF-8
      string: <?xml version="1.0" encoding="UTF-8"?><delete><id>anno_controller_create_specs/85/da/7f/4c/85da7f4c-6b17-4279-b42a-29d2dbdfb801</id></delete>
    headers:
      Content-Type:
      - text/xml
  response:
    status:
      code: 200
      message: OK
    headers:
      Content-Type:
      - text/plain;charset=UTF-8
      Transfer-Encoding:
      - chunked
    body:
      encoding: UTF-8
      string: |
        {'responseHeader'=>{'status'=>0,'QTime'=>0}}
    http_version: 
  recorded_at: Tue, 04 Aug 2015 16:45:46 GMT
- request:
    method: post
    uri: http://localhost:8983/solr/triannon/update?wt=ruby
    body:
      encoding: UTF-8
      string: <?xml version="1.0" encoding="UTF-8"?><delete><id>anno_controller_create_specs/51/c2/85/ab/51c285ab-4be9-4de6-8d49-cff631d52a9e</id></delete>
    headers:
      Content-Type:
      - text/xml
  response:
    status:
      code: 200
      message: OK
    headers:
      Content-Type:
      - text/plain;charset=UTF-8
      Transfer-Encoding:
      - chunked
    body:
      encoding: UTF-8
      string: |
        {'responseHeader'=>{'status'=>0,'QTime'=>0}}
    http_version: 
  recorded_at: Tue, 04 Aug 2015 16:45:46 GMT
- request:
    method: post
    uri: http://localhost:8983/solr/triannon/update?wt=ruby
    body:
      encoding: UTF-8
      string: <?xml version="1.0" encoding="UTF-8"?><delete><id>anno_controller_create_specs/39/64/fb/ef/3964fbef-592f-4f13-a2c6-f93f1a9fbc31</id></delete>
    headers:
      Content-Type:
      - text/xml
  response:
    status:
      code: 200
      message: OK
    headers:
      Content-Type:
      - text/plain;charset=UTF-8
      Transfer-Encoding:
      - chunked
    body:
      encoding: UTF-8
      string: |
        {'responseHeader'=>{'status'=>0,'QTime'=>1}}
    http_version: 
  recorded_at: Tue, 04 Aug 2015 16:45:46 GMT
- request:
    method: post
    uri: http://localhost:8983/solr/triannon/update?wt=ruby
    body:
      encoding: UTF-8
      string: <?xml version="1.0" encoding="UTF-8"?><delete><id>anno_controller_create_specs/34/ae/83/f1/34ae83f1-aca0-408d-86d7-88dacb276ac9</id></delete>
    headers:
      Content-Type:
      - text/xml
  response:
    status:
      code: 200
      message: OK
    headers:
      Content-Type:
      - text/plain;charset=UTF-8
      Transfer-Encoding:
      - chunked
    body:
      encoding: UTF-8
      string: |
        {'responseHeader'=>{'status'=>0,'QTime'=>0}}
    http_version: 
  recorded_at: Tue, 04 Aug 2015 16:45:46 GMT
- request:
    method: post
    uri: http://localhost:8983/solr/triannon/update?wt=ruby
    body:
      encoding: UTF-8
      string: <?xml version="1.0" encoding="UTF-8"?><delete><id>anno_controller_create_specs/d5/a3/c2/47/d5a3c247-b5ec-41aa-8069-b455eed33aaf</id></delete>
    headers:
      Content-Type:
      - text/xml
  response:
    status:
      code: 200
      message: OK
    headers:
      Content-Type:
      - text/plain;charset=UTF-8
      Transfer-Encoding:
      - chunked
    body:
      encoding: UTF-8
      string: |
        {'responseHeader'=>{'status'=>0,'QTime'=>0}}
    http_version: 
  recorded_at: Tue, 04 Aug 2015 16:45:46 GMT
- request:
    method: post
    uri: http://localhost:8983/solr/triannon/update?wt=ruby
    body:
      encoding: UTF-8
      string: <?xml version="1.0" encoding="UTF-8"?><delete><id>anno_controller_create_specs/28/08/e2/db/2808e2db-560d-4c46-bb8f-5e8ef7079646</id></delete>
    headers:
      Content-Type:
      - text/xml
  response:
    status:
      code: 200
      message: OK
    headers:
      Content-Type:
      - text/plain;charset=UTF-8
      Transfer-Encoding:
      - chunked
    body:
      encoding: UTF-8
      string: |
        {'responseHeader'=>{'status'=>0,'QTime'=>1}}
    http_version: 
  recorded_at: Tue, 04 Aug 2015 16:45:46 GMT
- request:
    method: post
    uri: http://localhost:8983/solr/triannon/update?wt=ruby
    body:
      encoding: UTF-8
      string: <?xml version="1.0" encoding="UTF-8"?><delete><id>anno_controller_create_specs/b5/c7/2f/c0/b5c72fc0-c83e-4ab2-91c6-2e7cd608d8bd</id></delete>
    headers:
      Content-Type:
      - text/xml
  response:
    status:
      code: 200
      message: OK
    headers:
      Content-Type:
      - text/plain;charset=UTF-8
      Transfer-Encoding:
      - chunked
    body:
      encoding: UTF-8
      string: |
        {'responseHeader'=>{'status'=>0,'QTime'=>1}}
    http_version: 
  recorded_at: Tue, 04 Aug 2015 16:45:46 GMT
- request:
    method: post
    uri: http://localhost:8983/solr/triannon/update?wt=ruby
    body:
      encoding: UTF-8
      string: <?xml version="1.0" encoding="UTF-8"?><delete><id>anno_controller_create_specs/00/41/9e/d4/00419ed4-5735-45d6-94be-56bdff05d558</id></delete>
    headers:
      Content-Type:
      - text/xml
  response:
    status:
      code: 200
      message: OK
    headers:
      Content-Type:
      - text/plain;charset=UTF-8
      Transfer-Encoding:
      - chunked
    body:
      encoding: UTF-8
      string: |
        {'responseHeader'=>{'status'=>0,'QTime'=>1}}
    http_version: 
  recorded_at: Tue, 04 Aug 2015 16:45:46 GMT
- request:
    method: post
    uri: http://localhost:8983/solr/triannon/update?wt=ruby
    body:
      encoding: UTF-8
      string: <?xml version="1.0" encoding="UTF-8"?><delete><id>anno_controller_create_specs/a3/60/bc/3a/a360bc3a-fee5-41d9-af38-b744def54a99</id></delete>
    headers:
      Content-Type:
      - text/xml
  response:
    status:
      code: 200
      message: OK
    headers:
      Content-Type:
      - text/plain;charset=UTF-8
      Transfer-Encoding:
      - chunked
    body:
      encoding: UTF-8
      string: |
        {'responseHeader'=>{'status'=>0,'QTime'=>0}}
    http_version: 
  recorded_at: Tue, 04 Aug 2015 16:45:46 GMT
- request:
    method: post
    uri: http://localhost:8983/solr/triannon/update?wt=ruby
    body:
      encoding: UTF-8
      string: <?xml version="1.0" encoding="UTF-8"?><delete><id>anno_controller_create_specs/74/e0/e8/63/74e0e863-a66d-4a5a-aed1-12f46ebbbd07</id></delete>
    headers:
      Content-Type:
      - text/xml
  response:
    status:
      code: 200
      message: OK
    headers:
      Content-Type:
      - text/plain;charset=UTF-8
      Transfer-Encoding:
      - chunked
    body:
      encoding: UTF-8
      string: |
        {'responseHeader'=>{'status'=>0,'QTime'=>0}}
    http_version: 
  recorded_at: Tue, 04 Aug 2015 16:45:46 GMT
- request:
    method: post
    uri: http://localhost:8983/solr/triannon/update?wt=ruby
    body:
      encoding: UTF-8
      string: <?xml version="1.0" encoding="UTF-8"?><delete><id>anno_controller_create_specs/a9/a8/93/64/a9a89364-0014-4edb-90e9-e6e33b523140</id></delete>
    headers:
      Content-Type:
      - text/xml
  response:
    status:
      code: 200
      message: OK
    headers:
      Content-Type:
      - text/plain;charset=UTF-8
      Transfer-Encoding:
      - chunked
    body:
      encoding: UTF-8
      string: |
        {'responseHeader'=>{'status'=>0,'QTime'=>1}}
    http_version: 
  recorded_at: Tue, 04 Aug 2015 16:45:46 GMT
- request:
    method: post
    uri: http://localhost:8983/solr/triannon/update?wt=ruby
    body:
      encoding: UTF-8
      string: <?xml version="1.0" encoding="UTF-8"?><delete><id>anno_controller_create_specs/91/0e/ba/a0/910ebaa0-c75a-4700-b47c-200b2c91ca12</id></delete>
    headers:
      Content-Type:
      - text/xml
  response:
    status:
      code: 200
      message: OK
    headers:
      Content-Type:
      - text/plain;charset=UTF-8
      Transfer-Encoding:
      - chunked
    body:
      encoding: UTF-8
      string: |
        {'responseHeader'=>{'status'=>0,'QTime'=>0}}
    http_version: 
  recorded_at: Tue, 04 Aug 2015 16:45:46 GMT
- request:
    method: post
    uri: http://localhost:8983/solr/triannon/update?wt=ruby
    body:
      encoding: UTF-8
      string: <?xml version="1.0" encoding="UTF-8"?><delete><id>anno_controller_create_specs/5a/19/a6/0f/5a19a60f-61d6-4b49-a09d-627c7729906e</id></delete>
    headers:
      Content-Type:
      - text/xml
  response:
    status:
      code: 200
      message: OK
    headers:
      Content-Type:
      - text/plain;charset=UTF-8
      Transfer-Encoding:
      - chunked
    body:
      encoding: UTF-8
      string: |
        {'responseHeader'=>{'status'=>0,'QTime'=>1}}
    http_version: 
  recorded_at: Tue, 04 Aug 2015 16:45:46 GMT
- request:
    method: post
    uri: http://localhost:8983/solr/triannon/update?wt=ruby
    body:
      encoding: UTF-8
      string: <?xml version="1.0" encoding="UTF-8"?><delete><id>anno_controller_create_specs/f3/19/a5/ed/f319a5ed-7379-42a7-b913-0b99b05cc62d</id></delete>
    headers:
      Content-Type:
      - text/xml
  response:
    status:
      code: 200
      message: OK
    headers:
      Content-Type:
      - text/plain;charset=UTF-8
      Transfer-Encoding:
      - chunked
    body:
      encoding: UTF-8
      string: |
        {'responseHeader'=>{'status'=>0,'QTime'=>1}}
    http_version: 
  recorded_at: Tue, 04 Aug 2015 16:45:46 GMT
- request:
    method: post
    uri: http://localhost:8983/solr/triannon/update?wt=ruby
    body:
      encoding: UTF-8
      string: <?xml version="1.0" encoding="UTF-8"?><delete><id>anno_controller_create_specs/eb/b0/51/35/ebb05135-242d-4dcd-96fe-099ea13e7adc</id></delete>
    headers:
      Content-Type:
      - text/xml
  response:
    status:
      code: 200
      message: OK
    headers:
      Content-Type:
      - text/plain;charset=UTF-8
      Transfer-Encoding:
      - chunked
    body:
      encoding: UTF-8
      string: |
        {'responseHeader'=>{'status'=>0,'QTime'=>1}}
    http_version: 
  recorded_at: Tue, 04 Aug 2015 16:45:46 GMT
- request:
    method: post
    uri: http://localhost:8983/solr/triannon/update?wt=ruby
    body:
      encoding: UTF-8
      string: <?xml version="1.0" encoding="UTF-8"?><delete><id>anno_controller_create_specs/63/48/91/f0/634891f0-5532-4333-a628-aa75c7ba0829</id></delete>
    headers:
      Content-Type:
      - text/xml
  response:
    status:
      code: 200
      message: OK
    headers:
      Content-Type:
      - text/plain;charset=UTF-8
      Transfer-Encoding:
      - chunked
    body:
      encoding: UTF-8
      string: |
        {'responseHeader'=>{'status'=>0,'QTime'=>0}}
    http_version: 
  recorded_at: Tue, 04 Aug 2015 16:45:46 GMT
- request:
    method: post
    uri: http://localhost:8983/solr/triannon/update?wt=ruby
    body:
      encoding: UTF-8
      string: <?xml version="1.0" encoding="UTF-8"?><delete><id>anno_controller_create_specs/09/c1/11/a3/09c111a3-2d20-409a-96ce-c777d84653d2</id></delete>
    headers:
      Content-Type:
      - text/xml
  response:
    status:
      code: 200
      message: OK
    headers:
      Content-Type:
      - text/plain;charset=UTF-8
      Transfer-Encoding:
      - chunked
    body:
      encoding: UTF-8
      string: |
        {'responseHeader'=>{'status'=>0,'QTime'=>0}}
    http_version: 
  recorded_at: Tue, 04 Aug 2015 16:45:46 GMT
- request:
    method: post
    uri: http://localhost:8983/solr/triannon/update?wt=ruby
    body:
      encoding: UTF-8
      string: <?xml version="1.0" encoding="UTF-8"?><delete><id>anno_controller_create_specs/ce/21/4f/ec/ce214fec-8fc1-432b-8a90-743ae0719188</id></delete>
    headers:
      Content-Type:
      - text/xml
  response:
    status:
      code: 200
      message: OK
    headers:
      Content-Type:
      - text/plain;charset=UTF-8
      Transfer-Encoding:
      - chunked
    body:
      encoding: UTF-8
      string: |
        {'responseHeader'=>{'status'=>0,'QTime'=>1}}
    http_version: 
  recorded_at: Tue, 04 Aug 2015 16:45:46 GMT
- request:
    method: post
    uri: http://localhost:8983/solr/triannon/update?wt=ruby
    body:
      encoding: UTF-8
      string: <?xml version="1.0" encoding="UTF-8"?><delete><id>anno_controller_create_specs/79/8a/67/ad/798a67ad-14e3-48a7-a77b-3850d7bbbad5</id></delete>
    headers:
      Content-Type:
      - text/xml
  response:
    status:
      code: 200
      message: OK
    headers:
      Content-Type:
      - text/plain;charset=UTF-8
      Transfer-Encoding:
      - chunked
    body:
      encoding: UTF-8
      string: |
        {'responseHeader'=>{'status'=>0,'QTime'=>0}}
    http_version: 
  recorded_at: Tue, 04 Aug 2015 16:45:46 GMT
- request:
    method: post
    uri: http://localhost:8983/solr/triannon/update?wt=ruby
    body:
      encoding: UTF-8
      string: <?xml version="1.0" encoding="UTF-8"?><delete><id>anno_controller_create_specs/f0/3b/86/5c/f03b865c-1623-4069-b96f-d9932302e4ea</id></delete>
    headers:
      Content-Type:
      - text/xml
  response:
    status:
      code: 200
      message: OK
    headers:
      Content-Type:
      - text/plain;charset=UTF-8
      Transfer-Encoding:
      - chunked
    body:
      encoding: UTF-8
      string: |
        {'responseHeader'=>{'status'=>0,'QTime'=>0}}
    http_version: 
  recorded_at: Tue, 04 Aug 2015 16:45:46 GMT
- request:
    method: post
    uri: http://localhost:8983/solr/triannon/update?wt=ruby
    body:
      encoding: UTF-8
      string: <?xml version="1.0" encoding="UTF-8"?><delete><id>anno_controller_create_specs/ea/ad/c6/11/eaadc611-28b8-4f8e-9e6a-05998265597b</id></delete>
    headers:
      Content-Type:
      - text/xml
  response:
    status:
      code: 200
      message: OK
    headers:
      Content-Type:
      - text/plain;charset=UTF-8
      Transfer-Encoding:
      - chunked
    body:
      encoding: UTF-8
      string: |
        {'responseHeader'=>{'status'=>0,'QTime'=>0}}
    http_version: 
  recorded_at: Tue, 04 Aug 2015 16:45:46 GMT
- request:
    method: post
    uri: http://localhost:8983/solr/triannon/update?wt=ruby
    body:
      encoding: UTF-8
      string: <?xml version="1.0" encoding="UTF-8"?><delete><id>anno_controller_create_specs/0f/ca/d4/f2/0fcad4f2-f8d9-4964-9f88-60ee67f65df7</id></delete>
    headers:
      Content-Type:
      - text/xml
  response:
    status:
      code: 200
      message: OK
    headers:
      Content-Type:
      - text/plain;charset=UTF-8
      Transfer-Encoding:
      - chunked
    body:
      encoding: UTF-8
      string: |
        {'responseHeader'=>{'status'=>0,'QTime'=>0}}
    http_version: 
  recorded_at: Tue, 04 Aug 2015 16:45:46 GMT
- request:
    method: post
    uri: http://localhost:8983/solr/triannon/update?wt=ruby
    body:
      encoding: UTF-8
      string: <?xml version="1.0" encoding="UTF-8"?><delete><id>anno_controller_create_specs/d1/1c/1a/cf/d11c1acf-14ee-48f3-a0b4-7602366787b1</id></delete>
    headers:
      Content-Type:
      - text/xml
  response:
    status:
      code: 200
      message: OK
    headers:
      Content-Type:
      - text/plain;charset=UTF-8
      Transfer-Encoding:
      - chunked
    body:
      encoding: UTF-8
      string: |
        {'responseHeader'=>{'status'=>0,'QTime'=>0}}
    http_version: 
  recorded_at: Tue, 04 Aug 2015 16:45:46 GMT
- request:
    method: post
    uri: http://localhost:8983/solr/triannon/update?wt=ruby
    body:
      encoding: UTF-8
      string: <?xml version="1.0" encoding="UTF-8"?><delete><id>anno_controller_create_specs/1a/cb/c5/cc/1acbc5cc-0daf-418e-b2a1-e865ae1b9a3c</id></delete>
    headers:
      Content-Type:
      - text/xml
  response:
    status:
      code: 200
      message: OK
    headers:
      Content-Type:
      - text/plain;charset=UTF-8
      Transfer-Encoding:
      - chunked
    body:
      encoding: UTF-8
      string: |
        {'responseHeader'=>{'status'=>0,'QTime'=>0}}
    http_version: 
  recorded_at: Tue, 04 Aug 2015 16:45:46 GMT
- request:
    method: post
    uri: http://localhost:8983/solr/triannon/update?wt=ruby
    body:
      encoding: UTF-8
      string: <?xml version="1.0" encoding="UTF-8"?><delete><id>anno_controller_create_specs/bf/5f/be/a7/bf5fbea7-bf96-4940-ad02-51852158c6b1</id></delete>
    headers:
      Content-Type:
      - text/xml
  response:
    status:
      code: 200
      message: OK
    headers:
      Content-Type:
      - text/plain;charset=UTF-8
      Transfer-Encoding:
      - chunked
    body:
      encoding: UTF-8
      string: |
        {'responseHeader'=>{'status'=>0,'QTime'=>0}}
    http_version: 
  recorded_at: Tue, 04 Aug 2015 16:45:46 GMT
- request:
    method: post
    uri: http://localhost:8983/solr/triannon/update?wt=ruby
    body:
      encoding: UTF-8
      string: <?xml version="1.0" encoding="UTF-8"?><delete><id>anno_controller_create_specs/6f/ce/b0/09/6fceb009-90ec-4f6b-931f-c3d8607a5c82</id></delete>
    headers:
      Content-Type:
      - text/xml
  response:
    status:
      code: 200
      message: OK
    headers:
      Content-Type:
      - text/plain;charset=UTF-8
      Transfer-Encoding:
      - chunked
    body:
      encoding: UTF-8
      string: |
        {'responseHeader'=>{'status'=>0,'QTime'=>0}}
    http_version: 
  recorded_at: Tue, 04 Aug 2015 16:45:46 GMT
- request:
    method: post
    uri: http://localhost:8983/solr/triannon/update?wt=ruby
    body:
      encoding: UTF-8
      string: <?xml version="1.0" encoding="UTF-8"?><delete><id>anno_controller_create_specs/c6/73/90/11/c6739011-4502-4a49-bbc3-2b01f81b1cd5</id></delete>
    headers:
      Content-Type:
      - text/xml
  response:
    status:
      code: 200
      message: OK
    headers:
      Content-Type:
      - text/plain;charset=UTF-8
      Transfer-Encoding:
      - chunked
    body:
      encoding: UTF-8
      string: |
        {'responseHeader'=>{'status'=>0,'QTime'=>0}}
    http_version: 
  recorded_at: Tue, 04 Aug 2015 16:45:47 GMT
- request:
    method: post
    uri: http://localhost:8983/solr/triannon/update?wt=ruby
    body:
      encoding: UTF-8
      string: <?xml version="1.0" encoding="UTF-8"?><delete><id>anno_controller_create_specs/ff/82/4d/1e/ff824d1e-7cfc-40a5-bf8c-26897fa5a11e</id></delete>
    headers:
      Content-Type:
      - text/xml
  response:
    status:
      code: 200
      message: OK
    headers:
      Content-Type:
      - text/plain;charset=UTF-8
      Transfer-Encoding:
      - chunked
    body:
      encoding: UTF-8
      string: |
        {'responseHeader'=>{'status'=>0,'QTime'=>0}}
    http_version: 
  recorded_at: Tue, 04 Aug 2015 16:45:47 GMT
- request:
    method: post
    uri: http://localhost:8983/solr/triannon/update?wt=ruby
    body:
      encoding: UTF-8
      string: <?xml version="1.0" encoding="UTF-8"?><delete><id>anno_controller_create_specs/7b/f7/62/76/7bf76276-fb7c-4a5a-bb13-90cec18f9a50</id></delete>
    headers:
      Content-Type:
      - text/xml
  response:
    status:
      code: 200
      message: OK
    headers:
      Content-Type:
      - text/plain;charset=UTF-8
      Transfer-Encoding:
      - chunked
    body:
      encoding: UTF-8
      string: |
        {'responseHeader'=>{'status'=>0,'QTime'=>0}}
    http_version: 
  recorded_at: Tue, 04 Aug 2015 16:45:47 GMT
- request:
    method: post
    uri: http://localhost:8983/solr/triannon/update?wt=ruby
    body:
      encoding: UTF-8
      string: <?xml version="1.0" encoding="UTF-8"?><delete><id>anno_controller_create_specs/f0/1f/fa/8b/f01ffa8b-2b34-4369-8406-8d16dd5fb827</id></delete>
    headers:
      Content-Type:
      - text/xml
  response:
    status:
      code: 200
      message: OK
    headers:
      Content-Type:
      - text/plain;charset=UTF-8
      Transfer-Encoding:
      - chunked
    body:
      encoding: UTF-8
      string: |
        {'responseHeader'=>{'status'=>0,'QTime'=>0}}
    http_version: 
  recorded_at: Tue, 04 Aug 2015 16:45:47 GMT
- request:
    method: post
    uri: http://localhost:8983/solr/triannon/update?wt=ruby
    body:
      encoding: UTF-8
      string: <?xml version="1.0" encoding="UTF-8"?><delete><id>anno_controller_create_specs/63/44/af/93/6344af93-831b-4117-a8c1-359cd459c190</id></delete>
    headers:
      Content-Type:
      - text/xml
  response:
    status:
      code: 200
      message: OK
    headers:
      Content-Type:
      - text/plain;charset=UTF-8
      Transfer-Encoding:
      - chunked
    body:
      encoding: UTF-8
      string: |
        {'responseHeader'=>{'status'=>0,'QTime'=>0}}
    http_version: 
  recorded_at: Tue, 04 Aug 2015 16:45:47 GMT
- request:
    method: post
    uri: http://localhost:8983/solr/triannon/update?wt=ruby
    body:
      encoding: UTF-8
      string: <?xml version="1.0" encoding="UTF-8"?><delete><id>anno_controller_create_specs/5c/cd/50/49/5ccd5049-4852-443f-8688-527d1179db44</id></delete>
    headers:
      Content-Type:
      - text/xml
  response:
    status:
      code: 200
      message: OK
    headers:
      Content-Type:
      - text/plain;charset=UTF-8
      Transfer-Encoding:
      - chunked
    body:
      encoding: UTF-8
      string: |
        {'responseHeader'=>{'status'=>0,'QTime'=>2}}
    http_version: 
  recorded_at: Tue, 04 Aug 2015 16:45:47 GMT
- request:
    method: post
    uri: http://localhost:8983/solr/triannon/update?wt=ruby
    body:
      encoding: UTF-8
      string: <?xml version="1.0" encoding="UTF-8"?><delete><id>anno_controller_create_specs/b9/2e/f4/d7/b92ef4d7-4162-4ae5-be13-17c78cef242c</id></delete>
    headers:
      Content-Type:
      - text/xml
  response:
    status:
      code: 200
      message: OK
    headers:
      Content-Type:
      - text/plain;charset=UTF-8
      Transfer-Encoding:
      - chunked
    body:
      encoding: UTF-8
      string: |
        {'responseHeader'=>{'status'=>0,'QTime'=>0}}
    http_version: 
  recorded_at: Tue, 04 Aug 2015 16:45:47 GMT
- request:
    method: post
    uri: http://localhost:8983/solr/triannon/update?wt=ruby
    body:
      encoding: UTF-8
      string: <?xml version="1.0" encoding="UTF-8"?><delete><id>anno_controller_create_specs/e6/06/f1/8d/e606f18d-f918-42fb-b861-3fd307db0e48</id></delete>
    headers:
      Content-Type:
      - text/xml
  response:
    status:
      code: 200
      message: OK
    headers:
      Content-Type:
      - text/plain;charset=UTF-8
      Transfer-Encoding:
      - chunked
    body:
      encoding: UTF-8
      string: |
        {'responseHeader'=>{'status'=>0,'QTime'=>1}}
    http_version: 
  recorded_at: Tue, 04 Aug 2015 16:45:47 GMT
- request:
    method: post
    uri: http://localhost:8983/solr/triannon/update?wt=ruby
    body:
      encoding: UTF-8
      string: <?xml version="1.0" encoding="UTF-8"?><delete><id>anno_controller_create_specs/3e/8a/fc/6f/3e8afc6f-959f-4f59-83e0-4553efca4148</id></delete>
    headers:
      Content-Type:
      - text/xml
  response:
    status:
      code: 200
      message: OK
    headers:
      Content-Type:
      - text/plain;charset=UTF-8
      Transfer-Encoding:
      - chunked
    body:
      encoding: UTF-8
      string: |
        {'responseHeader'=>{'status'=>0,'QTime'=>0}}
    http_version: 
  recorded_at: Tue, 04 Aug 2015 16:45:47 GMT
- request:
    method: post
    uri: http://localhost:8983/solr/triannon/update?wt=ruby
    body:
      encoding: UTF-8
      string: <?xml version="1.0" encoding="UTF-8"?><delete><id>anno_controller_create_specs/4e/6c/14/56/4e6c1456-b848-4689-b667-bca06ad6cf47</id></delete>
    headers:
      Content-Type:
      - text/xml
  response:
    status:
      code: 200
      message: OK
    headers:
      Content-Type:
      - text/plain;charset=UTF-8
      Transfer-Encoding:
      - chunked
    body:
      encoding: UTF-8
      string: |
        {'responseHeader'=>{'status'=>0,'QTime'=>1}}
    http_version: 
  recorded_at: Tue, 04 Aug 2015 16:45:47 GMT
- request:
    method: post
    uri: http://localhost:8983/solr/triannon/update?wt=ruby
    body:
      encoding: UTF-8
      string: <?xml version="1.0" encoding="UTF-8"?><delete><id>anno_controller_create_specs/96/a1/20/aa/96a120aa-6b79-421b-9a4b-660981f61823</id></delete>
    headers:
      Content-Type:
      - text/xml
  response:
    status:
      code: 200
      message: OK
    headers:
      Content-Type:
      - text/plain;charset=UTF-8
      Transfer-Encoding:
      - chunked
    body:
      encoding: UTF-8
      string: |
        {'responseHeader'=>{'status'=>0,'QTime'=>0}}
    http_version: 
  recorded_at: Tue, 04 Aug 2015 16:45:47 GMT
- request:
    method: post
    uri: http://localhost:8983/solr/triannon/update?wt=ruby
    body:
      encoding: UTF-8
      string: <?xml version="1.0" encoding="UTF-8"?><delete><id>anno_controller_create_specs/e9/1f/59/75/e91f5975-51cc-42a8-abd2-f1089815e865</id></delete>
    headers:
      Content-Type:
      - text/xml
  response:
    status:
      code: 200
      message: OK
    headers:
      Content-Type:
      - text/plain;charset=UTF-8
      Transfer-Encoding:
      - chunked
    body:
      encoding: UTF-8
      string: |
        {'responseHeader'=>{'status'=>0,'QTime'=>1}}
    http_version: 
  recorded_at: Tue, 04 Aug 2015 16:45:47 GMT
- request:
    method: post
    uri: http://localhost:8983/solr/triannon/update?wt=ruby
    body:
      encoding: UTF-8
      string: <?xml version="1.0" encoding="UTF-8"?><delete><id>anno_controller_create_specs/8f/ca/32/ba/8fca32ba-bef1-4b41-ab07-1d9ff10af942</id></delete>
    headers:
      Content-Type:
      - text/xml
  response:
    status:
      code: 200
      message: OK
    headers:
      Content-Type:
      - text/plain;charset=UTF-8
      Transfer-Encoding:
      - chunked
    body:
      encoding: UTF-8
      string: |
        {'responseHeader'=>{'status'=>0,'QTime'=>0}}
    http_version: 
  recorded_at: Tue, 04 Aug 2015 16:45:47 GMT
- request:
    method: post
    uri: http://localhost:8983/solr/triannon/update?wt=ruby
    body:
      encoding: UTF-8
      string: <?xml version="1.0" encoding="UTF-8"?><delete><id>anno_controller_create_specs/2b/7c/00/cb/2b7c00cb-f609-445f-beb3-2f003cb5b919</id></delete>
    headers:
      Content-Type:
      - text/xml
  response:
    status:
      code: 200
      message: OK
    headers:
      Content-Type:
      - text/plain;charset=UTF-8
      Transfer-Encoding:
      - chunked
    body:
      encoding: UTF-8
      string: |
        {'responseHeader'=>{'status'=>0,'QTime'=>0}}
    http_version: 
  recorded_at: Tue, 04 Aug 2015 16:45:47 GMT
- request:
    method: post
    uri: http://localhost:8983/solr/triannon/update?wt=ruby
    body:
      encoding: UTF-8
      string: <?xml version="1.0" encoding="UTF-8"?><delete><id>anno_controller_create_specs/4e/3e/fd/c1/4e3efdc1-e615-4465-bcf6-d0bec822b223</id></delete>
    headers:
      Content-Type:
      - text/xml
  response:
    status:
      code: 200
      message: OK
    headers:
      Content-Type:
      - text/plain;charset=UTF-8
      Transfer-Encoding:
      - chunked
    body:
      encoding: UTF-8
      string: |
        {'responseHeader'=>{'status'=>0,'QTime'=>0}}
    http_version: 
  recorded_at: Tue, 04 Aug 2015 16:45:47 GMT
- request:
    method: post
    uri: http://localhost:8983/solr/triannon/update?wt=ruby
    body:
      encoding: UTF-8
      string: <?xml version="1.0" encoding="UTF-8"?><delete><id>anno_controller_create_specs/47/c4/5a/1f/47c45a1f-5dfd-49f2-bf9e-a0786da446f5</id></delete>
    headers:
      Content-Type:
      - text/xml
  response:
    status:
      code: 200
      message: OK
    headers:
      Content-Type:
      - text/plain;charset=UTF-8
      Transfer-Encoding:
      - chunked
    body:
      encoding: UTF-8
      string: |
        {'responseHeader'=>{'status'=>0,'QTime'=>0}}
    http_version: 
  recorded_at: Tue, 04 Aug 2015 16:45:47 GMT
- request:
    method: post
    uri: http://localhost:8983/solr/triannon/update?wt=ruby
    body:
      encoding: UTF-8
      string: <?xml version="1.0" encoding="UTF-8"?><delete><id>anno_controller_create_specs/9a/26/fa/28/9a26fa28-d9f8-4689-8643-3b714c94a485</id></delete>
    headers:
      Content-Type:
      - text/xml
  response:
    status:
      code: 200
      message: OK
    headers:
      Content-Type:
      - text/plain;charset=UTF-8
      Transfer-Encoding:
      - chunked
    body:
      encoding: UTF-8
      string: |
        {'responseHeader'=>{'status'=>0,'QTime'=>1}}
    http_version: 
  recorded_at: Tue, 04 Aug 2015 16:45:47 GMT
- request:
    method: post
    uri: http://localhost:8983/solr/triannon/update?wt=ruby
    body:
      encoding: UTF-8
      string: <?xml version="1.0" encoding="UTF-8"?><delete><id>anno_controller_create_specs/e5/c0/f4/38/e5c0f438-9e3b-4bf3-b871-c3418da826e3</id></delete>
    headers:
      Content-Type:
      - text/xml
  response:
    status:
      code: 200
      message: OK
    headers:
      Content-Type:
      - text/plain;charset=UTF-8
      Transfer-Encoding:
      - chunked
    body:
      encoding: UTF-8
      string: |
        {'responseHeader'=>{'status'=>0,'QTime'=>0}}
    http_version: 
  recorded_at: Tue, 04 Aug 2015 16:45:47 GMT
- request:
    method: post
    uri: http://localhost:8983/solr/triannon/update?wt=ruby
    body:
      encoding: UTF-8
      string: <?xml version="1.0" encoding="UTF-8"?><delete><id>anno_controller_create_specs/f9/e0/fd/7b/f9e0fd7b-dbe8-4873-a283-c5c70e37f5a3</id></delete>
    headers:
      Content-Type:
      - text/xml
  response:
    status:
      code: 200
      message: OK
    headers:
      Content-Type:
      - text/plain;charset=UTF-8
      Transfer-Encoding:
      - chunked
    body:
      encoding: UTF-8
      string: |
        {'responseHeader'=>{'status'=>0,'QTime'=>1}}
    http_version: 
  recorded_at: Tue, 04 Aug 2015 16:45:47 GMT
- request:
    method: post
    uri: http://localhost:8983/solr/triannon/update?wt=ruby
    body:
      encoding: UTF-8
      string: <?xml version="1.0" encoding="UTF-8"?><delete><id>anno_controller_create_specs/b8/26/e9/ed/b826e9ed-c2e3-4a43-a84e-0fecf28a3e8b</id></delete>
    headers:
      Content-Type:
      - text/xml
  response:
    status:
      code: 200
      message: OK
    headers:
      Content-Type:
      - text/plain;charset=UTF-8
      Transfer-Encoding:
      - chunked
    body:
      encoding: UTF-8
      string: |
        {'responseHeader'=>{'status'=>0,'QTime'=>1}}
    http_version: 
  recorded_at: Tue, 04 Aug 2015 16:45:47 GMT
- request:
    method: post
    uri: http://localhost:8983/solr/triannon/update?wt=ruby
    body:
      encoding: UTF-8
      string: <?xml version="1.0" encoding="UTF-8"?><delete><id>anno_controller_create_specs/61/75/0a/8b/61750a8b-5c9f-403e-b89f-ce7c13c6eefe</id></delete>
    headers:
      Content-Type:
      - text/xml
  response:
    status:
      code: 200
      message: OK
    headers:
      Content-Type:
      - text/plain;charset=UTF-8
      Transfer-Encoding:
      - chunked
    body:
      encoding: UTF-8
      string: |
        {'responseHeader'=>{'status'=>0,'QTime'=>1}}
    http_version: 
  recorded_at: Tue, 04 Aug 2015 16:45:47 GMT
- request:
    method: post
    uri: http://localhost:8983/solr/triannon/update?wt=ruby
    body:
      encoding: UTF-8
      string: <?xml version="1.0" encoding="UTF-8"?><delete><id>anno_controller_create_specs/79/65/40/e2/796540e2-1243-4211-84b8-0d12760e0d23</id></delete>
    headers:
      Content-Type:
      - text/xml
  response:
    status:
      code: 200
      message: OK
    headers:
      Content-Type:
      - text/plain;charset=UTF-8
      Transfer-Encoding:
      - chunked
    body:
      encoding: UTF-8
      string: |
        {'responseHeader'=>{'status'=>0,'QTime'=>1}}
    http_version: 
  recorded_at: Tue, 04 Aug 2015 16:45:47 GMT
- request:
    method: post
    uri: http://localhost:8983/solr/triannon/update?wt=ruby
    body:
      encoding: UTF-8
      string: <?xml version="1.0" encoding="UTF-8"?><delete><id>anno_controller_create_specs/05/e3/da/8c/05e3da8c-1b36-4c31-9510-e66e8fde1c17</id></delete>
    headers:
      Content-Type:
      - text/xml
  response:
    status:
      code: 200
      message: OK
    headers:
      Content-Type:
      - text/plain;charset=UTF-8
      Transfer-Encoding:
      - chunked
    body:
      encoding: UTF-8
      string: |
        {'responseHeader'=>{'status'=>0,'QTime'=>0}}
    http_version: 
  recorded_at: Tue, 04 Aug 2015 16:45:47 GMT
- request:
    method: post
    uri: http://localhost:8983/solr/triannon/update?wt=ruby
    body:
      encoding: UTF-8
      string: <?xml version="1.0" encoding="UTF-8"?><delete><id>anno_controller_create_specs/fd/e5/46/38/fde54638-7fe1-4454-b41c-8bbd7ffa1061</id></delete>
    headers:
      Content-Type:
      - text/xml
  response:
    status:
      code: 200
      message: OK
    headers:
      Content-Type:
      - text/plain;charset=UTF-8
      Transfer-Encoding:
      - chunked
    body:
      encoding: UTF-8
      string: |
        {'responseHeader'=>{'status'=>0,'QTime'=>1}}
    http_version: 
  recorded_at: Tue, 04 Aug 2015 16:45:47 GMT
- request:
    method: post
    uri: http://localhost:8983/solr/triannon/update?wt=ruby
    body:
      encoding: UTF-8
      string: <?xml version="1.0" encoding="UTF-8"?><delete><id>anno_controller_create_specs/90/b5/5e/86/90b55e86-b88c-46a0-9c8c-c7c50bc0667e</id></delete>
    headers:
      Content-Type:
      - text/xml
  response:
    status:
      code: 200
      message: OK
    headers:
      Content-Type:
      - text/plain;charset=UTF-8
      Transfer-Encoding:
      - chunked
    body:
      encoding: UTF-8
      string: |
        {'responseHeader'=>{'status'=>0,'QTime'=>0}}
    http_version: 
  recorded_at: Tue, 04 Aug 2015 16:45:47 GMT
- request:
    method: post
    uri: http://localhost:8983/solr/triannon/update?wt=ruby
    body:
      encoding: UTF-8
      string: <?xml version="1.0" encoding="UTF-8"?><delete><id>anno_controller_create_specs/bf/38/9a/8d/bf389a8d-3ab9-47ec-b6db-ba056d8f7a32</id></delete>
    headers:
      Content-Type:
      - text/xml
  response:
    status:
      code: 200
      message: OK
    headers:
      Content-Type:
      - text/plain;charset=UTF-8
      Transfer-Encoding:
      - chunked
    body:
      encoding: UTF-8
      string: |
        {'responseHeader'=>{'status'=>0,'QTime'=>0}}
    http_version: 
  recorded_at: Tue, 04 Aug 2015 16:45:47 GMT
- request:
    method: post
    uri: http://localhost:8983/solr/triannon/update?wt=ruby
    body:
      encoding: UTF-8
      string: <?xml version="1.0" encoding="UTF-8"?><commit/>
    headers:
      Content-Type:
      - text/xml
  response:
    status:
      code: 200
      message: OK
    headers:
      Content-Type:
      - text/plain;charset=UTF-8
      Transfer-Encoding:
      - chunked
    body:
      encoding: UTF-8
      string: |
        {'responseHeader'=>{'status'=>0,'QTime'=>35}}
    http_version: 
  recorded_at: Tue, 04 Aug 2015 16:45:47 GMT
recorded_with: VCR 2.9.3
