---
http_interactions:
- request:
    method: post
    uri: http://localhost:8983/fedora/rest/anno
    body:
      encoding: UTF-8
      string: |
        @prefix openannotation: <http://www.w3.org/ns/oa#> .
        @prefix rdf: <http://www.w3.org/1999/02/22-rdf-syntax-ns#> .

        <> a openannotation:Annotation;
           openannotation:motivatedBy openannotation:commenting .
    headers:
      User-Agent:
      - Faraday v0.9.1
      Content-Type:
      - application/x-turtle
      Accept-Encoding:
      - gzip;q=1.0,deflate;q=0.6,identity;q=0.3
      Accept:
      - "*/*"
  response:
    status:
      code: 201
      message: Created
    headers:
      Etag:
      - '"4ccbc94656eed78511b16d33b046c0c7303f516b"'
      Last-Modified:
      - Fri, 27 Mar 2015 20:59:33 GMT
      Content-Length:
      - '75'
      Location:
      - http://localhost:8983/fedora/rest/anno/36463d99-1fbe-4f90-ba98-985a82356f5e
      Content-Type:
      - text/plain
    body:
      encoding: UTF-8
      string: http://localhost:8983/fedora/rest/anno/36463d99-1fbe-4f90-ba98-985a82356f5e
    http_version: 
  recorded_at: Fri, 27 Mar 2015 20:59:33 GMT
- request:
    method: post
    uri: http://localhost:8983/fedora/rest/anno/36463d99-1fbe-4f90-ba98-985a82356f5e
    body:
      encoding: UTF-8
      string: |
        @prefix ldp: <http://www.w3.org/ns/ldp#> .
        @prefix openannotation: <http://www.w3.org/ns/oa#> .
        @prefix rdf: <http://www.w3.org/1999/02/22-rdf-syntax-ns#> .

        <> a ldp:DirectContainer;
           ldp:hasMemberRelation openannotation:hasBody;
           ldp:membershipResource <http://localhost:8983/fedora/rest/anno/36463d99-1fbe-4f90-ba98-985a82356f5e> .
    headers:
      User-Agent:
      - Faraday v0.9.1
      Content-Type:
      - application/x-turtle
      Slug:
      - b
      Accept-Encoding:
      - gzip;q=1.0,deflate;q=0.6,identity;q=0.3
      Accept:
      - "*/*"
  response:
    status:
      code: 201
      message: Created
    headers:
      Etag:
      - '"ad8163a68a8f6cc4940758405f34f94a95a9d818"'
      Last-Modified:
      - Fri, 27 Mar 2015 20:59:33 GMT
      Content-Length:
      - '77'
      Location:
      - http://localhost:8983/fedora/rest/anno/36463d99-1fbe-4f90-ba98-985a82356f5e/b
      Content-Type:
      - text/plain
    body:
      encoding: UTF-8
      string: http://localhost:8983/fedora/rest/anno/36463d99-1fbe-4f90-ba98-985a82356f5e/b
    http_version: 
  recorded_at: Fri, 27 Mar 2015 20:59:33 GMT
- request:
    method: post
    uri: http://localhost:8983/fedora/rest/anno/36463d99-1fbe-4f90-ba98-985a82356f5e/b
    body:
      encoding: UTF-8
      string: |
        @prefix content: <http://www.w3.org/2011/content#> .
        @prefix dcmitype: <http://purl.org/dc/dcmitype/> .
        @prefix rdf: <http://www.w3.org/1999/02/22-rdf-syntax-ns#> .
        @prefix xsd: <http://www.w3.org/2001/XMLSchema#> .

        <> a content:ContentAsText,
             dcmitype:Text;
           content:chars "I love this!" .
    headers:
      User-Agent:
      - Faraday v0.9.1
      Content-Type:
      - application/x-turtle
      Accept-Encoding:
      - gzip;q=1.0,deflate;q=0.6,identity;q=0.3
      Accept:
      - "*/*"
  response:
    status:
      code: 201
      message: Created
    headers:
      Etag:
      - '"4242a6a472117771aad75627778bee3317295846"'
      Last-Modified:
      - Fri, 27 Mar 2015 20:59:33 GMT
      Content-Length:
      - '114'
      Location:
      - http://localhost:8983/fedora/rest/anno/36463d99-1fbe-4f90-ba98-985a82356f5e/b/b8c1507f-0712-4a68-99b3-fb61722d7f1d
      Content-Type:
      - text/plain
    body:
      encoding: UTF-8
      string: http://localhost:8983/fedora/rest/anno/36463d99-1fbe-4f90-ba98-985a82356f5e/b/b8c1507f-0712-4a68-99b3-fb61722d7f1d
    http_version: 
  recorded_at: Fri, 27 Mar 2015 20:59:33 GMT
- request:
    method: post
    uri: http://localhost:8983/fedora/rest/anno/36463d99-1fbe-4f90-ba98-985a82356f5e
    body:
      encoding: UTF-8
      string: |
        @prefix ldp: <http://www.w3.org/ns/ldp#> .
        @prefix openannotation: <http://www.w3.org/ns/oa#> .
        @prefix rdf: <http://www.w3.org/1999/02/22-rdf-syntax-ns#> .

        <> a ldp:DirectContainer;
           ldp:hasMemberRelation openannotation:hasTarget;
           ldp:membershipResource <http://localhost:8983/fedora/rest/anno/36463d99-1fbe-4f90-ba98-985a82356f5e> .
    headers:
      User-Agent:
      - Faraday v0.9.1
      Content-Type:
      - application/x-turtle
      Slug:
      - t
      Accept-Encoding:
      - gzip;q=1.0,deflate;q=0.6,identity;q=0.3
      Accept:
      - "*/*"
  response:
    status:
      code: 201
      message: Created
    headers:
      Etag:
      - '"e3643693b7e64fcf0f27617f5f55bb3131276159"'
      Last-Modified:
      - Fri, 27 Mar 2015 20:59:33 GMT
      Content-Length:
      - '77'
      Location:
      - http://localhost:8983/fedora/rest/anno/36463d99-1fbe-4f90-ba98-985a82356f5e/t
      Content-Type:
      - text/plain
    body:
      encoding: UTF-8
      string: http://localhost:8983/fedora/rest/anno/36463d99-1fbe-4f90-ba98-985a82356f5e/t
    http_version: 
  recorded_at: Fri, 27 Mar 2015 20:59:33 GMT
- request:
    method: post
    uri: http://localhost:8983/fedora/rest/anno/36463d99-1fbe-4f90-ba98-985a82356f5e/t
    body:
      encoding: UTF-8
      string: |
        @prefix triannon: <http://triannon.stanford.edu/ns/> .

        <> triannon:externalReference <http://purl.stanford.edu/kq131cs7229> .
    headers:
      User-Agent:
      - Faraday v0.9.1
      Content-Type:
      - application/x-turtle
      Accept-Encoding:
      - gzip;q=1.0,deflate;q=0.6,identity;q=0.3
      Accept:
      - "*/*"
  response:
    status:
      code: 201
      message: Created
    headers:
      Etag:
      - '"73f0718f9994afc4e141f5d5b9ef270bbcc94bec"'
      Last-Modified:
      - Fri, 27 Mar 2015 20:59:33 GMT
      Content-Length:
      - '114'
      Location:
      - http://localhost:8983/fedora/rest/anno/36463d99-1fbe-4f90-ba98-985a82356f5e/t/657141a3-28e0-4f15-a7d8-ddce6929d316
      Content-Type:
      - text/plain
    body:
      encoding: UTF-8
      string: http://localhost:8983/fedora/rest/anno/36463d99-1fbe-4f90-ba98-985a82356f5e/t/657141a3-28e0-4f15-a7d8-ddce6929d316
    http_version: 
  recorded_at: Fri, 27 Mar 2015 20:59:33 GMT
- request:
    method: get
    uri: http://localhost:8983/fedora/rest/anno/36463d99-1fbe-4f90-ba98-985a82356f5e
    body:
      encoding: US-ASCII
      string: ''
    headers:
      User-Agent:
      - Faraday v0.9.1
      Accept:
      - application/x-turtle
      Accept-Encoding:
      - gzip;q=1.0,deflate;q=0.6,identity;q=0.3
  response:
    status:
      code: 200
      message: OK
    headers:
      Etag:
      - '"b987987b720da7f84268c0f81c71b8b3efbc020f"'
      Last-Modified:
      - Fri, 27 Mar 2015 20:59:33 GMT
      Link:
      - <http://www.w3.org/ns/ldp#DirectContainer>;rel="type"
      - <http://www.w3.org/ns/ldp#Resource>;rel="type"
      Accept-Patch:
      - application/sparql-update
      Accept-Post:
      - text/turtle,text/rdf+n3,application/n3,text/n3,application/rdf+xml,application/n-triples,multipart/form-data,application/sparql-update
      Allow:
      - MOVE,COPY,DELETE,POST,HEAD,GET,PUT,PATCH,OPTIONS
      Vary:
      - Accept, Range, Accept-Encoding, Accept-Language
      Content-Length:
      - '4463'
      Content-Type:
      - application/x-turtle
    body:
      encoding: UTF-8
      string: "@prefix premis: <http://www.loc.gov/premis/rdf/v1#> .\n@prefix fedorarelsext:
        <http://fedora.info/definitions/v4/rels-ext#> .\n@prefix nt: <http://www.jcp.org/jcr/nt/1.0>
        .\n@prefix rdfs: <http://www.w3.org/2000/01/rdf-schema#> .\n@prefix content:
        <http://www.w3.org/2011/content#> .\n@prefix xsi: <http://www.w3.org/2001/XMLSchema-instance>
        .\n@prefix mode: <http://www.modeshape.org/1.0> .\n@prefix openannotation:
        <http://www.w3.org/ns/oa#> .\n@prefix xml: <http://www.w3.org/XML/1998/namespace>
        .\n@prefix fcrepo: <http://fedora.info/definitions/v4/repository#> .\n@prefix
        fedoraconfig: <http://fedora.info/definitions/v4/config#> .\n@prefix mix:
        <http://www.jcp.org/jcr/mix/1.0> .\n@prefix foaf: <http://xmlns.com/foaf/0.1/>
        .\n@prefix image: <http://www.modeshape.org/images/1.0> .\n@prefix sv: <http://www.jcp.org/jcr/sv/1.0>
        .\n@prefix test: <info:fedora/test/> .\n@prefix dcmitype: <http://purl.org/dc/dcmitype/>
        .\n@prefix triannon: <http://triannon.stanford.edu/ns/> .\n@prefix rdf: <http://www.w3.org/1999/02/22-rdf-syntax-ns#>
        .\n@prefix fedora: <http://fedora.info/definitions/v4/rest-api#> .\n@prefix
        ldp: <http://www.w3.org/ns/ldp#> .\n@prefix xs: <http://www.w3.org/2001/XMLSchema>
        .\n@prefix dc: <http://purl.org/dc/elements/1.1/> .\n\n\n<http://localhost:8983/fedora/rest/anno/36463d99-1fbe-4f90-ba98-985a82356f5e>
        ldp:membershipResource <http://localhost:8983/fedora/rest/anno/36463d99-1fbe-4f90-ba98-985a82356f5e>
        ;\n\tldp:hasMemberRelation ldp:member ;\n\ta ldp:Container , ldp:DirectContainer
        , ldp:RDFSource ;\n\tldp:member <http://localhost:8983/fedora/rest/anno/36463d99-1fbe-4f90-ba98-985a82356f5e/b>
        , <http://localhost:8983/fedora/rest/anno/36463d99-1fbe-4f90-ba98-985a82356f5e/t>
        ;\n\topenannotation:hasBody <http://localhost:8983/fedora/rest/anno/36463d99-1fbe-4f90-ba98-985a82356f5e/b/b8c1507f-0712-4a68-99b3-fb61722d7f1d>
        ;\n\topenannotation:hasTarget <http://localhost:8983/fedora/rest/anno/36463d99-1fbe-4f90-ba98-985a82356f5e/t/657141a3-28e0-4f15-a7d8-ddce6929d316>
        ;\n\tldp:contains <http://localhost:8983/fedora/rest/anno/36463d99-1fbe-4f90-ba98-985a82356f5e/b>
        , <http://localhost:8983/fedora/rest/anno/36463d99-1fbe-4f90-ba98-985a82356f5e/t>
        ;\n\tfcrepo:hasParent <http://localhost:8983/fedora/rest/anno> .\n\n<http://localhost:8983/fedora/rest/anno/36463d99-1fbe-4f90-ba98-985a82356f5e/b>
        ldp:membershipResource <http://localhost:8983/fedora/rest/anno/36463d99-1fbe-4f90-ba98-985a82356f5e>
        .\n\n<http://localhost:8983/fedora/rest/anno/36463d99-1fbe-4f90-ba98-985a82356f5e/t>
        ldp:membershipResource <http://localhost:8983/fedora/rest/anno/36463d99-1fbe-4f90-ba98-985a82356f5e>
        .\n\n<http://localhost:8983/fedora/rest/anno/36463d99-1fbe-4f90-ba98-985a82356f5e>
        fedora:writable \"true\"^^<http://www.w3.org/2001/XMLSchema#boolean> ;\n\tfedora:exportsAs
        <http://localhost:8983/fedora/rest/anno/36463d99-1fbe-4f90-ba98-985a82356f5e/fcr:export?format=jcr/xml>
        .\n\n<http://localhost:8983/fedora/rest/anno/36463d99-1fbe-4f90-ba98-985a82356f5e/fcr:export?format=jcr/xml>
        dc:format <http://fedora.info/definitions/v4/repository#jcr/xml> .\n\n<http://fedora.info/definitions/v4/repository#jcr/xml>
        rdfs:label \"jcr/xml\"^^<http://www.w3.org/2001/XMLSchema#string> .\n\n<http://localhost:8983/fedora/rest/anno/36463d99-1fbe-4f90-ba98-985a82356f5e>
        a <http://www.jcp.org/jcr/nt/1.0folder> , <http://www.jcp.org/jcr/nt/1.0hierarchyNode>
        , <http://www.jcp.org/jcr/nt/1.0base> , <http://www.jcp.org/jcr/mix/1.0created>
        , openannotation:Annotation , fedora:resource , fedora:object , fedora:relations
        , <http://www.jcp.org/jcr/mix/1.0created> , <http://www.jcp.org/jcr/mix/1.0lastModified>
        , <http://www.jcp.org/jcr/mix/1.0referenceable> , fedora:DublinCoreDescribable
        , fedora:resource , ldp:Container ;\n\tfcrepo:lastModifiedBy \"bypassAdmin\"^^<http://www.w3.org/2001/XMLSchema#string>
        ;\n\tfcrepo:uuid \"b9e4c743-ada2-4a56-956e-daec4a1328a1\"^^<http://www.w3.org/2001/XMLSchema#string>
        ;\n\tfcrepo:createdBy \"bypassAdmin\"^^<http://www.w3.org/2001/XMLSchema#string>
        ;\n\tfcrepo:primaryType \"nt:folder\"^^<http://www.w3.org/2001/XMLSchema#string>
        ;\n\tfcrepo:created \"2015-03-27T20:59:33.399Z\"^^<http://www.w3.org/2001/XMLSchema#dateTime>
        ;\n\tfcrepo:mixinTypes \"openannotation:Annotation\"^^<http://www.w3.org/2001/XMLSchema#string>
        , \"fedora:resource\"^^<http://www.w3.org/2001/XMLSchema#string> , \"fedora:object\"^^<http://www.w3.org/2001/XMLSchema#string>
        ;\n\tfcrepo:lastModified \"2015-03-27T20:59:33.466Z\"^^<http://www.w3.org/2001/XMLSchema#dateTime>
        ;\n\topenannotation:motivatedBy openannotation:commenting .\n"
    http_version: 
  recorded_at: Fri, 27 Mar 2015 20:59:33 GMT
- request:
    method: get
    uri: http://localhost:8983/fedora/rest/anno/36463d99-1fbe-4f90-ba98-985a82356f5e/b/b8c1507f-0712-4a68-99b3-fb61722d7f1d
    body:
      encoding: US-ASCII
      string: ''
    headers:
      User-Agent:
      - Faraday v0.9.1
      Accept:
      - application/x-turtle
      Accept-Encoding:
      - gzip;q=1.0,deflate;q=0.6,identity;q=0.3
  response:
    status:
      code: 200
      message: OK
    headers:
      Etag:
      - '"4242a6a472117771aad75627778bee3317295846"'
      Last-Modified:
      - Fri, 27 Mar 2015 20:59:33 GMT
      Link:
      - <http://www.w3.org/ns/ldp#DirectContainer>;rel="type"
      - <http://www.w3.org/ns/ldp#Resource>;rel="type"
      Accept-Patch:
      - application/sparql-update
      Accept-Post:
      - text/turtle,text/rdf+n3,application/n3,text/n3,application/rdf+xml,application/n-triples,multipart/form-data,application/sparql-update
      Allow:
      - MOVE,COPY,DELETE,POST,HEAD,GET,PUT,PATCH,OPTIONS
      Vary:
      - Accept, Range, Accept-Encoding, Accept-Language
      Content-Length:
      - '3697'
      Content-Type:
      - application/x-turtle
    body:
      encoding: UTF-8
      string: "@prefix premis: <http://www.loc.gov/premis/rdf/v1#> .\n@prefix fedorarelsext:
        <http://fedora.info/definitions/v4/rels-ext#> .\n@prefix nt: <http://www.jcp.org/jcr/nt/1.0>
        .\n@prefix rdfs: <http://www.w3.org/2000/01/rdf-schema#> .\n@prefix content:
        <http://www.w3.org/2011/content#> .\n@prefix xsi: <http://www.w3.org/2001/XMLSchema-instance>
        .\n@prefix mode: <http://www.modeshape.org/1.0> .\n@prefix openannotation:
        <http://www.w3.org/ns/oa#> .\n@prefix xml: <http://www.w3.org/XML/1998/namespace>
        .\n@prefix fcrepo: <http://fedora.info/definitions/v4/repository#> .\n@prefix
        fedoraconfig: <http://fedora.info/definitions/v4/config#> .\n@prefix mix:
        <http://www.jcp.org/jcr/mix/1.0> .\n@prefix foaf: <http://xmlns.com/foaf/0.1/>
        .\n@prefix image: <http://www.modeshape.org/images/1.0> .\n@prefix sv: <http://www.jcp.org/jcr/sv/1.0>
        .\n@prefix test: <info:fedora/test/> .\n@prefix dcmitype: <http://purl.org/dc/dcmitype/>
        .\n@prefix triannon: <http://triannon.stanford.edu/ns/> .\n@prefix rdf: <http://www.w3.org/1999/02/22-rdf-syntax-ns#>
        .\n@prefix fedora: <http://fedora.info/definitions/v4/rest-api#> .\n@prefix
        ldp: <http://www.w3.org/ns/ldp#> .\n@prefix xs: <http://www.w3.org/2001/XMLSchema>
        .\n@prefix dc: <http://purl.org/dc/elements/1.1/> .\n\n\n<http://localhost:8983/fedora/rest/anno/36463d99-1fbe-4f90-ba98-985a82356f5e/b/b8c1507f-0712-4a68-99b3-fb61722d7f1d>
        ldp:membershipResource <http://localhost:8983/fedora/rest/anno/36463d99-1fbe-4f90-ba98-985a82356f5e/b/b8c1507f-0712-4a68-99b3-fb61722d7f1d>
        ;\n\tldp:hasMemberRelation ldp:member ;\n\ta ldp:Container , ldp:DirectContainer
        , ldp:RDFSource ;\n\tfcrepo:hasParent <http://localhost:8983/fedora/rest/anno/36463d99-1fbe-4f90-ba98-985a82356f5e/b>
        ;\n\tfedora:writable \"true\"^^<http://www.w3.org/2001/XMLSchema#boolean>
        ;\n\tfedora:exportsAs <http://localhost:8983/fedora/rest/anno/36463d99-1fbe-4f90-ba98-985a82356f5e/b/b8c1507f-0712-4a68-99b3-fb61722d7f1d/fcr:export?format=jcr/xml>
        .\n\n<http://fedora.info/definitions/v4/repository#jcr/xml> rdfs:label \"jcr/xml\"^^<http://www.w3.org/2001/XMLSchema#string>
        .\n\n<http://localhost:8983/fedora/rest/anno/36463d99-1fbe-4f90-ba98-985a82356f5e/b/b8c1507f-0712-4a68-99b3-fb61722d7f1d/fcr:export?format=jcr/xml>
        dc:format <http://fedora.info/definitions/v4/repository#jcr/xml> .\n\n<http://localhost:8983/fedora/rest/anno/36463d99-1fbe-4f90-ba98-985a82356f5e/b/b8c1507f-0712-4a68-99b3-fb61722d7f1d>
        a <http://www.jcp.org/jcr/nt/1.0folder> , <http://www.jcp.org/jcr/nt/1.0hierarchyNode>
        , <http://www.jcp.org/jcr/nt/1.0base> , <http://www.jcp.org/jcr/mix/1.0created>
        , dcmitype:Text , fedora:resource , fedora:object , content:ContentAsText
        , fedora:relations , <http://www.jcp.org/jcr/mix/1.0created> , <http://www.jcp.org/jcr/mix/1.0lastModified>
        , <http://www.jcp.org/jcr/mix/1.0referenceable> , fedora:DublinCoreDescribable
        , fedora:resource , ldp:Container ;\n\tfcrepo:lastModifiedBy \"bypassAdmin\"^^<http://www.w3.org/2001/XMLSchema#string>
        ;\n\tfcrepo:uuid \"04d68620-bfaf-481a-8279-3fa0859ac380\"^^<http://www.w3.org/2001/XMLSchema#string>
        ;\n\tfcrepo:createdBy \"bypassAdmin\"^^<http://www.w3.org/2001/XMLSchema#string>
        ;\n\tfcrepo:primaryType \"nt:folder\"^^<http://www.w3.org/2001/XMLSchema#string>
        ;\n\tfcrepo:created \"2015-03-27T20:59:33.448Z\"^^<http://www.w3.org/2001/XMLSchema#dateTime>
        ;\n\tfcrepo:lastModified \"2015-03-27T20:59:33.448Z\"^^<http://www.w3.org/2001/XMLSchema#dateTime>
        ;\n\tfcrepo:mixinTypes \"dcmitype:Text\"^^<http://www.w3.org/2001/XMLSchema#string>
        , \"fedora:resource\"^^<http://www.w3.org/2001/XMLSchema#string> , \"fedora:object\"^^<http://www.w3.org/2001/XMLSchema#string>
        , \"content:ContentAsText\"^^<http://www.w3.org/2001/XMLSchema#string> ;\n\tcontent:chars
        \"I love this!\"^^<http://www.w3.org/2001/XMLSchema#string> .\n"
    http_version: 
  recorded_at: Fri, 27 Mar 2015 20:59:33 GMT
- request:
    method: get
    uri: http://localhost:8983/fedora/rest/anno/36463d99-1fbe-4f90-ba98-985a82356f5e/t/657141a3-28e0-4f15-a7d8-ddce6929d316
    body:
      encoding: US-ASCII
      string: ''
    headers:
      User-Agent:
      - Faraday v0.9.1
      Accept:
      - application/x-turtle
      Accept-Encoding:
      - gzip;q=1.0,deflate;q=0.6,identity;q=0.3
  response:
    status:
      code: 200
      message: OK
    headers:
      Etag:
      - '"73f0718f9994afc4e141f5d5b9ef270bbcc94bec"'
      Last-Modified:
      - Fri, 27 Mar 2015 20:59:33 GMT
      Link:
      - <http://www.w3.org/ns/ldp#DirectContainer>;rel="type"
      - <http://www.w3.org/ns/ldp#Resource>;rel="type"
      Accept-Patch:
      - application/sparql-update
      Accept-Post:
      - text/turtle,text/rdf+n3,application/n3,text/n3,application/rdf+xml,application/n-triples,multipart/form-data,application/sparql-update
      Allow:
      - MOVE,COPY,DELETE,POST,HEAD,GET,PUT,PATCH,OPTIONS
      Vary:
      - Accept, Range, Accept-Encoding, Accept-Language
      Content-Length:
      - '3636'
      Content-Type:
      - application/x-turtle
    body:
      encoding: UTF-8
      string: "@prefix premis: <http://www.loc.gov/premis/rdf/v1#> .\n@prefix fedorarelsext:
        <http://fedora.info/definitions/v4/rels-ext#> .\n@prefix nt: <http://www.jcp.org/jcr/nt/1.0>
        .\n@prefix rdfs: <http://www.w3.org/2000/01/rdf-schema#> .\n@prefix content:
        <http://www.w3.org/2011/content#> .\n@prefix xsi: <http://www.w3.org/2001/XMLSchema-instance>
        .\n@prefix mode: <http://www.modeshape.org/1.0> .\n@prefix openannotation:
        <http://www.w3.org/ns/oa#> .\n@prefix xml: <http://www.w3.org/XML/1998/namespace>
        .\n@prefix fcrepo: <http://fedora.info/definitions/v4/repository#> .\n@prefix
        fedoraconfig: <http://fedora.info/definitions/v4/config#> .\n@prefix mix:
        <http://www.jcp.org/jcr/mix/1.0> .\n@prefix foaf: <http://xmlns.com/foaf/0.1/>
        .\n@prefix image: <http://www.modeshape.org/images/1.0> .\n@prefix sv: <http://www.jcp.org/jcr/sv/1.0>
        .\n@prefix test: <info:fedora/test/> .\n@prefix dcmitype: <http://purl.org/dc/dcmitype/>
        .\n@prefix triannon: <http://triannon.stanford.edu/ns/> .\n@prefix rdf: <http://www.w3.org/1999/02/22-rdf-syntax-ns#>
        .\n@prefix fedora: <http://fedora.info/definitions/v4/rest-api#> .\n@prefix
        ldp: <http://www.w3.org/ns/ldp#> .\n@prefix xs: <http://www.w3.org/2001/XMLSchema>
        .\n@prefix dc: <http://purl.org/dc/elements/1.1/> .\n\n\n<http://localhost:8983/fedora/rest/anno/36463d99-1fbe-4f90-ba98-985a82356f5e/t/657141a3-28e0-4f15-a7d8-ddce6929d316>
        ldp:hasMemberRelation ldp:member ;\n\tldp:membershipResource <http://localhost:8983/fedora/rest/anno/36463d99-1fbe-4f90-ba98-985a82356f5e/t/657141a3-28e0-4f15-a7d8-ddce6929d316>
        ;\n\ta ldp:Container , ldp:DirectContainer , ldp:RDFSource ;\n\tfcrepo:hasParent
        <http://localhost:8983/fedora/rest/anno/36463d99-1fbe-4f90-ba98-985a82356f5e/t>
        ;\n\tfedora:writable \"true\"^^<http://www.w3.org/2001/XMLSchema#boolean>
        .\n\n<http://localhost:8983/fedora/rest/anno/36463d99-1fbe-4f90-ba98-985a82356f5e/t/657141a3-28e0-4f15-a7d8-ddce6929d316/fcr:export?format=jcr/xml>
        dc:format <http://fedora.info/definitions/v4/repository#jcr/xml> .\n\n<http://localhost:8983/fedora/rest/anno/36463d99-1fbe-4f90-ba98-985a82356f5e/t/657141a3-28e0-4f15-a7d8-ddce6929d316>
        fedora:exportsAs <http://localhost:8983/fedora/rest/anno/36463d99-1fbe-4f90-ba98-985a82356f5e/t/657141a3-28e0-4f15-a7d8-ddce6929d316/fcr:export?format=jcr/xml>
        .\n\n<http://fedora.info/definitions/v4/repository#jcr/xml> rdfs:label \"jcr/xml\"^^<http://www.w3.org/2001/XMLSchema#string>
        .\n\n<http://localhost:8983/fedora/rest/anno/36463d99-1fbe-4f90-ba98-985a82356f5e/t/657141a3-28e0-4f15-a7d8-ddce6929d316>
        a <http://www.jcp.org/jcr/nt/1.0folder> , <http://www.jcp.org/jcr/nt/1.0hierarchyNode>
        , <http://www.jcp.org/jcr/nt/1.0base> , <http://www.jcp.org/jcr/mix/1.0created>
        , fedora:resource , fedora:object , fedora:relations , <http://www.jcp.org/jcr/mix/1.0created>
        , <http://www.jcp.org/jcr/mix/1.0lastModified> , <http://www.jcp.org/jcr/mix/1.0referenceable>
        , fedora:DublinCoreDescribable , fedora:resource , ldp:Container ;\n\tfcrepo:lastModifiedBy
        \"bypassAdmin\"^^<http://www.w3.org/2001/XMLSchema#string> ;\n\tfcrepo:uuid
        \"55805763-eb1c-4fd4-b4e0-f02bd279fb02\"^^<http://www.w3.org/2001/XMLSchema#string>
        ;\n\tfcrepo:createdBy \"bypassAdmin\"^^<http://www.w3.org/2001/XMLSchema#string>
        ;\n\tfcrepo:primaryType \"nt:folder\"^^<http://www.w3.org/2001/XMLSchema#string>
        ;\n\tfcrepo:created \"2015-03-27T20:59:33.48Z\"^^<http://www.w3.org/2001/XMLSchema#dateTime>
        ;\n\ttriannon:externalReference <http://purl.stanford.edu/kq131cs7229> ;\n\tfcrepo:lastModified
        \"2015-03-27T20:59:33.48Z\"^^<http://www.w3.org/2001/XMLSchema#dateTime> ;\n\tfcrepo:mixinTypes
        \"fedora:resource\"^^<http://www.w3.org/2001/XMLSchema#string> , \"fedora:object\"^^<http://www.w3.org/2001/XMLSchema#string>
        .\n"
    http_version: 
  recorded_at: Fri, 27 Mar 2015 20:59:33 GMT
- request:
    method: post
    uri: http://localhost:8983/solr/triannon/update?wt=ruby
    body:
      encoding: UTF-8
      string: <?xml version="1.0" encoding="UTF-8"?><add commitWithin="500"><doc><field
        name="id">36463d99-1fbe-4f90-ba98-985a82356f5e</field><field name="motivation">commenting</field><field
        name="target_url">http://purl.stanford.edu/kq131cs7229</field><field name="target_type">external_URI</field><field
        name="body_type">content_as_text</field><field name="body_chars_exact">I love
        this!</field><field name="anno_jsonld">{"@context":"http://www.w3.org/ns/oa-context-20130208.json","@graph":[{"@id":"_:g70150277455880","@type":["dctypes:Text","cnt:ContentAsText"],"chars":"I
        love this!"},{"@id":"http://your.triannon-server.com/annotations/36463d99-1fbe-4f90-ba98-985a82356f5e","@type":"oa:Annotation","hasBody":"_:g70150277455880","hasTarget":"http://purl.stanford.edu/kq131cs7229","motivatedBy":"oa:commenting"}]}</field></doc></add>
    headers:
      Content-Type:
      - text/xml
  response:
    status:
      code: 200
      message: OK
    headers:
      Content-Type:
      - text/plain;charset=UTF-8
      Transfer-Encoding:
      - chunked
    body:
      encoding: UTF-8
      string: |
        {'responseHeader'=>{'status'=>0,'QTime'=>1}}
    http_version: 
  recorded_at: Fri, 27 Mar 2015 20:59:33 GMT
recorded_with: VCR 2.9.3
