---
http_interactions:
- request:
    method: post
    uri: http://localhost:8983/fedora/rest/anno
    body:
      encoding: UTF-8
      string: |
        @prefix openannotation: <http://www.w3.org/ns/oa#> .
        @prefix rdf: <http://www.w3.org/1999/02/22-rdf-syntax-ns#> .

        <> a openannotation:Annotation;
           openannotation:motivatedBy openannotation:commenting .
    headers:
      User-Agent:
      - Faraday v0.9.0
      Content-Type:
      - application/x-turtle
      Accept-Encoding:
      - gzip;q=1.0,deflate;q=0.6,identity;q=0.3
      Accept:
      - "*/*"
  response:
    status:
      code: 201
      message: Created
    headers:
      Etag:
      - '"5e797a0a80ee4a9799b130565f1956d39f85cc32"'
      Last-Modified:
      - Thu, 20 Nov 2014 23:12:57 GMT
      Content-Length:
      - '75'
      Location:
      - http://localhost:8983/fedora/rest/anno/e18d8dc3-519b-4985-8ff6-9df864969081
      Content-Type:
      - text/plain
    body:
      encoding: UTF-8
      string: http://localhost:8983/fedora/rest/anno/e18d8dc3-519b-4985-8ff6-9df864969081
    http_version: 
  recorded_at: Thu, 20 Nov 2014 23:12:57 GMT
- request:
    method: post
    uri: http://localhost:8983/fedora/rest/anno/e18d8dc3-519b-4985-8ff6-9df864969081
    body:
      encoding: UTF-8
      string: |
        @prefix ldp: <http://www.w3.org/ns/ldp#> .
        @prefix openannotation: <http://www.w3.org/ns/oa#> .
        @prefix rdf: <http://www.w3.org/1999/02/22-rdf-syntax-ns#> .

        <> a ldp:DirectContainer;
           ldp:hasMemberRelation openannotation:hasBody;
           ldp:membershipResource <http://localhost:8983/fedora/rest/anno/e18d8dc3-519b-4985-8ff6-9df864969081> .
    headers:
      User-Agent:
      - Faraday v0.9.0
      Content-Type:
      - application/x-turtle
      Slug:
      - b
      Accept-Encoding:
      - gzip;q=1.0,deflate;q=0.6,identity;q=0.3
      Accept:
      - "*/*"
  response:
    status:
      code: 201
      message: Created
    headers:
      Etag:
      - '"c63c9c48c8ce3b57362ec19434f0c6ae88dd57c8"'
      Last-Modified:
      - Thu, 20 Nov 2014 23:12:57 GMT
      Content-Length:
      - '77'
      Location:
      - http://localhost:8983/fedora/rest/anno/e18d8dc3-519b-4985-8ff6-9df864969081/b
      Content-Type:
      - text/plain
    body:
      encoding: UTF-8
      string: http://localhost:8983/fedora/rest/anno/e18d8dc3-519b-4985-8ff6-9df864969081/b
    http_version: 
  recorded_at: Thu, 20 Nov 2014 23:12:57 GMT
- request:
    method: post
    uri: http://localhost:8983/fedora/rest/anno/e18d8dc3-519b-4985-8ff6-9df864969081/b
    body:
      encoding: UTF-8
      string: |
        @prefix content: <http://www.w3.org/2011/content#> .
        @prefix dcmitype: <http://purl.org/dc/dcmitype/> .
        @prefix rdf: <http://www.w3.org/1999/02/22-rdf-syntax-ns#> .
        @prefix xsd: <http://www.w3.org/2001/XMLSchema#> .

        <> a content:ContentAsText,
             dcmitype:Text;
           content:chars "I love this!" .
    headers:
      User-Agent:
      - Faraday v0.9.0
      Content-Type:
      - application/x-turtle
      Accept-Encoding:
      - gzip;q=1.0,deflate;q=0.6,identity;q=0.3
      Accept:
      - "*/*"
  response:
    status:
      code: 201
      message: Created
    headers:
      Etag:
      - '"48fa2477420336304262a452210897006b9cdec9"'
      Last-Modified:
      - Thu, 20 Nov 2014 23:12:57 GMT
      Content-Length:
      - '114'
      Location:
      - http://localhost:8983/fedora/rest/anno/e18d8dc3-519b-4985-8ff6-9df864969081/b/57511d68-e002-4281-8305-b8cb1d79298f
      Content-Type:
      - text/plain
    body:
      encoding: UTF-8
      string: http://localhost:8983/fedora/rest/anno/e18d8dc3-519b-4985-8ff6-9df864969081/b/57511d68-e002-4281-8305-b8cb1d79298f
    http_version: 
  recorded_at: Thu, 20 Nov 2014 23:12:57 GMT
- request:
    method: post
    uri: http://localhost:8983/fedora/rest/anno/e18d8dc3-519b-4985-8ff6-9df864969081
    body:
      encoding: UTF-8
      string: |
        @prefix ldp: <http://www.w3.org/ns/ldp#> .
        @prefix openannotation: <http://www.w3.org/ns/oa#> .
        @prefix rdf: <http://www.w3.org/1999/02/22-rdf-syntax-ns#> .

        <> a ldp:DirectContainer;
           ldp:hasMemberRelation openannotation:hasTarget;
           ldp:membershipResource <http://localhost:8983/fedora/rest/anno/e18d8dc3-519b-4985-8ff6-9df864969081> .
    headers:
      User-Agent:
      - Faraday v0.9.0
      Content-Type:
      - application/x-turtle
      Slug:
      - t
      Accept-Encoding:
      - gzip;q=1.0,deflate;q=0.6,identity;q=0.3
      Accept:
      - "*/*"
  response:
    status:
      code: 201
      message: Created
    headers:
      Etag:
      - '"0ae1324c1a75c44e122e7d51fb9ea74d9a83f0d2"'
      Last-Modified:
      - Thu, 20 Nov 2014 23:12:58 GMT
      Content-Length:
      - '77'
      Location:
      - http://localhost:8983/fedora/rest/anno/e18d8dc3-519b-4985-8ff6-9df864969081/t
      Content-Type:
      - text/plain
    body:
      encoding: UTF-8
      string: http://localhost:8983/fedora/rest/anno/e18d8dc3-519b-4985-8ff6-9df864969081/t
    http_version: 
  recorded_at: Thu, 20 Nov 2014 23:12:58 GMT
- request:
    method: post
    uri: http://localhost:8983/fedora/rest/anno/e18d8dc3-519b-4985-8ff6-9df864969081/t
    body:
      encoding: UTF-8
      string: |
        @prefix triannon: <http://triannon.stanford.edu/ns/> .

        <> triannon:externalReference <http://purl.stanford.edu/kq131cs7229> .
    headers:
      User-Agent:
      - Faraday v0.9.0
      Content-Type:
      - application/x-turtle
      Accept-Encoding:
      - gzip;q=1.0,deflate;q=0.6,identity;q=0.3
      Accept:
      - "*/*"
  response:
    status:
      code: 201
      message: Created
    headers:
      Etag:
      - '"5f3991c6ba394e1607ef510b98aa1f732230ac32"'
      Last-Modified:
      - Thu, 20 Nov 2014 23:12:58 GMT
      Content-Length:
      - '114'
      Location:
      - http://localhost:8983/fedora/rest/anno/e18d8dc3-519b-4985-8ff6-9df864969081/t/72310fd6-4c60-41ec-9e47-de567a6fe0cd
      Content-Type:
      - text/plain
    body:
      encoding: UTF-8
      string: http://localhost:8983/fedora/rest/anno/e18d8dc3-519b-4985-8ff6-9df864969081/t/72310fd6-4c60-41ec-9e47-de567a6fe0cd
    http_version: 
  recorded_at: Thu, 20 Nov 2014 23:12:58 GMT
- request:
    method: get
    uri: http://localhost:8983/fedora/rest/anno/e18d8dc3-519b-4985-8ff6-9df864969081
    body:
      encoding: US-ASCII
      string: ''
    headers:
      User-Agent:
      - Faraday v0.9.0
      Accept:
      - application/x-turtle
      Accept-Encoding:
      - gzip;q=1.0,deflate;q=0.6,identity;q=0.3
  response:
    status:
      code: 200
      message: OK
    headers:
      Etag:
      - '"0755780fa9b292128a9aeb2079b18062e45632f5"'
      Last-Modified:
      - Thu, 20 Nov 2014 23:12:58 GMT
      Link:
      - <http://www.w3.org/ns/ldp#DirectContainer>;rel="type"
      - <http://www.w3.org/ns/ldp#Resource>;rel="type"
      Accept-Patch:
      - application/sparql-update
      Accept-Post:
      - text/turtle,text/rdf+n3,application/n3,text/n3,application/rdf+xml,application/n-triples,multipart/form-data,application/sparql-update
      Allow:
      - MOVE,COPY,DELETE,POST,HEAD,GET,PUT,PATCH,OPTIONS
      Vary:
      - Accept, Range, Accept-Encoding, Accept-Language
      Content-Length:
      - '4463'
      Content-Type:
      - application/x-turtle
    body:
      encoding: UTF-8
      string: "@prefix premis: <http://www.loc.gov/premis/rdf/v1#> .\n@prefix fedorarelsext:
        <http://fedora.info/definitions/v4/rels-ext#> .\n@prefix nt: <http://www.jcp.org/jcr/nt/1.0>
        .\n@prefix rdfs: <http://www.w3.org/2000/01/rdf-schema#> .\n@prefix content:
        <http://www.w3.org/2011/content#> .\n@prefix xsi: <http://www.w3.org/2001/XMLSchema-instance>
        .\n@prefix mode: <http://www.modeshape.org/1.0> .\n@prefix openannotation:
        <http://www.w3.org/ns/oa#> .\n@prefix xml: <http://www.w3.org/XML/1998/namespace>
        .\n@prefix fcrepo: <http://fedora.info/definitions/v4/repository#> .\n@prefix
        fedoraconfig: <http://fedora.info/definitions/v4/config#> .\n@prefix mix:
        <http://www.jcp.org/jcr/mix/1.0> .\n@prefix foaf: <http://xmlns.com/foaf/0.1/>
        .\n@prefix image: <http://www.modeshape.org/images/1.0> .\n@prefix sv: <http://www.jcp.org/jcr/sv/1.0>
        .\n@prefix test: <info:fedora/test/> .\n@prefix dcmitype: <http://purl.org/dc/dcmitype/>
        .\n@prefix triannon: <http://triannon.stanford.edu/ns/> .\n@prefix rdf: <http://www.w3.org/1999/02/22-rdf-syntax-ns#>
        .\n@prefix fedora: <http://fedora.info/definitions/v4/rest-api#> .\n@prefix
        ldp: <http://www.w3.org/ns/ldp#> .\n@prefix xs: <http://www.w3.org/2001/XMLSchema>
        .\n@prefix dc: <http://purl.org/dc/elements/1.1/> .\n\n\n<http://localhost:8983/fedora/rest/anno/e18d8dc3-519b-4985-8ff6-9df864969081>
        ldp:hasMemberRelation ldp:member ;\n\tldp:membershipResource <http://localhost:8983/fedora/rest/anno/e18d8dc3-519b-4985-8ff6-9df864969081>
        ;\n\ta ldp:Container , ldp:DirectContainer , ldp:RDFSource ;\n\tldp:member
        <http://localhost:8983/fedora/rest/anno/e18d8dc3-519b-4985-8ff6-9df864969081/b>
        , <http://localhost:8983/fedora/rest/anno/e18d8dc3-519b-4985-8ff6-9df864969081/t>
        ;\n\topenannotation:hasBody <http://localhost:8983/fedora/rest/anno/e18d8dc3-519b-4985-8ff6-9df864969081/b/57511d68-e002-4281-8305-b8cb1d79298f>
        ;\n\topenannotation:hasTarget <http://localhost:8983/fedora/rest/anno/e18d8dc3-519b-4985-8ff6-9df864969081/t/72310fd6-4c60-41ec-9e47-de567a6fe0cd>
        ;\n\tldp:contains <http://localhost:8983/fedora/rest/anno/e18d8dc3-519b-4985-8ff6-9df864969081/b>
        , <http://localhost:8983/fedora/rest/anno/e18d8dc3-519b-4985-8ff6-9df864969081/t>
        ;\n\tfcrepo:hasParent <http://localhost:8983/fedora/rest/anno> .\n\n<http://localhost:8983/fedora/rest/anno/e18d8dc3-519b-4985-8ff6-9df864969081/b>
        ldp:membershipResource <http://localhost:8983/fedora/rest/anno/e18d8dc3-519b-4985-8ff6-9df864969081>
        .\n\n<http://localhost:8983/fedora/rest/anno/e18d8dc3-519b-4985-8ff6-9df864969081/t>
        ldp:membershipResource <http://localhost:8983/fedora/rest/anno/e18d8dc3-519b-4985-8ff6-9df864969081>
        .\n\n<http://localhost:8983/fedora/rest/anno/e18d8dc3-519b-4985-8ff6-9df864969081>
        fedora:writable \"true\"^^<http://www.w3.org/2001/XMLSchema#boolean> .\n\n<http://localhost:8983/fedora/rest/anno/e18d8dc3-519b-4985-8ff6-9df864969081/fcr:export?format=jcr/xml>
        dc:format <http://fedora.info/definitions/v4/repository#jcr/xml> .\n\n<http://fedora.info/definitions/v4/repository#jcr/xml>
        rdfs:label \"jcr/xml\"^^<http://www.w3.org/2001/XMLSchema#string> .\n\n<http://localhost:8983/fedora/rest/anno/e18d8dc3-519b-4985-8ff6-9df864969081>
        fedora:exportsAs <http://localhost:8983/fedora/rest/anno/e18d8dc3-519b-4985-8ff6-9df864969081/fcr:export?format=jcr/xml>
        ;\n\ta <http://www.jcp.org/jcr/nt/1.0folder> , <http://www.jcp.org/jcr/nt/1.0hierarchyNode>
        , <http://www.jcp.org/jcr/nt/1.0base> , <http://www.jcp.org/jcr/mix/1.0created>
        , openannotation:Annotation , fedora:resource , fedora:object , fedora:relations
        , <http://www.jcp.org/jcr/mix/1.0created> , <http://www.jcp.org/jcr/mix/1.0lastModified>
        , <http://www.jcp.org/jcr/mix/1.0referenceable> , fedora:DublinCoreDescribable
        , fedora:resource , ldp:Container ;\n\tfcrepo:lastModifiedBy \"bypassAdmin\"^^<http://www.w3.org/2001/XMLSchema#string>
        ;\n\tfcrepo:uuid \"63ccdae5-3070-4b63-a082-d5ca8669ceea\"^^<http://www.w3.org/2001/XMLSchema#string>
        ;\n\tfcrepo:createdBy \"bypassAdmin\"^^<http://www.w3.org/2001/XMLSchema#string>
        ;\n\tfcrepo:primaryType \"nt:folder\"^^<http://www.w3.org/2001/XMLSchema#string>
        ;\n\tfcrepo:created \"2014-11-20T23:12:57.859Z\"^^<http://www.w3.org/2001/XMLSchema#dateTime>
        ;\n\tfcrepo:mixinTypes \"openannotation:Annotation\"^^<http://www.w3.org/2001/XMLSchema#string>
        , \"fedora:resource\"^^<http://www.w3.org/2001/XMLSchema#string> , \"fedora:object\"^^<http://www.w3.org/2001/XMLSchema#string>
        ;\n\tfcrepo:lastModified \"2014-11-20T23:12:58.021Z\"^^<http://www.w3.org/2001/XMLSchema#dateTime>
        ;\n\topenannotation:motivatedBy openannotation:commenting .\n"
    http_version: 
  recorded_at: Thu, 20 Nov 2014 23:12:58 GMT
- request:
    method: get
    uri: http://localhost:8983/fedora/rest/anno/e18d8dc3-519b-4985-8ff6-9df864969081/b/57511d68-e002-4281-8305-b8cb1d79298f
    body:
      encoding: US-ASCII
      string: ''
    headers:
      User-Agent:
      - Faraday v0.9.0
      Accept:
      - application/x-turtle
      Accept-Encoding:
      - gzip;q=1.0,deflate;q=0.6,identity;q=0.3
  response:
    status:
      code: 200
      message: OK
    headers:
      Etag:
      - '"48fa2477420336304262a452210897006b9cdec9"'
      Last-Modified:
      - Thu, 20 Nov 2014 23:12:57 GMT
      Link:
      - <http://www.w3.org/ns/ldp#DirectContainer>;rel="type"
      - <http://www.w3.org/ns/ldp#Resource>;rel="type"
      Accept-Patch:
      - application/sparql-update
      Accept-Post:
      - text/turtle,text/rdf+n3,application/n3,text/n3,application/rdf+xml,application/n-triples,multipart/form-data,application/sparql-update
      Allow:
      - MOVE,COPY,DELETE,POST,HEAD,GET,PUT,PATCH,OPTIONS
      Vary:
      - Accept, Range, Accept-Encoding, Accept-Language
      Content-Length:
      - '3697'
      Content-Type:
      - application/x-turtle
    body:
      encoding: UTF-8
      string: "@prefix premis: <http://www.loc.gov/premis/rdf/v1#> .\n@prefix fedorarelsext:
        <http://fedora.info/definitions/v4/rels-ext#> .\n@prefix nt: <http://www.jcp.org/jcr/nt/1.0>
        .\n@prefix rdfs: <http://www.w3.org/2000/01/rdf-schema#> .\n@prefix content:
        <http://www.w3.org/2011/content#> .\n@prefix xsi: <http://www.w3.org/2001/XMLSchema-instance>
        .\n@prefix mode: <http://www.modeshape.org/1.0> .\n@prefix openannotation:
        <http://www.w3.org/ns/oa#> .\n@prefix xml: <http://www.w3.org/XML/1998/namespace>
        .\n@prefix fcrepo: <http://fedora.info/definitions/v4/repository#> .\n@prefix
        fedoraconfig: <http://fedora.info/definitions/v4/config#> .\n@prefix mix:
        <http://www.jcp.org/jcr/mix/1.0> .\n@prefix foaf: <http://xmlns.com/foaf/0.1/>
        .\n@prefix image: <http://www.modeshape.org/images/1.0> .\n@prefix sv: <http://www.jcp.org/jcr/sv/1.0>
        .\n@prefix test: <info:fedora/test/> .\n@prefix dcmitype: <http://purl.org/dc/dcmitype/>
        .\n@prefix triannon: <http://triannon.stanford.edu/ns/> .\n@prefix rdf: <http://www.w3.org/1999/02/22-rdf-syntax-ns#>
        .\n@prefix fedora: <http://fedora.info/definitions/v4/rest-api#> .\n@prefix
        ldp: <http://www.w3.org/ns/ldp#> .\n@prefix xs: <http://www.w3.org/2001/XMLSchema>
        .\n@prefix dc: <http://purl.org/dc/elements/1.1/> .\n\n\n<http://localhost:8983/fedora/rest/anno/e18d8dc3-519b-4985-8ff6-9df864969081/b/57511d68-e002-4281-8305-b8cb1d79298f>
        ldp:membershipResource <http://localhost:8983/fedora/rest/anno/e18d8dc3-519b-4985-8ff6-9df864969081/b/57511d68-e002-4281-8305-b8cb1d79298f>
        ;\n\tldp:hasMemberRelation ldp:member ;\n\ta ldp:Container , ldp:DirectContainer
        , ldp:RDFSource ;\n\tfcrepo:hasParent <http://localhost:8983/fedora/rest/anno/e18d8dc3-519b-4985-8ff6-9df864969081/b>
        ;\n\tfedora:writable \"true\"^^<http://www.w3.org/2001/XMLSchema#boolean>
        ;\n\tfedora:exportsAs <http://localhost:8983/fedora/rest/anno/e18d8dc3-519b-4985-8ff6-9df864969081/b/57511d68-e002-4281-8305-b8cb1d79298f/fcr:export?format=jcr/xml>
        .\n\n<http://localhost:8983/fedora/rest/anno/e18d8dc3-519b-4985-8ff6-9df864969081/b/57511d68-e002-4281-8305-b8cb1d79298f/fcr:export?format=jcr/xml>
        dc:format <http://fedora.info/definitions/v4/repository#jcr/xml> .\n\n<http://fedora.info/definitions/v4/repository#jcr/xml>
        rdfs:label \"jcr/xml\"^^<http://www.w3.org/2001/XMLSchema#string> .\n\n<http://localhost:8983/fedora/rest/anno/e18d8dc3-519b-4985-8ff6-9df864969081/b/57511d68-e002-4281-8305-b8cb1d79298f>
        a <http://www.jcp.org/jcr/nt/1.0folder> , <http://www.jcp.org/jcr/nt/1.0hierarchyNode>
        , <http://www.jcp.org/jcr/nt/1.0base> , <http://www.jcp.org/jcr/mix/1.0created>
        , dcmitype:Text , fedora:resource , fedora:object , content:ContentAsText
        , fedora:relations , <http://www.jcp.org/jcr/mix/1.0created> , <http://www.jcp.org/jcr/mix/1.0lastModified>
        , <http://www.jcp.org/jcr/mix/1.0referenceable> , fedora:DublinCoreDescribable
        , fedora:resource , ldp:Container ;\n\tfcrepo:lastModifiedBy \"bypassAdmin\"^^<http://www.w3.org/2001/XMLSchema#string>
        ;\n\tfcrepo:uuid \"4afd42ae-9c0f-4ba8-9f16-62b9dd3af6f0\"^^<http://www.w3.org/2001/XMLSchema#string>
        ;\n\tfcrepo:createdBy \"bypassAdmin\"^^<http://www.w3.org/2001/XMLSchema#string>
        ;\n\tfcrepo:primaryType \"nt:folder\"^^<http://www.w3.org/2001/XMLSchema#string>
        ;\n\tfcrepo:created \"2014-11-20T23:12:57.988Z\"^^<http://www.w3.org/2001/XMLSchema#dateTime>
        ;\n\tfcrepo:lastModified \"2014-11-20T23:12:57.988Z\"^^<http://www.w3.org/2001/XMLSchema#dateTime>
        ;\n\tfcrepo:mixinTypes \"dcmitype:Text\"^^<http://www.w3.org/2001/XMLSchema#string>
        , \"fedora:resource\"^^<http://www.w3.org/2001/XMLSchema#string> , \"fedora:object\"^^<http://www.w3.org/2001/XMLSchema#string>
        , \"content:ContentAsText\"^^<http://www.w3.org/2001/XMLSchema#string> ;\n\tcontent:chars
        \"I love this!\"^^<http://www.w3.org/2001/XMLSchema#string> .\n"
    http_version: 
  recorded_at: Thu, 20 Nov 2014 23:12:58 GMT
- request:
    method: get
    uri: http://localhost:8983/fedora/rest/anno/e18d8dc3-519b-4985-8ff6-9df864969081/t/72310fd6-4c60-41ec-9e47-de567a6fe0cd
    body:
      encoding: US-ASCII
      string: ''
    headers:
      User-Agent:
      - Faraday v0.9.0
      Accept:
      - application/x-turtle
      Accept-Encoding:
      - gzip;q=1.0,deflate;q=0.6,identity;q=0.3
  response:
    status:
      code: 200
      message: OK
    headers:
      Etag:
      - '"5f3991c6ba394e1607ef510b98aa1f732230ac32"'
      Last-Modified:
      - Thu, 20 Nov 2014 23:12:58 GMT
      Link:
      - <http://www.w3.org/ns/ldp#DirectContainer>;rel="type"
      - <http://www.w3.org/ns/ldp#Resource>;rel="type"
      Accept-Patch:
      - application/sparql-update
      Accept-Post:
      - text/turtle,text/rdf+n3,application/n3,text/n3,application/rdf+xml,application/n-triples,multipart/form-data,application/sparql-update
      Allow:
      - MOVE,COPY,DELETE,POST,HEAD,GET,PUT,PATCH,OPTIONS
      Vary:
      - Accept, Range, Accept-Encoding, Accept-Language
      Content-Length:
      - '3638'
      Content-Type:
      - application/x-turtle
    body:
      encoding: UTF-8
      string: "@prefix premis: <http://www.loc.gov/premis/rdf/v1#> .\n@prefix fedorarelsext:
        <http://fedora.info/definitions/v4/rels-ext#> .\n@prefix nt: <http://www.jcp.org/jcr/nt/1.0>
        .\n@prefix rdfs: <http://www.w3.org/2000/01/rdf-schema#> .\n@prefix content:
        <http://www.w3.org/2011/content#> .\n@prefix xsi: <http://www.w3.org/2001/XMLSchema-instance>
        .\n@prefix mode: <http://www.modeshape.org/1.0> .\n@prefix openannotation:
        <http://www.w3.org/ns/oa#> .\n@prefix xml: <http://www.w3.org/XML/1998/namespace>
        .\n@prefix fcrepo: <http://fedora.info/definitions/v4/repository#> .\n@prefix
        fedoraconfig: <http://fedora.info/definitions/v4/config#> .\n@prefix mix:
        <http://www.jcp.org/jcr/mix/1.0> .\n@prefix foaf: <http://xmlns.com/foaf/0.1/>
        .\n@prefix image: <http://www.modeshape.org/images/1.0> .\n@prefix sv: <http://www.jcp.org/jcr/sv/1.0>
        .\n@prefix test: <info:fedora/test/> .\n@prefix dcmitype: <http://purl.org/dc/dcmitype/>
        .\n@prefix triannon: <http://triannon.stanford.edu/ns/> .\n@prefix rdf: <http://www.w3.org/1999/02/22-rdf-syntax-ns#>
        .\n@prefix fedora: <http://fedora.info/definitions/v4/rest-api#> .\n@prefix
        ldp: <http://www.w3.org/ns/ldp#> .\n@prefix xs: <http://www.w3.org/2001/XMLSchema>
        .\n@prefix dc: <http://purl.org/dc/elements/1.1/> .\n\n\n<http://localhost:8983/fedora/rest/anno/e18d8dc3-519b-4985-8ff6-9df864969081/t/72310fd6-4c60-41ec-9e47-de567a6fe0cd>
        ldp:hasMemberRelation ldp:member ;\n\tldp:membershipResource <http://localhost:8983/fedora/rest/anno/e18d8dc3-519b-4985-8ff6-9df864969081/t/72310fd6-4c60-41ec-9e47-de567a6fe0cd>
        ;\n\ta ldp:Container , ldp:DirectContainer , ldp:RDFSource ;\n\tfcrepo:hasParent
        <http://localhost:8983/fedora/rest/anno/e18d8dc3-519b-4985-8ff6-9df864969081/t>
        ;\n\tfedora:writable \"true\"^^<http://www.w3.org/2001/XMLSchema#boolean>
        .\n\n<http://localhost:8983/fedora/rest/anno/e18d8dc3-519b-4985-8ff6-9df864969081/t/72310fd6-4c60-41ec-9e47-de567a6fe0cd/fcr:export?format=jcr/xml>
        dc:format <http://fedora.info/definitions/v4/repository#jcr/xml> .\n\n<http://localhost:8983/fedora/rest/anno/e18d8dc3-519b-4985-8ff6-9df864969081/t/72310fd6-4c60-41ec-9e47-de567a6fe0cd>
        fedora:exportsAs <http://localhost:8983/fedora/rest/anno/e18d8dc3-519b-4985-8ff6-9df864969081/t/72310fd6-4c60-41ec-9e47-de567a6fe0cd/fcr:export?format=jcr/xml>
        .\n\n<http://fedora.info/definitions/v4/repository#jcr/xml> rdfs:label \"jcr/xml\"^^<http://www.w3.org/2001/XMLSchema#string>
        .\n\n<http://localhost:8983/fedora/rest/anno/e18d8dc3-519b-4985-8ff6-9df864969081/t/72310fd6-4c60-41ec-9e47-de567a6fe0cd>
        a <http://www.jcp.org/jcr/nt/1.0folder> , <http://www.jcp.org/jcr/nt/1.0hierarchyNode>
        , <http://www.jcp.org/jcr/nt/1.0base> , <http://www.jcp.org/jcr/mix/1.0created>
        , fedora:resource , fedora:object , fedora:relations , <http://www.jcp.org/jcr/mix/1.0created>
        , <http://www.jcp.org/jcr/mix/1.0lastModified> , <http://www.jcp.org/jcr/mix/1.0referenceable>
        , fedora:DublinCoreDescribable , fedora:resource , ldp:Container ;\n\tfcrepo:lastModifiedBy
        \"bypassAdmin\"^^<http://www.w3.org/2001/XMLSchema#string> ;\n\tfcrepo:uuid
        \"5725c595-4d1b-4598-8387-c2c8fa6b0f4e\"^^<http://www.w3.org/2001/XMLSchema#string>
        ;\n\tfcrepo:createdBy \"bypassAdmin\"^^<http://www.w3.org/2001/XMLSchema#string>
        ;\n\tfcrepo:primaryType \"nt:folder\"^^<http://www.w3.org/2001/XMLSchema#string>
        ;\n\tfcrepo:created \"2014-11-20T23:12:58.052Z\"^^<http://www.w3.org/2001/XMLSchema#dateTime>
        ;\n\ttriannon:externalReference <http://purl.stanford.edu/kq131cs7229> ;\n\tfcrepo:lastModified
        \"2014-11-20T23:12:58.052Z\"^^<http://www.w3.org/2001/XMLSchema#dateTime>
        ;\n\tfcrepo:mixinTypes \"fedora:resource\"^^<http://www.w3.org/2001/XMLSchema#string>
        , \"fedora:object\"^^<http://www.w3.org/2001/XMLSchema#string> .\n"
    http_version: 
  recorded_at: Thu, 20 Nov 2014 23:12:58 GMT
recorded_with: VCR 2.9.3
