---
http_interactions:
- request:
    method: post
    uri: http://localhost:8983/fedora/rest/anno
    body:
      encoding: UTF-8
      string: |
        @prefix openannotation: <http://www.w3.org/ns/oa#> .
        @prefix rdf: <http://www.w3.org/1999/02/22-rdf-syntax-ns#> .

        <> a openannotation:Annotation;
           openannotation:motivatedBy openannotation:commenting .
    headers:
      User-Agent:
      - Faraday v0.9.0
      Content-Type:
      - application/x-turtle
      Accept-Encoding:
      - gzip;q=1.0,deflate;q=0.6,identity;q=0.3
      Accept:
      - "*/*"
  response:
    status:
      code: 201
      message: Created
    headers:
      Etag:
      - "\"5f5aad06a9da0935b09688209f2a0a67633cf906\""
      Last-Modified:
      - Fri, 31 Oct 2014 17:20:54 GMT
      Content-Length:
      - '75'
      Location:
      - http://localhost:8983/fedora/rest/anno/4868a41a-c960-471d-b4a7-20bde1905dac
      Content-Type:
      - text/plain
    body:
      encoding: UTF-8
      string: http://localhost:8983/fedora/rest/anno/4868a41a-c960-471d-b4a7-20bde1905dac
    http_version: 
  recorded_at: Fri, 31 Oct 2014 17:20:54 GMT
- request:
    method: post
    uri: http://localhost:8983/fedora/rest/anno/4868a41a-c960-471d-b4a7-20bde1905dac
    body:
      encoding: UTF-8
      string: |
        @prefix ldp: <http://www.w3.org/ns/ldp#> .
        @prefix openannotation: <http://www.w3.org/ns/oa#> .
        @prefix rdf: <http://www.w3.org/1999/02/22-rdf-syntax-ns#> .

        <> a ldp:DirectContainer;
           ldp:hasMemberRelation openannotation:hasBody;
           ldp:membershipResource <http://localhost:8983/fedora/rest/anno/4868a41a-c960-471d-b4a7-20bde1905dac> .
    headers:
      User-Agent:
      - Faraday v0.9.0
      Content-Type:
      - application/x-turtle
      Slug:
      - b
      Accept-Encoding:
      - gzip;q=1.0,deflate;q=0.6,identity;q=0.3
      Accept:
      - "*/*"
  response:
    status:
      code: 201
      message: Created
    headers:
      Etag:
      - "\"faa2910bc08d30397e191c6433f3bcb34eaf00df\""
      Last-Modified:
      - Fri, 31 Oct 2014 17:20:54 GMT
      Content-Length:
      - '77'
      Location:
      - http://localhost:8983/fedora/rest/anno/4868a41a-c960-471d-b4a7-20bde1905dac/b
      Content-Type:
      - text/plain
    body:
      encoding: UTF-8
      string: http://localhost:8983/fedora/rest/anno/4868a41a-c960-471d-b4a7-20bde1905dac/b
    http_version: 
  recorded_at: Fri, 31 Oct 2014 17:20:54 GMT
- request:
    method: post
    uri: http://localhost:8983/fedora/rest/anno/4868a41a-c960-471d-b4a7-20bde1905dac/b
    body:
      encoding: UTF-8
      string: |
        @prefix content: <http://www.w3.org/2011/content#> .
        @prefix dcmitype: <http://purl.org/dc/dcmitype/> .
        @prefix rdf: <http://www.w3.org/1999/02/22-rdf-syntax-ns#> .
        @prefix xsd: <http://www.w3.org/2001/XMLSchema#> .

        <> a content:ContentAsText,
             dcmitype:Text;
           content:chars "I love this!" .
    headers:
      User-Agent:
      - Faraday v0.9.0
      Content-Type:
      - application/x-turtle
      Accept-Encoding:
      - gzip;q=1.0,deflate;q=0.6,identity;q=0.3
      Accept:
      - "*/*"
  response:
    status:
      code: 201
      message: Created
    headers:
      Etag:
      - "\"4597e5ff4016095ae89842cc096e8fd540f46ea4\""
      Last-Modified:
      - Fri, 31 Oct 2014 17:20:54 GMT
      Content-Length:
      - '114'
      Location:
      - http://localhost:8983/fedora/rest/anno/4868a41a-c960-471d-b4a7-20bde1905dac/b/5bb05e27-caed-464c-b13a-1aee6b518db0
      Content-Type:
      - text/plain
    body:
      encoding: UTF-8
      string: http://localhost:8983/fedora/rest/anno/4868a41a-c960-471d-b4a7-20bde1905dac/b/5bb05e27-caed-464c-b13a-1aee6b518db0
    http_version: 
  recorded_at: Fri, 31 Oct 2014 17:20:54 GMT
- request:
    method: post
    uri: http://localhost:8983/fedora/rest/anno/4868a41a-c960-471d-b4a7-20bde1905dac/b
    body:
      encoding: UTF-8
      string: |
        @prefix content: <http://www.w3.org/2011/content#> .
        @prefix dcmitype: <http://purl.org/dc/dcmitype/> .
        @prefix rdf: <http://www.w3.org/1999/02/22-rdf-syntax-ns#> .
        @prefix xsd: <http://www.w3.org/2001/XMLSchema#> .

        <> a content:ContentAsText,
             dcmitype:Text;
           content:chars "I hate this!" .
    headers:
      User-Agent:
      - Faraday v0.9.0
      Content-Type:
      - application/x-turtle
      Accept-Encoding:
      - gzip;q=1.0,deflate;q=0.6,identity;q=0.3
      Accept:
      - "*/*"
  response:
    status:
      code: 201
      message: Created
    headers:
      Etag:
      - "\"677bd4a575c384285b94ec1a3bcc5cf6fc9181ed\""
      Last-Modified:
      - Fri, 31 Oct 2014 17:20:54 GMT
      Content-Length:
      - '114'
      Location:
      - http://localhost:8983/fedora/rest/anno/4868a41a-c960-471d-b4a7-20bde1905dac/b/3ac81ffe-2d87-4a49-9f1f-e9f94317e604
      Content-Type:
      - text/plain
    body:
      encoding: UTF-8
      string: http://localhost:8983/fedora/rest/anno/4868a41a-c960-471d-b4a7-20bde1905dac/b/3ac81ffe-2d87-4a49-9f1f-e9f94317e604
    http_version: 
  recorded_at: Fri, 31 Oct 2014 17:20:54 GMT
- request:
    method: post
    uri: http://localhost:8983/fedora/rest/anno/4868a41a-c960-471d-b4a7-20bde1905dac
    body:
      encoding: UTF-8
      string: |
        @prefix ldp: <http://www.w3.org/ns/ldp#> .
        @prefix openannotation: <http://www.w3.org/ns/oa#> .
        @prefix rdf: <http://www.w3.org/1999/02/22-rdf-syntax-ns#> .

        <> a ldp:DirectContainer;
           ldp:hasMemberRelation openannotation:hasTarget;
           ldp:membershipResource <http://localhost:8983/fedora/rest/anno/4868a41a-c960-471d-b4a7-20bde1905dac> .
    headers:
      User-Agent:
      - Faraday v0.9.0
      Content-Type:
      - application/x-turtle
      Slug:
      - t
      Accept-Encoding:
      - gzip;q=1.0,deflate;q=0.6,identity;q=0.3
      Accept:
      - "*/*"
  response:
    status:
      code: 201
      message: Created
    headers:
      Etag:
      - "\"6b76c8d209119d7cde65681b067fd82059c88950\""
      Last-Modified:
      - Fri, 31 Oct 2014 17:20:54 GMT
      Content-Length:
      - '77'
      Location:
      - http://localhost:8983/fedora/rest/anno/4868a41a-c960-471d-b4a7-20bde1905dac/t
      Content-Type:
      - text/plain
    body:
      encoding: UTF-8
      string: http://localhost:8983/fedora/rest/anno/4868a41a-c960-471d-b4a7-20bde1905dac/t
    http_version: 
  recorded_at: Fri, 31 Oct 2014 17:20:54 GMT
- request:
    method: post
    uri: http://localhost:8983/fedora/rest/anno/4868a41a-c960-471d-b4a7-20bde1905dac/t
    body:
      encoding: UTF-8
      string: |
        @prefix triannon: <http://triannon.stanford.edu/ns/> .

        <> triannon:externalReference <http://purl.stanford.edu/kq131cs7229> .
    headers:
      User-Agent:
      - Faraday v0.9.0
      Content-Type:
      - application/x-turtle
      Accept-Encoding:
      - gzip;q=1.0,deflate;q=0.6,identity;q=0.3
      Accept:
      - "*/*"
  response:
    status:
      code: 201
      message: Created
    headers:
      Etag:
      - "\"b98c6580acbff416522d7f137941306d0212e341\""
      Last-Modified:
      - Fri, 31 Oct 2014 17:20:54 GMT
      Content-Length:
      - '114'
      Location:
      - http://localhost:8983/fedora/rest/anno/4868a41a-c960-471d-b4a7-20bde1905dac/t/84fc7bd3-55a6-4691-9ce6-c8940c029242
      Content-Type:
      - text/plain
    body:
      encoding: UTF-8
      string: http://localhost:8983/fedora/rest/anno/4868a41a-c960-471d-b4a7-20bde1905dac/t/84fc7bd3-55a6-4691-9ce6-c8940c029242
    http_version: 
  recorded_at: Fri, 31 Oct 2014 17:20:54 GMT
- request:
    method: get
    uri: http://localhost:8983/fedora/rest/anno/4868a41a-c960-471d-b4a7-20bde1905dac
    body:
      encoding: US-ASCII
      string: ''
    headers:
      User-Agent:
      - Faraday v0.9.0
      Accept:
      - application/x-turtle
      Accept-Encoding:
      - gzip;q=1.0,deflate;q=0.6,identity;q=0.3
  response:
    status:
      code: 200
      message: OK
    headers:
      Etag:
      - "\"08fa83b0ad8a41de5eed5047d5fc0b9b0038564e\""
      Last-Modified:
      - Fri, 31 Oct 2014 17:20:54 GMT
      Link:
      - "<http://www.w3.org/ns/ldp#DirectContainer>;rel=\"type\""
      - "<http://www.w3.org/ns/ldp#Resource>;rel=\"type\""
      Accept-Patch:
      - application/sparql-update
      Accept-Post:
      - text/turtle,text/rdf+n3,application/n3,text/n3,application/rdf+xml,application/n-triples,multipart/form-data,application/sparql-update
      Allow:
      - MOVE,COPY,DELETE,POST,HEAD,GET,PUT,PATCH,OPTIONS
      Vary:
      - Accept, Range, Accept-Encoding, Accept-Language
      Content-Length:
      - '4582'
      Content-Type:
      - application/x-turtle
    body:
      encoding: UTF-8
      string: "@prefix dc: <http://purl.org/dc/elements/1.1/> .\n@prefix nt: <http://www.jcp.org/jcr/nt/1.0>
        .\n@prefix openannotation: <http://www.w3.org/ns/oa#> .\n@prefix foaf: <http://xmlns.com/foaf/0.1/>
        .\n@prefix fcrepo: <http://fedora.info/definitions/v4/repository#> .\n@prefix
        test: <info:fedora/test/> .\n@prefix fedoraconfig: <http://fedora.info/definitions/v4/config#>
        .\n@prefix dcmitype: <http://purl.org/dc/dcmitype/> .\n@prefix image: <http://www.modeshape.org/images/1.0>
        .\n@prefix xs: <http://www.w3.org/2001/XMLSchema> .\n@prefix xml: <http://www.w3.org/XML/1998/namespace>
        .\n@prefix fedorarelsext: <http://fedora.info/definitions/v4/rels-ext#> .\n@prefix
        mix: <http://www.jcp.org/jcr/mix/1.0> .\n@prefix premis: <http://www.loc.gov/premis/rdf/v1#>
        .\n@prefix mode: <http://www.modeshape.org/1.0> .\n@prefix content: <http://www.w3.org/2011/content#>
        .\n@prefix rdfs: <http://www.w3.org/2000/01/rdf-schema#> .\n@prefix rdf: <http://www.w3.org/1999/02/22-rdf-syntax-ns#>
        .\n@prefix sv: <http://www.jcp.org/jcr/sv/1.0> .\n@prefix triannon: <http://triannon.stanford.edu/ns/>
        .\n@prefix xsi: <http://www.w3.org/2001/XMLSchema-instance> .\n@prefix fedora:
        <http://fedora.info/definitions/v4/rest-api#> .\n@prefix ldp: <http://www.w3.org/ns/ldp#>
        .\n\n\n<http://localhost:8983/fedora/rest/anno/4868a41a-c960-471d-b4a7-20bde1905dac>
        ldp:membershipResource <http://localhost:8983/fedora/rest/anno/4868a41a-c960-471d-b4a7-20bde1905dac>
        ;\n\tldp:hasMemberRelation ldp:member ;\n\ta ldp:Container , ldp:DirectContainer
        , ldp:RDFSource ;\n\tldp:member <http://localhost:8983/fedora/rest/anno/4868a41a-c960-471d-b4a7-20bde1905dac/b>
        , <http://localhost:8983/fedora/rest/anno/4868a41a-c960-471d-b4a7-20bde1905dac/t>
        ;\n\topenannotation:hasTarget <http://localhost:8983/fedora/rest/anno/4868a41a-c960-471d-b4a7-20bde1905dac/t/84fc7bd3-55a6-4691-9ce6-c8940c029242>
        ;\n\topenannotation:hasBody <http://localhost:8983/fedora/rest/anno/4868a41a-c960-471d-b4a7-20bde1905dac/b/5bb05e27-caed-464c-b13a-1aee6b518db0>
        , <http://localhost:8983/fedora/rest/anno/4868a41a-c960-471d-b4a7-20bde1905dac/b/3ac81ffe-2d87-4a49-9f1f-e9f94317e604>
        ;\n\tldp:contains <http://localhost:8983/fedora/rest/anno/4868a41a-c960-471d-b4a7-20bde1905dac/b>
        , <http://localhost:8983/fedora/rest/anno/4868a41a-c960-471d-b4a7-20bde1905dac/t>
        ;\n\tfcrepo:hasParent <http://localhost:8983/fedora/rest/anno> .\n\n<http://localhost:8983/fedora/rest/anno/4868a41a-c960-471d-b4a7-20bde1905dac/t>
        ldp:membershipResource <http://localhost:8983/fedora/rest/anno/4868a41a-c960-471d-b4a7-20bde1905dac>
        .\n\n<http://localhost:8983/fedora/rest/anno/4868a41a-c960-471d-b4a7-20bde1905dac/b>
        ldp:membershipResource <http://localhost:8983/fedora/rest/anno/4868a41a-c960-471d-b4a7-20bde1905dac>
        .\n\n<http://localhost:8983/fedora/rest/anno/4868a41a-c960-471d-b4a7-20bde1905dac>
        fedora:writable \"true\"^^<http://www.w3.org/2001/XMLSchema#boolean> .\n\n<http://localhost:8983/fedora/rest/anno/4868a41a-c960-471d-b4a7-20bde1905dac/fcr:export?format=jcr/xml>
        dc:format <http://fedora.info/definitions/v4/repository#jcr/xml> .\n\n<http://fedora.info/definitions/v4/repository#jcr/xml>
        rdfs:label \"jcr/xml\"^^<http://www.w3.org/2001/XMLSchema#string> .\n\n<http://localhost:8983/fedora/rest/anno/4868a41a-c960-471d-b4a7-20bde1905dac>
        fedora:exportsAs <http://localhost:8983/fedora/rest/anno/4868a41a-c960-471d-b4a7-20bde1905dac/fcr:export?format=jcr/xml>
        ;\n\ta <http://www.jcp.org/jcr/nt/1.0folder> , <http://www.jcp.org/jcr/nt/1.0hierarchyNode>
        , <http://www.jcp.org/jcr/nt/1.0base> , <http://www.jcp.org/jcr/mix/1.0created>
        , fedora:resource , fedora:object , openannotation:Annotation , fedora:relations
        , <http://www.jcp.org/jcr/mix/1.0created> , <http://www.jcp.org/jcr/mix/1.0lastModified>
        , <http://www.jcp.org/jcr/mix/1.0referenceable> , fedora:DublinCoreDescribable
        , fedora:resource , ldp:Container ;\n\tfcrepo:primaryType \"nt:folder\"^^<http://www.w3.org/2001/XMLSchema#string>
        ;\n\topenannotation:motivatedBy openannotation:commenting ;\n\tfcrepo:created
        \"2014-10-31T17:20:54.385Z\"^^<http://www.w3.org/2001/XMLSchema#dateTime>
        ;\n\tfcrepo:lastModified \"2014-10-31T17:20:54.513Z\"^^<http://www.w3.org/2001/XMLSchema#dateTime>
        ;\n\tfcrepo:mixinTypes \"fedora:resource\"^^<http://www.w3.org/2001/XMLSchema#string>
        , \"fedora:object\"^^<http://www.w3.org/2001/XMLSchema#string> , \"openannotation:Annotation\"^^<http://www.w3.org/2001/XMLSchema#string>
        ;\n\tfcrepo:lastModifiedBy \"bypassAdmin\"^^<http://www.w3.org/2001/XMLSchema#string>
        ;\n\tfcrepo:uuid \"51c6b68f-8fc5-4298-bff8-cb79950218c7\"^^<http://www.w3.org/2001/XMLSchema#string>
        ;\n\tfcrepo:createdBy \"bypassAdmin\"^^<http://www.w3.org/2001/XMLSchema#string>
        .\n"
    http_version: 
  recorded_at: Fri, 31 Oct 2014 17:20:54 GMT
- request:
    method: get
    uri: http://localhost:8983/fedora/rest/anno/4868a41a-c960-471d-b4a7-20bde1905dac/b/5bb05e27-caed-464c-b13a-1aee6b518db0
    body:
      encoding: US-ASCII
      string: ''
    headers:
      User-Agent:
      - Faraday v0.9.0
      Accept:
      - application/x-turtle
      Accept-Encoding:
      - gzip;q=1.0,deflate;q=0.6,identity;q=0.3
  response:
    status:
      code: 200
      message: OK
    headers:
      Etag:
      - "\"4597e5ff4016095ae89842cc096e8fd540f46ea4\""
      Last-Modified:
      - Fri, 31 Oct 2014 17:20:54 GMT
      Link:
      - "<http://www.w3.org/ns/ldp#DirectContainer>;rel=\"type\""
      - "<http://www.w3.org/ns/ldp#Resource>;rel=\"type\""
      Accept-Patch:
      - application/sparql-update
      Accept-Post:
      - text/turtle,text/rdf+n3,application/n3,text/n3,application/rdf+xml,application/n-triples,multipart/form-data,application/sparql-update
      Allow:
      - MOVE,COPY,DELETE,POST,HEAD,GET,PUT,PATCH,OPTIONS
      Vary:
      - Accept, Range, Accept-Encoding, Accept-Language
      Content-Length:
      - '3814'
      Content-Type:
      - application/x-turtle
    body:
      encoding: UTF-8
      string: "@prefix dc: <http://purl.org/dc/elements/1.1/> .\n@prefix nt: <http://www.jcp.org/jcr/nt/1.0>
        .\n@prefix openannotation: <http://www.w3.org/ns/oa#> .\n@prefix foaf: <http://xmlns.com/foaf/0.1/>
        .\n@prefix fcrepo: <http://fedora.info/definitions/v4/repository#> .\n@prefix
        test: <info:fedora/test/> .\n@prefix fedoraconfig: <http://fedora.info/definitions/v4/config#>
        .\n@prefix dcmitype: <http://purl.org/dc/dcmitype/> .\n@prefix image: <http://www.modeshape.org/images/1.0>
        .\n@prefix xs: <http://www.w3.org/2001/XMLSchema> .\n@prefix xml: <http://www.w3.org/XML/1998/namespace>
        .\n@prefix fedorarelsext: <http://fedora.info/definitions/v4/rels-ext#> .\n@prefix
        mix: <http://www.jcp.org/jcr/mix/1.0> .\n@prefix premis: <http://www.loc.gov/premis/rdf/v1#>
        .\n@prefix mode: <http://www.modeshape.org/1.0> .\n@prefix content: <http://www.w3.org/2011/content#>
        .\n@prefix rdfs: <http://www.w3.org/2000/01/rdf-schema#> .\n@prefix rdf: <http://www.w3.org/1999/02/22-rdf-syntax-ns#>
        .\n@prefix sv: <http://www.jcp.org/jcr/sv/1.0> .\n@prefix triannon: <http://triannon.stanford.edu/ns/>
        .\n@prefix xsi: <http://www.w3.org/2001/XMLSchema-instance> .\n@prefix fedora:
        <http://fedora.info/definitions/v4/rest-api#> .\n@prefix ldp: <http://www.w3.org/ns/ldp#>
        .\n\n\n<http://localhost:8983/fedora/rest/anno/4868a41a-c960-471d-b4a7-20bde1905dac/b/5bb05e27-caed-464c-b13a-1aee6b518db0>
        ldp:hasMemberRelation ldp:member ;\n\tldp:membershipResource <http://localhost:8983/fedora/rest/anno/4868a41a-c960-471d-b4a7-20bde1905dac/b/5bb05e27-caed-464c-b13a-1aee6b518db0>
        ;\n\ta ldp:Container , ldp:DirectContainer , ldp:RDFSource ;\n\tfcrepo:hasParent
        <http://localhost:8983/fedora/rest/anno/4868a41a-c960-471d-b4a7-20bde1905dac/b>
        ;\n\tfedora:writable \"true\"^^<http://www.w3.org/2001/XMLSchema#boolean>
        .\n\n<http://localhost:8983/fedora/rest/anno/4868a41a-c960-471d-b4a7-20bde1905dac/b/5bb05e27-caed-464c-b13a-1aee6b518db0/fcr:export?format=jcr/xml>
        dc:format <http://fedora.info/definitions/v4/repository#jcr/xml> .\n\n<http://localhost:8983/fedora/rest/anno/4868a41a-c960-471d-b4a7-20bde1905dac/b/5bb05e27-caed-464c-b13a-1aee6b518db0>
        fedora:exportsAs <http://localhost:8983/fedora/rest/anno/4868a41a-c960-471d-b4a7-20bde1905dac/b/5bb05e27-caed-464c-b13a-1aee6b518db0/fcr:export?format=jcr/xml>
        .\n\n<http://fedora.info/definitions/v4/repository#jcr/xml> rdfs:label \"jcr/xml\"^^<http://www.w3.org/2001/XMLSchema#string>
        .\n\n<http://localhost:8983/fedora/rest/anno/4868a41a-c960-471d-b4a7-20bde1905dac/b/5bb05e27-caed-464c-b13a-1aee6b518db0>
        a <http://www.jcp.org/jcr/nt/1.0folder> , <http://www.jcp.org/jcr/nt/1.0hierarchyNode>
        , <http://www.jcp.org/jcr/nt/1.0base> , <http://www.jcp.org/jcr/mix/1.0created>
        , fedora:resource , dcmitype:Text , fedora:object , content:ContentAsText
        , fedora:relations , <http://www.jcp.org/jcr/mix/1.0created> , <http://www.jcp.org/jcr/mix/1.0lastModified>
        , <http://www.jcp.org/jcr/mix/1.0referenceable> , fedora:DublinCoreDescribable
        , fedora:resource , ldp:Container ;\n\tfcrepo:primaryType \"nt:folder\"^^<http://www.w3.org/2001/XMLSchema#string>
        ;\n\tcontent:chars \"I love this!\"^^<http://www.w3.org/2001/XMLSchema#string>
        ;\n\tfcrepo:created \"2014-10-31T17:20:54.449Z\"^^<http://www.w3.org/2001/XMLSchema#dateTime>
        ;\n\tfcrepo:lastModified \"2014-10-31T17:20:54.449Z\"^^<http://www.w3.org/2001/XMLSchema#dateTime>
        ;\n\tfcrepo:mixinTypes \"fedora:resource\"^^<http://www.w3.org/2001/XMLSchema#string>
        , \"dcmitype:Text\"^^<http://www.w3.org/2001/XMLSchema#string> , \"fedora:object\"^^<http://www.w3.org/2001/XMLSchema#string>
        , \"content:ContentAsText\"^^<http://www.w3.org/2001/XMLSchema#string> ;\n\tfcrepo:lastModifiedBy
        \"bypassAdmin\"^^<http://www.w3.org/2001/XMLSchema#string> ;\n\tfcrepo:uuid
        \"cad044ae-98dd-451b-9f28-a8edfaeb4924\"^^<http://www.w3.org/2001/XMLSchema#string>
        ;\n\tfcrepo:createdBy \"bypassAdmin\"^^<http://www.w3.org/2001/XMLSchema#string>
        .\n"
    http_version: 
  recorded_at: Fri, 31 Oct 2014 17:20:54 GMT
- request:
    method: get
    uri: http://localhost:8983/fedora/rest/anno/4868a41a-c960-471d-b4a7-20bde1905dac/b/3ac81ffe-2d87-4a49-9f1f-e9f94317e604
    body:
      encoding: US-ASCII
      string: ''
    headers:
      User-Agent:
      - Faraday v0.9.0
      Accept:
      - application/x-turtle
      Accept-Encoding:
      - gzip;q=1.0,deflate;q=0.6,identity;q=0.3
  response:
    status:
      code: 200
      message: OK
    headers:
      Etag:
      - "\"677bd4a575c384285b94ec1a3bcc5cf6fc9181ed\""
      Last-Modified:
      - Fri, 31 Oct 2014 17:20:54 GMT
      Link:
      - "<http://www.w3.org/ns/ldp#DirectContainer>;rel=\"type\""
      - "<http://www.w3.org/ns/ldp#Resource>;rel=\"type\""
      Accept-Patch:
      - application/sparql-update
      Accept-Post:
      - text/turtle,text/rdf+n3,application/n3,text/n3,application/rdf+xml,application/n-triples,multipart/form-data,application/sparql-update
      Allow:
      - MOVE,COPY,DELETE,POST,HEAD,GET,PUT,PATCH,OPTIONS
      Vary:
      - Accept, Range, Accept-Encoding, Accept-Language
      Content-Length:
      - '3697'
      Content-Type:
      - application/x-turtle
    body:
      encoding: UTF-8
      string: "@prefix dc: <http://purl.org/dc/elements/1.1/> .\n@prefix nt: <http://www.jcp.org/jcr/nt/1.0>
        .\n@prefix openannotation: <http://www.w3.org/ns/oa#> .\n@prefix foaf: <http://xmlns.com/foaf/0.1/>
        .\n@prefix fcrepo: <http://fedora.info/definitions/v4/repository#> .\n@prefix
        test: <info:fedora/test/> .\n@prefix fedoraconfig: <http://fedora.info/definitions/v4/config#>
        .\n@prefix dcmitype: <http://purl.org/dc/dcmitype/> .\n@prefix image: <http://www.modeshape.org/images/1.0>
        .\n@prefix xs: <http://www.w3.org/2001/XMLSchema> .\n@prefix xml: <http://www.w3.org/XML/1998/namespace>
        .\n@prefix fedorarelsext: <http://fedora.info/definitions/v4/rels-ext#> .\n@prefix
        mix: <http://www.jcp.org/jcr/mix/1.0> .\n@prefix premis: <http://www.loc.gov/premis/rdf/v1#>
        .\n@prefix mode: <http://www.modeshape.org/1.0> .\n@prefix content: <http://www.w3.org/2011/content#>
        .\n@prefix rdfs: <http://www.w3.org/2000/01/rdf-schema#> .\n@prefix rdf: <http://www.w3.org/1999/02/22-rdf-syntax-ns#>
        .\n@prefix sv: <http://www.jcp.org/jcr/sv/1.0> .\n@prefix triannon: <http://triannon.stanford.edu/ns/>
        .\n@prefix xsi: <http://www.w3.org/2001/XMLSchema-instance> .\n@prefix fedora:
        <http://fedora.info/definitions/v4/rest-api#> .\n@prefix ldp: <http://www.w3.org/ns/ldp#>
        .\n\n\n<http://localhost:8983/fedora/rest/anno/4868a41a-c960-471d-b4a7-20bde1905dac/b/3ac81ffe-2d87-4a49-9f1f-e9f94317e604>
        ldp:hasMemberRelation ldp:member ;\n\tldp:membershipResource <http://localhost:8983/fedora/rest/anno/4868a41a-c960-471d-b4a7-20bde1905dac/b/3ac81ffe-2d87-4a49-9f1f-e9f94317e604>
        ;\n\ta ldp:Container , ldp:DirectContainer , ldp:RDFSource ;\n\tfcrepo:hasParent
        <http://localhost:8983/fedora/rest/anno/4868a41a-c960-471d-b4a7-20bde1905dac/b>
        ;\n\tfedora:writable \"true\"^^<http://www.w3.org/2001/XMLSchema#boolean>
        ;\n\tfedora:exportsAs <http://localhost:8983/fedora/rest/anno/4868a41a-c960-471d-b4a7-20bde1905dac/b/3ac81ffe-2d87-4a49-9f1f-e9f94317e604/fcr:export?format=jcr/xml>
        .\n\n<http://localhost:8983/fedora/rest/anno/4868a41a-c960-471d-b4a7-20bde1905dac/b/3ac81ffe-2d87-4a49-9f1f-e9f94317e604/fcr:export?format=jcr/xml>
        dc:format <http://fedora.info/definitions/v4/repository#jcr/xml> .\n\n<http://fedora.info/definitions/v4/repository#jcr/xml>
        rdfs:label \"jcr/xml\"^^<http://www.w3.org/2001/XMLSchema#string> .\n\n<http://localhost:8983/fedora/rest/anno/4868a41a-c960-471d-b4a7-20bde1905dac/b/3ac81ffe-2d87-4a49-9f1f-e9f94317e604>
        a <http://www.jcp.org/jcr/nt/1.0folder> , <http://www.jcp.org/jcr/nt/1.0hierarchyNode>
        , <http://www.jcp.org/jcr/nt/1.0base> , <http://www.jcp.org/jcr/mix/1.0created>
        , fedora:resource , dcmitype:Text , fedora:object , content:ContentAsText
        , fedora:relations , <http://www.jcp.org/jcr/mix/1.0created> , <http://www.jcp.org/jcr/mix/1.0lastModified>
        , <http://www.jcp.org/jcr/mix/1.0referenceable> , fedora:DublinCoreDescribable
        , fedora:resource , ldp:Container ;\n\tfcrepo:primaryType \"nt:folder\"^^<http://www.w3.org/2001/XMLSchema#string>
        ;\n\tcontent:chars \"I hate this!\"^^<http://www.w3.org/2001/XMLSchema#string>
        ;\n\tfcrepo:created \"2014-10-31T17:20:54.484Z\"^^<http://www.w3.org/2001/XMLSchema#dateTime>
        ;\n\tfcrepo:lastModified \"2014-10-31T17:20:54.484Z\"^^<http://www.w3.org/2001/XMLSchema#dateTime>
        ;\n\tfcrepo:mixinTypes \"fedora:resource\"^^<http://www.w3.org/2001/XMLSchema#string>
        , \"dcmitype:Text\"^^<http://www.w3.org/2001/XMLSchema#string> , \"fedora:object\"^^<http://www.w3.org/2001/XMLSchema#string>
        , \"content:ContentAsText\"^^<http://www.w3.org/2001/XMLSchema#string> ;\n\tfcrepo:lastModifiedBy
        \"bypassAdmin\"^^<http://www.w3.org/2001/XMLSchema#string> ;\n\tfcrepo:uuid
        \"26ac0ae3-35b1-4650-9d89-5492b4410e6d\"^^<http://www.w3.org/2001/XMLSchema#string>
        ;\n\tfcrepo:createdBy \"bypassAdmin\"^^<http://www.w3.org/2001/XMLSchema#string>
        .\n"
    http_version: 
  recorded_at: Fri, 31 Oct 2014 17:20:54 GMT
- request:
    method: get
    uri: http://localhost:8983/fedora/rest/anno/4868a41a-c960-471d-b4a7-20bde1905dac/t/84fc7bd3-55a6-4691-9ce6-c8940c029242
    body:
      encoding: US-ASCII
      string: ''
    headers:
      User-Agent:
      - Faraday v0.9.0
      Accept:
      - application/x-turtle
      Accept-Encoding:
      - gzip;q=1.0,deflate;q=0.6,identity;q=0.3
  response:
    status:
      code: 200
      message: OK
    headers:
      Etag:
      - "\"b98c6580acbff416522d7f137941306d0212e341\""
      Last-Modified:
      - Fri, 31 Oct 2014 17:20:54 GMT
      Link:
      - "<http://www.w3.org/ns/ldp#DirectContainer>;rel=\"type\""
      - "<http://www.w3.org/ns/ldp#Resource>;rel=\"type\""
      Accept-Patch:
      - application/sparql-update
      Accept-Post:
      - text/turtle,text/rdf+n3,application/n3,text/n3,application/rdf+xml,application/n-triples,multipart/form-data,application/sparql-update
      Allow:
      - MOVE,COPY,DELETE,POST,HEAD,GET,PUT,PATCH,OPTIONS
      Vary:
      - Accept, Range, Accept-Encoding, Accept-Language
      Content-Length:
      - '3519'
      Content-Type:
      - application/x-turtle
    body:
      encoding: UTF-8
      string: "@prefix dc: <http://purl.org/dc/elements/1.1/> .\n@prefix nt: <http://www.jcp.org/jcr/nt/1.0>
        .\n@prefix openannotation: <http://www.w3.org/ns/oa#> .\n@prefix foaf: <http://xmlns.com/foaf/0.1/>
        .\n@prefix fcrepo: <http://fedora.info/definitions/v4/repository#> .\n@prefix
        test: <info:fedora/test/> .\n@prefix fedoraconfig: <http://fedora.info/definitions/v4/config#>
        .\n@prefix dcmitype: <http://purl.org/dc/dcmitype/> .\n@prefix image: <http://www.modeshape.org/images/1.0>
        .\n@prefix xs: <http://www.w3.org/2001/XMLSchema> .\n@prefix xml: <http://www.w3.org/XML/1998/namespace>
        .\n@prefix fedorarelsext: <http://fedora.info/definitions/v4/rels-ext#> .\n@prefix
        mix: <http://www.jcp.org/jcr/mix/1.0> .\n@prefix premis: <http://www.loc.gov/premis/rdf/v1#>
        .\n@prefix mode: <http://www.modeshape.org/1.0> .\n@prefix content: <http://www.w3.org/2011/content#>
        .\n@prefix rdfs: <http://www.w3.org/2000/01/rdf-schema#> .\n@prefix rdf: <http://www.w3.org/1999/02/22-rdf-syntax-ns#>
        .\n@prefix sv: <http://www.jcp.org/jcr/sv/1.0> .\n@prefix triannon: <http://triannon.stanford.edu/ns/>
        .\n@prefix xsi: <http://www.w3.org/2001/XMLSchema-instance> .\n@prefix fedora:
        <http://fedora.info/definitions/v4/rest-api#> .\n@prefix ldp: <http://www.w3.org/ns/ldp#>
        .\n\n\n<http://localhost:8983/fedora/rest/anno/4868a41a-c960-471d-b4a7-20bde1905dac/t/84fc7bd3-55a6-4691-9ce6-c8940c029242>
        ldp:membershipResource <http://localhost:8983/fedora/rest/anno/4868a41a-c960-471d-b4a7-20bde1905dac/t/84fc7bd3-55a6-4691-9ce6-c8940c029242>
        ;\n\tldp:hasMemberRelation ldp:member ;\n\ta ldp:Container , ldp:DirectContainer
        , ldp:RDFSource ;\n\tfcrepo:hasParent <http://localhost:8983/fedora/rest/anno/4868a41a-c960-471d-b4a7-20bde1905dac/t>
        ;\n\tfedora:writable \"true\"^^<http://www.w3.org/2001/XMLSchema#boolean>
        ;\n\tfedora:exportsAs <http://localhost:8983/fedora/rest/anno/4868a41a-c960-471d-b4a7-20bde1905dac/t/84fc7bd3-55a6-4691-9ce6-c8940c029242/fcr:export?format=jcr/xml>
        .\n\n<http://localhost:8983/fedora/rest/anno/4868a41a-c960-471d-b4a7-20bde1905dac/t/84fc7bd3-55a6-4691-9ce6-c8940c029242/fcr:export?format=jcr/xml>
        dc:format <http://fedora.info/definitions/v4/repository#jcr/xml> .\n\n<http://fedora.info/definitions/v4/repository#jcr/xml>
        rdfs:label \"jcr/xml\"^^<http://www.w3.org/2001/XMLSchema#string> .\n\n<http://localhost:8983/fedora/rest/anno/4868a41a-c960-471d-b4a7-20bde1905dac/t/84fc7bd3-55a6-4691-9ce6-c8940c029242>
        a <http://www.jcp.org/jcr/nt/1.0folder> , <http://www.jcp.org/jcr/nt/1.0hierarchyNode>
        , <http://www.jcp.org/jcr/nt/1.0base> , <http://www.jcp.org/jcr/mix/1.0created>
        , fedora:resource , fedora:object , fedora:relations , <http://www.jcp.org/jcr/mix/1.0created>
        , <http://www.jcp.org/jcr/mix/1.0lastModified> , <http://www.jcp.org/jcr/mix/1.0referenceable>
        , fedora:DublinCoreDescribable , fedora:resource , ldp:Container ;\n\tfcrepo:primaryType
        \"nt:folder\"^^<http://www.w3.org/2001/XMLSchema#string> ;\n\tfcrepo:created
        \"2014-10-31T17:20:54.54Z\"^^<http://www.w3.org/2001/XMLSchema#dateTime> ;\n\tfcrepo:lastModified
        \"2014-10-31T17:20:54.54Z\"^^<http://www.w3.org/2001/XMLSchema#dateTime> ;\n\ttriannon:externalReference
        <http://purl.stanford.edu/kq131cs7229> ;\n\tfcrepo:mixinTypes \"fedora:resource\"^^<http://www.w3.org/2001/XMLSchema#string>
        , \"fedora:object\"^^<http://www.w3.org/2001/XMLSchema#string> ;\n\tfcrepo:lastModifiedBy
        \"bypassAdmin\"^^<http://www.w3.org/2001/XMLSchema#string> ;\n\tfcrepo:uuid
        \"420e7e78-eea2-45f6-b874-08a7421639f0\"^^<http://www.w3.org/2001/XMLSchema#string>
        ;\n\tfcrepo:createdBy \"bypassAdmin\"^^<http://www.w3.org/2001/XMLSchema#string>
        .\n"
    http_version: 
  recorded_at: Fri, 31 Oct 2014 17:20:54 GMT
recorded_with: VCR 2.9.3
