---
http_interactions:
- request:
    method: head
    uri: http://localhost:8983/fedora/rest/anno/annomodelspecs
    body:
      encoding: US-ASCII
      string: ''
    headers:
      User-Agent:
      - Faraday v0.9.1
      Accept:
      - "*/*"
  response:
    status:
      code: 200
      message: OK
    headers:
      Etag:
      - '"303aee44066b00db0577119769c78ae4a211989b"'
      Last-Modified:
      - Tue, 23 Jun 2015 21:00:47 GMT
      Link:
      - <http://www.w3.org/ns/ldp#BasicContainer>;rel="type"
      - <http://www.w3.org/ns/ldp#Container>;rel="type"
      - <http://www.w3.org/ns/ldp#Resource>;rel="type"
      Accept-Patch:
      - application/sparql-update
      Accept-Post:
      - text/turtle,text/rdf+n3,text/n3,application/rdf+xml,application/n-triples,multipart/form-data,application/sparql-update
      Allow:
      - MOVE,COPY,DELETE,POST,HEAD,GET,PUT,PATCH,OPTIONS
      Content-Type:
      - text/tab-separated-values
      Content-Length:
      - '0'
    body:
      encoding: UTF-8
      string: ''
    http_version: 
  recorded_at: Tue, 23 Jun 2015 21:00:47 GMT
- request:
    method: post
    uri: http://localhost:8983/fedora/rest/anno/annomodelspecs
    body:
      encoding: UTF-8
      string: |
        @prefix ldp: <http://www.w3.org/ns/ldp#> .
        @prefix oa: <http://www.w3.org/ns/oa#> .
        @prefix rdf: <http://www.w3.org/1999/02/22-rdf-syntax-ns#> .

        <> a oa:Annotation,
             ldp:BasicContainer;
           oa:motivatedBy oa:bookmarking .
    headers:
      User-Agent:
      - Faraday v0.9.1
      Prefer:
      - return=respresentation; omit="http://fedora.info/definitions/v4/repository#ServerManaged"
      Content-Type:
      - application/x-turtle
      Accept-Encoding:
      - gzip;q=1.0,deflate;q=0.6,identity;q=0.3
      Accept:
      - "*/*"
  response:
    status:
      code: 201
      message: Created
    headers:
      Etag:
      - '"010ffa6c7438443004eadaca144e9fcce9a8bca1"'
      Last-Modified:
      - Tue, 23 Jun 2015 21:00:47 GMT
      Content-Length:
      - '102'
      Location:
      - http://localhost:8983/fedora/rest/anno/annomodelspecs/09/4d/3c/ff/094d3cff-ab2f-4718-8000-dbce2635d878
      Content-Type:
      - text/plain
    body:
      encoding: UTF-8
      string: http://localhost:8983/fedora/rest/anno/annomodelspecs/09/4d/3c/ff/094d3cff-ab2f-4718-8000-dbce2635d878
    http_version: 
  recorded_at: Tue, 23 Jun 2015 21:00:47 GMT
- request:
    method: post
    uri: http://localhost:8983/fedora/rest/anno/annomodelspecs/09/4d/3c/ff/094d3cff-ab2f-4718-8000-dbce2635d878
    body:
      encoding: UTF-8
      string: |
        @prefix ldp: <http://www.w3.org/ns/ldp#> .
        @prefix oa: <http://www.w3.org/ns/oa#> .
        @prefix rdf: <http://www.w3.org/1999/02/22-rdf-syntax-ns#> .

        <> a ldp:DirectContainer;
           ldp:hasMemberRelation oa:hasTarget;
           ldp:membershipResource <http://localhost:8983/fedora/rest/anno/annomodelspecs/09/4d/3c/ff/094d3cff-ab2f-4718-8000-dbce2635d878> .
    headers:
      User-Agent:
      - Faraday v0.9.1
      Prefer:
      - return=respresentation; omit="http://fedora.info/definitions/v4/repository#ServerManaged"
      Content-Type:
      - application/x-turtle
      Slug:
      - t
      Accept-Encoding:
      - gzip;q=1.0,deflate;q=0.6,identity;q=0.3
      Accept:
      - "*/*"
  response:
    status:
      code: 201
      message: Created
    headers:
      Etag:
      - '"5dd7109d880204cc4e059f7a53b747ac69d7583b"'
      Last-Modified:
      - Tue, 23 Jun 2015 21:00:47 GMT
      Content-Length:
      - '104'
      Location:
      - http://localhost:8983/fedora/rest/anno/annomodelspecs/09/4d/3c/ff/094d3cff-ab2f-4718-8000-dbce2635d878/t
      Content-Type:
      - text/plain
    body:
      encoding: UTF-8
      string: http://localhost:8983/fedora/rest/anno/annomodelspecs/09/4d/3c/ff/094d3cff-ab2f-4718-8000-dbce2635d878/t
    http_version: 
  recorded_at: Tue, 23 Jun 2015 21:00:47 GMT
- request:
    method: post
    uri: http://localhost:8983/fedora/rest/anno/annomodelspecs/09/4d/3c/ff/094d3cff-ab2f-4718-8000-dbce2635d878/t
    body:
      encoding: UTF-8
      string: |
        @prefix ldp: <http://www.w3.org/ns/ldp#> .
        @prefix rdf: <http://www.w3.org/1999/02/22-rdf-syntax-ns#> .
        @prefix triannon: <http://triannon.stanford.edu/ns/> .

        <> a ldp:BasicContainer;
           triannon:externalReference <http://purl.stanford.edu/kq131cs7229> .
    headers:
      User-Agent:
      - Faraday v0.9.1
      Prefer:
      - return=respresentation; omit="http://fedora.info/definitions/v4/repository#ServerManaged"
      Content-Type:
      - application/x-turtle
      Accept-Encoding:
      - gzip;q=1.0,deflate;q=0.6,identity;q=0.3
      Accept:
      - "*/*"
  response:
    status:
      code: 201
      message: Created
    headers:
      Etag:
      - '"7ce519eb481652bcdb10906d5d9ddb5747f1a0e3"'
      Last-Modified:
      - Tue, 23 Jun 2015 21:00:47 GMT
      Content-Length:
      - '153'
      Location:
      - http://localhost:8983/fedora/rest/anno/annomodelspecs/09/4d/3c/ff/094d3cff-ab2f-4718-8000-dbce2635d878/t/98/1b/75/94/981b7594-b1fc-4a17-83c6-d2b152befd6b
      Content-Type:
      - text/plain
    body:
      encoding: UTF-8
      string: http://localhost:8983/fedora/rest/anno/annomodelspecs/09/4d/3c/ff/094d3cff-ab2f-4718-8000-dbce2635d878/t/98/1b/75/94/981b7594-b1fc-4a17-83c6-d2b152befd6b
    http_version: 
  recorded_at: Tue, 23 Jun 2015 21:00:47 GMT
- request:
    method: get
    uri: http://localhost:8983/fedora/rest/anno/annomodelspecs/09/4d/3c/ff/094d3cff-ab2f-4718-8000-dbce2635d878
    body:
      encoding: US-ASCII
      string: ''
    headers:
      User-Agent:
      - Faraday v0.9.1
      Prefer:
      - return=respresentation; omit="http://fedora.info/definitions/v4/repository#ServerManaged"
      Accept:
      - application/x-turtle
      Accept-Encoding:
      - gzip;q=1.0,deflate;q=0.6,identity;q=0.3
  response:
    status:
      code: 200
      message: OK
    headers:
      Etag:
      - '"431ca1a1fc005f790f13c3fa95090d81fbc50384"'
      Last-Modified:
      - Tue, 23 Jun 2015 21:00:47 GMT
      Link:
      - <http://www.w3.org/ns/ldp#BasicContainer>;rel="type"
      - <http://www.w3.org/ns/ldp#Container>;rel="type"
      - <http://www.w3.org/ns/ldp#Resource>;rel="type"
      Accept-Patch:
      - application/sparql-update
      Accept-Post:
      - text/turtle,text/rdf+n3,text/n3,application/rdf+xml,application/n-triples,multipart/form-data,application/sparql-update
      Allow:
      - MOVE,COPY,DELETE,POST,HEAD,GET,PUT,PATCH,OPTIONS
      Preference-Applied:
      - return=representation
      Vary:
      - Accept, Range, Accept-Encoding, Accept-Language
      - Prefer
      Content-Length:
      - '1545'
      Content-Type:
      - application/x-turtle
    body:
      encoding: UTF-8
      string: "@prefix premis: <http://www.loc.gov/premis/rdf/v1#> .\n@prefix image:
        <http://www.modeshape.org/images/1.0> .\n@prefix sv: <http://www.jcp.org/jcr/sv/1.0>
        .\n@prefix test: <info:fedora/test/> .\n@prefix nt: <http://www.jcp.org/jcr/nt/1.0>
        .\n@prefix cnt: <http://www.w3.org/2011/content#> .\n@prefix dcmitype: <http://purl.org/dc/dcmitype/>
        .\n@prefix rdfs: <http://www.w3.org/2000/01/rdf-schema#> .\n@prefix xsi: <http://www.w3.org/2001/XMLSchema-instance>
        .\n@prefix mode: <http://www.modeshape.org/1.0> .\n@prefix oa: <http://www.w3.org/ns/oa#>
        .\n@prefix triannon: <http://triannon.stanford.edu/ns/> .\n@prefix rdf: <http://www.w3.org/1999/02/22-rdf-syntax-ns#>
        .\n@prefix fedora: <http://fedora.info/definitions/v4/repository#> .\n@prefix
        xml: <http://www.w3.org/XML/1998/namespace> .\n@prefix ldp: <http://www.w3.org/ns/ldp#>
        .\n@prefix xs: <http://www.w3.org/2001/XMLSchema> .\n@prefix fedoraconfig:
        <http://fedora.info/definitions/v4/config#> .\n@prefix mix: <http://www.jcp.org/jcr/mix/1.0>
        .\n@prefix foaf: <http://xmlns.com/foaf/0.1/> .\n@prefix dc: <http://purl.org/dc/terms/>
        .\n\n\n<http://localhost:8983/fedora/rest/anno/annomodelspecs/09/4d/3c/ff/094d3cff-ab2f-4718-8000-dbce2635d878>
        a oa:Annotation , ldp:BasicContainer ;\n\toa:motivatedBy oa:bookmarking ;\n\tldp:contains
        <http://localhost:8983/fedora/rest/anno/annomodelspecs/09/4d/3c/ff/094d3cff-ab2f-4718-8000-dbce2635d878/t>
        ;\n\toa:hasTarget <http://localhost:8983/fedora/rest/anno/annomodelspecs/09/4d/3c/ff/094d3cff-ab2f-4718-8000-dbce2635d878/t/98/1b/75/94/981b7594-b1fc-4a17-83c6-d2b152befd6b>
        .\n"
    http_version: 
  recorded_at: Tue, 23 Jun 2015 21:00:47 GMT
- request:
    method: get
    uri: http://localhost:8983/fedora/rest/anno/annomodelspecs/09/4d/3c/ff/094d3cff-ab2f-4718-8000-dbce2635d878/t/98/1b/75/94/981b7594-b1fc-4a17-83c6-d2b152befd6b
    body:
      encoding: US-ASCII
      string: ''
    headers:
      User-Agent:
      - Faraday v0.9.1
      Prefer:
      - return=respresentation; omit="http://fedora.info/definitions/v4/repository#ServerManaged"
      Accept:
      - application/x-turtle
      Accept-Encoding:
      - gzip;q=1.0,deflate;q=0.6,identity;q=0.3
  response:
    status:
      code: 200
      message: OK
    headers:
      Etag:
      - '"7ce519eb481652bcdb10906d5d9ddb5747f1a0e3"'
      Last-Modified:
      - Tue, 23 Jun 2015 21:00:47 GMT
      Link:
      - <http://www.w3.org/ns/ldp#BasicContainer>;rel="type"
      - <http://www.w3.org/ns/ldp#Container>;rel="type"
      - <http://www.w3.org/ns/ldp#Resource>;rel="type"
      Accept-Patch:
      - application/sparql-update
      Accept-Post:
      - text/turtle,text/rdf+n3,text/n3,application/rdf+xml,application/n-triples,multipart/form-data,application/sparql-update
      Allow:
      - MOVE,COPY,DELETE,POST,HEAD,GET,PUT,PATCH,OPTIONS
      Preference-Applied:
      - return=representation
      Vary:
      - Accept, Range, Accept-Encoding, Accept-Language
      - Prefer
      Content-Length:
      - '1321'
      Content-Type:
      - application/x-turtle
    body:
      encoding: UTF-8
      string: "@prefix premis: <http://www.loc.gov/premis/rdf/v1#> .\n@prefix image:
        <http://www.modeshape.org/images/1.0> .\n@prefix sv: <http://www.jcp.org/jcr/sv/1.0>
        .\n@prefix test: <info:fedora/test/> .\n@prefix nt: <http://www.jcp.org/jcr/nt/1.0>
        .\n@prefix cnt: <http://www.w3.org/2011/content#> .\n@prefix dcmitype: <http://purl.org/dc/dcmitype/>
        .\n@prefix rdfs: <http://www.w3.org/2000/01/rdf-schema#> .\n@prefix xsi: <http://www.w3.org/2001/XMLSchema-instance>
        .\n@prefix mode: <http://www.modeshape.org/1.0> .\n@prefix oa: <http://www.w3.org/ns/oa#>
        .\n@prefix triannon: <http://triannon.stanford.edu/ns/> .\n@prefix rdf: <http://www.w3.org/1999/02/22-rdf-syntax-ns#>
        .\n@prefix fedora: <http://fedora.info/definitions/v4/repository#> .\n@prefix
        xml: <http://www.w3.org/XML/1998/namespace> .\n@prefix ldp: <http://www.w3.org/ns/ldp#>
        .\n@prefix xs: <http://www.w3.org/2001/XMLSchema> .\n@prefix fedoraconfig:
        <http://fedora.info/definitions/v4/config#> .\n@prefix mix: <http://www.jcp.org/jcr/mix/1.0>
        .\n@prefix foaf: <http://xmlns.com/foaf/0.1/> .\n@prefix dc: <http://purl.org/dc/terms/>
        .\n\n\n<http://localhost:8983/fedora/rest/anno/annomodelspecs/09/4d/3c/ff/094d3cff-ab2f-4718-8000-dbce2635d878/t/98/1b/75/94/981b7594-b1fc-4a17-83c6-d2b152befd6b>
        a ldp:BasicContainer ;\n\ttriannon:externalReference <http://purl.stanford.edu/kq131cs7229>
        .\n"
    http_version: 
  recorded_at: Tue, 23 Jun 2015 21:00:47 GMT
- request:
    method: post
    uri: http://localhost:8983/solr/triannon/update?wt=ruby
    body:
      encoding: UTF-8
      string: <?xml version="1.0" encoding="UTF-8"?><add commitWithin="500"><doc><field
        name="id">annomodelspecs/09/4d/3c/ff/094d3cff-ab2f-4718-8000-dbce2635d878</field><field
        name="root">annomodelspecs</field><field name="motivation">bookmarking</field><field
        name="target_url">http://purl.stanford.edu/kq131cs7229</field><field name="target_type">external_URI</field><field
        name="body_type">no_body</field><field name="anno_jsonld">{"@context":"http://www.w3.org/ns/oa-context-20130208.json","@id":"http://your.triannon-server.com/annotations/annomodelspecs/09/4d/3c/ff/094d3cff-ab2f-4718-8000-dbce2635d878","@type":"oa:Annotation","hasTarget":"http://purl.stanford.edu/kq131cs7229","motivatedBy":"oa:bookmarking"}</field></doc></add>
    headers:
      Content-Type:
      - text/xml
  response:
    status:
      code: 200
      message: OK
    headers:
      Content-Type:
      - text/plain;charset=UTF-8
      Transfer-Encoding:
      - chunked
    body:
      encoding: UTF-8
      string: |
        {'responseHeader'=>{'status'=>0,'QTime'=>2}}
    http_version: 
  recorded_at: Tue, 23 Jun 2015 21:00:47 GMT
recorded_with: VCR 2.9.3
