---
http_interactions:
- request:
    method: head
    uri: http://localhost:8983/fedora/rest/anno/specific_res_integration_specs
    body:
      encoding: US-ASCII
      string: ''
    headers:
      User-Agent:
      - Faraday v0.9.1
      Accept:
      - "*/*"
  response:
    status:
      code: 200
      message: OK
    headers:
      Etag:
      - '"e98d4b926dd0f6c2dd994ab4ffba4acfdd6a53b8"'
      Last-Modified:
      - Thu, 09 Jul 2015 22:56:05 GMT
      Link:
      - <http://www.w3.org/ns/ldp#BasicContainer>;rel="type"
      - <http://www.w3.org/ns/ldp#Container>;rel="type"
      - <http://www.w3.org/ns/ldp#Resource>;rel="type"
      Accept-Patch:
      - application/sparql-update
      Accept-Post:
      - text/turtle,text/rdf+n3,text/n3,application/rdf+xml,application/n-triples,multipart/form-data,application/sparql-update
      Allow:
      - MOVE,COPY,DELETE,POST,HEAD,GET,PUT,PATCH,OPTIONS
      Content-Type:
      - text/tab-separated-values
      Content-Length:
      - '0'
    body:
      encoding: UTF-8
      string: ''
    http_version: 
  recorded_at: Thu, 09 Jul 2015 22:56:05 GMT
- request:
    method: post
    uri: http://localhost:8983/fedora/rest/anno/specific_res_integration_specs
    body:
      encoding: UTF-8
      string: |
        @prefix ldp: <http://www.w3.org/ns/ldp#> .
        @prefix oa: <http://www.w3.org/ns/oa#> .
        @prefix rdf: <http://www.w3.org/1999/02/22-rdf-syntax-ns#> .

        <> a oa:Annotation,
             ldp:BasicContainer;
           oa:motivatedBy oa:commenting .
    headers:
      User-Agent:
      - Faraday v0.9.1
      Prefer:
      - return=respresentation; omit="http://fedora.info/definitions/v4/repository#ServerManaged"
      Content-Type:
      - application/x-turtle
      Accept-Encoding:
      - gzip;q=1.0,deflate;q=0.6,identity;q=0.3
      Accept:
      - "*/*"
  response:
    status:
      code: 201
      message: Created
    headers:
      Etag:
      - '"d25dd2f147fcadc1cfea7b099ce09f074a3cc321"'
      Last-Modified:
      - Thu, 09 Jul 2015 22:56:05 GMT
      Content-Length:
      - '118'
      Location:
      - http://localhost:8983/fedora/rest/anno/specific_res_integration_specs/4d/cd/cf/ef/4dcdcfef-1b93-4494-a4fa-88b540983525
      Content-Type:
      - text/plain
    body:
      encoding: UTF-8
      string: http://localhost:8983/fedora/rest/anno/specific_res_integration_specs/4d/cd/cf/ef/4dcdcfef-1b93-4494-a4fa-88b540983525
    http_version: 
  recorded_at: Thu, 09 Jul 2015 22:56:05 GMT
- request:
    method: post
    uri: http://localhost:8983/fedora/rest/anno/specific_res_integration_specs/4d/cd/cf/ef/4dcdcfef-1b93-4494-a4fa-88b540983525
    body:
      encoding: UTF-8
      string: |
        @prefix ldp: <http://www.w3.org/ns/ldp#> .
        @prefix oa: <http://www.w3.org/ns/oa#> .
        @prefix rdf: <http://www.w3.org/1999/02/22-rdf-syntax-ns#> .

        <> a ldp:DirectContainer;
           ldp:hasMemberRelation oa:hasBody;
           ldp:membershipResource <http://localhost:8983/fedora/rest/anno/specific_res_integration_specs/4d/cd/cf/ef/4dcdcfef-1b93-4494-a4fa-88b540983525> .
    headers:
      User-Agent:
      - Faraday v0.9.1
      Prefer:
      - return=respresentation; omit="http://fedora.info/definitions/v4/repository#ServerManaged"
      Content-Type:
      - application/x-turtle
      Slug:
      - b
      Accept-Encoding:
      - gzip;q=1.0,deflate;q=0.6,identity;q=0.3
      Accept:
      - "*/*"
  response:
    status:
      code: 201
      message: Created
    headers:
      Etag:
      - '"b9bdb20b884dabbcd0b1d137004c1919d1688177"'
      Last-Modified:
      - Thu, 09 Jul 2015 22:56:05 GMT
      Content-Length:
      - '120'
      Location:
      - http://localhost:8983/fedora/rest/anno/specific_res_integration_specs/4d/cd/cf/ef/4dcdcfef-1b93-4494-a4fa-88b540983525/b
      Content-Type:
      - text/plain
    body:
      encoding: UTF-8
      string: http://localhost:8983/fedora/rest/anno/specific_res_integration_specs/4d/cd/cf/ef/4dcdcfef-1b93-4494-a4fa-88b540983525/b
    http_version: 
  recorded_at: Thu, 09 Jul 2015 22:56:05 GMT
- request:
    method: post
    uri: http://localhost:8983/fedora/rest/anno/specific_res_integration_specs/4d/cd/cf/ef/4dcdcfef-1b93-4494-a4fa-88b540983525/b
    body:
      encoding: UTF-8
      string: |
        @prefix ldp: <http://www.w3.org/ns/ldp#> .
        @prefix oa: <http://www.w3.org/ns/oa#> .
        @prefix rdf: <http://www.w3.org/1999/02/22-rdf-syntax-ns#> .
        @prefix triannon: <http://triannon.stanford.edu/ns/> .
        @prefix xsd: <http://www.w3.org/2001/XMLSchema#> .

        <> a ldp:BasicContainer,
             oa:SpecificResource;
           oa:hasSelector [
             a oa:TextQuoteSelector;
             oa:exact "third and fourth Gospels";
             oa:prefix "manuscript which comprised the ";
             oa:suffix " and The Canonical Epistles,"
           ];
           oa:hasSource <#source> .

        <#source> triannon:externalReference <https://stacks.stanford.edu/image/kq131cs7229/kq131cs7229_05_0032_large.jpg> .
    headers:
      User-Agent:
      - Faraday v0.9.1
      Prefer:
      - return=respresentation; omit="http://fedora.info/definitions/v4/repository#ServerManaged"
      Content-Type:
      - application/x-turtle
      Accept-Encoding:
      - gzip;q=1.0,deflate;q=0.6,identity;q=0.3
      Accept:
      - "*/*"
  response:
    status:
      code: 201
      message: Created
    headers:
      Etag:
      - '"023dcbd06ab55e4959610423ee78fc9571a22398"'
      Last-Modified:
      - Thu, 09 Jul 2015 22:56:05 GMT
      Content-Length:
      - '169'
      Location:
      - http://localhost:8983/fedora/rest/anno/specific_res_integration_specs/4d/cd/cf/ef/4dcdcfef-1b93-4494-a4fa-88b540983525/b/56/1d/75/f6/561d75f6-c3c0-492b-bde7-ace031a4ab69
      Content-Type:
      - text/plain
    body:
      encoding: UTF-8
      string: http://localhost:8983/fedora/rest/anno/specific_res_integration_specs/4d/cd/cf/ef/4dcdcfef-1b93-4494-a4fa-88b540983525/b/56/1d/75/f6/561d75f6-c3c0-492b-bde7-ace031a4ab69
    http_version: 
  recorded_at: Thu, 09 Jul 2015 22:56:05 GMT
- request:
    method: post
    uri: http://localhost:8983/fedora/rest/anno/specific_res_integration_specs/4d/cd/cf/ef/4dcdcfef-1b93-4494-a4fa-88b540983525
    body:
      encoding: UTF-8
      string: |
        @prefix ldp: <http://www.w3.org/ns/ldp#> .
        @prefix oa: <http://www.w3.org/ns/oa#> .
        @prefix rdf: <http://www.w3.org/1999/02/22-rdf-syntax-ns#> .

        <> a ldp:DirectContainer;
           ldp:hasMemberRelation oa:hasTarget;
           ldp:membershipResource <http://localhost:8983/fedora/rest/anno/specific_res_integration_specs/4d/cd/cf/ef/4dcdcfef-1b93-4494-a4fa-88b540983525> .
    headers:
      User-Agent:
      - Faraday v0.9.1
      Prefer:
      - return=respresentation; omit="http://fedora.info/definitions/v4/repository#ServerManaged"
      Content-Type:
      - application/x-turtle
      Slug:
      - t
      Accept-Encoding:
      - gzip;q=1.0,deflate;q=0.6,identity;q=0.3
      Accept:
      - "*/*"
  response:
    status:
      code: 201
      message: Created
    headers:
      Etag:
      - '"f9361d562049cc954b79efff061873116c21a1db"'
      Last-Modified:
      - Thu, 09 Jul 2015 22:56:05 GMT
      Content-Length:
      - '120'
      Location:
      - http://localhost:8983/fedora/rest/anno/specific_res_integration_specs/4d/cd/cf/ef/4dcdcfef-1b93-4494-a4fa-88b540983525/t
      Content-Type:
      - text/plain
    body:
      encoding: UTF-8
      string: http://localhost:8983/fedora/rest/anno/specific_res_integration_specs/4d/cd/cf/ef/4dcdcfef-1b93-4494-a4fa-88b540983525/t
    http_version: 
  recorded_at: Thu, 09 Jul 2015 22:56:05 GMT
- request:
    method: post
    uri: http://localhost:8983/fedora/rest/anno/specific_res_integration_specs/4d/cd/cf/ef/4dcdcfef-1b93-4494-a4fa-88b540983525/t
    body:
      encoding: UTF-8
      string: |
        @prefix ldp: <http://www.w3.org/ns/ldp#> .
        @prefix rdf: <http://www.w3.org/1999/02/22-rdf-syntax-ns#> .
        @prefix triannon: <http://triannon.stanford.edu/ns/> .

        <> a ldp:BasicContainer;
           triannon:externalReference <http://dbpedia.org/resource/Otto_Ege> .
    headers:
      User-Agent:
      - Faraday v0.9.1
      Prefer:
      - return=respresentation; omit="http://fedora.info/definitions/v4/repository#ServerManaged"
      Content-Type:
      - application/x-turtle
      Accept-Encoding:
      - gzip;q=1.0,deflate;q=0.6,identity;q=0.3
      Accept:
      - "*/*"
  response:
    status:
      code: 201
      message: Created
    headers:
      Etag:
      - '"6bca2e204e0a64bbf19a2e587b44a56bac7e0dc9"'
      Last-Modified:
      - Thu, 09 Jul 2015 22:56:05 GMT
      Content-Length:
      - '169'
      Location:
      - http://localhost:8983/fedora/rest/anno/specific_res_integration_specs/4d/cd/cf/ef/4dcdcfef-1b93-4494-a4fa-88b540983525/t/53/0e/e9/b7/530ee9b7-f267-47e8-bf33-c7cd10ba9f7c
      Content-Type:
      - text/plain
    body:
      encoding: UTF-8
      string: http://localhost:8983/fedora/rest/anno/specific_res_integration_specs/4d/cd/cf/ef/4dcdcfef-1b93-4494-a4fa-88b540983525/t/53/0e/e9/b7/530ee9b7-f267-47e8-bf33-c7cd10ba9f7c
    http_version: 
  recorded_at: Thu, 09 Jul 2015 22:56:05 GMT
- request:
    method: get
    uri: http://localhost:8983/fedora/rest/anno/specific_res_integration_specs/4d/cd/cf/ef/4dcdcfef-1b93-4494-a4fa-88b540983525
    body:
      encoding: US-ASCII
      string: ''
    headers:
      User-Agent:
      - Faraday v0.9.1
      Prefer:
      - return=respresentation; omit="http://fedora.info/definitions/v4/repository#ServerManaged"
      Accept:
      - application/x-turtle
      Accept-Encoding:
      - gzip;q=1.0,deflate;q=0.6,identity;q=0.3
  response:
    status:
      code: 200
      message: OK
    headers:
      Etag:
      - '"984fe0f7d5f30cc08ae1bd72d74d6956a53e585c"'
      Last-Modified:
      - Thu, 09 Jul 2015 22:56:05 GMT
      Link:
      - <http://www.w3.org/ns/ldp#BasicContainer>;rel="type"
      - <http://www.w3.org/ns/ldp#Container>;rel="type"
      - <http://www.w3.org/ns/ldp#Resource>;rel="type"
      Accept-Patch:
      - application/sparql-update
      Accept-Post:
      - text/turtle,text/rdf+n3,text/n3,application/rdf+xml,application/n-triples,multipart/form-data,application/sparql-update
      Allow:
      - MOVE,COPY,DELETE,POST,HEAD,GET,PUT,PATCH,OPTIONS
      Preference-Applied:
      - return=representation
      Vary:
      - Accept, Range, Accept-Encoding, Accept-Language
      - Prefer
      Content-Length:
      - '1903'
      Content-Type:
      - application/x-turtle
    body:
      encoding: UTF-8
      string: "@prefix premis: <http://www.loc.gov/premis/rdf/v1#> .\n@prefix image:
        <http://www.modeshape.org/images/1.0> .\n@prefix sv: <http://www.jcp.org/jcr/sv/1.0>
        .\n@prefix test: <info:fedora/test/> .\n@prefix nt: <http://www.jcp.org/jcr/nt/1.0>
        .\n@prefix cnt: <http://www.w3.org/2011/content#> .\n@prefix dcmitype: <http://purl.org/dc/dcmitype/>
        .\n@prefix rdfs: <http://www.w3.org/2000/01/rdf-schema#> .\n@prefix xsi: <http://www.w3.org/2001/XMLSchema-instance>
        .\n@prefix mode: <http://www.modeshape.org/1.0> .\n@prefix oa: <http://www.w3.org/ns/oa#>
        .\n@prefix triannon: <http://triannon.stanford.edu/ns/> .\n@prefix rdf: <http://www.w3.org/1999/02/22-rdf-syntax-ns#>
        .\n@prefix fedora: <http://fedora.info/definitions/v4/repository#> .\n@prefix
        xml: <http://www.w3.org/XML/1998/namespace> .\n@prefix ldp: <http://www.w3.org/ns/ldp#>
        .\n@prefix xs: <http://www.w3.org/2001/XMLSchema> .\n@prefix fedoraconfig:
        <http://fedora.info/definitions/v4/config#> .\n@prefix mix: <http://www.jcp.org/jcr/mix/1.0>
        .\n@prefix foaf: <http://xmlns.com/foaf/0.1/> .\n@prefix dc: <http://purl.org/dc/terms/>
        .\n\n\n<http://localhost:8983/fedora/rest/anno/specific_res_integration_specs/4d/cd/cf/ef/4dcdcfef-1b93-4494-a4fa-88b540983525>
        a oa:Annotation , ldp:BasicContainer ;\n\toa:motivatedBy oa:commenting ;\n\tldp:contains
        <http://localhost:8983/fedora/rest/anno/specific_res_integration_specs/4d/cd/cf/ef/4dcdcfef-1b93-4494-a4fa-88b540983525/b>
        , <http://localhost:8983/fedora/rest/anno/specific_res_integration_specs/4d/cd/cf/ef/4dcdcfef-1b93-4494-a4fa-88b540983525/t>
        ;\n\toa:hasBody <http://localhost:8983/fedora/rest/anno/specific_res_integration_specs/4d/cd/cf/ef/4dcdcfef-1b93-4494-a4fa-88b540983525/b/56/1d/75/f6/561d75f6-c3c0-492b-bde7-ace031a4ab69>
        ;\n\toa:hasTarget <http://localhost:8983/fedora/rest/anno/specific_res_integration_specs/4d/cd/cf/ef/4dcdcfef-1b93-4494-a4fa-88b540983525/t/53/0e/e9/b7/530ee9b7-f267-47e8-bf33-c7cd10ba9f7c>
        .\n"
    http_version: 
  recorded_at: Thu, 09 Jul 2015 22:56:05 GMT
- request:
    method: get
    uri: http://localhost:8983/fedora/rest/anno/specific_res_integration_specs/4d/cd/cf/ef/4dcdcfef-1b93-4494-a4fa-88b540983525/b/56/1d/75/f6/561d75f6-c3c0-492b-bde7-ace031a4ab69
    body:
      encoding: US-ASCII
      string: ''
    headers:
      User-Agent:
      - Faraday v0.9.1
      Prefer:
      - return=respresentation; omit="http://fedora.info/definitions/v4/repository#ServerManaged"
      Accept:
      - application/x-turtle
      Accept-Encoding:
      - gzip;q=1.0,deflate;q=0.6,identity;q=0.3
  response:
    status:
      code: 200
      message: OK
    headers:
      Etag:
      - '"023dcbd06ab55e4959610423ee78fc9571a22398"'
      Last-Modified:
      - Thu, 09 Jul 2015 22:56:05 GMT
      Link:
      - <http://www.w3.org/ns/ldp#BasicContainer>;rel="type"
      - <http://www.w3.org/ns/ldp#Container>;rel="type"
      - <http://www.w3.org/ns/ldp#Resource>;rel="type"
      Accept-Patch:
      - application/sparql-update
      Accept-Post:
      - text/turtle,text/rdf+n3,text/n3,application/rdf+xml,application/n-triples,multipart/form-data,application/sparql-update
      Allow:
      - MOVE,COPY,DELETE,POST,HEAD,GET,PUT,PATCH,OPTIONS
      Preference-Applied:
      - return=representation
      Vary:
      - Accept, Range, Accept-Encoding, Accept-Language
      - Prefer
      Content-Length:
      - '2281'
      Content-Type:
      - application/x-turtle
    body:
      encoding: UTF-8
      string: "@prefix premis: <http://www.loc.gov/premis/rdf/v1#> .\n@prefix image:
        <http://www.modeshape.org/images/1.0> .\n@prefix sv: <http://www.jcp.org/jcr/sv/1.0>
        .\n@prefix test: <info:fedora/test/> .\n@prefix nt: <http://www.jcp.org/jcr/nt/1.0>
        .\n@prefix cnt: <http://www.w3.org/2011/content#> .\n@prefix dcmitype: <http://purl.org/dc/dcmitype/>
        .\n@prefix rdfs: <http://www.w3.org/2000/01/rdf-schema#> .\n@prefix xsi: <http://www.w3.org/2001/XMLSchema-instance>
        .\n@prefix mode: <http://www.modeshape.org/1.0> .\n@prefix oa: <http://www.w3.org/ns/oa#>
        .\n@prefix triannon: <http://triannon.stanford.edu/ns/> .\n@prefix rdf: <http://www.w3.org/1999/02/22-rdf-syntax-ns#>
        .\n@prefix fedora: <http://fedora.info/definitions/v4/repository#> .\n@prefix
        xml: <http://www.w3.org/XML/1998/namespace> .\n@prefix ldp: <http://www.w3.org/ns/ldp#>
        .\n@prefix xs: <http://www.w3.org/2001/XMLSchema> .\n@prefix fedoraconfig:
        <http://fedora.info/definitions/v4/config#> .\n@prefix mix: <http://www.jcp.org/jcr/mix/1.0>
        .\n@prefix foaf: <http://xmlns.com/foaf/0.1/> .\n@prefix dc: <http://purl.org/dc/terms/>
        .\n\n\n<http://localhost:8983/fedora/rest/anno/specific_res_integration_specs/4d/cd/cf/ef/4dcdcfef-1b93-4494-a4fa-88b540983525/b/56/1d/75/f6/561d75f6-c3c0-492b-bde7-ace031a4ab69>
        a oa:SpecificResource , ldp:BasicContainer ;\n\toa:hasSelector <http://localhost:8983/fedora/rest/.well-known/genid/22/9e/d5/32/229ed532-1b57-4544-8e6d-e27062735e67>
        ;\n\toa:hasSource <http://localhost:8983/fedora/rest/anno/specific_res_integration_specs/4d/cd/cf/ef/4dcdcfef-1b93-4494-a4fa-88b540983525/b/56/1d/75/f6/561d75f6-c3c0-492b-bde7-ace031a4ab69#source>
        .\n\n<http://localhost:8983/fedora/rest/anno/specific_res_integration_specs/4d/cd/cf/ef/4dcdcfef-1b93-4494-a4fa-88b540983525/b/56/1d/75/f6/561d75f6-c3c0-492b-bde7-ace031a4ab69#source>
        triannon:externalReference <https://stacks.stanford.edu/image/kq131cs7229/kq131cs7229_05_0032_large.jpg>
        .\n\n<http://localhost:8983/fedora/rest/.well-known/genid/22/9e/d5/32/229ed532-1b57-4544-8e6d-e27062735e67>
        a oa:TextQuoteSelector ;\n\toa:suffix \" and The Canonical Epistles,\"^^<http://www.w3.org/2001/XMLSchema#string>
        ;\n\toa:prefix \"manuscript which comprised the \"^^<http://www.w3.org/2001/XMLSchema#string>
        ;\n\toa:exact \"third and fourth Gospels\"^^<http://www.w3.org/2001/XMLSchema#string>
        .\n"
    http_version: 
  recorded_at: Thu, 09 Jul 2015 22:56:05 GMT
- request:
    method: get
    uri: http://localhost:8983/fedora/rest/anno/specific_res_integration_specs/4d/cd/cf/ef/4dcdcfef-1b93-4494-a4fa-88b540983525/t/53/0e/e9/b7/530ee9b7-f267-47e8-bf33-c7cd10ba9f7c
    body:
      encoding: US-ASCII
      string: ''
    headers:
      User-Agent:
      - Faraday v0.9.1
      Prefer:
      - return=respresentation; omit="http://fedora.info/definitions/v4/repository#ServerManaged"
      Accept:
      - application/x-turtle
      Accept-Encoding:
      - gzip;q=1.0,deflate;q=0.6,identity;q=0.3
  response:
    status:
      code: 200
      message: OK
    headers:
      Etag:
      - '"6bca2e204e0a64bbf19a2e587b44a56bac7e0dc9"'
      Last-Modified:
      - Thu, 09 Jul 2015 22:56:05 GMT
      Link:
      - <http://www.w3.org/ns/ldp#BasicContainer>;rel="type"
      - <http://www.w3.org/ns/ldp#Container>;rel="type"
      - <http://www.w3.org/ns/ldp#Resource>;rel="type"
      Accept-Patch:
      - application/sparql-update
      Accept-Post:
      - text/turtle,text/rdf+n3,text/n3,application/rdf+xml,application/n-triples,multipart/form-data,application/sparql-update
      Allow:
      - MOVE,COPY,DELETE,POST,HEAD,GET,PUT,PATCH,OPTIONS
      Preference-Applied:
      - return=representation
      Vary:
      - Accept, Range, Accept-Encoding, Accept-Language
      - Prefer
      Content-Length:
      - '1337'
      Content-Type:
      - application/x-turtle
    body:
      encoding: UTF-8
      string: "@prefix premis: <http://www.loc.gov/premis/rdf/v1#> .\n@prefix image:
        <http://www.modeshape.org/images/1.0> .\n@prefix sv: <http://www.jcp.org/jcr/sv/1.0>
        .\n@prefix test: <info:fedora/test/> .\n@prefix nt: <http://www.jcp.org/jcr/nt/1.0>
        .\n@prefix cnt: <http://www.w3.org/2011/content#> .\n@prefix dcmitype: <http://purl.org/dc/dcmitype/>
        .\n@prefix rdfs: <http://www.w3.org/2000/01/rdf-schema#> .\n@prefix xsi: <http://www.w3.org/2001/XMLSchema-instance>
        .\n@prefix mode: <http://www.modeshape.org/1.0> .\n@prefix oa: <http://www.w3.org/ns/oa#>
        .\n@prefix triannon: <http://triannon.stanford.edu/ns/> .\n@prefix rdf: <http://www.w3.org/1999/02/22-rdf-syntax-ns#>
        .\n@prefix fedora: <http://fedora.info/definitions/v4/repository#> .\n@prefix
        xml: <http://www.w3.org/XML/1998/namespace> .\n@prefix ldp: <http://www.w3.org/ns/ldp#>
        .\n@prefix xs: <http://www.w3.org/2001/XMLSchema> .\n@prefix fedoraconfig:
        <http://fedora.info/definitions/v4/config#> .\n@prefix mix: <http://www.jcp.org/jcr/mix/1.0>
        .\n@prefix foaf: <http://xmlns.com/foaf/0.1/> .\n@prefix dc: <http://purl.org/dc/terms/>
        .\n\n\n<http://localhost:8983/fedora/rest/anno/specific_res_integration_specs/4d/cd/cf/ef/4dcdcfef-1b93-4494-a4fa-88b540983525/t/53/0e/e9/b7/530ee9b7-f267-47e8-bf33-c7cd10ba9f7c>
        a ldp:BasicContainer ;\n\ttriannon:externalReference <http://dbpedia.org/resource/Otto_Ege>
        .\n"
    http_version: 
  recorded_at: Thu, 09 Jul 2015 22:56:05 GMT
- request:
    method: get
    uri: http://localhost:8983/fedora/rest/anno/specific_res_integration_specs/4d/cd/cf/ef/4dcdcfef-1b93-4494-a4fa-88b540983525
    body:
      encoding: US-ASCII
      string: ''
    headers:
      User-Agent:
      - Faraday v0.9.1
      Prefer:
      - return=respresentation; omit="http://fedora.info/definitions/v4/repository#ServerManaged"
      Accept:
      - application/x-turtle
      Accept-Encoding:
      - gzip;q=1.0,deflate;q=0.6,identity;q=0.3
  response:
    status:
      code: 200
      message: OK
    headers:
      Etag:
      - '"984fe0f7d5f30cc08ae1bd72d74d6956a53e585c"'
      Last-Modified:
      - Thu, 09 Jul 2015 22:56:05 GMT
      Link:
      - <http://www.w3.org/ns/ldp#BasicContainer>;rel="type"
      - <http://www.w3.org/ns/ldp#Container>;rel="type"
      - <http://www.w3.org/ns/ldp#Resource>;rel="type"
      Accept-Patch:
      - application/sparql-update
      Accept-Post:
      - text/turtle,text/rdf+n3,text/n3,application/rdf+xml,application/n-triples,multipart/form-data,application/sparql-update
      Allow:
      - MOVE,COPY,DELETE,POST,HEAD,GET,PUT,PATCH,OPTIONS
      Preference-Applied:
      - return=representation
      Vary:
      - Accept, Range, Accept-Encoding, Accept-Language
      - Prefer
      Content-Length:
      - '1903'
      Content-Type:
      - application/x-turtle
    body:
      encoding: UTF-8
      string: "@prefix premis: <http://www.loc.gov/premis/rdf/v1#> .\n@prefix image:
        <http://www.modeshape.org/images/1.0> .\n@prefix sv: <http://www.jcp.org/jcr/sv/1.0>
        .\n@prefix test: <info:fedora/test/> .\n@prefix nt: <http://www.jcp.org/jcr/nt/1.0>
        .\n@prefix cnt: <http://www.w3.org/2011/content#> .\n@prefix dcmitype: <http://purl.org/dc/dcmitype/>
        .\n@prefix rdfs: <http://www.w3.org/2000/01/rdf-schema#> .\n@prefix xsi: <http://www.w3.org/2001/XMLSchema-instance>
        .\n@prefix mode: <http://www.modeshape.org/1.0> .\n@prefix oa: <http://www.w3.org/ns/oa#>
        .\n@prefix triannon: <http://triannon.stanford.edu/ns/> .\n@prefix rdf: <http://www.w3.org/1999/02/22-rdf-syntax-ns#>
        .\n@prefix fedora: <http://fedora.info/definitions/v4/repository#> .\n@prefix
        xml: <http://www.w3.org/XML/1998/namespace> .\n@prefix ldp: <http://www.w3.org/ns/ldp#>
        .\n@prefix xs: <http://www.w3.org/2001/XMLSchema> .\n@prefix fedoraconfig:
        <http://fedora.info/definitions/v4/config#> .\n@prefix mix: <http://www.jcp.org/jcr/mix/1.0>
        .\n@prefix foaf: <http://xmlns.com/foaf/0.1/> .\n@prefix dc: <http://purl.org/dc/terms/>
        .\n\n\n<http://localhost:8983/fedora/rest/anno/specific_res_integration_specs/4d/cd/cf/ef/4dcdcfef-1b93-4494-a4fa-88b540983525>
        a oa:Annotation , ldp:BasicContainer ;\n\toa:motivatedBy oa:commenting ;\n\tldp:contains
        <http://localhost:8983/fedora/rest/anno/specific_res_integration_specs/4d/cd/cf/ef/4dcdcfef-1b93-4494-a4fa-88b540983525/b>
        , <http://localhost:8983/fedora/rest/anno/specific_res_integration_specs/4d/cd/cf/ef/4dcdcfef-1b93-4494-a4fa-88b540983525/t>
        ;\n\toa:hasBody <http://localhost:8983/fedora/rest/anno/specific_res_integration_specs/4d/cd/cf/ef/4dcdcfef-1b93-4494-a4fa-88b540983525/b/56/1d/75/f6/561d75f6-c3c0-492b-bde7-ace031a4ab69>
        ;\n\toa:hasTarget <http://localhost:8983/fedora/rest/anno/specific_res_integration_specs/4d/cd/cf/ef/4dcdcfef-1b93-4494-a4fa-88b540983525/t/53/0e/e9/b7/530ee9b7-f267-47e8-bf33-c7cd10ba9f7c>
        .\n"
    http_version: 
  recorded_at: Thu, 09 Jul 2015 22:56:06 GMT
- request:
    method: get
    uri: http://localhost:8983/fedora/rest/anno/specific_res_integration_specs/4d/cd/cf/ef/4dcdcfef-1b93-4494-a4fa-88b540983525/b/56/1d/75/f6/561d75f6-c3c0-492b-bde7-ace031a4ab69
    body:
      encoding: US-ASCII
      string: ''
    headers:
      User-Agent:
      - Faraday v0.9.1
      Prefer:
      - return=respresentation; omit="http://fedora.info/definitions/v4/repository#ServerManaged"
      Accept:
      - application/x-turtle
      Accept-Encoding:
      - gzip;q=1.0,deflate;q=0.6,identity;q=0.3
  response:
    status:
      code: 200
      message: OK
    headers:
      Etag:
      - '"023dcbd06ab55e4959610423ee78fc9571a22398"'
      Last-Modified:
      - Thu, 09 Jul 2015 22:56:05 GMT
      Link:
      - <http://www.w3.org/ns/ldp#BasicContainer>;rel="type"
      - <http://www.w3.org/ns/ldp#Container>;rel="type"
      - <http://www.w3.org/ns/ldp#Resource>;rel="type"
      Accept-Patch:
      - application/sparql-update
      Accept-Post:
      - text/turtle,text/rdf+n3,text/n3,application/rdf+xml,application/n-triples,multipart/form-data,application/sparql-update
      Allow:
      - MOVE,COPY,DELETE,POST,HEAD,GET,PUT,PATCH,OPTIONS
      Preference-Applied:
      - return=representation
      Vary:
      - Accept, Range, Accept-Encoding, Accept-Language
      - Prefer
      Content-Length:
      - '2281'
      Content-Type:
      - application/x-turtle
    body:
      encoding: UTF-8
      string: "@prefix premis: <http://www.loc.gov/premis/rdf/v1#> .\n@prefix image:
        <http://www.modeshape.org/images/1.0> .\n@prefix sv: <http://www.jcp.org/jcr/sv/1.0>
        .\n@prefix test: <info:fedora/test/> .\n@prefix nt: <http://www.jcp.org/jcr/nt/1.0>
        .\n@prefix cnt: <http://www.w3.org/2011/content#> .\n@prefix dcmitype: <http://purl.org/dc/dcmitype/>
        .\n@prefix rdfs: <http://www.w3.org/2000/01/rdf-schema#> .\n@prefix xsi: <http://www.w3.org/2001/XMLSchema-instance>
        .\n@prefix mode: <http://www.modeshape.org/1.0> .\n@prefix oa: <http://www.w3.org/ns/oa#>
        .\n@prefix triannon: <http://triannon.stanford.edu/ns/> .\n@prefix rdf: <http://www.w3.org/1999/02/22-rdf-syntax-ns#>
        .\n@prefix fedora: <http://fedora.info/definitions/v4/repository#> .\n@prefix
        xml: <http://www.w3.org/XML/1998/namespace> .\n@prefix ldp: <http://www.w3.org/ns/ldp#>
        .\n@prefix xs: <http://www.w3.org/2001/XMLSchema> .\n@prefix fedoraconfig:
        <http://fedora.info/definitions/v4/config#> .\n@prefix mix: <http://www.jcp.org/jcr/mix/1.0>
        .\n@prefix foaf: <http://xmlns.com/foaf/0.1/> .\n@prefix dc: <http://purl.org/dc/terms/>
        .\n\n\n<http://localhost:8983/fedora/rest/anno/specific_res_integration_specs/4d/cd/cf/ef/4dcdcfef-1b93-4494-a4fa-88b540983525/b/56/1d/75/f6/561d75f6-c3c0-492b-bde7-ace031a4ab69>
        a oa:SpecificResource , ldp:BasicContainer ;\n\toa:hasSelector <http://localhost:8983/fedora/rest/.well-known/genid/22/9e/d5/32/229ed532-1b57-4544-8e6d-e27062735e67>
        ;\n\toa:hasSource <http://localhost:8983/fedora/rest/anno/specific_res_integration_specs/4d/cd/cf/ef/4dcdcfef-1b93-4494-a4fa-88b540983525/b/56/1d/75/f6/561d75f6-c3c0-492b-bde7-ace031a4ab69#source>
        .\n\n<http://localhost:8983/fedora/rest/anno/specific_res_integration_specs/4d/cd/cf/ef/4dcdcfef-1b93-4494-a4fa-88b540983525/b/56/1d/75/f6/561d75f6-c3c0-492b-bde7-ace031a4ab69#source>
        triannon:externalReference <https://stacks.stanford.edu/image/kq131cs7229/kq131cs7229_05_0032_large.jpg>
        .\n\n<http://localhost:8983/fedora/rest/.well-known/genid/22/9e/d5/32/229ed532-1b57-4544-8e6d-e27062735e67>
        a oa:TextQuoteSelector ;\n\toa:suffix \" and The Canonical Epistles,\"^^<http://www.w3.org/2001/XMLSchema#string>
        ;\n\toa:prefix \"manuscript which comprised the \"^^<http://www.w3.org/2001/XMLSchema#string>
        ;\n\toa:exact \"third and fourth Gospels\"^^<http://www.w3.org/2001/XMLSchema#string>
        .\n"
    http_version: 
  recorded_at: Thu, 09 Jul 2015 22:56:06 GMT
- request:
    method: get
    uri: http://localhost:8983/fedora/rest/anno/specific_res_integration_specs/4d/cd/cf/ef/4dcdcfef-1b93-4494-a4fa-88b540983525/t/53/0e/e9/b7/530ee9b7-f267-47e8-bf33-c7cd10ba9f7c
    body:
      encoding: US-ASCII
      string: ''
    headers:
      User-Agent:
      - Faraday v0.9.1
      Prefer:
      - return=respresentation; omit="http://fedora.info/definitions/v4/repository#ServerManaged"
      Accept:
      - application/x-turtle
      Accept-Encoding:
      - gzip;q=1.0,deflate;q=0.6,identity;q=0.3
  response:
    status:
      code: 200
      message: OK
    headers:
      Etag:
      - '"6bca2e204e0a64bbf19a2e587b44a56bac7e0dc9"'
      Last-Modified:
      - Thu, 09 Jul 2015 22:56:05 GMT
      Link:
      - <http://www.w3.org/ns/ldp#BasicContainer>;rel="type"
      - <http://www.w3.org/ns/ldp#Container>;rel="type"
      - <http://www.w3.org/ns/ldp#Resource>;rel="type"
      Accept-Patch:
      - application/sparql-update
      Accept-Post:
      - text/turtle,text/rdf+n3,text/n3,application/rdf+xml,application/n-triples,multipart/form-data,application/sparql-update
      Allow:
      - MOVE,COPY,DELETE,POST,HEAD,GET,PUT,PATCH,OPTIONS
      Preference-Applied:
      - return=representation
      Vary:
      - Accept, Range, Accept-Encoding, Accept-Language
      - Prefer
      Content-Length:
      - '1337'
      Content-Type:
      - application/x-turtle
    body:
      encoding: UTF-8
      string: "@prefix premis: <http://www.loc.gov/premis/rdf/v1#> .\n@prefix image:
        <http://www.modeshape.org/images/1.0> .\n@prefix sv: <http://www.jcp.org/jcr/sv/1.0>
        .\n@prefix test: <info:fedora/test/> .\n@prefix nt: <http://www.jcp.org/jcr/nt/1.0>
        .\n@prefix cnt: <http://www.w3.org/2011/content#> .\n@prefix dcmitype: <http://purl.org/dc/dcmitype/>
        .\n@prefix rdfs: <http://www.w3.org/2000/01/rdf-schema#> .\n@prefix xsi: <http://www.w3.org/2001/XMLSchema-instance>
        .\n@prefix mode: <http://www.modeshape.org/1.0> .\n@prefix oa: <http://www.w3.org/ns/oa#>
        .\n@prefix triannon: <http://triannon.stanford.edu/ns/> .\n@prefix rdf: <http://www.w3.org/1999/02/22-rdf-syntax-ns#>
        .\n@prefix fedora: <http://fedora.info/definitions/v4/repository#> .\n@prefix
        xml: <http://www.w3.org/XML/1998/namespace> .\n@prefix ldp: <http://www.w3.org/ns/ldp#>
        .\n@prefix xs: <http://www.w3.org/2001/XMLSchema> .\n@prefix fedoraconfig:
        <http://fedora.info/definitions/v4/config#> .\n@prefix mix: <http://www.jcp.org/jcr/mix/1.0>
        .\n@prefix foaf: <http://xmlns.com/foaf/0.1/> .\n@prefix dc: <http://purl.org/dc/terms/>
        .\n\n\n<http://localhost:8983/fedora/rest/anno/specific_res_integration_specs/4d/cd/cf/ef/4dcdcfef-1b93-4494-a4fa-88b540983525/t/53/0e/e9/b7/530ee9b7-f267-47e8-bf33-c7cd10ba9f7c>
        a ldp:BasicContainer ;\n\ttriannon:externalReference <http://dbpedia.org/resource/Otto_Ege>
        .\n"
    http_version: 
  recorded_at: Thu, 09 Jul 2015 22:56:06 GMT
recorded_with: VCR 2.9.3
