---
http_interactions:
- request:
    method: post
    uri: http://localhost:8983/fedora/rest/anno/eb2b7741-e223-4b04-985a-010506ed7707
    body:
      encoding: UTF-8
      string: |
        @prefix ldp: <http://www.w3.org/ns/ldp#> .
        @prefix openannotation: <http://www.w3.org/ns/oa#> .
        @prefix rdf: <http://www.w3.org/1999/02/22-rdf-syntax-ns#> .

        <> a ldp:DirectContainer;
           ldp:hasMemberRelation openannotation:hasBody;
           ldp:membershipResource <http://localhost:8983/fedora/rest/anno/eb2b7741-e223-4b04-985a-010506ed7707> .
    headers:
      User-Agent:
      - Faraday v0.9.0
      Content-Type:
      - application/x-turtle
      Slug:
      - b
      Accept-Encoding:
      - gzip;q=1.0,deflate;q=0.6,identity;q=0.3
      Accept:
      - "*/*"
  response:
    status:
      code: 201
      message: Created
    headers:
      Etag:
      - '"ed019a57add835b482d41b231a57b7562c91591d"'
      Last-Modified:
      - Thu, 08 Jan 2015 00:08:53 GMT
      Content-Length:
      - '77'
      Location:
      - http://localhost:8983/fedora/rest/anno/eb2b7741-e223-4b04-985a-010506ed7707/b
      Content-Type:
      - text/plain
    body:
      encoding: UTF-8
      string: http://localhost:8983/fedora/rest/anno/eb2b7741-e223-4b04-985a-010506ed7707/b
    http_version: 
  recorded_at: Thu, 08 Jan 2015 00:08:53 GMT
- request:
    method: post
    uri: http://localhost:8983/fedora/rest/anno/eb2b7741-e223-4b04-985a-010506ed7707/b
    body:
      encoding: UTF-8
      string: |
        @prefix triannon: <http://triannon.stanford.edu/ns/> .

        <> triannon:externalReference <http://dbpedia.org/resource/Otto_Ege> .
    headers:
      User-Agent:
      - Faraday v0.9.0
      Content-Type:
      - application/x-turtle
      Accept-Encoding:
      - gzip;q=1.0,deflate;q=0.6,identity;q=0.3
      Accept:
      - "*/*"
  response:
    status:
      code: 201
      message: Created
    headers:
      Etag:
      - '"ff279798e09f0cfccba23e885609d953d794ca1f"'
      Last-Modified:
      - Thu, 08 Jan 2015 00:08:53 GMT
      Content-Length:
      - '114'
      Location:
      - http://localhost:8983/fedora/rest/anno/eb2b7741-e223-4b04-985a-010506ed7707/b/791d2072-8e69-49f9-92cf-ed03d60cf96d
      Content-Type:
      - text/plain
    body:
      encoding: UTF-8
      string: http://localhost:8983/fedora/rest/anno/eb2b7741-e223-4b04-985a-010506ed7707/b/791d2072-8e69-49f9-92cf-ed03d60cf96d
    http_version: 
  recorded_at: Thu, 08 Jan 2015 00:08:53 GMT
- request:
    method: post
    uri: http://localhost:8983/fedora/rest/anno/eb2b7741-e223-4b04-985a-010506ed7707
    body:
      encoding: UTF-8
      string: |
        @prefix ldp: <http://www.w3.org/ns/ldp#> .
        @prefix openannotation: <http://www.w3.org/ns/oa#> .
        @prefix rdf: <http://www.w3.org/1999/02/22-rdf-syntax-ns#> .

        <> a ldp:DirectContainer;
           ldp:hasMemberRelation openannotation:hasTarget;
           ldp:membershipResource <http://localhost:8983/fedora/rest/anno/eb2b7741-e223-4b04-985a-010506ed7707> .
    headers:
      User-Agent:
      - Faraday v0.9.0
      Content-Type:
      - application/x-turtle
      Slug:
      - t
      Accept-Encoding:
      - gzip;q=1.0,deflate;q=0.6,identity;q=0.3
      Accept:
      - "*/*"
  response:
    status:
      code: 201
      message: Created
    headers:
      Etag:
      - '"da34146b250e2252a0d841bf6ee1ddfacb12674d"'
      Last-Modified:
      - Thu, 08 Jan 2015 00:08:53 GMT
      Content-Length:
      - '77'
      Location:
      - http://localhost:8983/fedora/rest/anno/eb2b7741-e223-4b04-985a-010506ed7707/t
      Content-Type:
      - text/plain
    body:
      encoding: UTF-8
      string: http://localhost:8983/fedora/rest/anno/eb2b7741-e223-4b04-985a-010506ed7707/t
    http_version: 
  recorded_at: Thu, 08 Jan 2015 00:08:53 GMT
- request:
    method: post
    uri: http://localhost:8983/fedora/rest/anno/eb2b7741-e223-4b04-985a-010506ed7707/t
    body:
      encoding: UTF-8
      string: |
        @prefix dc: <http://purl.org/dc/terms/> .
        @prefix dcmitype: <http://purl.org/dc/dcmitype/> .
        @prefix openannotation: <http://www.w3.org/ns/oa#> .
        @prefix rdf: <http://www.w3.org/1999/02/22-rdf-syntax-ns#> .
        @prefix triannon: <http://triannon.stanford.edu/ns/> .
        @prefix xsd: <http://www.w3.org/2001/XMLSchema#> .

        <> a openannotation:SpecificResource;
           openannotation:hasSelector [
             a openannotation:FragmentSelector;
             dc:conformsTo <http://www.w3.org/TR/media-frags/>;
             rdf:value "xywh=0,0,200,200"
           ];
           openannotation:hasSource <#source> .

        <#source> a dcmitype:Image;
           triannon:externalReference <https://stacks.stanford.edu/image/kq131cs7229/kq131cs7229_05_0032_large.jpg> .
    headers:
      User-Agent:
      - Faraday v0.9.0
      Content-Type:
      - application/x-turtle
      Accept-Encoding:
      - gzip;q=1.0,deflate;q=0.6,identity;q=0.3
      Accept:
      - "*/*"
  response:
    status:
      code: 201
      message: Created
    headers:
      Etag:
      - '"4d933eef9630757cbe37d14770e03481711edaf3"'
      Last-Modified:
      - Thu, 08 Jan 2015 00:08:53 GMT
      Content-Length:
      - '114'
      Location:
      - http://localhost:8983/fedora/rest/anno/eb2b7741-e223-4b04-985a-010506ed7707/t/00155e7d-83b8-4694-89ea-07b0d20ea338
      Content-Type:
      - text/plain
    body:
      encoding: UTF-8
      string: http://localhost:8983/fedora/rest/anno/eb2b7741-e223-4b04-985a-010506ed7707/t/00155e7d-83b8-4694-89ea-07b0d20ea338
    http_version: 
  recorded_at: Thu, 08 Jan 2015 00:08:53 GMT
- request:
    method: get
    uri: http://localhost:8983/fedora/rest/anno/eb2b7741-e223-4b04-985a-010506ed7707
    body:
      encoding: US-ASCII
      string: ''
    headers:
      User-Agent:
      - Faraday v0.9.0
      Accept:
      - application/x-turtle
      Accept-Encoding:
      - gzip;q=1.0,deflate;q=0.6,identity;q=0.3
  response:
    status:
      code: 200
      message: OK
    headers:
      Etag:
      - '"37eaf3de4bc3194e0837a6dd49be81863c4a7749"'
      Last-Modified:
      - Thu, 08 Jan 2015 00:08:53 GMT
      Link:
      - <http://www.w3.org/ns/ldp#DirectContainer>;rel="type"
      - <http://www.w3.org/ns/ldp#Resource>;rel="type"
      Accept-Patch:
      - application/sparql-update
      Accept-Post:
      - text/turtle,text/rdf+n3,application/n3,text/n3,application/rdf+xml,application/n-triples,multipart/form-data,application/sparql-update
      Allow:
      - MOVE,COPY,DELETE,POST,HEAD,GET,PUT,PATCH,OPTIONS
      Vary:
      - Accept, Range, Accept-Encoding, Accept-Language
      Content-Length:
      - '4511'
      Content-Type:
      - application/x-turtle
    body:
      encoding: UTF-8
      string: "@prefix premis: <http://www.loc.gov/premis/rdf/v1#> .\n@prefix fedorarelsext:
        <http://fedora.info/definitions/v4/rels-ext#> .\n@prefix nt: <http://www.jcp.org/jcr/nt/1.0>
        .\n@prefix rdfs: <http://www.w3.org/2000/01/rdf-schema#> .\n@prefix content:
        <http://www.w3.org/2011/content#> .\n@prefix ns001: <http://purl.org/dc/elements/1.1/>
        .\n@prefix xsi: <http://www.w3.org/2001/XMLSchema-instance> .\n@prefix mode:
        <http://www.modeshape.org/1.0> .\n@prefix openannotation: <http://www.w3.org/ns/oa#>
        .\n@prefix xml: <http://www.w3.org/XML/1998/namespace> .\n@prefix fcrepo:
        <http://fedora.info/definitions/v4/repository#> .\n@prefix fedoraconfig: <http://fedora.info/definitions/v4/config#>
        .\n@prefix mix: <http://www.jcp.org/jcr/mix/1.0> .\n@prefix foaf: <http://xmlns.com/foaf/0.1/>
        .\n@prefix image: <http://www.modeshape.org/images/1.0> .\n@prefix sv: <http://www.jcp.org/jcr/sv/1.0>
        .\n@prefix test: <info:fedora/test/> .\n@prefix dcmitype: <http://purl.org/dc/dcmitype/>
        .\n@prefix triannon: <http://triannon.stanford.edu/ns/> .\n@prefix rdf: <http://www.w3.org/1999/02/22-rdf-syntax-ns#>
        .\n@prefix fedora: <http://fedora.info/definitions/v4/rest-api#> .\n@prefix
        ldp: <http://www.w3.org/ns/ldp#> .\n@prefix xs: <http://www.w3.org/2001/XMLSchema>
        .\n@prefix dc: <http://purl.org/dc/terms/> .\n\n\n<http://localhost:8983/fedora/rest/anno/eb2b7741-e223-4b04-985a-010506ed7707>
        ldp:hasMemberRelation ldp:member ;\n\tldp:membershipResource <http://localhost:8983/fedora/rest/anno/eb2b7741-e223-4b04-985a-010506ed7707>
        ;\n\ta ldp:Container , ldp:DirectContainer , ldp:RDFSource ;\n\tldp:member
        <http://localhost:8983/fedora/rest/anno/eb2b7741-e223-4b04-985a-010506ed7707/b>
        , <http://localhost:8983/fedora/rest/anno/eb2b7741-e223-4b04-985a-010506ed7707/t>
        ;\n\topenannotation:hasTarget <http://localhost:8983/fedora/rest/anno/eb2b7741-e223-4b04-985a-010506ed7707/t/00155e7d-83b8-4694-89ea-07b0d20ea338>
        ;\n\topenannotation:hasBody <http://localhost:8983/fedora/rest/anno/eb2b7741-e223-4b04-985a-010506ed7707/b/791d2072-8e69-49f9-92cf-ed03d60cf96d>
        ;\n\tldp:contains <http://localhost:8983/fedora/rest/anno/eb2b7741-e223-4b04-985a-010506ed7707/b>
        , <http://localhost:8983/fedora/rest/anno/eb2b7741-e223-4b04-985a-010506ed7707/t>
        ;\n\tfcrepo:hasParent <http://localhost:8983/fedora/rest/anno> .\n\n<http://localhost:8983/fedora/rest/anno/eb2b7741-e223-4b04-985a-010506ed7707/t>
        ldp:membershipResource <http://localhost:8983/fedora/rest/anno/eb2b7741-e223-4b04-985a-010506ed7707>
        .\n\n<http://localhost:8983/fedora/rest/anno/eb2b7741-e223-4b04-985a-010506ed7707/b>
        ldp:membershipResource <http://localhost:8983/fedora/rest/anno/eb2b7741-e223-4b04-985a-010506ed7707>
        .\n\n<http://localhost:8983/fedora/rest/anno/eb2b7741-e223-4b04-985a-010506ed7707>
        fedora:writable \"true\"^^<http://www.w3.org/2001/XMLSchema#boolean> ;\n\tfedora:exportsAs
        <http://localhost:8983/fedora/rest/anno/eb2b7741-e223-4b04-985a-010506ed7707/fcr:export?format=jcr/xml>
        .\n\n<http://localhost:8983/fedora/rest/anno/eb2b7741-e223-4b04-985a-010506ed7707/fcr:export?format=jcr/xml>
        ns001:format <http://fedora.info/definitions/v4/repository#jcr/xml> .\n\n<http://fedora.info/definitions/v4/repository#jcr/xml>
        rdfs:label \"jcr/xml\"^^<http://www.w3.org/2001/XMLSchema#string> .\n\n<http://localhost:8983/fedora/rest/anno/eb2b7741-e223-4b04-985a-010506ed7707>
        a <http://www.jcp.org/jcr/nt/1.0folder> , <http://www.jcp.org/jcr/nt/1.0hierarchyNode>
        , <http://www.jcp.org/jcr/nt/1.0base> , <http://www.jcp.org/jcr/mix/1.0created>
        , openannotation:Annotation , fedora:resource , fedora:object , fedora:relations
        , <http://www.jcp.org/jcr/mix/1.0created> , <http://www.jcp.org/jcr/mix/1.0lastModified>
        , <http://www.jcp.org/jcr/mix/1.0referenceable> , fedora:DublinCoreDescribable
        , fedora:resource , ldp:Container ;\n\tfcrepo:lastModifiedBy \"bypassAdmin\"^^<http://www.w3.org/2001/XMLSchema#string>
        ;\n\tfcrepo:uuid \"db246f14-9953-4e27-83eb-e94eb4679c44\"^^<http://www.w3.org/2001/XMLSchema#string>
        ;\n\tfcrepo:createdBy \"bypassAdmin\"^^<http://www.w3.org/2001/XMLSchema#string>
        ;\n\tfcrepo:primaryType \"nt:folder\"^^<http://www.w3.org/2001/XMLSchema#string>
        ;\n\tfcrepo:created \"2015-01-08T00:08:53.174Z\"^^<http://www.w3.org/2001/XMLSchema#dateTime>
        ;\n\tfcrepo:mixinTypes \"openannotation:Annotation\"^^<http://www.w3.org/2001/XMLSchema#string>
        , \"fedora:resource\"^^<http://www.w3.org/2001/XMLSchema#string> , \"fedora:object\"^^<http://www.w3.org/2001/XMLSchema#string>
        ;\n\tfcrepo:lastModified \"2015-01-08T00:08:53.246Z\"^^<http://www.w3.org/2001/XMLSchema#dateTime>
        ;\n\topenannotation:motivatedBy openannotation:commenting .\n"
    http_version: 
  recorded_at: Thu, 08 Jan 2015 00:08:53 GMT
- request:
    method: get
    uri: http://localhost:8983/fedora/rest/anno/eb2b7741-e223-4b04-985a-010506ed7707/b/791d2072-8e69-49f9-92cf-ed03d60cf96d
    body:
      encoding: US-ASCII
      string: ''
    headers:
      User-Agent:
      - Faraday v0.9.0
      Accept:
      - application/x-turtle
      Accept-Encoding:
      - gzip;q=1.0,deflate;q=0.6,identity;q=0.3
  response:
    status:
      code: 200
      message: OK
    headers:
      Etag:
      - '"ff279798e09f0cfccba23e885609d953d794ca1f"'
      Last-Modified:
      - Thu, 08 Jan 2015 00:08:53 GMT
      Link:
      - <http://www.w3.org/ns/ldp#DirectContainer>;rel="type"
      - <http://www.w3.org/ns/ldp#Resource>;rel="type"
      Accept-Patch:
      - application/sparql-update
      Accept-Post:
      - text/turtle,text/rdf+n3,application/n3,text/n3,application/rdf+xml,application/n-triples,multipart/form-data,application/sparql-update
      Allow:
      - MOVE,COPY,DELETE,POST,HEAD,GET,PUT,PATCH,OPTIONS
      Vary:
      - Accept, Range, Accept-Encoding, Accept-Language
      Content-Length:
      - '3569'
      Content-Type:
      - application/x-turtle
    body:
      encoding: UTF-8
      string: "@prefix premis: <http://www.loc.gov/premis/rdf/v1#> .\n@prefix fedorarelsext:
        <http://fedora.info/definitions/v4/rels-ext#> .\n@prefix nt: <http://www.jcp.org/jcr/nt/1.0>
        .\n@prefix rdfs: <http://www.w3.org/2000/01/rdf-schema#> .\n@prefix content:
        <http://www.w3.org/2011/content#> .\n@prefix ns001: <http://purl.org/dc/elements/1.1/>
        .\n@prefix xsi: <http://www.w3.org/2001/XMLSchema-instance> .\n@prefix mode:
        <http://www.modeshape.org/1.0> .\n@prefix openannotation: <http://www.w3.org/ns/oa#>
        .\n@prefix xml: <http://www.w3.org/XML/1998/namespace> .\n@prefix fcrepo:
        <http://fedora.info/definitions/v4/repository#> .\n@prefix fedoraconfig: <http://fedora.info/definitions/v4/config#>
        .\n@prefix mix: <http://www.jcp.org/jcr/mix/1.0> .\n@prefix foaf: <http://xmlns.com/foaf/0.1/>
        .\n@prefix image: <http://www.modeshape.org/images/1.0> .\n@prefix sv: <http://www.jcp.org/jcr/sv/1.0>
        .\n@prefix test: <info:fedora/test/> .\n@prefix dcmitype: <http://purl.org/dc/dcmitype/>
        .\n@prefix triannon: <http://triannon.stanford.edu/ns/> .\n@prefix rdf: <http://www.w3.org/1999/02/22-rdf-syntax-ns#>
        .\n@prefix fedora: <http://fedora.info/definitions/v4/rest-api#> .\n@prefix
        ldp: <http://www.w3.org/ns/ldp#> .\n@prefix xs: <http://www.w3.org/2001/XMLSchema>
        .\n@prefix dc: <http://purl.org/dc/terms/> .\n\n\n<http://localhost:8983/fedora/rest/anno/eb2b7741-e223-4b04-985a-010506ed7707/b/791d2072-8e69-49f9-92cf-ed03d60cf96d>
        ldp:membershipResource <http://localhost:8983/fedora/rest/anno/eb2b7741-e223-4b04-985a-010506ed7707/b/791d2072-8e69-49f9-92cf-ed03d60cf96d>
        ;\n\tldp:hasMemberRelation ldp:member ;\n\ta ldp:Container , ldp:DirectContainer
        , ldp:RDFSource ;\n\tfcrepo:hasParent <http://localhost:8983/fedora/rest/anno/eb2b7741-e223-4b04-985a-010506ed7707/b>
        ;\n\tfedora:writable \"true\"^^<http://www.w3.org/2001/XMLSchema#boolean>
        ;\n\tfedora:exportsAs <http://localhost:8983/fedora/rest/anno/eb2b7741-e223-4b04-985a-010506ed7707/b/791d2072-8e69-49f9-92cf-ed03d60cf96d/fcr:export?format=jcr/xml>
        .\n\n<http://localhost:8983/fedora/rest/anno/eb2b7741-e223-4b04-985a-010506ed7707/b/791d2072-8e69-49f9-92cf-ed03d60cf96d/fcr:export?format=jcr/xml>
        ns001:format <http://fedora.info/definitions/v4/repository#jcr/xml> .\n\n<http://fedora.info/definitions/v4/repository#jcr/xml>
        rdfs:label \"jcr/xml\"^^<http://www.w3.org/2001/XMLSchema#string> .\n\n<http://localhost:8983/fedora/rest/anno/eb2b7741-e223-4b04-985a-010506ed7707/b/791d2072-8e69-49f9-92cf-ed03d60cf96d>
        a <http://www.jcp.org/jcr/nt/1.0folder> , <http://www.jcp.org/jcr/nt/1.0hierarchyNode>
        , <http://www.jcp.org/jcr/nt/1.0base> , <http://www.jcp.org/jcr/mix/1.0created>
        , fedora:resource , fedora:object , fedora:relations , <http://www.jcp.org/jcr/mix/1.0created>
        , <http://www.jcp.org/jcr/mix/1.0lastModified> , <http://www.jcp.org/jcr/mix/1.0referenceable>
        , fedora:DublinCoreDescribable , fedora:resource , ldp:Container ;\n\tfcrepo:lastModifiedBy
        \"bypassAdmin\"^^<http://www.w3.org/2001/XMLSchema#string> ;\n\tfcrepo:uuid
        \"691e2ea4-4a8f-422d-8dd7-0bf77849c394\"^^<http://www.w3.org/2001/XMLSchema#string>
        ;\n\tfcrepo:createdBy \"bypassAdmin\"^^<http://www.w3.org/2001/XMLSchema#string>
        ;\n\tfcrepo:primaryType \"nt:folder\"^^<http://www.w3.org/2001/XMLSchema#string>
        ;\n\tfcrepo:created \"2015-01-08T00:08:53.222Z\"^^<http://www.w3.org/2001/XMLSchema#dateTime>
        ;\n\ttriannon:externalReference <http://dbpedia.org/resource/Otto_Ege> ;\n\tfcrepo:lastModified
        \"2015-01-08T00:08:53.222Z\"^^<http://www.w3.org/2001/XMLSchema#dateTime>
        ;\n\tfcrepo:mixinTypes \"fedora:resource\"^^<http://www.w3.org/2001/XMLSchema#string>
        , \"fedora:object\"^^<http://www.w3.org/2001/XMLSchema#string> .\n"
    http_version: 
  recorded_at: Thu, 08 Jan 2015 00:08:53 GMT
- request:
    method: get
    uri: http://localhost:8983/fedora/rest/anno/eb2b7741-e223-4b04-985a-010506ed7707/t/00155e7d-83b8-4694-89ea-07b0d20ea338
    body:
      encoding: US-ASCII
      string: ''
    headers:
      User-Agent:
      - Faraday v0.9.0
      Accept:
      - application/x-turtle
      Accept-Encoding:
      - gzip;q=1.0,deflate;q=0.6,identity;q=0.3
  response:
    status:
      code: 200
      message: OK
    headers:
      Etag:
      - '"4d933eef9630757cbe37d14770e03481711edaf3"'
      Last-Modified:
      - Thu, 08 Jan 2015 00:08:53 GMT
      Link:
      - <http://www.w3.org/ns/ldp#DirectContainer>;rel="type"
      - <http://www.w3.org/ns/ldp#Resource>;rel="type"
      Accept-Patch:
      - application/sparql-update
      Accept-Post:
      - text/turtle,text/rdf+n3,application/n3,text/n3,application/rdf+xml,application/n-triples,multipart/form-data,application/sparql-update
      Allow:
      - MOVE,COPY,DELETE,POST,HEAD,GET,PUT,PATCH,OPTIONS
      Vary:
      - Accept, Range, Accept-Encoding, Accept-Language
      Content-Length:
      - '6155'
      Content-Type:
      - application/x-turtle
    body:
      encoding: UTF-8
      string: "@prefix premis: <http://www.loc.gov/premis/rdf/v1#> .\n@prefix fedorarelsext:
        <http://fedora.info/definitions/v4/rels-ext#> .\n@prefix nt: <http://www.jcp.org/jcr/nt/1.0>
        .\n@prefix rdfs: <http://www.w3.org/2000/01/rdf-schema#> .\n@prefix content:
        <http://www.w3.org/2011/content#> .\n@prefix ns001: <http://purl.org/dc/elements/1.1/>
        .\n@prefix xsi: <http://www.w3.org/2001/XMLSchema-instance> .\n@prefix mode:
        <http://www.modeshape.org/1.0> .\n@prefix openannotation: <http://www.w3.org/ns/oa#>
        .\n@prefix xml: <http://www.w3.org/XML/1998/namespace> .\n@prefix fcrepo:
        <http://fedora.info/definitions/v4/repository#> .\n@prefix fedoraconfig: <http://fedora.info/definitions/v4/config#>
        .\n@prefix mix: <http://www.jcp.org/jcr/mix/1.0> .\n@prefix foaf: <http://xmlns.com/foaf/0.1/>
        .\n@prefix image: <http://www.modeshape.org/images/1.0> .\n@prefix sv: <http://www.jcp.org/jcr/sv/1.0>
        .\n@prefix test: <info:fedora/test/> .\n@prefix dcmitype: <http://purl.org/dc/dcmitype/>
        .\n@prefix triannon: <http://triannon.stanford.edu/ns/> .\n@prefix rdf: <http://www.w3.org/1999/02/22-rdf-syntax-ns#>
        .\n@prefix fedora: <http://fedora.info/definitions/v4/rest-api#> .\n@prefix
        ldp: <http://www.w3.org/ns/ldp#> .\n@prefix xs: <http://www.w3.org/2001/XMLSchema>
        .\n@prefix dc: <http://purl.org/dc/terms/> .\n\n\n<http://localhost:8983/fedora/rest/anno/eb2b7741-e223-4b04-985a-010506ed7707/t/00155e7d-83b8-4694-89ea-07b0d20ea338>
        ldp:membershipResource <http://localhost:8983/fedora/rest/anno/eb2b7741-e223-4b04-985a-010506ed7707/t/00155e7d-83b8-4694-89ea-07b0d20ea338>
        ;\n\tldp:hasMemberRelation ldp:member ;\n\ta ldp:Container , ldp:DirectContainer
        , ldp:RDFSource ;\n\tfcrepo:hasParent <http://localhost:8983/fedora/rest/anno/eb2b7741-e223-4b04-985a-010506ed7707/t>
        .\n\n<http://localhost:8983/fedora/rest/.well-known/genid/b4ec262b-e976-4433-ba71-0908296915b6>
        a <http://www.jcp.org/jcr/nt/1.0unstructured> , <http://www.jcp.org/jcr/nt/1.0base>
        , openannotation:FragmentSelector , fedora:blanknode , <http://www.jcp.org/jcr/mix/1.0referenceable>
        ;\n\trdf:value \"xywh=0,0,200,200\"^^<http://www.w3.org/2001/XMLSchema#string>
        ;\n\tfcrepo:uuid \"ee27768f-95ca-4648-b867-903e27af6b00\"^^<http://www.w3.org/2001/XMLSchema#string>
        ;\n\tfcrepo:primaryType \"nt:unstructured\"^^<http://www.w3.org/2001/XMLSchema#string>
        ;\n\tfcrepo:mixinTypes \"openannotation:FragmentSelector\"^^<http://www.w3.org/2001/XMLSchema#string>
        , \"fedora:blanknode\"^^<http://www.w3.org/2001/XMLSchema#string> ;\n\tdc:conformsTo
        <http://www.w3.org/TR/media-frags/> .\n\n<http://localhost:8983/fedora/rest/anno/eb2b7741-e223-4b04-985a-010506ed7707/t/00155e7d-83b8-4694-89ea-07b0d20ea338#source>
        a <http://www.jcp.org/jcr/nt/1.0folder> , <http://www.jcp.org/jcr/nt/1.0hierarchyNode>
        , <http://www.jcp.org/jcr/nt/1.0base> , <http://www.jcp.org/jcr/mix/1.0created>
        , fedora:resource , dcmitype:Image , fedora:relations , <http://www.jcp.org/jcr/mix/1.0created>
        , <http://www.jcp.org/jcr/mix/1.0lastModified> , <http://www.jcp.org/jcr/mix/1.0referenceable>
        , fedora:DublinCoreDescribable ;\n\tfcrepo:lastModifiedBy \"bypassAdmin\"^^<http://www.w3.org/2001/XMLSchema#string>
        ;\n\tfcrepo:uuid \"ed3756da-f8e0-4c68-9a3f-ffd822e2d6dc\"^^<http://www.w3.org/2001/XMLSchema#string>
        ;\n\tfcrepo:createdBy \"bypassAdmin\"^^<http://www.w3.org/2001/XMLSchema#string>
        ;\n\tfcrepo:primaryType \"nt:folder\"^^<http://www.w3.org/2001/XMLSchema#string>
        ;\n\tfcrepo:created \"2015-01-08T00:08:53.278Z\"^^<http://www.w3.org/2001/XMLSchema#dateTime>
        ;\n\ttriannon:externalReference <https://stacks.stanford.edu/image/kq131cs7229/kq131cs7229_05_0032_large.jpg>
        ;\n\tfcrepo:mixinTypes \"fedora:resource\"^^<http://www.w3.org/2001/XMLSchema#string>
        , \"dcmitype:Image\"^^<http://www.w3.org/2001/XMLSchema#string> ;\n\tfcrepo:lastModified
        \"2015-01-08T00:08:53.278Z\"^^<http://www.w3.org/2001/XMLSchema#dateTime>
        .\n\n<http://localhost:8983/fedora/rest/anno/eb2b7741-e223-4b04-985a-010506ed7707/t/00155e7d-83b8-4694-89ea-07b0d20ea338>
        fedora:writable \"true\"^^<http://www.w3.org/2001/XMLSchema#boolean> .\n\n<http://localhost:8983/fedora/rest/anno/eb2b7741-e223-4b04-985a-010506ed7707/t/00155e7d-83b8-4694-89ea-07b0d20ea338/fcr:export?format=jcr/xml>
        ns001:format <http://fedora.info/definitions/v4/repository#jcr/xml> .\n\n<http://localhost:8983/fedora/rest/anno/eb2b7741-e223-4b04-985a-010506ed7707/t/00155e7d-83b8-4694-89ea-07b0d20ea338>
        fedora:exportsAs <http://localhost:8983/fedora/rest/anno/eb2b7741-e223-4b04-985a-010506ed7707/t/00155e7d-83b8-4694-89ea-07b0d20ea338/fcr:export?format=jcr/xml>
        .\n\n<http://fedora.info/definitions/v4/repository#jcr/xml> rdfs:label \"jcr/xml\"^^<http://www.w3.org/2001/XMLSchema#string>
        .\n\n<http://localhost:8983/fedora/rest/anno/eb2b7741-e223-4b04-985a-010506ed7707/t/00155e7d-83b8-4694-89ea-07b0d20ea338>
        a <http://www.jcp.org/jcr/nt/1.0folder> , <http://www.jcp.org/jcr/nt/1.0hierarchyNode>
        , <http://www.jcp.org/jcr/nt/1.0base> , <http://www.jcp.org/jcr/mix/1.0created>
        , fedora:resource , openannotation:SpecificResource , fedora:object , fedora:relations
        , <http://www.jcp.org/jcr/mix/1.0created> , <http://www.jcp.org/jcr/mix/1.0lastModified>
        , <http://www.jcp.org/jcr/mix/1.0referenceable> , fedora:DublinCoreDescribable
        , fedora:resource , ldp:Container ;\n\topenannotation:hasSelector <http://localhost:8983/fedora/rest/.well-known/genid/b4ec262b-e976-4433-ba71-0908296915b6>
        ;\n\tfcrepo:lastModifiedBy \"bypassAdmin\"^^<http://www.w3.org/2001/XMLSchema#string>
        ;\n\tfcrepo:uuid \"71fe3c56-0ce7-44db-9d9e-fede1d977233\"^^<http://www.w3.org/2001/XMLSchema#string>
        ;\n\tfcrepo:createdBy \"bypassAdmin\"^^<http://www.w3.org/2001/XMLSchema#string>
        ;\n\tfcrepo:primaryType \"nt:folder\"^^<http://www.w3.org/2001/XMLSchema#string>
        ;\n\tfcrepo:created \"2015-01-08T00:08:53.278Z\"^^<http://www.w3.org/2001/XMLSchema#dateTime>
        ;\n\tfcrepo:lastModified \"2015-01-08T00:08:53.278Z\"^^<http://www.w3.org/2001/XMLSchema#dateTime>
        ;\n\tfcrepo:mixinTypes \"fedora:resource\"^^<http://www.w3.org/2001/XMLSchema#string>
        , \"openannotation:SpecificResource\"^^<http://www.w3.org/2001/XMLSchema#string>
        , \"fedora:object\"^^<http://www.w3.org/2001/XMLSchema#string> ;\n\topenannotation:hasSource
        <http://localhost:8983/fedora/rest/anno/eb2b7741-e223-4b04-985a-010506ed7707/t/00155e7d-83b8-4694-89ea-07b0d20ea338#source>
        .\n"
    http_version: 
  recorded_at: Thu, 08 Jan 2015 00:08:53 GMT
- request:
    method: post
    uri: http://localhost:8983/fedora/rest/anno/5136ac22-18d9-48c3-a987-cbdb62b680ae
    body:
      encoding: UTF-8
      string: |
        @prefix ldp: <http://www.w3.org/ns/ldp#> .
        @prefix openannotation: <http://www.w3.org/ns/oa#> .
        @prefix rdf: <http://www.w3.org/1999/02/22-rdf-syntax-ns#> .

        <> a ldp:DirectContainer;
           ldp:hasMemberRelation openannotation:hasBody;
           ldp:membershipResource <http://localhost:8983/fedora/rest/anno/5136ac22-18d9-48c3-a987-cbdb62b680ae> .
    headers:
      User-Agent:
      - Faraday v0.9.0
      Content-Type:
      - application/x-turtle
      Slug:
      - b
      Accept-Encoding:
      - gzip;q=1.0,deflate;q=0.6,identity;q=0.3
      Accept:
      - "*/*"
  response:
    status:
      code: 201
      message: Created
    headers:
      Etag:
      - '"05791b8a3aeb504c94cf39743a5eb7de6dcdd7a3"'
      Last-Modified:
      - Fri, 23 Jan 2015 23:40:45 GMT
      Content-Length:
      - '77'
      Location:
      - http://localhost:8983/fedora/rest/anno/5136ac22-18d9-48c3-a987-cbdb62b680ae/b
      Content-Type:
      - text/plain
    body:
      encoding: UTF-8
      string: http://localhost:8983/fedora/rest/anno/5136ac22-18d9-48c3-a987-cbdb62b680ae/b
    http_version: 
  recorded_at: Fri, 23 Jan 2015 23:40:45 GMT
- request:
    method: post
    uri: http://localhost:8983/fedora/rest/anno/5136ac22-18d9-48c3-a987-cbdb62b680ae/b
    body:
      encoding: UTF-8
      string: |
        @prefix triannon: <http://triannon.stanford.edu/ns/> .

        <> triannon:externalReference <http://dbpedia.org/resource/Otto_Ege> .
    headers:
      User-Agent:
      - Faraday v0.9.0
      Content-Type:
      - application/x-turtle
      Accept-Encoding:
      - gzip;q=1.0,deflate;q=0.6,identity;q=0.3
      Accept:
      - "*/*"
  response:
    status:
      code: 201
      message: Created
    headers:
      Etag:
      - '"0f2dcef4c449707b412586102653824b8049dfda"'
      Last-Modified:
      - Fri, 23 Jan 2015 23:40:45 GMT
      Content-Length:
      - '114'
      Location:
      - http://localhost:8983/fedora/rest/anno/5136ac22-18d9-48c3-a987-cbdb62b680ae/b/e9a4fce7-fa82-4620-aca4-cb2e8b1530ee
      Content-Type:
      - text/plain
    body:
      encoding: UTF-8
      string: http://localhost:8983/fedora/rest/anno/5136ac22-18d9-48c3-a987-cbdb62b680ae/b/e9a4fce7-fa82-4620-aca4-cb2e8b1530ee
    http_version: 
  recorded_at: Fri, 23 Jan 2015 23:40:45 GMT
- request:
    method: post
    uri: http://localhost:8983/fedora/rest/anno/5136ac22-18d9-48c3-a987-cbdb62b680ae
    body:
      encoding: UTF-8
      string: |
        @prefix ldp: <http://www.w3.org/ns/ldp#> .
        @prefix openannotation: <http://www.w3.org/ns/oa#> .
        @prefix rdf: <http://www.w3.org/1999/02/22-rdf-syntax-ns#> .

        <> a ldp:DirectContainer;
           ldp:hasMemberRelation openannotation:hasTarget;
           ldp:membershipResource <http://localhost:8983/fedora/rest/anno/5136ac22-18d9-48c3-a987-cbdb62b680ae> .
    headers:
      User-Agent:
      - Faraday v0.9.0
      Content-Type:
      - application/x-turtle
      Slug:
      - t
      Accept-Encoding:
      - gzip;q=1.0,deflate;q=0.6,identity;q=0.3
      Accept:
      - "*/*"
  response:
    status:
      code: 201
      message: Created
    headers:
      Etag:
      - '"04c9ab8fa7a3c64545df07a6673d86afab4a8e06"'
      Last-Modified:
      - Fri, 23 Jan 2015 23:40:45 GMT
      Content-Length:
      - '77'
      Location:
      - http://localhost:8983/fedora/rest/anno/5136ac22-18d9-48c3-a987-cbdb62b680ae/t
      Content-Type:
      - text/plain
    body:
      encoding: UTF-8
      string: http://localhost:8983/fedora/rest/anno/5136ac22-18d9-48c3-a987-cbdb62b680ae/t
    http_version: 
  recorded_at: Fri, 23 Jan 2015 23:40:45 GMT
- request:
    method: post
    uri: http://localhost:8983/fedora/rest/anno/5136ac22-18d9-48c3-a987-cbdb62b680ae/t
    body:
      encoding: UTF-8
      string: |
        @prefix dc: <http://purl.org/dc/terms/> .
        @prefix dcmitype: <http://purl.org/dc/dcmitype/> .
        @prefix openannotation: <http://www.w3.org/ns/oa#> .
        @prefix rdf: <http://www.w3.org/1999/02/22-rdf-syntax-ns#> .
        @prefix triannon: <http://triannon.stanford.edu/ns/> .
        @prefix xsd: <http://www.w3.org/2001/XMLSchema#> .

        <> a openannotation:SpecificResource;
           openannotation:hasSelector [
             a openannotation:FragmentSelector;
             dc:conformsTo <http://www.w3.org/TR/media-frags/>;
             rdf:value "xywh=0,0,200,200"
           ];
           openannotation:hasSource <#source> .

        <#source> a dcmitype:Image;
           triannon:externalReference <https://stacks.stanford.edu/image/kq131cs7229/kq131cs7229_05_0032_large.jpg> .
    headers:
      User-Agent:
      - Faraday v0.9.0
      Content-Type:
      - application/x-turtle
      Accept-Encoding:
      - gzip;q=1.0,deflate;q=0.6,identity;q=0.3
      Accept:
      - "*/*"
  response:
    status:
      code: 201
      message: Created
    headers:
      Etag:
      - '"a6012166a9bb73731070776590db04e5c8d80847"'
      Last-Modified:
      - Fri, 23 Jan 2015 23:40:45 GMT
      Content-Length:
      - '114'
      Location:
      - http://localhost:8983/fedora/rest/anno/5136ac22-18d9-48c3-a987-cbdb62b680ae/t/9e4075ca-d220-4811-8aac-59ba28b46c82
      Content-Type:
      - text/plain
    body:
      encoding: UTF-8
      string: http://localhost:8983/fedora/rest/anno/5136ac22-18d9-48c3-a987-cbdb62b680ae/t/9e4075ca-d220-4811-8aac-59ba28b46c82
    http_version: 
  recorded_at: Fri, 23 Jan 2015 23:40:45 GMT
- request:
    method: get
    uri: http://localhost:8983/fedora/rest/anno/5136ac22-18d9-48c3-a987-cbdb62b680ae
    body:
      encoding: US-ASCII
      string: ''
    headers:
      User-Agent:
      - Faraday v0.9.0
      Accept:
      - application/x-turtle
      Accept-Encoding:
      - gzip;q=1.0,deflate;q=0.6,identity;q=0.3
  response:
    status:
      code: 200
      message: OK
    headers:
      Etag:
      - '"5e785d34f8b6767e4b6c8ebfd23776e029e8910c"'
      Last-Modified:
      - Fri, 23 Jan 2015 23:40:45 GMT
      Link:
      - <http://www.w3.org/ns/ldp#DirectContainer>;rel="type"
      - <http://www.w3.org/ns/ldp#Resource>;rel="type"
      Accept-Patch:
      - application/sparql-update
      Accept-Post:
      - text/turtle,text/rdf+n3,application/n3,text/n3,application/rdf+xml,application/n-triples,multipart/form-data,application/sparql-update
      Allow:
      - MOVE,COPY,DELETE,POST,HEAD,GET,PUT,PATCH,OPTIONS
      Vary:
      - Accept, Range, Accept-Encoding, Accept-Language
      Content-Length:
      - '4589'
      Content-Type:
      - application/x-turtle
    body:
      encoding: UTF-8
      string: "@prefix premis: <http://www.loc.gov/premis/rdf/v1#> .\n@prefix fedorarelsext:
        <http://fedora.info/definitions/v4/rels-ext#> .\n@prefix nt: <http://www.jcp.org/jcr/nt/1.0>
        .\n@prefix rdfs: <http://www.w3.org/2000/01/rdf-schema#> .\n@prefix content:
        <http://www.w3.org/2011/content#> .\n@prefix ns001: <http://purl.org/dc/elements/1.1/>
        .\n@prefix xsi: <http://www.w3.org/2001/XMLSchema-instance> .\n@prefix mode:
        <http://www.modeshape.org/1.0> .\n@prefix openannotation: <http://www.w3.org/ns/oa#>
        .\n@prefix xml: <http://www.w3.org/XML/1998/namespace> .\n@prefix fcrepo:
        <http://fedora.info/definitions/v4/repository#> .\n@prefix fedoraconfig: <http://fedora.info/definitions/v4/config#>
        .\n@prefix mix: <http://www.jcp.org/jcr/mix/1.0> .\n@prefix foaf: <http://xmlns.com/foaf/0.1/>
        .\n@prefix image: <http://www.modeshape.org/images/1.0> .\n@prefix sv: <http://www.jcp.org/jcr/sv/1.0>
        .\n@prefix test: <info:fedora/test/> .\n@prefix dcmitype: <http://purl.org/dc/dcmitype/>
        .\n@prefix triannon: <http://triannon.stanford.edu/ns/> .\n@prefix rdf: <http://www.w3.org/1999/02/22-rdf-syntax-ns#>
        .\n@prefix fedora: <http://fedora.info/definitions/v4/rest-api#> .\n@prefix
        ldp: <http://www.w3.org/ns/ldp#> .\n@prefix xs: <http://www.w3.org/2001/XMLSchema>
        .\n@prefix dc: <http://purl.org/dc/terms/> .\n\n\n<http://localhost:8983/fedora/rest/anno/5136ac22-18d9-48c3-a987-cbdb62b680ae>
        ldp:membershipResource <http://localhost:8983/fedora/rest/anno/5136ac22-18d9-48c3-a987-cbdb62b680ae>
        ;\n\tldp:hasMemberRelation ldp:member ;\n\ta ldp:Container , ldp:DirectContainer
        , ldp:RDFSource ;\n\tldp:member <http://localhost:8983/fedora/rest/anno/5136ac22-18d9-48c3-a987-cbdb62b680ae/b>
        , <http://localhost:8983/fedora/rest/anno/5136ac22-18d9-48c3-a987-cbdb62b680ae/t>
        ;\n\topenannotation:hasBody <http://localhost:8983/fedora/rest/anno/5136ac22-18d9-48c3-a987-cbdb62b680ae/b/e9a4fce7-fa82-4620-aca4-cb2e8b1530ee>
        ;\n\topenannotation:hasTarget <http://localhost:8983/fedora/rest/anno/5136ac22-18d9-48c3-a987-cbdb62b680ae/t/9e4075ca-d220-4811-8aac-59ba28b46c82>
        ;\n\tldp:contains <http://localhost:8983/fedora/rest/anno/5136ac22-18d9-48c3-a987-cbdb62b680ae/b>
        , <http://localhost:8983/fedora/rest/anno/5136ac22-18d9-48c3-a987-cbdb62b680ae/t>
        ;\n\tfcrepo:hasParent <http://localhost:8983/fedora/rest/anno> .\n\n<http://localhost:8983/fedora/rest/anno/5136ac22-18d9-48c3-a987-cbdb62b680ae/b>
        ldp:membershipResource <http://localhost:8983/fedora/rest/anno/5136ac22-18d9-48c3-a987-cbdb62b680ae>
        .\n\n<http://localhost:8983/fedora/rest/anno/5136ac22-18d9-48c3-a987-cbdb62b680ae/t>
        ldp:membershipResource <http://localhost:8983/fedora/rest/anno/5136ac22-18d9-48c3-a987-cbdb62b680ae>
        .\n\n<http://localhost:8983/fedora/rest/anno/5136ac22-18d9-48c3-a987-cbdb62b680ae>
        fedora:writable \"true\"^^<http://www.w3.org/2001/XMLSchema#boolean> .\n\n<http://localhost:8983/fedora/rest/anno/5136ac22-18d9-48c3-a987-cbdb62b680ae/fcr:export?format=jcr/xml>
        ns001:format <http://fedora.info/definitions/v4/repository#jcr/xml> .\n\n<http://localhost:8983/fedora/rest/anno/5136ac22-18d9-48c3-a987-cbdb62b680ae>
        fedora:exportsAs <http://localhost:8983/fedora/rest/anno/5136ac22-18d9-48c3-a987-cbdb62b680ae/fcr:export?format=jcr/xml>
        .\n\n<http://fedora.info/definitions/v4/repository#jcr/xml> rdfs:label \"jcr/xml\"^^<http://www.w3.org/2001/XMLSchema#string>
        .\n\n<http://localhost:8983/fedora/rest/anno/5136ac22-18d9-48c3-a987-cbdb62b680ae>
        a <http://www.jcp.org/jcr/nt/1.0folder> , <http://www.jcp.org/jcr/nt/1.0hierarchyNode>
        , <http://www.jcp.org/jcr/nt/1.0base> , <http://www.jcp.org/jcr/mix/1.0created>
        , openannotation:Annotation , fedora:resource , fedora:object , fedora:relations
        , <http://www.jcp.org/jcr/mix/1.0created> , <http://www.jcp.org/jcr/mix/1.0lastModified>
        , <http://www.jcp.org/jcr/mix/1.0referenceable> , fedora:DublinCoreDescribable
        , fedora:resource , ldp:Container ;\n\tfcrepo:lastModifiedBy \"bypassAdmin\"^^<http://www.w3.org/2001/XMLSchema#string>
        ;\n\tfcrepo:uuid \"c8ad4772-de3f-4c54-9449-e1a3effd5365\"^^<http://www.w3.org/2001/XMLSchema#string>
        ;\n\tfcrepo:createdBy \"bypassAdmin\"^^<http://www.w3.org/2001/XMLSchema#string>
        ;\n\tfcrepo:primaryType \"nt:folder\"^^<http://www.w3.org/2001/XMLSchema#string>
        ;\n\tfcrepo:created \"2015-01-23T23:40:45.483Z\"^^<http://www.w3.org/2001/XMLSchema#dateTime>
        ;\n\tfcrepo:mixinTypes \"openannotation:Annotation\"^^<http://www.w3.org/2001/XMLSchema#string>
        , \"fedora:resource\"^^<http://www.w3.org/2001/XMLSchema#string> , \"fedora:object\"^^<http://www.w3.org/2001/XMLSchema#string>
        ;\n\tfcrepo:lastModified \"2015-01-23T23:40:45.538Z\"^^<http://www.w3.org/2001/XMLSchema#dateTime>
        ;\n\topenannotation:motivatedBy openannotation:commenting .\n"
    http_version: 
  recorded_at: Fri, 23 Jan 2015 23:40:45 GMT
- request:
    method: get
    uri: http://localhost:8983/fedora/rest/anno/5136ac22-18d9-48c3-a987-cbdb62b680ae/b/e9a4fce7-fa82-4620-aca4-cb2e8b1530ee
    body:
      encoding: US-ASCII
      string: ''
    headers:
      User-Agent:
      - Faraday v0.9.0
      Accept:
      - application/x-turtle
      Accept-Encoding:
      - gzip;q=1.0,deflate;q=0.6,identity;q=0.3
  response:
    status:
      code: 200
      message: OK
    headers:
      Etag:
      - '"0f2dcef4c449707b412586102653824b8049dfda"'
      Last-Modified:
      - Fri, 23 Jan 2015 23:40:45 GMT
      Link:
      - <http://www.w3.org/ns/ldp#DirectContainer>;rel="type"
      - <http://www.w3.org/ns/ldp#Resource>;rel="type"
      Accept-Patch:
      - application/sparql-update
      Accept-Post:
      - text/turtle,text/rdf+n3,application/n3,text/n3,application/rdf+xml,application/n-triples,multipart/form-data,application/sparql-update
      Allow:
      - MOVE,COPY,DELETE,POST,HEAD,GET,PUT,PATCH,OPTIONS
      Vary:
      - Accept, Range, Accept-Encoding, Accept-Language
      Content-Length:
      - '3569'
      Content-Type:
      - application/x-turtle
    body:
      encoding: UTF-8
      string: "@prefix premis: <http://www.loc.gov/premis/rdf/v1#> .\n@prefix fedorarelsext:
        <http://fedora.info/definitions/v4/rels-ext#> .\n@prefix nt: <http://www.jcp.org/jcr/nt/1.0>
        .\n@prefix rdfs: <http://www.w3.org/2000/01/rdf-schema#> .\n@prefix content:
        <http://www.w3.org/2011/content#> .\n@prefix ns001: <http://purl.org/dc/elements/1.1/>
        .\n@prefix xsi: <http://www.w3.org/2001/XMLSchema-instance> .\n@prefix mode:
        <http://www.modeshape.org/1.0> .\n@prefix openannotation: <http://www.w3.org/ns/oa#>
        .\n@prefix xml: <http://www.w3.org/XML/1998/namespace> .\n@prefix fcrepo:
        <http://fedora.info/definitions/v4/repository#> .\n@prefix fedoraconfig: <http://fedora.info/definitions/v4/config#>
        .\n@prefix mix: <http://www.jcp.org/jcr/mix/1.0> .\n@prefix foaf: <http://xmlns.com/foaf/0.1/>
        .\n@prefix image: <http://www.modeshape.org/images/1.0> .\n@prefix sv: <http://www.jcp.org/jcr/sv/1.0>
        .\n@prefix test: <info:fedora/test/> .\n@prefix dcmitype: <http://purl.org/dc/dcmitype/>
        .\n@prefix triannon: <http://triannon.stanford.edu/ns/> .\n@prefix rdf: <http://www.w3.org/1999/02/22-rdf-syntax-ns#>
        .\n@prefix fedora: <http://fedora.info/definitions/v4/rest-api#> .\n@prefix
        ldp: <http://www.w3.org/ns/ldp#> .\n@prefix xs: <http://www.w3.org/2001/XMLSchema>
        .\n@prefix dc: <http://purl.org/dc/terms/> .\n\n\n<http://localhost:8983/fedora/rest/anno/5136ac22-18d9-48c3-a987-cbdb62b680ae/b/e9a4fce7-fa82-4620-aca4-cb2e8b1530ee>
        ldp:membershipResource <http://localhost:8983/fedora/rest/anno/5136ac22-18d9-48c3-a987-cbdb62b680ae/b/e9a4fce7-fa82-4620-aca4-cb2e8b1530ee>
        ;\n\tldp:hasMemberRelation ldp:member ;\n\ta ldp:Container , ldp:DirectContainer
        , ldp:RDFSource ;\n\tfcrepo:hasParent <http://localhost:8983/fedora/rest/anno/5136ac22-18d9-48c3-a987-cbdb62b680ae/b>
        ;\n\tfedora:writable \"true\"^^<http://www.w3.org/2001/XMLSchema#boolean>
        .\n\n<http://localhost:8983/fedora/rest/anno/5136ac22-18d9-48c3-a987-cbdb62b680ae/b/e9a4fce7-fa82-4620-aca4-cb2e8b1530ee/fcr:export?format=jcr/xml>
        ns001:format <http://fedora.info/definitions/v4/repository#jcr/xml> .\n\n<http://fedora.info/definitions/v4/repository#jcr/xml>
        rdfs:label \"jcr/xml\"^^<http://www.w3.org/2001/XMLSchema#string> .\n\n<http://localhost:8983/fedora/rest/anno/5136ac22-18d9-48c3-a987-cbdb62b680ae/b/e9a4fce7-fa82-4620-aca4-cb2e8b1530ee>
        fedora:exportsAs <http://localhost:8983/fedora/rest/anno/5136ac22-18d9-48c3-a987-cbdb62b680ae/b/e9a4fce7-fa82-4620-aca4-cb2e8b1530ee/fcr:export?format=jcr/xml>
        ;\n\ta <http://www.jcp.org/jcr/nt/1.0folder> , <http://www.jcp.org/jcr/nt/1.0hierarchyNode>
        , <http://www.jcp.org/jcr/nt/1.0base> , <http://www.jcp.org/jcr/mix/1.0created>
        , fedora:resource , fedora:object , fedora:relations , <http://www.jcp.org/jcr/mix/1.0created>
        , <http://www.jcp.org/jcr/mix/1.0lastModified> , <http://www.jcp.org/jcr/mix/1.0referenceable>
        , fedora:DublinCoreDescribable , fedora:resource , ldp:Container ;\n\tfcrepo:lastModifiedBy
        \"bypassAdmin\"^^<http://www.w3.org/2001/XMLSchema#string> ;\n\tfcrepo:uuid
        \"83f9b79b-c93a-4399-9755-f1c9ad88bba9\"^^<http://www.w3.org/2001/XMLSchema#string>
        ;\n\tfcrepo:createdBy \"bypassAdmin\"^^<http://www.w3.org/2001/XMLSchema#string>
        ;\n\tfcrepo:primaryType \"nt:folder\"^^<http://www.w3.org/2001/XMLSchema#string>
        ;\n\tfcrepo:created \"2015-01-23T23:40:45.521Z\"^^<http://www.w3.org/2001/XMLSchema#dateTime>
        ;\n\ttriannon:externalReference <http://dbpedia.org/resource/Otto_Ege> ;\n\tfcrepo:lastModified
        \"2015-01-23T23:40:45.521Z\"^^<http://www.w3.org/2001/XMLSchema#dateTime>
        ;\n\tfcrepo:mixinTypes \"fedora:resource\"^^<http://www.w3.org/2001/XMLSchema#string>
        , \"fedora:object\"^^<http://www.w3.org/2001/XMLSchema#string> .\n"
    http_version: 
  recorded_at: Fri, 23 Jan 2015 23:40:45 GMT
- request:
    method: get
    uri: http://localhost:8983/fedora/rest/anno/5136ac22-18d9-48c3-a987-cbdb62b680ae/t/9e4075ca-d220-4811-8aac-59ba28b46c82
    body:
      encoding: US-ASCII
      string: ''
    headers:
      User-Agent:
      - Faraday v0.9.0
      Accept:
      - application/x-turtle
      Accept-Encoding:
      - gzip;q=1.0,deflate;q=0.6,identity;q=0.3
  response:
    status:
      code: 200
      message: OK
    headers:
      Etag:
      - '"a6012166a9bb73731070776590db04e5c8d80847"'
      Last-Modified:
      - Fri, 23 Jan 2015 23:40:45 GMT
      Link:
      - <http://www.w3.org/ns/ldp#DirectContainer>;rel="type"
      - <http://www.w3.org/ns/ldp#Resource>;rel="type"
      Accept-Patch:
      - application/sparql-update
      Accept-Post:
      - text/turtle,text/rdf+n3,application/n3,text/n3,application/rdf+xml,application/n-triples,multipart/form-data,application/sparql-update
      Allow:
      - MOVE,COPY,DELETE,POST,HEAD,GET,PUT,PATCH,OPTIONS
      Vary:
      - Accept, Range, Accept-Encoding, Accept-Language
      Content-Length:
      - '6038'
      Content-Type:
      - application/x-turtle
    body:
      encoding: UTF-8
      string: "@prefix premis: <http://www.loc.gov/premis/rdf/v1#> .\n@prefix fedorarelsext:
        <http://fedora.info/definitions/v4/rels-ext#> .\n@prefix nt: <http://www.jcp.org/jcr/nt/1.0>
        .\n@prefix rdfs: <http://www.w3.org/2000/01/rdf-schema#> .\n@prefix content:
        <http://www.w3.org/2011/content#> .\n@prefix ns001: <http://purl.org/dc/elements/1.1/>
        .\n@prefix xsi: <http://www.w3.org/2001/XMLSchema-instance> .\n@prefix mode:
        <http://www.modeshape.org/1.0> .\n@prefix openannotation: <http://www.w3.org/ns/oa#>
        .\n@prefix xml: <http://www.w3.org/XML/1998/namespace> .\n@prefix fcrepo:
        <http://fedora.info/definitions/v4/repository#> .\n@prefix fedoraconfig: <http://fedora.info/definitions/v4/config#>
        .\n@prefix mix: <http://www.jcp.org/jcr/mix/1.0> .\n@prefix foaf: <http://xmlns.com/foaf/0.1/>
        .\n@prefix image: <http://www.modeshape.org/images/1.0> .\n@prefix sv: <http://www.jcp.org/jcr/sv/1.0>
        .\n@prefix test: <info:fedora/test/> .\n@prefix dcmitype: <http://purl.org/dc/dcmitype/>
        .\n@prefix triannon: <http://triannon.stanford.edu/ns/> .\n@prefix rdf: <http://www.w3.org/1999/02/22-rdf-syntax-ns#>
        .\n@prefix fedora: <http://fedora.info/definitions/v4/rest-api#> .\n@prefix
        ldp: <http://www.w3.org/ns/ldp#> .\n@prefix xs: <http://www.w3.org/2001/XMLSchema>
        .\n@prefix dc: <http://purl.org/dc/terms/> .\n\n\n<http://localhost:8983/fedora/rest/anno/5136ac22-18d9-48c3-a987-cbdb62b680ae/t/9e4075ca-d220-4811-8aac-59ba28b46c82>
        ldp:membershipResource <http://localhost:8983/fedora/rest/anno/5136ac22-18d9-48c3-a987-cbdb62b680ae/t/9e4075ca-d220-4811-8aac-59ba28b46c82>
        ;\n\tldp:hasMemberRelation ldp:member ;\n\ta ldp:Container , ldp:DirectContainer
        , ldp:RDFSource ;\n\tfcrepo:hasParent <http://localhost:8983/fedora/rest/anno/5136ac22-18d9-48c3-a987-cbdb62b680ae/t>
        .\n\n<http://localhost:8983/fedora/rest/.well-known/genid/74c0072d-8470-436f-bd93-7d9470ffa07d>
        a <http://www.jcp.org/jcr/nt/1.0unstructured> , <http://www.jcp.org/jcr/nt/1.0base>
        , openannotation:FragmentSelector , fedora:blanknode , <http://www.jcp.org/jcr/mix/1.0referenceable>
        ;\n\trdf:value \"xywh=0,0,200,200\"^^<http://www.w3.org/2001/XMLSchema#string>
        ;\n\tfcrepo:uuid \"6cd9eac5-db24-4068-8aa2-b8e87346f0bf\"^^<http://www.w3.org/2001/XMLSchema#string>
        ;\n\tfcrepo:primaryType \"nt:unstructured\"^^<http://www.w3.org/2001/XMLSchema#string>
        ;\n\tfcrepo:mixinTypes \"openannotation:FragmentSelector\"^^<http://www.w3.org/2001/XMLSchema#string>
        , \"fedora:blanknode\"^^<http://www.w3.org/2001/XMLSchema#string> ;\n\tdc:conformsTo
        <http://www.w3.org/TR/media-frags/> .\n\n<http://localhost:8983/fedora/rest/anno/5136ac22-18d9-48c3-a987-cbdb62b680ae/t/9e4075ca-d220-4811-8aac-59ba28b46c82#source>
        a <http://www.jcp.org/jcr/nt/1.0folder> , <http://www.jcp.org/jcr/nt/1.0hierarchyNode>
        , <http://www.jcp.org/jcr/nt/1.0base> , <http://www.jcp.org/jcr/mix/1.0created>
        , fedora:resource , dcmitype:Image , fedora:relations , <http://www.jcp.org/jcr/mix/1.0created>
        , <http://www.jcp.org/jcr/mix/1.0lastModified> , <http://www.jcp.org/jcr/mix/1.0referenceable>
        , fedora:DublinCoreDescribable ;\n\tfcrepo:lastModifiedBy \"bypassAdmin\"^^<http://www.w3.org/2001/XMLSchema#string>
        ;\n\tfcrepo:uuid \"4a797e4e-855d-43da-b39c-1668ba8b48be\"^^<http://www.w3.org/2001/XMLSchema#string>
        ;\n\tfcrepo:createdBy \"bypassAdmin\"^^<http://www.w3.org/2001/XMLSchema#string>
        ;\n\tfcrepo:primaryType \"nt:folder\"^^<http://www.w3.org/2001/XMLSchema#string>
        ;\n\tfcrepo:created \"2015-01-23T23:40:45.569Z\"^^<http://www.w3.org/2001/XMLSchema#dateTime>
        ;\n\ttriannon:externalReference <https://stacks.stanford.edu/image/kq131cs7229/kq131cs7229_05_0032_large.jpg>
        ;\n\tfcrepo:mixinTypes \"fedora:resource\"^^<http://www.w3.org/2001/XMLSchema#string>
        , \"dcmitype:Image\"^^<http://www.w3.org/2001/XMLSchema#string> ;\n\tfcrepo:lastModified
        \"2015-01-23T23:40:45.569Z\"^^<http://www.w3.org/2001/XMLSchema#dateTime>
        .\n\n<http://localhost:8983/fedora/rest/anno/5136ac22-18d9-48c3-a987-cbdb62b680ae/t/9e4075ca-d220-4811-8aac-59ba28b46c82>
        fedora:writable \"true\"^^<http://www.w3.org/2001/XMLSchema#boolean> ;\n\tfedora:exportsAs
        <http://localhost:8983/fedora/rest/anno/5136ac22-18d9-48c3-a987-cbdb62b680ae/t/9e4075ca-d220-4811-8aac-59ba28b46c82/fcr:export?format=jcr/xml>
        .\n\n<http://localhost:8983/fedora/rest/anno/5136ac22-18d9-48c3-a987-cbdb62b680ae/t/9e4075ca-d220-4811-8aac-59ba28b46c82/fcr:export?format=jcr/xml>
        ns001:format <http://fedora.info/definitions/v4/repository#jcr/xml> .\n\n<http://fedora.info/definitions/v4/repository#jcr/xml>
        rdfs:label \"jcr/xml\"^^<http://www.w3.org/2001/XMLSchema#string> .\n\n<http://localhost:8983/fedora/rest/anno/5136ac22-18d9-48c3-a987-cbdb62b680ae/t/9e4075ca-d220-4811-8aac-59ba28b46c82>
        a <http://www.jcp.org/jcr/nt/1.0folder> , <http://www.jcp.org/jcr/nt/1.0hierarchyNode>
        , <http://www.jcp.org/jcr/nt/1.0base> , <http://www.jcp.org/jcr/mix/1.0created>
        , fedora:resource , openannotation:SpecificResource , fedora:object , fedora:relations
        , <http://www.jcp.org/jcr/mix/1.0created> , <http://www.jcp.org/jcr/mix/1.0lastModified>
        , <http://www.jcp.org/jcr/mix/1.0referenceable> , fedora:DublinCoreDescribable
        , fedora:resource , ldp:Container ;\n\topenannotation:hasSelector <http://localhost:8983/fedora/rest/.well-known/genid/74c0072d-8470-436f-bd93-7d9470ffa07d>
        ;\n\tfcrepo:lastModifiedBy \"bypassAdmin\"^^<http://www.w3.org/2001/XMLSchema#string>
        ;\n\tfcrepo:uuid \"87b7b36c-076c-4990-bb77-232a24b661e6\"^^<http://www.w3.org/2001/XMLSchema#string>
        ;\n\tfcrepo:createdBy \"bypassAdmin\"^^<http://www.w3.org/2001/XMLSchema#string>
        ;\n\tfcrepo:primaryType \"nt:folder\"^^<http://www.w3.org/2001/XMLSchema#string>
        ;\n\tfcrepo:created \"2015-01-23T23:40:45.569Z\"^^<http://www.w3.org/2001/XMLSchema#dateTime>
        ;\n\tfcrepo:lastModified \"2015-01-23T23:40:45.569Z\"^^<http://www.w3.org/2001/XMLSchema#dateTime>
        ;\n\tfcrepo:mixinTypes \"fedora:resource\"^^<http://www.w3.org/2001/XMLSchema#string>
        , \"openannotation:SpecificResource\"^^<http://www.w3.org/2001/XMLSchema#string>
        , \"fedora:object\"^^<http://www.w3.org/2001/XMLSchema#string> ;\n\topenannotation:hasSource
        <http://localhost:8983/fedora/rest/anno/5136ac22-18d9-48c3-a987-cbdb62b680ae/t/9e4075ca-d220-4811-8aac-59ba28b46c82#source>
        .\n"
    http_version: 
  recorded_at: Fri, 23 Jan 2015 23:40:45 GMT
- request:
    method: post
    uri: http://localhost:8983/fedora/rest/anno
    body:
      encoding: UTF-8
      string: |
        @prefix openannotation: <http://www.w3.org/ns/oa#> .
        @prefix rdf: <http://www.w3.org/1999/02/22-rdf-syntax-ns#> .

        <> a openannotation:Annotation;
           openannotation:motivatedBy openannotation:commenting .
    headers:
      User-Agent:
      - Faraday v0.9.0
      Content-Type:
      - application/x-turtle
      Accept-Encoding:
      - gzip;q=1.0,deflate;q=0.6,identity;q=0.3
      Accept:
      - "*/*"
  response:
    status:
      code: 201
      message: Created
    headers:
      Etag:
      - '"4ebcb9783939c94749b80cd4d99fd97eaff4729c"'
      Last-Modified:
      - Fri, 23 Jan 2015 23:42:33 GMT
      Content-Length:
      - '75'
      Location:
      - http://localhost:8983/fedora/rest/anno/c4a21e2d-b071-4b23-8f35-95c22c20f21c
      Content-Type:
      - text/plain
    body:
      encoding: UTF-8
      string: http://localhost:8983/fedora/rest/anno/c4a21e2d-b071-4b23-8f35-95c22c20f21c
    http_version: 
  recorded_at: Fri, 23 Jan 2015 23:42:33 GMT
- request:
    method: post
    uri: http://localhost:8983/fedora/rest/anno/c4a21e2d-b071-4b23-8f35-95c22c20f21c
    body:
      encoding: UTF-8
      string: |
        @prefix ldp: <http://www.w3.org/ns/ldp#> .
        @prefix openannotation: <http://www.w3.org/ns/oa#> .
        @prefix rdf: <http://www.w3.org/1999/02/22-rdf-syntax-ns#> .

        <> a ldp:DirectContainer;
           ldp:hasMemberRelation openannotation:hasBody;
           ldp:membershipResource <http://localhost:8983/fedora/rest/anno/c4a21e2d-b071-4b23-8f35-95c22c20f21c> .
    headers:
      User-Agent:
      - Faraday v0.9.0
      Content-Type:
      - application/x-turtle
      Slug:
      - b
      Accept-Encoding:
      - gzip;q=1.0,deflate;q=0.6,identity;q=0.3
      Accept:
      - "*/*"
  response:
    status:
      code: 201
      message: Created
    headers:
      Etag:
      - '"a451b536ace51a4751af197e62054c4891f4bcab"'
      Last-Modified:
      - Fri, 23 Jan 2015 23:42:33 GMT
      Content-Length:
      - '77'
      Location:
      - http://localhost:8983/fedora/rest/anno/c4a21e2d-b071-4b23-8f35-95c22c20f21c/b
      Content-Type:
      - text/plain
    body:
      encoding: UTF-8
      string: http://localhost:8983/fedora/rest/anno/c4a21e2d-b071-4b23-8f35-95c22c20f21c/b
    http_version: 
  recorded_at: Fri, 23 Jan 2015 23:42:33 GMT
- request:
    method: post
    uri: http://localhost:8983/fedora/rest/anno/c4a21e2d-b071-4b23-8f35-95c22c20f21c/b
    body:
      encoding: UTF-8
      string: |
        @prefix triannon: <http://triannon.stanford.edu/ns/> .

        <> triannon:externalReference <http://dbpedia.org/resource/Otto_Ege> .
    headers:
      User-Agent:
      - Faraday v0.9.0
      Content-Type:
      - application/x-turtle
      Accept-Encoding:
      - gzip;q=1.0,deflate;q=0.6,identity;q=0.3
      Accept:
      - "*/*"
  response:
    status:
      code: 201
      message: Created
    headers:
      Etag:
      - '"50e958bd24298385aea05c1c8988a2b6ffb6f10d"'
      Last-Modified:
      - Fri, 23 Jan 2015 23:42:33 GMT
      Content-Length:
      - '114'
      Location:
      - http://localhost:8983/fedora/rest/anno/c4a21e2d-b071-4b23-8f35-95c22c20f21c/b/f9eaa38d-8910-40ba-9c26-61c0f516db1c
      Content-Type:
      - text/plain
    body:
      encoding: UTF-8
      string: http://localhost:8983/fedora/rest/anno/c4a21e2d-b071-4b23-8f35-95c22c20f21c/b/f9eaa38d-8910-40ba-9c26-61c0f516db1c
    http_version: 
  recorded_at: Fri, 23 Jan 2015 23:42:33 GMT
- request:
    method: post
    uri: http://localhost:8983/fedora/rest/anno/c4a21e2d-b071-4b23-8f35-95c22c20f21c
    body:
      encoding: UTF-8
      string: |
        @prefix ldp: <http://www.w3.org/ns/ldp#> .
        @prefix openannotation: <http://www.w3.org/ns/oa#> .
        @prefix rdf: <http://www.w3.org/1999/02/22-rdf-syntax-ns#> .

        <> a ldp:DirectContainer;
           ldp:hasMemberRelation openannotation:hasTarget;
           ldp:membershipResource <http://localhost:8983/fedora/rest/anno/c4a21e2d-b071-4b23-8f35-95c22c20f21c> .
    headers:
      User-Agent:
      - Faraday v0.9.0
      Content-Type:
      - application/x-turtle
      Slug:
      - t
      Accept-Encoding:
      - gzip;q=1.0,deflate;q=0.6,identity;q=0.3
      Accept:
      - "*/*"
  response:
    status:
      code: 201
      message: Created
    headers:
      Etag:
      - '"049bd365750bfb9d62e7addb6b300ef115ce59c1"'
      Last-Modified:
      - Fri, 23 Jan 2015 23:42:33 GMT
      Content-Length:
      - '77'
      Location:
      - http://localhost:8983/fedora/rest/anno/c4a21e2d-b071-4b23-8f35-95c22c20f21c/t
      Content-Type:
      - text/plain
    body:
      encoding: UTF-8
      string: http://localhost:8983/fedora/rest/anno/c4a21e2d-b071-4b23-8f35-95c22c20f21c/t
    http_version: 
  recorded_at: Fri, 23 Jan 2015 23:42:33 GMT
- request:
    method: post
    uri: http://localhost:8983/fedora/rest/anno/c4a21e2d-b071-4b23-8f35-95c22c20f21c/t
    body:
      encoding: UTF-8
      string: |
        @prefix dc: <http://purl.org/dc/terms/> .
        @prefix dcmitype: <http://purl.org/dc/dcmitype/> .
        @prefix openannotation: <http://www.w3.org/ns/oa#> .
        @prefix rdf: <http://www.w3.org/1999/02/22-rdf-syntax-ns#> .
        @prefix triannon: <http://triannon.stanford.edu/ns/> .
        @prefix xsd: <http://www.w3.org/2001/XMLSchema#> .

        <> a openannotation:SpecificResource;
           openannotation:hasSelector [
             a openannotation:FragmentSelector;
             dc:conformsTo <http://www.w3.org/TR/media-frags/>;
             rdf:value "xywh=0,0,200,200"
           ];
           openannotation:hasSource <#source> .

        <#source> a dcmitype:Image;
           triannon:externalReference <https://stacks.stanford.edu/image/kq131cs7229/kq131cs7229_05_0032_large.jpg> .
    headers:
      User-Agent:
      - Faraday v0.9.0
      Content-Type:
      - application/x-turtle
      Accept-Encoding:
      - gzip;q=1.0,deflate;q=0.6,identity;q=0.3
      Accept:
      - "*/*"
  response:
    status:
      code: 201
      message: Created
    headers:
      Etag:
      - '"dac9a4650cc006b247e61cf06dff0c28269fea8d"'
      Last-Modified:
      - Fri, 23 Jan 2015 23:42:33 GMT
      Content-Length:
      - '114'
      Location:
      - http://localhost:8983/fedora/rest/anno/c4a21e2d-b071-4b23-8f35-95c22c20f21c/t/f942eeb1-2d07-458f-8e99-95e38d931d1b
      Content-Type:
      - text/plain
    body:
      encoding: UTF-8
      string: http://localhost:8983/fedora/rest/anno/c4a21e2d-b071-4b23-8f35-95c22c20f21c/t/f942eeb1-2d07-458f-8e99-95e38d931d1b
    http_version: 
  recorded_at: Fri, 23 Jan 2015 23:42:33 GMT
- request:
    method: get
    uri: http://localhost:8983/fedora/rest/anno/c4a21e2d-b071-4b23-8f35-95c22c20f21c
    body:
      encoding: US-ASCII
      string: ''
    headers:
      User-Agent:
      - Faraday v0.9.0
      Accept:
      - application/x-turtle
      Accept-Encoding:
      - gzip;q=1.0,deflate;q=0.6,identity;q=0.3
  response:
    status:
      code: 200
      message: OK
    headers:
      Etag:
      - '"593293b70fbf05797b0dcec7a1c4f935342f2fcc"'
      Last-Modified:
      - Fri, 23 Jan 2015 23:42:33 GMT
      Link:
      - <http://www.w3.org/ns/ldp#DirectContainer>;rel="type"
      - <http://www.w3.org/ns/ldp#Resource>;rel="type"
      Accept-Patch:
      - application/sparql-update
      Accept-Post:
      - text/turtle,text/rdf+n3,application/n3,text/n3,application/rdf+xml,application/n-triples,multipart/form-data,application/sparql-update
      Allow:
      - MOVE,COPY,DELETE,POST,HEAD,GET,PUT,PATCH,OPTIONS
      Vary:
      - Accept, Range, Accept-Encoding, Accept-Language
      Content-Length:
      - '4589'
      Content-Type:
      - application/x-turtle
    body:
      encoding: UTF-8
      string: "@prefix premis: <http://www.loc.gov/premis/rdf/v1#> .\n@prefix fedorarelsext:
        <http://fedora.info/definitions/v4/rels-ext#> .\n@prefix nt: <http://www.jcp.org/jcr/nt/1.0>
        .\n@prefix rdfs: <http://www.w3.org/2000/01/rdf-schema#> .\n@prefix content:
        <http://www.w3.org/2011/content#> .\n@prefix ns001: <http://purl.org/dc/elements/1.1/>
        .\n@prefix xsi: <http://www.w3.org/2001/XMLSchema-instance> .\n@prefix mode:
        <http://www.modeshape.org/1.0> .\n@prefix openannotation: <http://www.w3.org/ns/oa#>
        .\n@prefix xml: <http://www.w3.org/XML/1998/namespace> .\n@prefix fcrepo:
        <http://fedora.info/definitions/v4/repository#> .\n@prefix fedoraconfig: <http://fedora.info/definitions/v4/config#>
        .\n@prefix mix: <http://www.jcp.org/jcr/mix/1.0> .\n@prefix foaf: <http://xmlns.com/foaf/0.1/>
        .\n@prefix image: <http://www.modeshape.org/images/1.0> .\n@prefix sv: <http://www.jcp.org/jcr/sv/1.0>
        .\n@prefix test: <info:fedora/test/> .\n@prefix dcmitype: <http://purl.org/dc/dcmitype/>
        .\n@prefix triannon: <http://triannon.stanford.edu/ns/> .\n@prefix rdf: <http://www.w3.org/1999/02/22-rdf-syntax-ns#>
        .\n@prefix fedora: <http://fedora.info/definitions/v4/rest-api#> .\n@prefix
        ldp: <http://www.w3.org/ns/ldp#> .\n@prefix xs: <http://www.w3.org/2001/XMLSchema>
        .\n@prefix dc: <http://purl.org/dc/terms/> .\n\n\n<http://localhost:8983/fedora/rest/anno/c4a21e2d-b071-4b23-8f35-95c22c20f21c>
        ldp:hasMemberRelation ldp:member ;\n\tldp:membershipResource <http://localhost:8983/fedora/rest/anno/c4a21e2d-b071-4b23-8f35-95c22c20f21c>
        ;\n\ta ldp:Container , ldp:DirectContainer , ldp:RDFSource ;\n\tldp:member
        <http://localhost:8983/fedora/rest/anno/c4a21e2d-b071-4b23-8f35-95c22c20f21c/b>
        , <http://localhost:8983/fedora/rest/anno/c4a21e2d-b071-4b23-8f35-95c22c20f21c/t>
        ;\n\topenannotation:hasBody <http://localhost:8983/fedora/rest/anno/c4a21e2d-b071-4b23-8f35-95c22c20f21c/b/f9eaa38d-8910-40ba-9c26-61c0f516db1c>
        ;\n\topenannotation:hasTarget <http://localhost:8983/fedora/rest/anno/c4a21e2d-b071-4b23-8f35-95c22c20f21c/t/f942eeb1-2d07-458f-8e99-95e38d931d1b>
        ;\n\tldp:contains <http://localhost:8983/fedora/rest/anno/c4a21e2d-b071-4b23-8f35-95c22c20f21c/b>
        , <http://localhost:8983/fedora/rest/anno/c4a21e2d-b071-4b23-8f35-95c22c20f21c/t>
        ;\n\tfcrepo:hasParent <http://localhost:8983/fedora/rest/anno> .\n\n<http://localhost:8983/fedora/rest/anno/c4a21e2d-b071-4b23-8f35-95c22c20f21c/b>
        ldp:membershipResource <http://localhost:8983/fedora/rest/anno/c4a21e2d-b071-4b23-8f35-95c22c20f21c>
        .\n\n<http://localhost:8983/fedora/rest/anno/c4a21e2d-b071-4b23-8f35-95c22c20f21c/t>
        ldp:membershipResource <http://localhost:8983/fedora/rest/anno/c4a21e2d-b071-4b23-8f35-95c22c20f21c>
        .\n\n<http://localhost:8983/fedora/rest/anno/c4a21e2d-b071-4b23-8f35-95c22c20f21c>
        fedora:writable \"true\"^^<http://www.w3.org/2001/XMLSchema#boolean> .\n\n<http://localhost:8983/fedora/rest/anno/c4a21e2d-b071-4b23-8f35-95c22c20f21c/fcr:export?format=jcr/xml>
        ns001:format <http://fedora.info/definitions/v4/repository#jcr/xml> .\n\n<http://localhost:8983/fedora/rest/anno/c4a21e2d-b071-4b23-8f35-95c22c20f21c>
        fedora:exportsAs <http://localhost:8983/fedora/rest/anno/c4a21e2d-b071-4b23-8f35-95c22c20f21c/fcr:export?format=jcr/xml>
        .\n\n<http://fedora.info/definitions/v4/repository#jcr/xml> rdfs:label \"jcr/xml\"^^<http://www.w3.org/2001/XMLSchema#string>
        .\n\n<http://localhost:8983/fedora/rest/anno/c4a21e2d-b071-4b23-8f35-95c22c20f21c>
        a <http://www.jcp.org/jcr/nt/1.0folder> , <http://www.jcp.org/jcr/nt/1.0hierarchyNode>
        , <http://www.jcp.org/jcr/nt/1.0base> , <http://www.jcp.org/jcr/mix/1.0created>
        , openannotation:Annotation , fedora:resource , fedora:object , fedora:relations
        , <http://www.jcp.org/jcr/mix/1.0created> , <http://www.jcp.org/jcr/mix/1.0lastModified>
        , <http://www.jcp.org/jcr/mix/1.0referenceable> , fedora:DublinCoreDescribable
        , fedora:resource , ldp:Container ;\n\tfcrepo:lastModifiedBy \"bypassAdmin\"^^<http://www.w3.org/2001/XMLSchema#string>
        ;\n\tfcrepo:uuid \"cc2aca70-b46e-40b5-b720-46974ee004c7\"^^<http://www.w3.org/2001/XMLSchema#string>
        ;\n\tfcrepo:createdBy \"bypassAdmin\"^^<http://www.w3.org/2001/XMLSchema#string>
        ;\n\tfcrepo:primaryType \"nt:folder\"^^<http://www.w3.org/2001/XMLSchema#string>
        ;\n\tfcrepo:created \"2015-01-23T23:42:33.278Z\"^^<http://www.w3.org/2001/XMLSchema#dateTime>
        ;\n\tfcrepo:mixinTypes \"openannotation:Annotation\"^^<http://www.w3.org/2001/XMLSchema#string>
        , \"fedora:resource\"^^<http://www.w3.org/2001/XMLSchema#string> , \"fedora:object\"^^<http://www.w3.org/2001/XMLSchema#string>
        ;\n\tfcrepo:lastModified \"2015-01-23T23:42:33.326Z\"^^<http://www.w3.org/2001/XMLSchema#dateTime>
        ;\n\topenannotation:motivatedBy openannotation:commenting .\n"
    http_version: 
  recorded_at: Fri, 23 Jan 2015 23:42:33 GMT
- request:
    method: get
    uri: http://localhost:8983/fedora/rest/anno/c4a21e2d-b071-4b23-8f35-95c22c20f21c/b/f9eaa38d-8910-40ba-9c26-61c0f516db1c
    body:
      encoding: US-ASCII
      string: ''
    headers:
      User-Agent:
      - Faraday v0.9.0
      Accept:
      - application/x-turtle
      Accept-Encoding:
      - gzip;q=1.0,deflate;q=0.6,identity;q=0.3
  response:
    status:
      code: 200
      message: OK
    headers:
      Etag:
      - '"50e958bd24298385aea05c1c8988a2b6ffb6f10d"'
      Last-Modified:
      - Fri, 23 Jan 2015 23:42:33 GMT
      Link:
      - <http://www.w3.org/ns/ldp#DirectContainer>;rel="type"
      - <http://www.w3.org/ns/ldp#Resource>;rel="type"
      Accept-Patch:
      - application/sparql-update
      Accept-Post:
      - text/turtle,text/rdf+n3,application/n3,text/n3,application/rdf+xml,application/n-triples,multipart/form-data,application/sparql-update
      Allow:
      - MOVE,COPY,DELETE,POST,HEAD,GET,PUT,PATCH,OPTIONS
      Vary:
      - Accept, Range, Accept-Encoding, Accept-Language
      Content-Length:
      - '3686'
      Content-Type:
      - application/x-turtle
    body:
      encoding: UTF-8
      string: "@prefix premis: <http://www.loc.gov/premis/rdf/v1#> .\n@prefix fedorarelsext:
        <http://fedora.info/definitions/v4/rels-ext#> .\n@prefix nt: <http://www.jcp.org/jcr/nt/1.0>
        .\n@prefix rdfs: <http://www.w3.org/2000/01/rdf-schema#> .\n@prefix content:
        <http://www.w3.org/2011/content#> .\n@prefix ns001: <http://purl.org/dc/elements/1.1/>
        .\n@prefix xsi: <http://www.w3.org/2001/XMLSchema-instance> .\n@prefix mode:
        <http://www.modeshape.org/1.0> .\n@prefix openannotation: <http://www.w3.org/ns/oa#>
        .\n@prefix xml: <http://www.w3.org/XML/1998/namespace> .\n@prefix fcrepo:
        <http://fedora.info/definitions/v4/repository#> .\n@prefix fedoraconfig: <http://fedora.info/definitions/v4/config#>
        .\n@prefix mix: <http://www.jcp.org/jcr/mix/1.0> .\n@prefix foaf: <http://xmlns.com/foaf/0.1/>
        .\n@prefix image: <http://www.modeshape.org/images/1.0> .\n@prefix sv: <http://www.jcp.org/jcr/sv/1.0>
        .\n@prefix test: <info:fedora/test/> .\n@prefix dcmitype: <http://purl.org/dc/dcmitype/>
        .\n@prefix triannon: <http://triannon.stanford.edu/ns/> .\n@prefix rdf: <http://www.w3.org/1999/02/22-rdf-syntax-ns#>
        .\n@prefix fedora: <http://fedora.info/definitions/v4/rest-api#> .\n@prefix
        ldp: <http://www.w3.org/ns/ldp#> .\n@prefix xs: <http://www.w3.org/2001/XMLSchema>
        .\n@prefix dc: <http://purl.org/dc/terms/> .\n\n\n<http://localhost:8983/fedora/rest/anno/c4a21e2d-b071-4b23-8f35-95c22c20f21c/b/f9eaa38d-8910-40ba-9c26-61c0f516db1c>
        ldp:membershipResource <http://localhost:8983/fedora/rest/anno/c4a21e2d-b071-4b23-8f35-95c22c20f21c/b/f9eaa38d-8910-40ba-9c26-61c0f516db1c>
        ;\n\tldp:hasMemberRelation ldp:member ;\n\ta ldp:Container , ldp:DirectContainer
        , ldp:RDFSource ;\n\tfcrepo:hasParent <http://localhost:8983/fedora/rest/anno/c4a21e2d-b071-4b23-8f35-95c22c20f21c/b>
        ;\n\tfedora:writable \"true\"^^<http://www.w3.org/2001/XMLSchema#boolean>
        .\n\n<http://localhost:8983/fedora/rest/anno/c4a21e2d-b071-4b23-8f35-95c22c20f21c/b/f9eaa38d-8910-40ba-9c26-61c0f516db1c/fcr:export?format=jcr/xml>
        ns001:format <http://fedora.info/definitions/v4/repository#jcr/xml> .\n\n<http://localhost:8983/fedora/rest/anno/c4a21e2d-b071-4b23-8f35-95c22c20f21c/b/f9eaa38d-8910-40ba-9c26-61c0f516db1c>
        fedora:exportsAs <http://localhost:8983/fedora/rest/anno/c4a21e2d-b071-4b23-8f35-95c22c20f21c/b/f9eaa38d-8910-40ba-9c26-61c0f516db1c/fcr:export?format=jcr/xml>
        .\n\n<http://fedora.info/definitions/v4/repository#jcr/xml> rdfs:label \"jcr/xml\"^^<http://www.w3.org/2001/XMLSchema#string>
        .\n\n<http://localhost:8983/fedora/rest/anno/c4a21e2d-b071-4b23-8f35-95c22c20f21c/b/f9eaa38d-8910-40ba-9c26-61c0f516db1c>
        a <http://www.jcp.org/jcr/nt/1.0folder> , <http://www.jcp.org/jcr/nt/1.0hierarchyNode>
        , <http://www.jcp.org/jcr/nt/1.0base> , <http://www.jcp.org/jcr/mix/1.0created>
        , fedora:resource , fedora:object , fedora:relations , <http://www.jcp.org/jcr/mix/1.0created>
        , <http://www.jcp.org/jcr/mix/1.0lastModified> , <http://www.jcp.org/jcr/mix/1.0referenceable>
        , fedora:DublinCoreDescribable , fedora:resource , ldp:Container ;\n\tfcrepo:lastModifiedBy
        \"bypassAdmin\"^^<http://www.w3.org/2001/XMLSchema#string> ;\n\tfcrepo:uuid
        \"b5d2d5fb-8c8f-4e3e-af8f-3854902fe9a7\"^^<http://www.w3.org/2001/XMLSchema#string>
        ;\n\tfcrepo:createdBy \"bypassAdmin\"^^<http://www.w3.org/2001/XMLSchema#string>
        ;\n\tfcrepo:primaryType \"nt:folder\"^^<http://www.w3.org/2001/XMLSchema#string>
        ;\n\tfcrepo:created \"2015-01-23T23:42:33.312Z\"^^<http://www.w3.org/2001/XMLSchema#dateTime>
        ;\n\ttriannon:externalReference <http://dbpedia.org/resource/Otto_Ege> ;\n\tfcrepo:lastModified
        \"2015-01-23T23:42:33.312Z\"^^<http://www.w3.org/2001/XMLSchema#dateTime>
        ;\n\tfcrepo:mixinTypes \"fedora:resource\"^^<http://www.w3.org/2001/XMLSchema#string>
        , \"fedora:object\"^^<http://www.w3.org/2001/XMLSchema#string> .\n"
    http_version: 
  recorded_at: Fri, 23 Jan 2015 23:42:33 GMT
- request:
    method: get
    uri: http://localhost:8983/fedora/rest/anno/c4a21e2d-b071-4b23-8f35-95c22c20f21c/t/f942eeb1-2d07-458f-8e99-95e38d931d1b
    body:
      encoding: US-ASCII
      string: ''
    headers:
      User-Agent:
      - Faraday v0.9.0
      Accept:
      - application/x-turtle
      Accept-Encoding:
      - gzip;q=1.0,deflate;q=0.6,identity;q=0.3
  response:
    status:
      code: 200
      message: OK
    headers:
      Etag:
      - '"dac9a4650cc006b247e61cf06dff0c28269fea8d"'
      Last-Modified:
      - Fri, 23 Jan 2015 23:42:33 GMT
      Link:
      - <http://www.w3.org/ns/ldp#DirectContainer>;rel="type"
      - <http://www.w3.org/ns/ldp#Resource>;rel="type"
      Accept-Patch:
      - application/sparql-update
      Accept-Post:
      - text/turtle,text/rdf+n3,application/n3,text/n3,application/rdf+xml,application/n-triples,multipart/form-data,application/sparql-update
      Allow:
      - MOVE,COPY,DELETE,POST,HEAD,GET,PUT,PATCH,OPTIONS
      Vary:
      - Accept, Range, Accept-Encoding, Accept-Language
      Content-Length:
      - '6038'
      Content-Type:
      - application/x-turtle
    body:
      encoding: UTF-8
      string: "@prefix premis: <http://www.loc.gov/premis/rdf/v1#> .\n@prefix fedorarelsext:
        <http://fedora.info/definitions/v4/rels-ext#> .\n@prefix nt: <http://www.jcp.org/jcr/nt/1.0>
        .\n@prefix rdfs: <http://www.w3.org/2000/01/rdf-schema#> .\n@prefix content:
        <http://www.w3.org/2011/content#> .\n@prefix ns001: <http://purl.org/dc/elements/1.1/>
        .\n@prefix xsi: <http://www.w3.org/2001/XMLSchema-instance> .\n@prefix mode:
        <http://www.modeshape.org/1.0> .\n@prefix openannotation: <http://www.w3.org/ns/oa#>
        .\n@prefix xml: <http://www.w3.org/XML/1998/namespace> .\n@prefix fcrepo:
        <http://fedora.info/definitions/v4/repository#> .\n@prefix fedoraconfig: <http://fedora.info/definitions/v4/config#>
        .\n@prefix mix: <http://www.jcp.org/jcr/mix/1.0> .\n@prefix foaf: <http://xmlns.com/foaf/0.1/>
        .\n@prefix image: <http://www.modeshape.org/images/1.0> .\n@prefix sv: <http://www.jcp.org/jcr/sv/1.0>
        .\n@prefix test: <info:fedora/test/> .\n@prefix dcmitype: <http://purl.org/dc/dcmitype/>
        .\n@prefix triannon: <http://triannon.stanford.edu/ns/> .\n@prefix rdf: <http://www.w3.org/1999/02/22-rdf-syntax-ns#>
        .\n@prefix fedora: <http://fedora.info/definitions/v4/rest-api#> .\n@prefix
        ldp: <http://www.w3.org/ns/ldp#> .\n@prefix xs: <http://www.w3.org/2001/XMLSchema>
        .\n@prefix dc: <http://purl.org/dc/terms/> .\n\n\n<http://localhost:8983/fedora/rest/anno/c4a21e2d-b071-4b23-8f35-95c22c20f21c/t/f942eeb1-2d07-458f-8e99-95e38d931d1b>
        ldp:hasMemberRelation ldp:member ;\n\tldp:membershipResource <http://localhost:8983/fedora/rest/anno/c4a21e2d-b071-4b23-8f35-95c22c20f21c/t/f942eeb1-2d07-458f-8e99-95e38d931d1b>
        ;\n\ta ldp:Container , ldp:DirectContainer , ldp:RDFSource ;\n\tfcrepo:hasParent
        <http://localhost:8983/fedora/rest/anno/c4a21e2d-b071-4b23-8f35-95c22c20f21c/t>
        .\n\n<http://localhost:8983/fedora/rest/.well-known/genid/b2d5c93d-9007-4c62-aa18-a93a3ac8f52c>
        a <http://www.jcp.org/jcr/nt/1.0unstructured> , <http://www.jcp.org/jcr/nt/1.0base>
        , openannotation:FragmentSelector , fedora:blanknode , <http://www.jcp.org/jcr/mix/1.0referenceable>
        ;\n\trdf:value \"xywh=0,0,200,200\"^^<http://www.w3.org/2001/XMLSchema#string>
        ;\n\tfcrepo:uuid \"ef96923e-f555-43a2-b11e-7209509b3ec7\"^^<http://www.w3.org/2001/XMLSchema#string>
        ;\n\tfcrepo:primaryType \"nt:unstructured\"^^<http://www.w3.org/2001/XMLSchema#string>
        ;\n\tfcrepo:mixinTypes \"openannotation:FragmentSelector\"^^<http://www.w3.org/2001/XMLSchema#string>
        , \"fedora:blanknode\"^^<http://www.w3.org/2001/XMLSchema#string> ;\n\tdc:conformsTo
        <http://www.w3.org/TR/media-frags/> .\n\n<http://localhost:8983/fedora/rest/anno/c4a21e2d-b071-4b23-8f35-95c22c20f21c/t/f942eeb1-2d07-458f-8e99-95e38d931d1b#source>
        a <http://www.jcp.org/jcr/nt/1.0folder> , <http://www.jcp.org/jcr/nt/1.0hierarchyNode>
        , <http://www.jcp.org/jcr/nt/1.0base> , <http://www.jcp.org/jcr/mix/1.0created>
        , fedora:resource , dcmitype:Image , fedora:relations , <http://www.jcp.org/jcr/mix/1.0created>
        , <http://www.jcp.org/jcr/mix/1.0lastModified> , <http://www.jcp.org/jcr/mix/1.0referenceable>
        , fedora:DublinCoreDescribable ;\n\tfcrepo:lastModifiedBy \"bypassAdmin\"^^<http://www.w3.org/2001/XMLSchema#string>
        ;\n\tfcrepo:uuid \"49f62ec4-58fd-4cec-b95d-e788e253b573\"^^<http://www.w3.org/2001/XMLSchema#string>
        ;\n\tfcrepo:createdBy \"bypassAdmin\"^^<http://www.w3.org/2001/XMLSchema#string>
        ;\n\tfcrepo:primaryType \"nt:folder\"^^<http://www.w3.org/2001/XMLSchema#string>
        ;\n\tfcrepo:created \"2015-01-23T23:42:33.345Z\"^^<http://www.w3.org/2001/XMLSchema#dateTime>
        ;\n\ttriannon:externalReference <https://stacks.stanford.edu/image/kq131cs7229/kq131cs7229_05_0032_large.jpg>
        ;\n\tfcrepo:mixinTypes \"fedora:resource\"^^<http://www.w3.org/2001/XMLSchema#string>
        , \"dcmitype:Image\"^^<http://www.w3.org/2001/XMLSchema#string> ;\n\tfcrepo:lastModified
        \"2015-01-23T23:42:33.345Z\"^^<http://www.w3.org/2001/XMLSchema#dateTime>
        .\n\n<http://localhost:8983/fedora/rest/anno/c4a21e2d-b071-4b23-8f35-95c22c20f21c/t/f942eeb1-2d07-458f-8e99-95e38d931d1b>
        fedora:writable \"true\"^^<http://www.w3.org/2001/XMLSchema#boolean> .\n\n<http://localhost:8983/fedora/rest/anno/c4a21e2d-b071-4b23-8f35-95c22c20f21c/t/f942eeb1-2d07-458f-8e99-95e38d931d1b/fcr:export?format=jcr/xml>
        ns001:format <http://fedora.info/definitions/v4/repository#jcr/xml> .\n\n<http://fedora.info/definitions/v4/repository#jcr/xml>
        rdfs:label \"jcr/xml\"^^<http://www.w3.org/2001/XMLSchema#string> .\n\n<http://localhost:8983/fedora/rest/anno/c4a21e2d-b071-4b23-8f35-95c22c20f21c/t/f942eeb1-2d07-458f-8e99-95e38d931d1b>
        fedora:exportsAs <http://localhost:8983/fedora/rest/anno/c4a21e2d-b071-4b23-8f35-95c22c20f21c/t/f942eeb1-2d07-458f-8e99-95e38d931d1b/fcr:export?format=jcr/xml>
        ;\n\ta <http://www.jcp.org/jcr/nt/1.0folder> , <http://www.jcp.org/jcr/nt/1.0hierarchyNode>
        , <http://www.jcp.org/jcr/nt/1.0base> , <http://www.jcp.org/jcr/mix/1.0created>
        , fedora:resource , openannotation:SpecificResource , fedora:object , fedora:relations
        , <http://www.jcp.org/jcr/mix/1.0created> , <http://www.jcp.org/jcr/mix/1.0lastModified>
        , <http://www.jcp.org/jcr/mix/1.0referenceable> , fedora:DublinCoreDescribable
        , fedora:resource , ldp:Container ;\n\topenannotation:hasSelector <http://localhost:8983/fedora/rest/.well-known/genid/b2d5c93d-9007-4c62-aa18-a93a3ac8f52c>
        ;\n\tfcrepo:lastModifiedBy \"bypassAdmin\"^^<http://www.w3.org/2001/XMLSchema#string>
        ;\n\tfcrepo:uuid \"8f236b51-94ad-405e-a39f-3283fb0e11c6\"^^<http://www.w3.org/2001/XMLSchema#string>
        ;\n\tfcrepo:createdBy \"bypassAdmin\"^^<http://www.w3.org/2001/XMLSchema#string>
        ;\n\tfcrepo:primaryType \"nt:folder\"^^<http://www.w3.org/2001/XMLSchema#string>
        ;\n\tfcrepo:created \"2015-01-23T23:42:33.345Z\"^^<http://www.w3.org/2001/XMLSchema#dateTime>
        ;\n\tfcrepo:lastModified \"2015-01-23T23:42:33.345Z\"^^<http://www.w3.org/2001/XMLSchema#dateTime>
        ;\n\tfcrepo:mixinTypes \"fedora:resource\"^^<http://www.w3.org/2001/XMLSchema#string>
        , \"openannotation:SpecificResource\"^^<http://www.w3.org/2001/XMLSchema#string>
        , \"fedora:object\"^^<http://www.w3.org/2001/XMLSchema#string> ;\n\topenannotation:hasSource
        <http://localhost:8983/fedora/rest/anno/c4a21e2d-b071-4b23-8f35-95c22c20f21c/t/f942eeb1-2d07-458f-8e99-95e38d931d1b#source>
        .\n"
    http_version: 
  recorded_at: Fri, 23 Jan 2015 23:42:33 GMT
recorded_with: VCR 2.9.3
