---
http_interactions:
- request:
    method: head
    uri: http://localhost:8983/fedora/rest/anno/specific_res_integration_specs
    body:
      encoding: US-ASCII
      string: ''
    headers:
      User-Agent:
      - Faraday v0.9.1
      Accept:
      - "*/*"
  response:
    status:
      code: 200
      message: OK
    headers:
      Etag:
      - '"636f6e548c27285d2597c6c564c48e1bfb11b29e"'
      Last-Modified:
      - Wed, 08 Jul 2015 23:16:14 GMT
      Link:
      - <http://www.w3.org/ns/ldp#BasicContainer>;rel="type"
      - <http://www.w3.org/ns/ldp#Container>;rel="type"
      - <http://www.w3.org/ns/ldp#Resource>;rel="type"
      Accept-Patch:
      - application/sparql-update
      Accept-Post:
      - text/turtle,text/rdf+n3,text/n3,application/rdf+xml,application/n-triples,multipart/form-data,application/sparql-update
      Allow:
      - MOVE,COPY,DELETE,POST,HEAD,GET,PUT,PATCH,OPTIONS
      Content-Type:
      - text/tab-separated-values
      Content-Length:
      - '0'
    body:
      encoding: UTF-8
      string: ''
    http_version: 
  recorded_at: Wed, 08 Jul 2015 23:16:14 GMT
- request:
    method: post
    uri: http://localhost:8983/fedora/rest/anno/specific_res_integration_specs
    body:
      encoding: UTF-8
      string: |
        @prefix ldp: <http://www.w3.org/ns/ldp#> .
        @prefix oa: <http://www.w3.org/ns/oa#> .
        @prefix rdf: <http://www.w3.org/1999/02/22-rdf-syntax-ns#> .

        <> a oa:Annotation,
             ldp:BasicContainer;
           oa:motivatedBy oa:commenting .
    headers:
      User-Agent:
      - Faraday v0.9.1
      Prefer:
      - return=respresentation; omit="http://fedora.info/definitions/v4/repository#ServerManaged"
      Content-Type:
      - application/x-turtle
      Accept-Encoding:
      - gzip;q=1.0,deflate;q=0.6,identity;q=0.3
      Accept:
      - "*/*"
  response:
    status:
      code: 201
      message: Created
    headers:
      Etag:
      - '"e54dcf8de3cc5056f1db5293832593bfde15aacb"'
      Last-Modified:
      - Wed, 08 Jul 2015 23:16:14 GMT
      Content-Length:
      - '118'
      Location:
      - http://localhost:8983/fedora/rest/anno/specific_res_integration_specs/6b/00/30/59/6b003059-3812-4f55-9f80-0052203009f7
      Content-Type:
      - text/plain
    body:
      encoding: UTF-8
      string: http://localhost:8983/fedora/rest/anno/specific_res_integration_specs/6b/00/30/59/6b003059-3812-4f55-9f80-0052203009f7
    http_version: 
  recorded_at: Wed, 08 Jul 2015 23:16:14 GMT
- request:
    method: post
    uri: http://localhost:8983/fedora/rest/anno/specific_res_integration_specs/6b/00/30/59/6b003059-3812-4f55-9f80-0052203009f7
    body:
      encoding: UTF-8
      string: |
        @prefix ldp: <http://www.w3.org/ns/ldp#> .
        @prefix oa: <http://www.w3.org/ns/oa#> .
        @prefix rdf: <http://www.w3.org/1999/02/22-rdf-syntax-ns#> .

        <> a ldp:DirectContainer;
           ldp:hasMemberRelation oa:hasBody;
           ldp:membershipResource <http://localhost:8983/fedora/rest/anno/specific_res_integration_specs/6b/00/30/59/6b003059-3812-4f55-9f80-0052203009f7> .
    headers:
      User-Agent:
      - Faraday v0.9.1
      Prefer:
      - return=respresentation; omit="http://fedora.info/definitions/v4/repository#ServerManaged"
      Content-Type:
      - application/x-turtle
      Slug:
      - b
      Accept-Encoding:
      - gzip;q=1.0,deflate;q=0.6,identity;q=0.3
      Accept:
      - "*/*"
  response:
    status:
      code: 201
      message: Created
    headers:
      Etag:
      - '"441eb4df30f2f3310d8e324c430361478b5b368e"'
      Last-Modified:
      - Wed, 08 Jul 2015 23:16:14 GMT
      Content-Length:
      - '120'
      Location:
      - http://localhost:8983/fedora/rest/anno/specific_res_integration_specs/6b/00/30/59/6b003059-3812-4f55-9f80-0052203009f7/b
      Content-Type:
      - text/plain
    body:
      encoding: UTF-8
      string: http://localhost:8983/fedora/rest/anno/specific_res_integration_specs/6b/00/30/59/6b003059-3812-4f55-9f80-0052203009f7/b
    http_version: 
  recorded_at: Wed, 08 Jul 2015 23:16:14 GMT
- request:
    method: post
    uri: http://localhost:8983/fedora/rest/anno/specific_res_integration_specs/6b/00/30/59/6b003059-3812-4f55-9f80-0052203009f7/b
    body:
      encoding: UTF-8
      string: |
        @prefix ldp: <http://www.w3.org/ns/ldp#> .
        @prefix rdf: <http://www.w3.org/1999/02/22-rdf-syntax-ns#> .
        @prefix triannon: <http://triannon.stanford.edu/ns/> .

        <> a ldp:BasicContainer;
           triannon:externalReference <http://dbpedia.org/resource/Otto_Ege> .
    headers:
      User-Agent:
      - Faraday v0.9.1
      Prefer:
      - return=respresentation; omit="http://fedora.info/definitions/v4/repository#ServerManaged"
      Content-Type:
      - application/x-turtle
      Accept-Encoding:
      - gzip;q=1.0,deflate;q=0.6,identity;q=0.3
      Accept:
      - "*/*"
  response:
    status:
      code: 201
      message: Created
    headers:
      Etag:
      - '"76e8cf2cdc19dee37945ae8bd21263f605e8e956"'
      Last-Modified:
      - Wed, 08 Jul 2015 23:16:14 GMT
      Content-Length:
      - '169'
      Location:
      - http://localhost:8983/fedora/rest/anno/specific_res_integration_specs/6b/00/30/59/6b003059-3812-4f55-9f80-0052203009f7/b/47/5c/6d/25/475c6d25-d828-4edc-85bc-58721d792065
      Content-Type:
      - text/plain
    body:
      encoding: UTF-8
      string: http://localhost:8983/fedora/rest/anno/specific_res_integration_specs/6b/00/30/59/6b003059-3812-4f55-9f80-0052203009f7/b/47/5c/6d/25/475c6d25-d828-4edc-85bc-58721d792065
    http_version: 
  recorded_at: Wed, 08 Jul 2015 23:16:14 GMT
- request:
    method: post
    uri: http://localhost:8983/fedora/rest/anno/specific_res_integration_specs/6b/00/30/59/6b003059-3812-4f55-9f80-0052203009f7
    body:
      encoding: UTF-8
      string: |
        @prefix ldp: <http://www.w3.org/ns/ldp#> .
        @prefix oa: <http://www.w3.org/ns/oa#> .
        @prefix rdf: <http://www.w3.org/1999/02/22-rdf-syntax-ns#> .

        <> a ldp:DirectContainer;
           ldp:hasMemberRelation oa:hasTarget;
           ldp:membershipResource <http://localhost:8983/fedora/rest/anno/specific_res_integration_specs/6b/00/30/59/6b003059-3812-4f55-9f80-0052203009f7> .
    headers:
      User-Agent:
      - Faraday v0.9.1
      Prefer:
      - return=respresentation; omit="http://fedora.info/definitions/v4/repository#ServerManaged"
      Content-Type:
      - application/x-turtle
      Slug:
      - t
      Accept-Encoding:
      - gzip;q=1.0,deflate;q=0.6,identity;q=0.3
      Accept:
      - "*/*"
  response:
    status:
      code: 201
      message: Created
    headers:
      Etag:
      - '"c8189559f631e106daf6b02211bfa4a71646b475"'
      Last-Modified:
      - Wed, 08 Jul 2015 23:16:14 GMT
      Content-Length:
      - '120'
      Location:
      - http://localhost:8983/fedora/rest/anno/specific_res_integration_specs/6b/00/30/59/6b003059-3812-4f55-9f80-0052203009f7/t
      Content-Type:
      - text/plain
    body:
      encoding: UTF-8
      string: http://localhost:8983/fedora/rest/anno/specific_res_integration_specs/6b/00/30/59/6b003059-3812-4f55-9f80-0052203009f7/t
    http_version: 
  recorded_at: Wed, 08 Jul 2015 23:16:14 GMT
- request:
    method: post
    uri: http://localhost:8983/fedora/rest/anno/specific_res_integration_specs/6b/00/30/59/6b003059-3812-4f55-9f80-0052203009f7/t
    body:
      encoding: UTF-8
      string: |
        @prefix dc: <http://purl.org/dc/terms/> .
        @prefix dcmitype: <http://purl.org/dc/dcmitype/> .
        @prefix ldp: <http://www.w3.org/ns/ldp#> .
        @prefix oa: <http://www.w3.org/ns/oa#> .
        @prefix rdf: <http://www.w3.org/1999/02/22-rdf-syntax-ns#> .
        @prefix triannon: <http://triannon.stanford.edu/ns/> .
        @prefix xsd: <http://www.w3.org/2001/XMLSchema#> .

        <> a ldp:BasicContainer,
             oa:SpecificResource;
           oa:hasSelector [
             a oa:FragmentSelector;
             dc:conformsTo <http://www.w3.org/TR/media-frags/>;
             rdf:value "xywh=0,0,200,200"
           ];
           oa:hasSource <#source> .

        <#source> a dcmitype:Image;
           triannon:externalReference <https://stacks.stanford.edu/image/kq131cs7229/kq131cs7229_05_0032_large.jpg> .
    headers:
      User-Agent:
      - Faraday v0.9.1
      Prefer:
      - return=respresentation; omit="http://fedora.info/definitions/v4/repository#ServerManaged"
      Content-Type:
      - application/x-turtle
      Accept-Encoding:
      - gzip;q=1.0,deflate;q=0.6,identity;q=0.3
      Accept:
      - "*/*"
  response:
    status:
      code: 201
      message: Created
    headers:
      Etag:
      - '"b5ecf532c378ded022ab12ee1d016d41a490e04d"'
      Last-Modified:
      - Wed, 08 Jul 2015 23:16:14 GMT
      Content-Length:
      - '169'
      Location:
      - http://localhost:8983/fedora/rest/anno/specific_res_integration_specs/6b/00/30/59/6b003059-3812-4f55-9f80-0052203009f7/t/3c/9d/13/f4/3c9d13f4-8f9e-4ae4-8098-642cefc9551d
      Content-Type:
      - text/plain
    body:
      encoding: UTF-8
      string: http://localhost:8983/fedora/rest/anno/specific_res_integration_specs/6b/00/30/59/6b003059-3812-4f55-9f80-0052203009f7/t/3c/9d/13/f4/3c9d13f4-8f9e-4ae4-8098-642cefc9551d
    http_version: 
  recorded_at: Wed, 08 Jul 2015 23:16:14 GMT
- request:
    method: get
    uri: http://localhost:8983/fedora/rest/anno/specific_res_integration_specs/6b/00/30/59/6b003059-3812-4f55-9f80-0052203009f7
    body:
      encoding: US-ASCII
      string: ''
    headers:
      User-Agent:
      - Faraday v0.9.1
      Prefer:
      - return=respresentation; omit="http://fedora.info/definitions/v4/repository#ServerManaged"
      Accept:
      - application/x-turtle
      Accept-Encoding:
      - gzip;q=1.0,deflate;q=0.6,identity;q=0.3
  response:
    status:
      code: 200
      message: OK
    headers:
      Etag:
      - '"aa372959bf04edcadf580230756375ac43190d25"'
      Last-Modified:
      - Wed, 08 Jul 2015 23:16:14 GMT
      Link:
      - <http://www.w3.org/ns/ldp#BasicContainer>;rel="type"
      - <http://www.w3.org/ns/ldp#Container>;rel="type"
      - <http://www.w3.org/ns/ldp#Resource>;rel="type"
      Accept-Patch:
      - application/sparql-update
      Accept-Post:
      - text/turtle,text/rdf+n3,text/n3,application/rdf+xml,application/n-triples,multipart/form-data,application/sparql-update
      Allow:
      - MOVE,COPY,DELETE,POST,HEAD,GET,PUT,PATCH,OPTIONS
      Preference-Applied:
      - return=representation
      Vary:
      - Accept, Range, Accept-Encoding, Accept-Language
      - Prefer
      Content-Length:
      - '1903'
      Content-Type:
      - application/x-turtle
    body:
      encoding: UTF-8
      string: "@prefix premis: <http://www.loc.gov/premis/rdf/v1#> .\n@prefix image:
        <http://www.modeshape.org/images/1.0> .\n@prefix sv: <http://www.jcp.org/jcr/sv/1.0>
        .\n@prefix test: <info:fedora/test/> .\n@prefix nt: <http://www.jcp.org/jcr/nt/1.0>
        .\n@prefix cnt: <http://www.w3.org/2011/content#> .\n@prefix dcmitype: <http://purl.org/dc/dcmitype/>
        .\n@prefix rdfs: <http://www.w3.org/2000/01/rdf-schema#> .\n@prefix xsi: <http://www.w3.org/2001/XMLSchema-instance>
        .\n@prefix mode: <http://www.modeshape.org/1.0> .\n@prefix oa: <http://www.w3.org/ns/oa#>
        .\n@prefix triannon: <http://triannon.stanford.edu/ns/> .\n@prefix rdf: <http://www.w3.org/1999/02/22-rdf-syntax-ns#>
        .\n@prefix fedora: <http://fedora.info/definitions/v4/repository#> .\n@prefix
        xml: <http://www.w3.org/XML/1998/namespace> .\n@prefix ldp: <http://www.w3.org/ns/ldp#>
        .\n@prefix xs: <http://www.w3.org/2001/XMLSchema> .\n@prefix fedoraconfig:
        <http://fedora.info/definitions/v4/config#> .\n@prefix mix: <http://www.jcp.org/jcr/mix/1.0>
        .\n@prefix foaf: <http://xmlns.com/foaf/0.1/> .\n@prefix dc: <http://purl.org/dc/terms/>
        .\n\n\n<http://localhost:8983/fedora/rest/anno/specific_res_integration_specs/6b/00/30/59/6b003059-3812-4f55-9f80-0052203009f7>
        a oa:Annotation , ldp:BasicContainer ;\n\toa:motivatedBy oa:commenting ;\n\tldp:contains
        <http://localhost:8983/fedora/rest/anno/specific_res_integration_specs/6b/00/30/59/6b003059-3812-4f55-9f80-0052203009f7/b>
        , <http://localhost:8983/fedora/rest/anno/specific_res_integration_specs/6b/00/30/59/6b003059-3812-4f55-9f80-0052203009f7/t>
        ;\n\toa:hasBody <http://localhost:8983/fedora/rest/anno/specific_res_integration_specs/6b/00/30/59/6b003059-3812-4f55-9f80-0052203009f7/b/47/5c/6d/25/475c6d25-d828-4edc-85bc-58721d792065>
        ;\n\toa:hasTarget <http://localhost:8983/fedora/rest/anno/specific_res_integration_specs/6b/00/30/59/6b003059-3812-4f55-9f80-0052203009f7/t/3c/9d/13/f4/3c9d13f4-8f9e-4ae4-8098-642cefc9551d>
        .\n"
    http_version: 
  recorded_at: Wed, 08 Jul 2015 23:16:14 GMT
- request:
    method: get
    uri: http://localhost:8983/fedora/rest/anno/specific_res_integration_specs/6b/00/30/59/6b003059-3812-4f55-9f80-0052203009f7/b/47/5c/6d/25/475c6d25-d828-4edc-85bc-58721d792065
    body:
      encoding: US-ASCII
      string: ''
    headers:
      User-Agent:
      - Faraday v0.9.1
      Prefer:
      - return=respresentation; omit="http://fedora.info/definitions/v4/repository#ServerManaged"
      Accept:
      - application/x-turtle
      Accept-Encoding:
      - gzip;q=1.0,deflate;q=0.6,identity;q=0.3
  response:
    status:
      code: 200
      message: OK
    headers:
      Etag:
      - '"76e8cf2cdc19dee37945ae8bd21263f605e8e956"'
      Last-Modified:
      - Wed, 08 Jul 2015 23:16:14 GMT
      Link:
      - <http://www.w3.org/ns/ldp#BasicContainer>;rel="type"
      - <http://www.w3.org/ns/ldp#Container>;rel="type"
      - <http://www.w3.org/ns/ldp#Resource>;rel="type"
      Accept-Patch:
      - application/sparql-update
      Accept-Post:
      - text/turtle,text/rdf+n3,text/n3,application/rdf+xml,application/n-triples,multipart/form-data,application/sparql-update
      Allow:
      - MOVE,COPY,DELETE,POST,HEAD,GET,PUT,PATCH,OPTIONS
      Preference-Applied:
      - return=representation
      Vary:
      - Accept, Range, Accept-Encoding, Accept-Language
      - Prefer
      Content-Length:
      - '1337'
      Content-Type:
      - application/x-turtle
    body:
      encoding: UTF-8
      string: "@prefix premis: <http://www.loc.gov/premis/rdf/v1#> .\n@prefix image:
        <http://www.modeshape.org/images/1.0> .\n@prefix sv: <http://www.jcp.org/jcr/sv/1.0>
        .\n@prefix test: <info:fedora/test/> .\n@prefix nt: <http://www.jcp.org/jcr/nt/1.0>
        .\n@prefix cnt: <http://www.w3.org/2011/content#> .\n@prefix dcmitype: <http://purl.org/dc/dcmitype/>
        .\n@prefix rdfs: <http://www.w3.org/2000/01/rdf-schema#> .\n@prefix xsi: <http://www.w3.org/2001/XMLSchema-instance>
        .\n@prefix mode: <http://www.modeshape.org/1.0> .\n@prefix oa: <http://www.w3.org/ns/oa#>
        .\n@prefix triannon: <http://triannon.stanford.edu/ns/> .\n@prefix rdf: <http://www.w3.org/1999/02/22-rdf-syntax-ns#>
        .\n@prefix fedora: <http://fedora.info/definitions/v4/repository#> .\n@prefix
        xml: <http://www.w3.org/XML/1998/namespace> .\n@prefix ldp: <http://www.w3.org/ns/ldp#>
        .\n@prefix xs: <http://www.w3.org/2001/XMLSchema> .\n@prefix fedoraconfig:
        <http://fedora.info/definitions/v4/config#> .\n@prefix mix: <http://www.jcp.org/jcr/mix/1.0>
        .\n@prefix foaf: <http://xmlns.com/foaf/0.1/> .\n@prefix dc: <http://purl.org/dc/terms/>
        .\n\n\n<http://localhost:8983/fedora/rest/anno/specific_res_integration_specs/6b/00/30/59/6b003059-3812-4f55-9f80-0052203009f7/b/47/5c/6d/25/475c6d25-d828-4edc-85bc-58721d792065>
        a ldp:BasicContainer ;\n\ttriannon:externalReference <http://dbpedia.org/resource/Otto_Ege>
        .\n"
    http_version: 
  recorded_at: Wed, 08 Jul 2015 23:16:14 GMT
- request:
    method: get
    uri: http://localhost:8983/fedora/rest/anno/specific_res_integration_specs/6b/00/30/59/6b003059-3812-4f55-9f80-0052203009f7/t/3c/9d/13/f4/3c9d13f4-8f9e-4ae4-8098-642cefc9551d
    body:
      encoding: US-ASCII
      string: ''
    headers:
      User-Agent:
      - Faraday v0.9.1
      Prefer:
      - return=respresentation; omit="http://fedora.info/definitions/v4/repository#ServerManaged"
      Accept:
      - application/x-turtle
      Accept-Encoding:
      - gzip;q=1.0,deflate;q=0.6,identity;q=0.3
  response:
    status:
      code: 200
      message: OK
    headers:
      Etag:
      - '"b5ecf532c378ded022ab12ee1d016d41a490e04d"'
      Last-Modified:
      - Wed, 08 Jul 2015 23:16:14 GMT
      Link:
      - <http://www.w3.org/ns/ldp#BasicContainer>;rel="type"
      - <http://www.w3.org/ns/ldp#Container>;rel="type"
      - <http://www.w3.org/ns/ldp#Resource>;rel="type"
      Accept-Patch:
      - application/sparql-update
      Accept-Post:
      - text/turtle,text/rdf+n3,text/n3,application/rdf+xml,application/n-triples,multipart/form-data,application/sparql-update
      Allow:
      - MOVE,COPY,DELETE,POST,HEAD,GET,PUT,PATCH,OPTIONS
      Preference-Applied:
      - return=representation
      Vary:
      - Accept, Range, Accept-Encoding, Accept-Language
      - Prefer
      Content-Length:
      - '2169'
      Content-Type:
      - application/x-turtle
    body:
      encoding: UTF-8
      string: "@prefix premis: <http://www.loc.gov/premis/rdf/v1#> .\n@prefix image:
        <http://www.modeshape.org/images/1.0> .\n@prefix sv: <http://www.jcp.org/jcr/sv/1.0>
        .\n@prefix test: <info:fedora/test/> .\n@prefix nt: <http://www.jcp.org/jcr/nt/1.0>
        .\n@prefix cnt: <http://www.w3.org/2011/content#> .\n@prefix dcmitype: <http://purl.org/dc/dcmitype/>
        .\n@prefix rdfs: <http://www.w3.org/2000/01/rdf-schema#> .\n@prefix xsi: <http://www.w3.org/2001/XMLSchema-instance>
        .\n@prefix mode: <http://www.modeshape.org/1.0> .\n@prefix oa: <http://www.w3.org/ns/oa#>
        .\n@prefix triannon: <http://triannon.stanford.edu/ns/> .\n@prefix rdf: <http://www.w3.org/1999/02/22-rdf-syntax-ns#>
        .\n@prefix fedora: <http://fedora.info/definitions/v4/repository#> .\n@prefix
        xml: <http://www.w3.org/XML/1998/namespace> .\n@prefix ldp: <http://www.w3.org/ns/ldp#>
        .\n@prefix xs: <http://www.w3.org/2001/XMLSchema> .\n@prefix fedoraconfig:
        <http://fedora.info/definitions/v4/config#> .\n@prefix mix: <http://www.jcp.org/jcr/mix/1.0>
        .\n@prefix foaf: <http://xmlns.com/foaf/0.1/> .\n@prefix dc: <http://purl.org/dc/terms/>
        .\n\n\n<http://localhost:8983/fedora/rest/anno/specific_res_integration_specs/6b/00/30/59/6b003059-3812-4f55-9f80-0052203009f7/t/3c/9d/13/f4/3c9d13f4-8f9e-4ae4-8098-642cefc9551d>
        a oa:SpecificResource , ldp:BasicContainer ;\n\toa:hasSelector <http://localhost:8983/fedora/rest/.well-known/genid/98/ee/27/99/98ee2799-468e-4f7c-93f1-dc678e382c3e>
        ;\n\toa:hasSource <http://localhost:8983/fedora/rest/anno/specific_res_integration_specs/6b/00/30/59/6b003059-3812-4f55-9f80-0052203009f7/t/3c/9d/13/f4/3c9d13f4-8f9e-4ae4-8098-642cefc9551d#source>
        .\n\n<http://localhost:8983/fedora/rest/anno/specific_res_integration_specs/6b/00/30/59/6b003059-3812-4f55-9f80-0052203009f7/t/3c/9d/13/f4/3c9d13f4-8f9e-4ae4-8098-642cefc9551d#source>
        a dcmitype:Image ;\n\ttriannon:externalReference <https://stacks.stanford.edu/image/kq131cs7229/kq131cs7229_05_0032_large.jpg>
        .\n\n<http://localhost:8983/fedora/rest/.well-known/genid/98/ee/27/99/98ee2799-468e-4f7c-93f1-dc678e382c3e>
        a oa:FragmentSelector ;\n\trdf:value \"xywh=0,0,200,200\"^^<http://www.w3.org/2001/XMLSchema#string>
        ;\n\tdc:conformsTo <http://www.w3.org/TR/media-frags/> .\n"
    http_version: 
  recorded_at: Wed, 08 Jul 2015 23:16:14 GMT
- request:
    method: get
    uri: http://localhost:8983/fedora/rest/anno/specific_res_integration_specs/6b/00/30/59/6b003059-3812-4f55-9f80-0052203009f7
    body:
      encoding: US-ASCII
      string: ''
    headers:
      User-Agent:
      - Faraday v0.9.1
      Prefer:
      - return=respresentation; omit="http://fedora.info/definitions/v4/repository#ServerManaged"
      Accept:
      - application/x-turtle
      Accept-Encoding:
      - gzip;q=1.0,deflate;q=0.6,identity;q=0.3
  response:
    status:
      code: 200
      message: OK
    headers:
      Etag:
      - '"aa372959bf04edcadf580230756375ac43190d25"'
      Last-Modified:
      - Wed, 08 Jul 2015 23:16:14 GMT
      Link:
      - <http://www.w3.org/ns/ldp#BasicContainer>;rel="type"
      - <http://www.w3.org/ns/ldp#Container>;rel="type"
      - <http://www.w3.org/ns/ldp#Resource>;rel="type"
      Accept-Patch:
      - application/sparql-update
      Accept-Post:
      - text/turtle,text/rdf+n3,text/n3,application/rdf+xml,application/n-triples,multipart/form-data,application/sparql-update
      Allow:
      - MOVE,COPY,DELETE,POST,HEAD,GET,PUT,PATCH,OPTIONS
      Preference-Applied:
      - return=representation
      Vary:
      - Accept, Range, Accept-Encoding, Accept-Language
      - Prefer
      Content-Length:
      - '1903'
      Content-Type:
      - application/x-turtle
    body:
      encoding: UTF-8
      string: "@prefix premis: <http://www.loc.gov/premis/rdf/v1#> .\n@prefix image:
        <http://www.modeshape.org/images/1.0> .\n@prefix sv: <http://www.jcp.org/jcr/sv/1.0>
        .\n@prefix test: <info:fedora/test/> .\n@prefix nt: <http://www.jcp.org/jcr/nt/1.0>
        .\n@prefix cnt: <http://www.w3.org/2011/content#> .\n@prefix dcmitype: <http://purl.org/dc/dcmitype/>
        .\n@prefix rdfs: <http://www.w3.org/2000/01/rdf-schema#> .\n@prefix xsi: <http://www.w3.org/2001/XMLSchema-instance>
        .\n@prefix mode: <http://www.modeshape.org/1.0> .\n@prefix oa: <http://www.w3.org/ns/oa#>
        .\n@prefix triannon: <http://triannon.stanford.edu/ns/> .\n@prefix rdf: <http://www.w3.org/1999/02/22-rdf-syntax-ns#>
        .\n@prefix fedora: <http://fedora.info/definitions/v4/repository#> .\n@prefix
        xml: <http://www.w3.org/XML/1998/namespace> .\n@prefix ldp: <http://www.w3.org/ns/ldp#>
        .\n@prefix xs: <http://www.w3.org/2001/XMLSchema> .\n@prefix fedoraconfig:
        <http://fedora.info/definitions/v4/config#> .\n@prefix mix: <http://www.jcp.org/jcr/mix/1.0>
        .\n@prefix foaf: <http://xmlns.com/foaf/0.1/> .\n@prefix dc: <http://purl.org/dc/terms/>
        .\n\n\n<http://localhost:8983/fedora/rest/anno/specific_res_integration_specs/6b/00/30/59/6b003059-3812-4f55-9f80-0052203009f7>
        a oa:Annotation , ldp:BasicContainer ;\n\toa:motivatedBy oa:commenting ;\n\tldp:contains
        <http://localhost:8983/fedora/rest/anno/specific_res_integration_specs/6b/00/30/59/6b003059-3812-4f55-9f80-0052203009f7/b>
        , <http://localhost:8983/fedora/rest/anno/specific_res_integration_specs/6b/00/30/59/6b003059-3812-4f55-9f80-0052203009f7/t>
        ;\n\toa:hasBody <http://localhost:8983/fedora/rest/anno/specific_res_integration_specs/6b/00/30/59/6b003059-3812-4f55-9f80-0052203009f7/b/47/5c/6d/25/475c6d25-d828-4edc-85bc-58721d792065>
        ;\n\toa:hasTarget <http://localhost:8983/fedora/rest/anno/specific_res_integration_specs/6b/00/30/59/6b003059-3812-4f55-9f80-0052203009f7/t/3c/9d/13/f4/3c9d13f4-8f9e-4ae4-8098-642cefc9551d>
        .\n"
    http_version: 
  recorded_at: Wed, 08 Jul 2015 23:16:14 GMT
- request:
    method: get
    uri: http://localhost:8983/fedora/rest/anno/specific_res_integration_specs/6b/00/30/59/6b003059-3812-4f55-9f80-0052203009f7/b/47/5c/6d/25/475c6d25-d828-4edc-85bc-58721d792065
    body:
      encoding: US-ASCII
      string: ''
    headers:
      User-Agent:
      - Faraday v0.9.1
      Prefer:
      - return=respresentation; omit="http://fedora.info/definitions/v4/repository#ServerManaged"
      Accept:
      - application/x-turtle
      Accept-Encoding:
      - gzip;q=1.0,deflate;q=0.6,identity;q=0.3
  response:
    status:
      code: 200
      message: OK
    headers:
      Etag:
      - '"76e8cf2cdc19dee37945ae8bd21263f605e8e956"'
      Last-Modified:
      - Wed, 08 Jul 2015 23:16:14 GMT
      Link:
      - <http://www.w3.org/ns/ldp#BasicContainer>;rel="type"
      - <http://www.w3.org/ns/ldp#Container>;rel="type"
      - <http://www.w3.org/ns/ldp#Resource>;rel="type"
      Accept-Patch:
      - application/sparql-update
      Accept-Post:
      - text/turtle,text/rdf+n3,text/n3,application/rdf+xml,application/n-triples,multipart/form-data,application/sparql-update
      Allow:
      - MOVE,COPY,DELETE,POST,HEAD,GET,PUT,PATCH,OPTIONS
      Preference-Applied:
      - return=representation
      Vary:
      - Accept, Range, Accept-Encoding, Accept-Language
      - Prefer
      Content-Length:
      - '1337'
      Content-Type:
      - application/x-turtle
    body:
      encoding: UTF-8
      string: "@prefix premis: <http://www.loc.gov/premis/rdf/v1#> .\n@prefix image:
        <http://www.modeshape.org/images/1.0> .\n@prefix sv: <http://www.jcp.org/jcr/sv/1.0>
        .\n@prefix test: <info:fedora/test/> .\n@prefix nt: <http://www.jcp.org/jcr/nt/1.0>
        .\n@prefix cnt: <http://www.w3.org/2011/content#> .\n@prefix dcmitype: <http://purl.org/dc/dcmitype/>
        .\n@prefix rdfs: <http://www.w3.org/2000/01/rdf-schema#> .\n@prefix xsi: <http://www.w3.org/2001/XMLSchema-instance>
        .\n@prefix mode: <http://www.modeshape.org/1.0> .\n@prefix oa: <http://www.w3.org/ns/oa#>
        .\n@prefix triannon: <http://triannon.stanford.edu/ns/> .\n@prefix rdf: <http://www.w3.org/1999/02/22-rdf-syntax-ns#>
        .\n@prefix fedora: <http://fedora.info/definitions/v4/repository#> .\n@prefix
        xml: <http://www.w3.org/XML/1998/namespace> .\n@prefix ldp: <http://www.w3.org/ns/ldp#>
        .\n@prefix xs: <http://www.w3.org/2001/XMLSchema> .\n@prefix fedoraconfig:
        <http://fedora.info/definitions/v4/config#> .\n@prefix mix: <http://www.jcp.org/jcr/mix/1.0>
        .\n@prefix foaf: <http://xmlns.com/foaf/0.1/> .\n@prefix dc: <http://purl.org/dc/terms/>
        .\n\n\n<http://localhost:8983/fedora/rest/anno/specific_res_integration_specs/6b/00/30/59/6b003059-3812-4f55-9f80-0052203009f7/b/47/5c/6d/25/475c6d25-d828-4edc-85bc-58721d792065>
        a ldp:BasicContainer ;\n\ttriannon:externalReference <http://dbpedia.org/resource/Otto_Ege>
        .\n"
    http_version: 
  recorded_at: Wed, 08 Jul 2015 23:16:15 GMT
- request:
    method: get
    uri: http://localhost:8983/fedora/rest/anno/specific_res_integration_specs/6b/00/30/59/6b003059-3812-4f55-9f80-0052203009f7/t/3c/9d/13/f4/3c9d13f4-8f9e-4ae4-8098-642cefc9551d
    body:
      encoding: US-ASCII
      string: ''
    headers:
      User-Agent:
      - Faraday v0.9.1
      Prefer:
      - return=respresentation; omit="http://fedora.info/definitions/v4/repository#ServerManaged"
      Accept:
      - application/x-turtle
      Accept-Encoding:
      - gzip;q=1.0,deflate;q=0.6,identity;q=0.3
  response:
    status:
      code: 200
      message: OK
    headers:
      Etag:
      - '"b5ecf532c378ded022ab12ee1d016d41a490e04d"'
      Last-Modified:
      - Wed, 08 Jul 2015 23:16:14 GMT
      Link:
      - <http://www.w3.org/ns/ldp#BasicContainer>;rel="type"
      - <http://www.w3.org/ns/ldp#Container>;rel="type"
      - <http://www.w3.org/ns/ldp#Resource>;rel="type"
      Accept-Patch:
      - application/sparql-update
      Accept-Post:
      - text/turtle,text/rdf+n3,text/n3,application/rdf+xml,application/n-triples,multipart/form-data,application/sparql-update
      Allow:
      - MOVE,COPY,DELETE,POST,HEAD,GET,PUT,PATCH,OPTIONS
      Preference-Applied:
      - return=representation
      Vary:
      - Accept, Range, Accept-Encoding, Accept-Language
      - Prefer
      Content-Length:
      - '2169'
      Content-Type:
      - application/x-turtle
    body:
      encoding: UTF-8
      string: "@prefix premis: <http://www.loc.gov/premis/rdf/v1#> .\n@prefix image:
        <http://www.modeshape.org/images/1.0> .\n@prefix sv: <http://www.jcp.org/jcr/sv/1.0>
        .\n@prefix test: <info:fedora/test/> .\n@prefix nt: <http://www.jcp.org/jcr/nt/1.0>
        .\n@prefix cnt: <http://www.w3.org/2011/content#> .\n@prefix dcmitype: <http://purl.org/dc/dcmitype/>
        .\n@prefix rdfs: <http://www.w3.org/2000/01/rdf-schema#> .\n@prefix xsi: <http://www.w3.org/2001/XMLSchema-instance>
        .\n@prefix mode: <http://www.modeshape.org/1.0> .\n@prefix oa: <http://www.w3.org/ns/oa#>
        .\n@prefix triannon: <http://triannon.stanford.edu/ns/> .\n@prefix rdf: <http://www.w3.org/1999/02/22-rdf-syntax-ns#>
        .\n@prefix fedora: <http://fedora.info/definitions/v4/repository#> .\n@prefix
        xml: <http://www.w3.org/XML/1998/namespace> .\n@prefix ldp: <http://www.w3.org/ns/ldp#>
        .\n@prefix xs: <http://www.w3.org/2001/XMLSchema> .\n@prefix fedoraconfig:
        <http://fedora.info/definitions/v4/config#> .\n@prefix mix: <http://www.jcp.org/jcr/mix/1.0>
        .\n@prefix foaf: <http://xmlns.com/foaf/0.1/> .\n@prefix dc: <http://purl.org/dc/terms/>
        .\n\n\n<http://localhost:8983/fedora/rest/anno/specific_res_integration_specs/6b/00/30/59/6b003059-3812-4f55-9f80-0052203009f7/t/3c/9d/13/f4/3c9d13f4-8f9e-4ae4-8098-642cefc9551d>
        a oa:SpecificResource , ldp:BasicContainer ;\n\toa:hasSelector <http://localhost:8983/fedora/rest/.well-known/genid/98/ee/27/99/98ee2799-468e-4f7c-93f1-dc678e382c3e>
        ;\n\toa:hasSource <http://localhost:8983/fedora/rest/anno/specific_res_integration_specs/6b/00/30/59/6b003059-3812-4f55-9f80-0052203009f7/t/3c/9d/13/f4/3c9d13f4-8f9e-4ae4-8098-642cefc9551d#source>
        .\n\n<http://localhost:8983/fedora/rest/anno/specific_res_integration_specs/6b/00/30/59/6b003059-3812-4f55-9f80-0052203009f7/t/3c/9d/13/f4/3c9d13f4-8f9e-4ae4-8098-642cefc9551d#source>
        a dcmitype:Image ;\n\ttriannon:externalReference <https://stacks.stanford.edu/image/kq131cs7229/kq131cs7229_05_0032_large.jpg>
        .\n\n<http://localhost:8983/fedora/rest/.well-known/genid/98/ee/27/99/98ee2799-468e-4f7c-93f1-dc678e382c3e>
        a oa:FragmentSelector ;\n\trdf:value \"xywh=0,0,200,200\"^^<http://www.w3.org/2001/XMLSchema#string>
        ;\n\tdc:conformsTo <http://www.w3.org/TR/media-frags/> .\n"
    http_version: 
  recorded_at: Wed, 08 Jul 2015 23:16:15 GMT
recorded_with: VCR 2.9.3
