---
http_interactions:
- request:
    method: post
    uri: http://localhost:8983/fedora/rest/anno
    body:
      encoding: UTF-8
      string: |
        @prefix openannotation: <http://www.w3.org/ns/oa#> .
        @prefix rdf: <http://www.w3.org/1999/02/22-rdf-syntax-ns#> .

        <> a openannotation:Annotation;
           openannotation:motivatedBy openannotation:commenting .
    headers:
      User-Agent:
      - Faraday v0.9.0
      Content-Type:
      - application/x-turtle
      Accept-Encoding:
      - gzip;q=1.0,deflate;q=0.6,identity;q=0.3
      Accept:
      - "*/*"
  response:
    status:
      code: 201
      message: Created
    headers:
      Etag:
      - "\"9ec48acb89702654de70b8e6c3dbcb8272f441d5\""
      Last-Modified:
      - Tue, 11 Nov 2014 02:38:52 GMT
      Content-Length:
      - '75'
      Location:
      - http://localhost:8983/fedora/rest/anno/4a7cc8c2-07ba-4b45-a977-83b70979caad
      Content-Type:
      - text/plain
    body:
      encoding: UTF-8
      string: http://localhost:8983/fedora/rest/anno/4a7cc8c2-07ba-4b45-a977-83b70979caad
    http_version: 
  recorded_at: Tue, 11 Nov 2014 02:38:52 GMT
- request:
    method: post
    uri: http://localhost:8983/fedora/rest/anno/4a7cc8c2-07ba-4b45-a977-83b70979caad
    body:
      encoding: UTF-8
      string: |
        @prefix ldp: <http://www.w3.org/ns/ldp#> .
        @prefix openannotation: <http://www.w3.org/ns/oa#> .
        @prefix rdf: <http://www.w3.org/1999/02/22-rdf-syntax-ns#> .

        <> a ldp:DirectContainer;
           ldp:hasMemberRelation openannotation:hasBody;
           ldp:membershipResource <http://localhost:8983/fedora/rest/anno/4a7cc8c2-07ba-4b45-a977-83b70979caad> .
    headers:
      User-Agent:
      - Faraday v0.9.0
      Content-Type:
      - application/x-turtle
      Slug:
      - b
      Accept-Encoding:
      - gzip;q=1.0,deflate;q=0.6,identity;q=0.3
      Accept:
      - "*/*"
  response:
    status:
      code: 201
      message: Created
    headers:
      Etag:
      - "\"9b21834305076cdd1368c2cffb9e06dc2b778844\""
      Last-Modified:
      - Tue, 11 Nov 2014 02:38:52 GMT
      Content-Length:
      - '77'
      Location:
      - http://localhost:8983/fedora/rest/anno/4a7cc8c2-07ba-4b45-a977-83b70979caad/b
      Content-Type:
      - text/plain
    body:
      encoding: UTF-8
      string: http://localhost:8983/fedora/rest/anno/4a7cc8c2-07ba-4b45-a977-83b70979caad/b
    http_version: 
  recorded_at: Tue, 11 Nov 2014 02:38:52 GMT
- request:
    method: post
    uri: http://localhost:8983/fedora/rest/anno/4a7cc8c2-07ba-4b45-a977-83b70979caad/b
    body:
      encoding: UTF-8
      string: |
        @prefix triannon: <http://triannon.stanford.edu/ns/> .

        <> triannon:externalReference <http://dbpedia.org/resource/Otto_Ege> .
    headers:
      User-Agent:
      - Faraday v0.9.0
      Content-Type:
      - application/x-turtle
      Accept-Encoding:
      - gzip;q=1.0,deflate;q=0.6,identity;q=0.3
      Accept:
      - "*/*"
  response:
    status:
      code: 201
      message: Created
    headers:
      Etag:
      - "\"ab02fbfa96277bb4ef3a96f56394afc3020b58be\""
      Last-Modified:
      - Tue, 11 Nov 2014 02:38:52 GMT
      Content-Length:
      - '114'
      Location:
      - http://localhost:8983/fedora/rest/anno/4a7cc8c2-07ba-4b45-a977-83b70979caad/b/51092ad5-8c17-4895-90a5-9555536ae86d
      Content-Type:
      - text/plain
    body:
      encoding: UTF-8
      string: http://localhost:8983/fedora/rest/anno/4a7cc8c2-07ba-4b45-a977-83b70979caad/b/51092ad5-8c17-4895-90a5-9555536ae86d
    http_version: 
  recorded_at: Tue, 11 Nov 2014 02:38:52 GMT
- request:
    method: post
    uri: http://localhost:8983/fedora/rest/anno/4a7cc8c2-07ba-4b45-a977-83b70979caad
    body:
      encoding: UTF-8
      string: |
        @prefix ldp: <http://www.w3.org/ns/ldp#> .
        @prefix openannotation: <http://www.w3.org/ns/oa#> .
        @prefix rdf: <http://www.w3.org/1999/02/22-rdf-syntax-ns#> .

        <> a ldp:DirectContainer;
           ldp:hasMemberRelation openannotation:hasTarget;
           ldp:membershipResource <http://localhost:8983/fedora/rest/anno/4a7cc8c2-07ba-4b45-a977-83b70979caad> .
    headers:
      User-Agent:
      - Faraday v0.9.0
      Content-Type:
      - application/x-turtle
      Slug:
      - t
      Accept-Encoding:
      - gzip;q=1.0,deflate;q=0.6,identity;q=0.3
      Accept:
      - "*/*"
  response:
    status:
      code: 201
      message: Created
    headers:
      Etag:
      - "\"92e8501d2bbc2cceef1d824c13beae20a8e12e2f\""
      Last-Modified:
      - Tue, 11 Nov 2014 02:38:52 GMT
      Content-Length:
      - '77'
      Location:
      - http://localhost:8983/fedora/rest/anno/4a7cc8c2-07ba-4b45-a977-83b70979caad/t
      Content-Type:
      - text/plain
    body:
      encoding: UTF-8
      string: http://localhost:8983/fedora/rest/anno/4a7cc8c2-07ba-4b45-a977-83b70979caad/t
    http_version: 
  recorded_at: Tue, 11 Nov 2014 02:38:52 GMT
- request:
    method: post
    uri: http://localhost:8983/fedora/rest/anno/4a7cc8c2-07ba-4b45-a977-83b70979caad/t
    body:
      encoding: UTF-8
      string: |
        @prefix dc: <http://purl.org/dc/terms/> .
        @prefix openannotation: <http://www.w3.org/ns/oa#> .
        @prefix rdf: <http://www.w3.org/1999/02/22-rdf-syntax-ns#> .
        @prefix triannon: <http://triannon.stanford.edu/ns/> .
        @prefix xsd: <http://www.w3.org/2001/XMLSchema#> .

        <> a openannotation:SpecificResource;
           openannotation:hasSelector [
             a openannotation:FragmentSelector;
             dc:conformsTo <http://www.w3.org/TR/media-frags/>;
             rdf:value "xywh=0,0,200,200"
           ];
           openannotation:hasSource <#source> .

        <#source> triannon:externalReference <https://stacks.stanford.edu/image/kq131cs7229/kq131cs7229_05_0032_large.jpg> .
    headers:
      User-Agent:
      - Faraday v0.9.0
      Content-Type:
      - application/x-turtle
      Accept-Encoding:
      - gzip;q=1.0,deflate;q=0.6,identity;q=0.3
      Accept:
      - "*/*"
  response:
    status:
      code: 201
      message: Created
    headers:
      Etag:
      - "\"bc51f775a4b4feed2cec808c9f3ddfcd2aadc932\""
      Last-Modified:
      - Tue, 11 Nov 2014 02:38:52 GMT
      Content-Length:
      - '114'
      Location:
      - http://localhost:8983/fedora/rest/anno/4a7cc8c2-07ba-4b45-a977-83b70979caad/t/99bb879a-a392-4eee-b948-028ca629feab
      Content-Type:
      - text/plain
    body:
      encoding: UTF-8
      string: http://localhost:8983/fedora/rest/anno/4a7cc8c2-07ba-4b45-a977-83b70979caad/t/99bb879a-a392-4eee-b948-028ca629feab
    http_version: 
  recorded_at: Tue, 11 Nov 2014 02:38:52 GMT
- request:
    method: get
    uri: http://localhost:8983/fedora/rest/anno/4a7cc8c2-07ba-4b45-a977-83b70979caad
    body:
      encoding: US-ASCII
      string: ''
    headers:
      User-Agent:
      - Faraday v0.9.0
      Accept:
      - application/x-turtle
      Accept-Encoding:
      - gzip;q=1.0,deflate;q=0.6,identity;q=0.3
  response:
    status:
      code: 200
      message: OK
    headers:
      Etag:
      - "\"ebd8a25e829dbc5444777272a48852abf9e45112\""
      Last-Modified:
      - Tue, 11 Nov 2014 02:38:52 GMT
      Link:
      - "<http://www.w3.org/ns/ldp#DirectContainer>;rel=\"type\""
      - "<http://www.w3.org/ns/ldp#Resource>;rel=\"type\""
      Accept-Patch:
      - application/sparql-update
      Accept-Post:
      - text/turtle,text/rdf+n3,application/n3,text/n3,application/rdf+xml,application/n-triples,multipart/form-data,application/sparql-update
      Allow:
      - MOVE,COPY,DELETE,POST,HEAD,GET,PUT,PATCH,OPTIONS
      Vary:
      - Accept, Range, Accept-Encoding, Accept-Language
      Content-Length:
      - '4407'
      Content-Type:
      - application/x-turtle
    body:
      encoding: UTF-8
      string: "@prefix dc: <http://purl.org/dc/terms/> .\n@prefix openannotation:
        <http://www.w3.org/ns/oa#> .\n@prefix nt: <http://www.jcp.org/jcr/nt/1.0>
        .\n@prefix ns001: <http://purl.org/dc/elements/1.1/> .\n@prefix foaf: <http://xmlns.com/foaf/0.1/>
        .\n@prefix fcrepo: <http://fedora.info/definitions/v4/repository#> .\n@prefix
        test: <info:fedora/test/> .\n@prefix fedoraconfig: <http://fedora.info/definitions/v4/config#>
        .\n@prefix image: <http://www.modeshape.org/images/1.0> .\n@prefix xs: <http://www.w3.org/2001/XMLSchema>
        .\n@prefix xml: <http://www.w3.org/XML/1998/namespace> .\n@prefix fedorarelsext:
        <http://fedora.info/definitions/v4/rels-ext#> .\n@prefix mix: <http://www.jcp.org/jcr/mix/1.0>
        .\n@prefix premis: <http://www.loc.gov/premis/rdf/v1#> .\n@prefix mode: <http://www.modeshape.org/1.0>
        .\n@prefix rdfs: <http://www.w3.org/2000/01/rdf-schema#> .\n@prefix rdf: <http://www.w3.org/1999/02/22-rdf-syntax-ns#>
        .\n@prefix sv: <http://www.jcp.org/jcr/sv/1.0> .\n@prefix triannon: <http://triannon.stanford.edu/ns/>
        .\n@prefix fedora: <http://fedora.info/definitions/v4/rest-api#> .\n@prefix
        xsi: <http://www.w3.org/2001/XMLSchema-instance> .\n@prefix ldp: <http://www.w3.org/ns/ldp#>
        .\n\n\n<http://localhost:8983/fedora/rest/anno/4a7cc8c2-07ba-4b45-a977-83b70979caad>
        ldp:hasMemberRelation ldp:member ;\n\tldp:membershipResource <http://localhost:8983/fedora/rest/anno/4a7cc8c2-07ba-4b45-a977-83b70979caad>
        ;\n\ta ldp:Container , ldp:DirectContainer , ldp:RDFSource ;\n\tldp:member
        <http://localhost:8983/fedora/rest/anno/4a7cc8c2-07ba-4b45-a977-83b70979caad/b>
        , <http://localhost:8983/fedora/rest/anno/4a7cc8c2-07ba-4b45-a977-83b70979caad/t>
        ;\n\topenannotation:hasTarget <http://localhost:8983/fedora/rest/anno/4a7cc8c2-07ba-4b45-a977-83b70979caad/t/99bb879a-a392-4eee-b948-028ca629feab>
        ;\n\topenannotation:hasBody <http://localhost:8983/fedora/rest/anno/4a7cc8c2-07ba-4b45-a977-83b70979caad/b/51092ad5-8c17-4895-90a5-9555536ae86d>
        ;\n\tldp:contains <http://localhost:8983/fedora/rest/anno/4a7cc8c2-07ba-4b45-a977-83b70979caad/b>
        , <http://localhost:8983/fedora/rest/anno/4a7cc8c2-07ba-4b45-a977-83b70979caad/t>
        ;\n\tfcrepo:hasParent <http://localhost:8983/fedora/rest/anno> .\n\n<http://localhost:8983/fedora/rest/anno/4a7cc8c2-07ba-4b45-a977-83b70979caad/t>
        ldp:membershipResource <http://localhost:8983/fedora/rest/anno/4a7cc8c2-07ba-4b45-a977-83b70979caad>
        .\n\n<http://localhost:8983/fedora/rest/anno/4a7cc8c2-07ba-4b45-a977-83b70979caad/b>
        ldp:membershipResource <http://localhost:8983/fedora/rest/anno/4a7cc8c2-07ba-4b45-a977-83b70979caad>
        .\n\n<http://localhost:8983/fedora/rest/anno/4a7cc8c2-07ba-4b45-a977-83b70979caad>
        fedora:writable \"true\"^^<http://www.w3.org/2001/XMLSchema#boolean> .\n\n<http://localhost:8983/fedora/rest/anno/4a7cc8c2-07ba-4b45-a977-83b70979caad/fcr:export?format=jcr/xml>
        ns001:format <http://fedora.info/definitions/v4/repository#jcr/xml> .\n\n<http://fedora.info/definitions/v4/repository#jcr/xml>
        rdfs:label \"jcr/xml\"^^<http://www.w3.org/2001/XMLSchema#string> .\n\n<http://localhost:8983/fedora/rest/anno/4a7cc8c2-07ba-4b45-a977-83b70979caad>
        fedora:exportsAs <http://localhost:8983/fedora/rest/anno/4a7cc8c2-07ba-4b45-a977-83b70979caad/fcr:export?format=jcr/xml>
        ;\n\ta <http://www.jcp.org/jcr/nt/1.0folder> , <http://www.jcp.org/jcr/nt/1.0hierarchyNode>
        , <http://www.jcp.org/jcr/nt/1.0base> , <http://www.jcp.org/jcr/mix/1.0created>
        , fedora:resource , fedora:object , openannotation:Annotation , fedora:relations
        , <http://www.jcp.org/jcr/mix/1.0created> , <http://www.jcp.org/jcr/mix/1.0lastModified>
        , <http://www.jcp.org/jcr/mix/1.0referenceable> , fedora:DublinCoreDescribable
        , fedora:resource , ldp:Container ;\n\tfcrepo:primaryType \"nt:folder\"^^<http://www.w3.org/2001/XMLSchema#string>
        ;\n\topenannotation:motivatedBy openannotation:commenting ;\n\tfcrepo:created
        \"2014-11-11T02:38:52.796Z\"^^<http://www.w3.org/2001/XMLSchema#dateTime>
        ;\n\tfcrepo:lastModified \"2014-11-11T02:38:52.901Z\"^^<http://www.w3.org/2001/XMLSchema#dateTime>
        ;\n\tfcrepo:mixinTypes \"fedora:resource\"^^<http://www.w3.org/2001/XMLSchema#string>
        , \"fedora:object\"^^<http://www.w3.org/2001/XMLSchema#string> , \"openannotation:Annotation\"^^<http://www.w3.org/2001/XMLSchema#string>
        ;\n\tfcrepo:lastModifiedBy \"bypassAdmin\"^^<http://www.w3.org/2001/XMLSchema#string>
        ;\n\tfcrepo:uuid \"cbd0fb95-a12d-4c98-b81c-d120a294547f\"^^<http://www.w3.org/2001/XMLSchema#string>
        ;\n\tfcrepo:createdBy \"bypassAdmin\"^^<http://www.w3.org/2001/XMLSchema#string>
        .\n"
    http_version: 
  recorded_at: Tue, 11 Nov 2014 02:38:53 GMT
- request:
    method: get
    uri: http://localhost:8983/fedora/rest/anno/4a7cc8c2-07ba-4b45-a977-83b70979caad/b/51092ad5-8c17-4895-90a5-9555536ae86d
    body:
      encoding: US-ASCII
      string: ''
    headers:
      User-Agent:
      - Faraday v0.9.0
      Accept:
      - application/x-turtle
      Accept-Encoding:
      - gzip;q=1.0,deflate;q=0.6,identity;q=0.3
  response:
    status:
      code: 200
      message: OK
    headers:
      Etag:
      - "\"ab02fbfa96277bb4ef3a96f56394afc3020b58be\""
      Last-Modified:
      - Tue, 11 Nov 2014 02:38:52 GMT
      Link:
      - "<http://www.w3.org/ns/ldp#DirectContainer>;rel=\"type\""
      - "<http://www.w3.org/ns/ldp#Resource>;rel=\"type\""
      Accept-Patch:
      - application/sparql-update
      Accept-Post:
      - text/turtle,text/rdf+n3,application/n3,text/n3,application/rdf+xml,application/n-triples,multipart/form-data,application/sparql-update
      Allow:
      - MOVE,COPY,DELETE,POST,HEAD,GET,PUT,PATCH,OPTIONS
      Vary:
      - Accept, Range, Accept-Encoding, Accept-Language
      Content-Length:
      - '3465'
      Content-Type:
      - application/x-turtle
    body:
      encoding: UTF-8
      string: "@prefix dc: <http://purl.org/dc/terms/> .\n@prefix openannotation:
        <http://www.w3.org/ns/oa#> .\n@prefix nt: <http://www.jcp.org/jcr/nt/1.0>
        .\n@prefix ns001: <http://purl.org/dc/elements/1.1/> .\n@prefix foaf: <http://xmlns.com/foaf/0.1/>
        .\n@prefix fcrepo: <http://fedora.info/definitions/v4/repository#> .\n@prefix
        test: <info:fedora/test/> .\n@prefix fedoraconfig: <http://fedora.info/definitions/v4/config#>
        .\n@prefix image: <http://www.modeshape.org/images/1.0> .\n@prefix xs: <http://www.w3.org/2001/XMLSchema>
        .\n@prefix xml: <http://www.w3.org/XML/1998/namespace> .\n@prefix fedorarelsext:
        <http://fedora.info/definitions/v4/rels-ext#> .\n@prefix mix: <http://www.jcp.org/jcr/mix/1.0>
        .\n@prefix premis: <http://www.loc.gov/premis/rdf/v1#> .\n@prefix mode: <http://www.modeshape.org/1.0>
        .\n@prefix rdfs: <http://www.w3.org/2000/01/rdf-schema#> .\n@prefix rdf: <http://www.w3.org/1999/02/22-rdf-syntax-ns#>
        .\n@prefix sv: <http://www.jcp.org/jcr/sv/1.0> .\n@prefix triannon: <http://triannon.stanford.edu/ns/>
        .\n@prefix fedora: <http://fedora.info/definitions/v4/rest-api#> .\n@prefix
        xsi: <http://www.w3.org/2001/XMLSchema-instance> .\n@prefix ldp: <http://www.w3.org/ns/ldp#>
        .\n\n\n<http://localhost:8983/fedora/rest/anno/4a7cc8c2-07ba-4b45-a977-83b70979caad/b/51092ad5-8c17-4895-90a5-9555536ae86d>
        ldp:hasMemberRelation ldp:member ;\n\tldp:membershipResource <http://localhost:8983/fedora/rest/anno/4a7cc8c2-07ba-4b45-a977-83b70979caad/b/51092ad5-8c17-4895-90a5-9555536ae86d>
        ;\n\ta ldp:Container , ldp:DirectContainer , ldp:RDFSource ;\n\tfcrepo:hasParent
        <http://localhost:8983/fedora/rest/anno/4a7cc8c2-07ba-4b45-a977-83b70979caad/b>
        ;\n\tfedora:writable \"true\"^^<http://www.w3.org/2001/XMLSchema#boolean>
        ;\n\tfedora:exportsAs <http://localhost:8983/fedora/rest/anno/4a7cc8c2-07ba-4b45-a977-83b70979caad/b/51092ad5-8c17-4895-90a5-9555536ae86d/fcr:export?format=jcr/xml>
        .\n\n<http://fedora.info/definitions/v4/repository#jcr/xml> rdfs:label \"jcr/xml\"^^<http://www.w3.org/2001/XMLSchema#string>
        .\n\n<http://localhost:8983/fedora/rest/anno/4a7cc8c2-07ba-4b45-a977-83b70979caad/b/51092ad5-8c17-4895-90a5-9555536ae86d/fcr:export?format=jcr/xml>
        ns001:format <http://fedora.info/definitions/v4/repository#jcr/xml> .\n\n<http://localhost:8983/fedora/rest/anno/4a7cc8c2-07ba-4b45-a977-83b70979caad/b/51092ad5-8c17-4895-90a5-9555536ae86d>
        a <http://www.jcp.org/jcr/nt/1.0folder> , <http://www.jcp.org/jcr/nt/1.0hierarchyNode>
        , <http://www.jcp.org/jcr/nt/1.0base> , <http://www.jcp.org/jcr/mix/1.0created>
        , fedora:resource , fedora:object , fedora:relations , <http://www.jcp.org/jcr/mix/1.0created>
        , <http://www.jcp.org/jcr/mix/1.0lastModified> , <http://www.jcp.org/jcr/mix/1.0referenceable>
        , fedora:DublinCoreDescribable , fedora:resource , ldp:Container ;\n\tfcrepo:primaryType
        \"nt:folder\"^^<http://www.w3.org/2001/XMLSchema#string> ;\n\tfcrepo:created
        \"2014-11-11T02:38:52.868Z\"^^<http://www.w3.org/2001/XMLSchema#dateTime>
        ;\n\tfcrepo:lastModified \"2014-11-11T02:38:52.868Z\"^^<http://www.w3.org/2001/XMLSchema#dateTime>
        ;\n\ttriannon:externalReference <http://dbpedia.org/resource/Otto_Ege> ;\n\tfcrepo:mixinTypes
        \"fedora:resource\"^^<http://www.w3.org/2001/XMLSchema#string> , \"fedora:object\"^^<http://www.w3.org/2001/XMLSchema#string>
        ;\n\tfcrepo:lastModifiedBy \"bypassAdmin\"^^<http://www.w3.org/2001/XMLSchema#string>
        ;\n\tfcrepo:uuid \"e5143a3b-e6e1-4b75-a231-449743aeaab6\"^^<http://www.w3.org/2001/XMLSchema#string>
        ;\n\tfcrepo:createdBy \"bypassAdmin\"^^<http://www.w3.org/2001/XMLSchema#string>
        .\n"
    http_version: 
  recorded_at: Tue, 11 Nov 2014 02:38:53 GMT
- request:
    method: get
    uri: http://localhost:8983/fedora/rest/anno/4a7cc8c2-07ba-4b45-a977-83b70979caad/t/99bb879a-a392-4eee-b948-028ca629feab
    body:
      encoding: US-ASCII
      string: ''
    headers:
      User-Agent:
      - Faraday v0.9.0
      Accept:
      - application/x-turtle
      Accept-Encoding:
      - gzip;q=1.0,deflate;q=0.6,identity;q=0.3
  response:
    status:
      code: 200
      message: OK
    headers:
      Etag:
      - "\"bc51f775a4b4feed2cec808c9f3ddfcd2aadc932\""
      Last-Modified:
      - Tue, 11 Nov 2014 02:38:52 GMT
      Link:
      - "<http://www.w3.org/ns/ldp#DirectContainer>;rel=\"type\""
      - "<http://www.w3.org/ns/ldp#Resource>;rel=\"type\""
      Accept-Patch:
      - application/sparql-update
      Accept-Post:
      - text/turtle,text/rdf+n3,application/n3,text/n3,application/rdf+xml,application/n-triples,multipart/form-data,application/sparql-update
      Allow:
      - MOVE,COPY,DELETE,POST,HEAD,GET,PUT,PATCH,OPTIONS
      Vary:
      - Accept, Range, Accept-Encoding, Accept-Language
      Content-Length:
      - '5972'
      Content-Type:
      - application/x-turtle
    body:
      encoding: UTF-8
      string: "@prefix dc: <http://purl.org/dc/terms/> .\n@prefix openannotation:
        <http://www.w3.org/ns/oa#> .\n@prefix nt: <http://www.jcp.org/jcr/nt/1.0>
        .\n@prefix ns001: <http://purl.org/dc/elements/1.1/> .\n@prefix foaf: <http://xmlns.com/foaf/0.1/>
        .\n@prefix fcrepo: <http://fedora.info/definitions/v4/repository#> .\n@prefix
        test: <info:fedora/test/> .\n@prefix fedoraconfig: <http://fedora.info/definitions/v4/config#>
        .\n@prefix image: <http://www.modeshape.org/images/1.0> .\n@prefix xs: <http://www.w3.org/2001/XMLSchema>
        .\n@prefix xml: <http://www.w3.org/XML/1998/namespace> .\n@prefix fedorarelsext:
        <http://fedora.info/definitions/v4/rels-ext#> .\n@prefix mix: <http://www.jcp.org/jcr/mix/1.0>
        .\n@prefix premis: <http://www.loc.gov/premis/rdf/v1#> .\n@prefix mode: <http://www.modeshape.org/1.0>
        .\n@prefix rdfs: <http://www.w3.org/2000/01/rdf-schema#> .\n@prefix rdf: <http://www.w3.org/1999/02/22-rdf-syntax-ns#>
        .\n@prefix sv: <http://www.jcp.org/jcr/sv/1.0> .\n@prefix triannon: <http://triannon.stanford.edu/ns/>
        .\n@prefix fedora: <http://fedora.info/definitions/v4/rest-api#> .\n@prefix
        xsi: <http://www.w3.org/2001/XMLSchema-instance> .\n@prefix ldp: <http://www.w3.org/ns/ldp#>
        .\n\n\n<http://localhost:8983/fedora/rest/anno/4a7cc8c2-07ba-4b45-a977-83b70979caad/t/99bb879a-a392-4eee-b948-028ca629feab>
        ldp:hasMemberRelation ldp:member ;\n\tldp:membershipResource <http://localhost:8983/fedora/rest/anno/4a7cc8c2-07ba-4b45-a977-83b70979caad/t/99bb879a-a392-4eee-b948-028ca629feab>
        ;\n\ta ldp:Container , ldp:DirectContainer , ldp:RDFSource ;\n\tfcrepo:hasParent
        <http://localhost:8983/fedora/rest/anno/4a7cc8c2-07ba-4b45-a977-83b70979caad/t>
        .\n\n<http://localhost:8983/fedora/rest/.well-known/genid/35fcd4f6-61f0-45e9-8b8e-dad128590d0f>
        a <http://www.jcp.org/jcr/nt/1.0unstructured> , <http://www.jcp.org/jcr/nt/1.0base>
        , fedora:blanknode , openannotation:FragmentSelector , <http://www.jcp.org/jcr/mix/1.0referenceable>
        ;\n\tfcrepo:primaryType \"nt:unstructured\"^^<http://www.w3.org/2001/XMLSchema#string>
        ;\n\tfcrepo:mixinTypes \"fedora:blanknode\"^^<http://www.w3.org/2001/XMLSchema#string>
        , \"openannotation:FragmentSelector\"^^<http://www.w3.org/2001/XMLSchema#string>
        ;\n\tfcrepo:uuid \"76248c77-c019-4191-b6dc-1d562d97a380\"^^<http://www.w3.org/2001/XMLSchema#string>
        ;\n\trdf:value \"xywh=0,0,200,200\"^^<http://www.w3.org/2001/XMLSchema#string>
        ;\n\tdc:conformsTo <http://www.w3.org/TR/media-frags/> .\n\n<http://localhost:8983/fedora/rest/anno/4a7cc8c2-07ba-4b45-a977-83b70979caad/t/99bb879a-a392-4eee-b948-028ca629feab#source>
        a <http://www.jcp.org/jcr/nt/1.0folder> , <http://www.jcp.org/jcr/nt/1.0hierarchyNode>
        , <http://www.jcp.org/jcr/nt/1.0base> , <http://www.jcp.org/jcr/mix/1.0created>
        , fedora:resource , fedora:relations , <http://www.jcp.org/jcr/mix/1.0created>
        , <http://www.jcp.org/jcr/mix/1.0lastModified> , <http://www.jcp.org/jcr/mix/1.0referenceable>
        , fedora:DublinCoreDescribable ;\n\tfcrepo:primaryType \"nt:folder\"^^<http://www.w3.org/2001/XMLSchema#string>
        ;\n\tfcrepo:created \"2014-11-11T02:38:52.974Z\"^^<http://www.w3.org/2001/XMLSchema#dateTime>
        ;\n\tfcrepo:lastModified \"2014-11-11T02:38:52.974Z\"^^<http://www.w3.org/2001/XMLSchema#dateTime>
        ;\n\ttriannon:externalReference <https://stacks.stanford.edu/image/kq131cs7229/kq131cs7229_05_0032_large.jpg>
        ;\n\tfcrepo:mixinTypes \"fedora:resource\"^^<http://www.w3.org/2001/XMLSchema#string>
        ;\n\tfcrepo:lastModifiedBy \"bypassAdmin\"^^<http://www.w3.org/2001/XMLSchema#string>
        ;\n\tfcrepo:uuid \"08d09c2d-cf7c-4851-8e03-9923bec8d85d\"^^<http://www.w3.org/2001/XMLSchema#string>
        ;\n\tfcrepo:createdBy \"bypassAdmin\"^^<http://www.w3.org/2001/XMLSchema#string>
        .\n\n<http://localhost:8983/fedora/rest/anno/4a7cc8c2-07ba-4b45-a977-83b70979caad/t/99bb879a-a392-4eee-b948-028ca629feab>
        fedora:writable \"true\"^^<http://www.w3.org/2001/XMLSchema#boolean> .\n\n<http://localhost:8983/fedora/rest/anno/4a7cc8c2-07ba-4b45-a977-83b70979caad/t/99bb879a-a392-4eee-b948-028ca629feab/fcr:export?format=jcr/xml>
        ns001:format <http://fedora.info/definitions/v4/repository#jcr/xml> .\n\n<http://localhost:8983/fedora/rest/anno/4a7cc8c2-07ba-4b45-a977-83b70979caad/t/99bb879a-a392-4eee-b948-028ca629feab>
        fedora:exportsAs <http://localhost:8983/fedora/rest/anno/4a7cc8c2-07ba-4b45-a977-83b70979caad/t/99bb879a-a392-4eee-b948-028ca629feab/fcr:export?format=jcr/xml>
        .\n\n<http://fedora.info/definitions/v4/repository#jcr/xml> rdfs:label \"jcr/xml\"^^<http://www.w3.org/2001/XMLSchema#string>
        .\n\n<http://localhost:8983/fedora/rest/anno/4a7cc8c2-07ba-4b45-a977-83b70979caad/t/99bb879a-a392-4eee-b948-028ca629feab>
        a <http://www.jcp.org/jcr/nt/1.0folder> , <http://www.jcp.org/jcr/nt/1.0hierarchyNode>
        , <http://www.jcp.org/jcr/nt/1.0base> , <http://www.jcp.org/jcr/mix/1.0created>
        , fedora:resource , fedora:object , openannotation:SpecificResource , fedora:relations
        , <http://www.jcp.org/jcr/mix/1.0created> , <http://www.jcp.org/jcr/mix/1.0lastModified>
        , <http://www.jcp.org/jcr/mix/1.0referenceable> , fedora:DublinCoreDescribable
        , fedora:resource , ldp:Container ;\n\tfcrepo:primaryType \"nt:folder\"^^<http://www.w3.org/2001/XMLSchema#string>
        ;\n\topenannotation:hasSource <http://localhost:8983/fedora/rest/anno/4a7cc8c2-07ba-4b45-a977-83b70979caad/t/99bb879a-a392-4eee-b948-028ca629feab#source>
        ;\n\tfcrepo:created \"2014-11-11T02:38:52.974Z\"^^<http://www.w3.org/2001/XMLSchema#dateTime>
        ;\n\topenannotation:hasSelector <http://localhost:8983/fedora/rest/.well-known/genid/35fcd4f6-61f0-45e9-8b8e-dad128590d0f>
        ;\n\tfcrepo:lastModified \"2014-11-11T02:38:52.974Z\"^^<http://www.w3.org/2001/XMLSchema#dateTime>
        ;\n\tfcrepo:mixinTypes \"fedora:resource\"^^<http://www.w3.org/2001/XMLSchema#string>
        , \"fedora:object\"^^<http://www.w3.org/2001/XMLSchema#string> , \"openannotation:SpecificResource\"^^<http://www.w3.org/2001/XMLSchema#string>
        ;\n\tfcrepo:lastModifiedBy \"bypassAdmin\"^^<http://www.w3.org/2001/XMLSchema#string>
        ;\n\tfcrepo:uuid \"4d5ce908-0676-46fa-88cd-4b4931a4d540\"^^<http://www.w3.org/2001/XMLSchema#string>
        ;\n\tfcrepo:createdBy \"bypassAdmin\"^^<http://www.w3.org/2001/XMLSchema#string>
        .\n"
    http_version: 
  recorded_at: Tue, 11 Nov 2014 02:38:53 GMT
recorded_with: VCR 2.9.3
