---
http_interactions:
- request:
    method: post
    uri: http://localhost:8080/rest/anno
    body:
      encoding: UTF-8
      string: |2
                <> a <http://www.w3.org/ns/oa#Annotation>;
                   <http://www.w3.org/ns/oa#motivatedBy> <http://www.w3.org/ns/oa#commenting> .
    headers:
      User-Agent:
      - Faraday v0.9.0
      Content-Type:
      - text/turtle
      Accept-Encoding:
      - gzip;q=1.0,deflate;q=0.6,identity;q=0.3
      Accept:
      - "*/*"
  response:
    status:
      code: 201
      message: Created
    headers:
      Etag:
      - '"84a7e3b4ee0c81429028f96e4917db029637c430"'
      Last-Modified:
      - Sat, 11 Oct 2014 00:34:00 GMT
      Content-Length:
      - '68'
      Location:
      - http://localhost:8080/rest/anno/763cf490-ec4e-4231-a34f-4bc5374ec4e0
      Content-Type:
      - text/plain
      Server:
      - Jetty(8.1.11.v20130520)
    body:
      encoding: UTF-8
      string: http://localhost:8080/rest/anno/763cf490-ec4e-4231-a34f-4bc5374ec4e0
    http_version: 
  recorded_at: Sat, 11 Oct 2014 00:34:00 GMT
- request:
    method: post
    uri: http://localhost:8080/rest/anno/763cf490-ec4e-4231-a34f-4bc5374ec4e0
    body:
      encoding: UTF-8
      string: |2
                @prefix ldp: <http://www.w3.org/ns/ldp#> .
                @prefix oa: <http://www.w3.org/ns/oa#> .

                <> a ldp:DirectContainer;
                   ldp:hasMemberRelation oa:hasTarget;
                   ldp:membershipResource <http://localhost:8080/rest/anno/763cf490-ec4e-4231-a34f-4bc5374ec4e0> .
    headers:
      User-Agent:
      - Faraday v0.9.0
      Content-Type:
      - text/turtle
      Slug:
      - t
      Accept-Encoding:
      - gzip;q=1.0,deflate;q=0.6,identity;q=0.3
      Accept:
      - "*/*"
  response:
    status:
      code: 201
      message: Created
    headers:
      Etag:
      - '"f5e2ec5bef402029970a23bd160a20a2412d800e"'
      Last-Modified:
      - Sat, 11 Oct 2014 00:34:00 GMT
      Content-Length:
      - '70'
      Location:
      - http://localhost:8080/rest/anno/763cf490-ec4e-4231-a34f-4bc5374ec4e0/t
      Content-Type:
      - text/plain
      Server:
      - Jetty(8.1.11.v20130520)
    body:
      encoding: UTF-8
      string: http://localhost:8080/rest/anno/763cf490-ec4e-4231-a34f-4bc5374ec4e0/t
    http_version: 
  recorded_at: Sat, 11 Oct 2014 00:34:00 GMT
- request:
    method: post
    uri: http://localhost:8080/rest/anno/763cf490-ec4e-4231-a34f-4bc5374ec4e0/t
    body:
      encoding: UTF-8
      string: |2
                @prefix dc: <http://purl.org/dc/elements/1.1/> .
                @prefix dctypes: <http://purl.org/dc/dcmitype/> .
                @prefix triannon: <http://triannon.stanford.edu/ns/> .

                <> a dctypes:Text;
                   dc:formant 'text/html';
                   triannon:externalReference <http://purl.stanford.edu/kq131cs7229> .
    headers:
      User-Agent:
      - Faraday v0.9.0
      Content-Type:
      - text/turtle
      Accept-Encoding:
      - gzip;q=1.0,deflate;q=0.6,identity;q=0.3
      Accept:
      - "*/*"
  response:
    status:
      code: 201
      message: Created
    headers:
      Etag:
      - '"f6b05af19adbb7e0824ee0dd48fe11544cd9772a"'
      Last-Modified:
      - Sat, 11 Oct 2014 00:34:00 GMT
      Content-Length:
      - '107'
      Location:
      - http://localhost:8080/rest/anno/763cf490-ec4e-4231-a34f-4bc5374ec4e0/t/33a64016-586a-4dd4-be03-5015f1605140
      Content-Type:
      - text/plain
      Server:
      - Jetty(8.1.11.v20130520)
    body:
      encoding: UTF-8
      string: http://localhost:8080/rest/anno/763cf490-ec4e-4231-a34f-4bc5374ec4e0/t/33a64016-586a-4dd4-be03-5015f1605140
    http_version: 
  recorded_at: Sat, 11 Oct 2014 00:34:00 GMT
- request:
    method: get
    uri: http://localhost:8080/rest/anno/763cf490-ec4e-4231-a34f-4bc5374ec4e0/t/33a64016-586a-4dd4-be03-5015f1605140
    body:
      encoding: US-ASCII
      string: ''
    headers:
      User-Agent:
      - Faraday v0.9.0
      Accept:
      - text/turtle
      Accept-Encoding:
      - gzip;q=1.0,deflate;q=0.6,identity;q=0.3
  response:
    status:
      code: 200
      message: OK
    headers:
      Etag:
      - '"f6b05af19adbb7e0824ee0dd48fe11544cd9772a"'
      Last-Modified:
      - Sat, 11 Oct 2014 00:34:00 GMT
      Link:
      - <http://www.w3.org/ns/ldp#DirectContainer>;rel="type"
      - <http://www.w3.org/ns/ldp#Resource>;rel="type"
      Accept-Patch:
      - application/sparql-update
      Accept-Post:
      - text/turtle,text/rdf+n3,application/n3,text/n3,application/rdf+xml,application/n-triples,multipart/form-data,application/sparql-update
      Allow:
      - MOVE,COPY,DELETE,POST,HEAD,GET,PUT,PATCH,OPTIONS
      Preference-Applied:
      - return=representation
      Vary:
      - Accept, Range, Accept-Encoding, Accept-Language
      - Prefer
      Content-Length:
      - '3461'
      Content-Type:
      - text/turtle
      Server:
      - Jetty(8.1.11.v20130520)
    body:
      encoding: UTF-8
      string: "\n<http://localhost:8080/rest/anno/763cf490-ec4e-4231-a34f-4bc5374ec4e0/t/33a64016-586a-4dd4-be03-5015f1605140>
        <http://fedora.info/definitions/v4/rest-api#hasAccessRoles> <http://localhost:8080/rest/anno%2F763cf490-ec4e-4231-a34f-4bc5374ec4e0%2Ft%2F33a64016-586a-4dd4-be03-5015f1605140/fcr:accessroles>
        .\n\n<http://localhost:8080/rest/anno/763cf490-ec4e-4231-a34f-4bc5374ec4e0/t/33a64016-586a-4dd4-be03-5015f1605140/fcr:export?format=jcr/xml>
        <http://purl.org/dc/elements/1.1/format> <http://fedora.info/definitions/v4/repository#jcr/xml>
        .\n\n<http://fedora.info/definitions/v4/repository#jcr/xml> <http://www.w3.org/2000/01/rdf-schema#label>
        \"jcr/xml\"^^<http://www.w3.org/2001/XMLSchema#string> .\n\n<http://localhost:8080/rest/anno/763cf490-ec4e-4231-a34f-4bc5374ec4e0/t/33a64016-586a-4dd4-be03-5015f1605140>
        <http://fedora.info/definitions/v4/rest-api#exportsAs> <http://localhost:8080/rest/anno/763cf490-ec4e-4231-a34f-4bc5374ec4e0/t/33a64016-586a-4dd4-be03-5015f1605140/fcr:export?format=jcr/xml>
        ;\n\t<http://www.w3.org/ns/ldp#hasMemberRelation> <http://www.w3.org/ns/ldp#member>
        ;\n\t<http://www.w3.org/ns/ldp#membershipResource> <http://localhost:8080/rest/anno/763cf490-ec4e-4231-a34f-4bc5374ec4e0/t/33a64016-586a-4dd4-be03-5015f1605140>
        ;\n\ta <http://www.w3.org/ns/ldp#Container> , <http://www.w3.org/ns/ldp#DirectContainer>
        ;\n\t<http://fedora.info/definitions/v4/repository#hasParent> <http://localhost:8080/rest/anno/763cf490-ec4e-4231-a34f-4bc5374ec4e0/t>
        ;\n\ta <http://www.jcp.org/jcr/nt/1.0folder> , <http://www.jcp.org/jcr/nt/1.0hierarchyNode>
        , <http://www.jcp.org/jcr/nt/1.0base> , <http://www.jcp.org/jcr/mix/1.0created>
        , <http://fedora.info/definitions/v4/rest-api#resource> , <http://purl.org/dc/dcmitype/Text>
        , <http://fedora.info/definitions/v4/rest-api#object> , <http://fedora.info/definitions/v4/rest-api#relations>
        , <http://www.jcp.org/jcr/mix/1.0created> , <http://www.jcp.org/jcr/mix/1.0lastModified>
        , <http://www.jcp.org/jcr/mix/1.0lockable> , <http://www.jcp.org/jcr/mix/1.0referenceable>
        , <http://purl.org/dc/elements/1.1/describable> , <http://fedora.info/definitions/v4/rest-api#resource>
        , <http://www.w3.org/ns/ldp#Container> ;\n\t<http://fedora.info/definitions/v4/rest-api#writable>
        \"true\"^^<http://www.w3.org/2001/XMLSchema#boolean> ;\n\t<http://fedora.info/definitions/v4/repository#primaryType>
        \"nt:folder\"^^<http://www.w3.org/2001/XMLSchema#string> ;\n\t<http://fedora.info/definitions/v4/repository#created>
        \"2014-10-11T00:34:00.313Z\"^^<http://www.w3.org/2001/XMLSchema#dateTime>
        ;\n\t<http://fedora.info/definitions/v4/repository#lastModified> \"2014-10-11T00:34:00.313Z\"^^<http://www.w3.org/2001/XMLSchema#dateTime>
        ;\n\t<http://triannon.stanford.edu/ns/externalReference> <http://purl.stanford.edu/kq131cs7229>
        ;\n\t<http://fedora.info/definitions/v4/repository#mixinTypes> \"fedora:resource\"^^<http://www.w3.org/2001/XMLSchema#string>
        , \"dctypes:Text\"^^<http://www.w3.org/2001/XMLSchema#string> , \"fedora:object\"^^<http://www.w3.org/2001/XMLSchema#string>
        ;\n\t<http://purl.org/dc/elements/1.1/formant> \"text/html\"^^<http://www.w3.org/2001/XMLSchema#string>
        ;\n\t<http://fedora.info/definitions/v4/repository#lastModifiedBy> \"bypassAdmin\"^^<http://www.w3.org/2001/XMLSchema#string>
        ;\n\t<http://fedora.info/definitions/v4/repository#uuid> \"39ccc07e-ce46-4088-afac-4086af3e2fa2\"^^<http://www.w3.org/2001/XMLSchema#string>
        ;\n\t<http://fedora.info/definitions/v4/repository#createdBy> \"bypassAdmin\"^^<http://www.w3.org/2001/XMLSchema#string>
        .\n"
    http_version: 
  recorded_at: Sat, 11 Oct 2014 00:34:00 GMT
recorded_with: VCR 2.9.3
