---
http_interactions:
- request:
    method: head
    uri: http://localhost:8983/fedora/rest/anno/solr_integration_specs/c1/52/bf/a8/c152bfa8-0dbc-4622-9fdb-b566c5a28d6c
    body:
      encoding: US-ASCII
      string: ''
    headers:
      User-Agent:
      - Faraday v0.9.1
      Accept:
      - "*/*"
  response:
    status:
      code: 410
      message: Gone
    headers:
      Link:
      - <http://localhost:8983/fedora/rest/anno/solr_integration_specs/c1/52/bf/a8/c152bfa8-0dbc-4622-9fdb-b566c5a28d6c/fcr:tombstone>;
        rel="hasTombstone"
      Content-Type:
      - text/html;charset=ISO-8859-1
      Cache-Control:
      - must-revalidate,no-cache,no-store
      Content-Length:
      - '1443'
    body:
      encoding: UTF-8
      string: ''
    http_version: 
  recorded_at: Fri, 19 Jun 2015 22:45:59 GMT
- request:
    method: head
    uri: http://localhost:8983/fedora/rest/anno/solr_integration_specs/2d/d1/29/7d/2dd1297d-3871-43ca-b7a7-8b216d88ac99
    body:
      encoding: US-ASCII
      string: ''
    headers:
      User-Agent:
      - Faraday v0.9.1
      Accept:
      - "*/*"
  response:
    status:
      code: 200
      message: OK
    headers:
      Etag:
      - '"6f245fdf1f210caf05f6dd5db083883bc3868ba2"'
      Last-Modified:
      - Fri, 19 Jun 2015 22:45:56 GMT
      Link:
      - <http://www.w3.org/ns/ldp#BasicContainer>;rel="type"
      - <http://www.w3.org/ns/ldp#Container>;rel="type"
      - <http://www.w3.org/ns/ldp#Resource>;rel="type"
      Accept-Patch:
      - application/sparql-update
      Accept-Post:
      - text/turtle,text/rdf+n3,text/n3,application/rdf+xml,application/n-triples,multipart/form-data,application/sparql-update
      Allow:
      - MOVE,COPY,DELETE,POST,HEAD,GET,PUT,PATCH,OPTIONS
      Content-Type:
      - text/tab-separated-values
      Content-Length:
      - '0'
    body:
      encoding: UTF-8
      string: ''
    http_version: 
  recorded_at: Fri, 19 Jun 2015 22:45:59 GMT
- request:
    method: delete
    uri: http://localhost:8983/fedora/rest/anno/solr_integration_specs/2d/d1/29/7d/2dd1297d-3871-43ca-b7a7-8b216d88ac99
    body:
      encoding: US-ASCII
      string: ''
    headers:
      User-Agent:
      - Faraday v0.9.1
      Prefer:
      - return=respresentation; omit="http://fedora.info/definitions/v4/repository#ServerManaged"
      Accept-Encoding:
      - gzip;q=1.0,deflate;q=0.6,identity;q=0.3
      Accept:
      - "*/*"
  response:
    status:
      code: 204
      message: No Content
    headers: {}
    body:
      encoding: UTF-8
      string: ''
    http_version: 
  recorded_at: Fri, 19 Jun 2015 22:45:59 GMT
- request:
    method: delete
    uri: http://localhost:8983/fedora/rest/anno/solr_integration_specs/2d/d1/29/7d/2dd1297d-3871-43ca-b7a7-8b216d88ac99/fcr:tombstone
    body:
      encoding: US-ASCII
      string: ''
    headers:
      User-Agent:
      - Faraday v0.9.1
      Accept-Encoding:
      - gzip;q=1.0,deflate;q=0.6,identity;q=0.3
      Accept:
      - "*/*"
  response:
    status:
      code: 204
      message: No Content
    headers: {}
    body:
      encoding: UTF-8
      string: ''
    http_version: 
  recorded_at: Fri, 19 Jun 2015 22:45:59 GMT
- request:
    method: head
    uri: http://localhost:8983/fedora/rest/anno/solr_integration_specs/33/86/f1/ee/3386f1ee-c7ac-4101-bacf-8e675b878af1
    body:
      encoding: US-ASCII
      string: ''
    headers:
      User-Agent:
      - Faraday v0.9.1
      Accept:
      - "*/*"
  response:
    status:
      code: 200
      message: OK
    headers:
      Etag:
      - '"6dcd4d749dd7f5e4c5d8603f4d9fed7fc1c48a98"'
      Last-Modified:
      - Fri, 19 Jun 2015 22:45:58 GMT
      Link:
      - <http://www.w3.org/ns/ldp#BasicContainer>;rel="type"
      - <http://www.w3.org/ns/ldp#Container>;rel="type"
      - <http://www.w3.org/ns/ldp#Resource>;rel="type"
      Accept-Patch:
      - application/sparql-update
      Accept-Post:
      - text/turtle,text/rdf+n3,text/n3,application/rdf+xml,application/n-triples,multipart/form-data,application/sparql-update
      Allow:
      - MOVE,COPY,DELETE,POST,HEAD,GET,PUT,PATCH,OPTIONS
      Content-Type:
      - text/tab-separated-values
      Content-Length:
      - '0'
    body:
      encoding: UTF-8
      string: ''
    http_version: 
  recorded_at: Fri, 19 Jun 2015 22:45:59 GMT
- request:
    method: delete
    uri: http://localhost:8983/fedora/rest/anno/solr_integration_specs/33/86/f1/ee/3386f1ee-c7ac-4101-bacf-8e675b878af1
    body:
      encoding: US-ASCII
      string: ''
    headers:
      User-Agent:
      - Faraday v0.9.1
      Prefer:
      - return=respresentation; omit="http://fedora.info/definitions/v4/repository#ServerManaged"
      Accept-Encoding:
      - gzip;q=1.0,deflate;q=0.6,identity;q=0.3
      Accept:
      - "*/*"
  response:
    status:
      code: 204
      message: No Content
    headers: {}
    body:
      encoding: UTF-8
      string: ''
    http_version: 
  recorded_at: Fri, 19 Jun 2015 22:45:59 GMT
- request:
    method: delete
    uri: http://localhost:8983/fedora/rest/anno/solr_integration_specs/33/86/f1/ee/3386f1ee-c7ac-4101-bacf-8e675b878af1/fcr:tombstone
    body:
      encoding: US-ASCII
      string: ''
    headers:
      User-Agent:
      - Faraday v0.9.1
      Accept-Encoding:
      - gzip;q=1.0,deflate;q=0.6,identity;q=0.3
      Accept:
      - "*/*"
  response:
    status:
      code: 204
      message: No Content
    headers: {}
    body:
      encoding: UTF-8
      string: ''
    http_version: 
  recorded_at: Fri, 19 Jun 2015 22:45:59 GMT
- request:
    method: head
    uri: http://localhost:8983/fedora/rest/anno/solr_integration_specs
    body:
      encoding: US-ASCII
      string: ''
    headers:
      User-Agent:
      - Faraday v0.9.1
      Accept:
      - "*/*"
  response:
    status:
      code: 200
      message: OK
    headers:
      Etag:
      - '"2acbf3eaf27a4e08eef7a6d982c726e3b70d9c02"'
      Last-Modified:
      - Fri, 19 Jun 2015 22:45:58 GMT
      Link:
      - <http://www.w3.org/ns/ldp#BasicContainer>;rel="type"
      - <http://www.w3.org/ns/ldp#Container>;rel="type"
      - <http://www.w3.org/ns/ldp#Resource>;rel="type"
      Accept-Patch:
      - application/sparql-update
      Accept-Post:
      - text/turtle,text/rdf+n3,text/n3,application/rdf+xml,application/n-triples,multipart/form-data,application/sparql-update
      Allow:
      - MOVE,COPY,DELETE,POST,HEAD,GET,PUT,PATCH,OPTIONS
      Content-Type:
      - text/tab-separated-values
      Content-Length:
      - '0'
    body:
      encoding: UTF-8
      string: ''
    http_version: 
  recorded_at: Fri, 19 Jun 2015 22:45:59 GMT
- request:
    method: delete
    uri: http://localhost:8983/fedora/rest/anno/solr_integration_specs
    body:
      encoding: US-ASCII
      string: ''
    headers:
      User-Agent:
      - Faraday v0.9.1
      Prefer:
      - return=respresentation; omit="http://fedora.info/definitions/v4/repository#ServerManaged"
      Accept-Encoding:
      - gzip;q=1.0,deflate;q=0.6,identity;q=0.3
      Accept:
      - "*/*"
  response:
    status:
      code: 204
      message: No Content
    headers: {}
    body:
      encoding: UTF-8
      string: ''
    http_version: 
  recorded_at: Fri, 19 Jun 2015 22:45:59 GMT
- request:
    method: delete
    uri: http://localhost:8983/fedora/rest/anno/solr_integration_specs/fcr:tombstone
    body:
      encoding: US-ASCII
      string: ''
    headers:
      User-Agent:
      - Faraday v0.9.1
      Accept-Encoding:
      - gzip;q=1.0,deflate;q=0.6,identity;q=0.3
      Accept:
      - "*/*"
  response:
    status:
      code: 204
      message: No Content
    headers: {}
    body:
      encoding: UTF-8
      string: ''
    http_version: 
  recorded_at: Fri, 19 Jun 2015 22:45:59 GMT
- request:
    method: post
    uri: http://localhost:8983/solr/triannon/update?wt=ruby
    body:
      encoding: UTF-8
      string: <?xml version="1.0" encoding="UTF-8"?><delete><id>solr_integration_specs/2d/d1/29/7d/2dd1297d-3871-43ca-b7a7-8b216d88ac99</id></delete>
    headers:
      Content-Type:
      - text/xml
  response:
    status:
      code: 200
      message: OK
    headers:
      Content-Type:
      - text/plain;charset=UTF-8
      Transfer-Encoding:
      - chunked
    body:
      encoding: UTF-8
      string: |
        {'responseHeader'=>{'status'=>0,'QTime'=>2}}
    http_version: 
  recorded_at: Fri, 19 Jun 2015 22:45:59 GMT
- request:
    method: post
    uri: http://localhost:8983/solr/triannon/update?wt=ruby
    body:
      encoding: UTF-8
      string: <?xml version="1.0" encoding="UTF-8"?><delete><id>solr_integration_specs/33/86/f1/ee/3386f1ee-c7ac-4101-bacf-8e675b878af1</id></delete>
    headers:
      Content-Type:
      - text/xml
  response:
    status:
      code: 200
      message: OK
    headers:
      Content-Type:
      - text/plain;charset=UTF-8
      Transfer-Encoding:
      - chunked
    body:
      encoding: UTF-8
      string: |
        {'responseHeader'=>{'status'=>0,'QTime'=>4}}
    http_version: 
  recorded_at: Fri, 19 Jun 2015 22:45:59 GMT
- request:
    method: post
    uri: http://localhost:8983/solr/triannon/update?wt=ruby
    body:
      encoding: UTF-8
      string: <?xml version="1.0" encoding="UTF-8"?><commit/>
    headers:
      Content-Type:
      - text/xml
  response:
    status:
      code: 200
      message: OK
    headers:
      Content-Type:
      - text/plain;charset=UTF-8
      Transfer-Encoding:
      - chunked
    body:
      encoding: UTF-8
      string: |
        {'responseHeader'=>{'status'=>0,'QTime'=>28}}
    http_version: 
  recorded_at: Fri, 19 Jun 2015 22:45:59 GMT
recorded_with: VCR 2.9.3
