---
http_interactions:
- request:
    method: head
    uri: http://localhost:8983/fedora/rest/anno/solr_integration_specs/6b/ac/28/a8/6bac28a8-d203-4f9d-b276-3eedaf9e64ae
    body:
      encoding: US-ASCII
      string: ''
    headers:
      User-Agent:
      - Faraday v0.9.1
      Accept:
      - "*/*"
  response:
    status:
      code: 410
      message: Gone
    headers:
      Link:
      - <http://localhost:8983/fedora/rest/anno/solr_integration_specs/6b/ac/28/a8/6bac28a8-d203-4f9d-b276-3eedaf9e64ae/fcr:tombstone>;
        rel="hasTombstone"
      Content-Type:
      - text/html;charset=ISO-8859-1
      Cache-Control:
      - must-revalidate,no-cache,no-store
      Content-Length:
      - '1443'
    body:
      encoding: UTF-8
      string: ''
    http_version: 
  recorded_at: Wed, 08 Jul 2015 23:16:11 GMT
- request:
    method: head
    uri: http://localhost:8983/fedora/rest/anno/solr_integration_specs/89/cf/5b/6c/89cf5b6c-c907-44ad-8f1a-06be695e5164
    body:
      encoding: US-ASCII
      string: ''
    headers:
      User-Agent:
      - Faraday v0.9.1
      Accept:
      - "*/*"
  response:
    status:
      code: 200
      message: OK
    headers:
      Etag:
      - '"b15805cff9335d84dfcd6a1085bdcab29420083c"'
      Last-Modified:
      - Wed, 08 Jul 2015 23:16:08 GMT
      Link:
      - <http://www.w3.org/ns/ldp#BasicContainer>;rel="type"
      - <http://www.w3.org/ns/ldp#Container>;rel="type"
      - <http://www.w3.org/ns/ldp#Resource>;rel="type"
      Accept-Patch:
      - application/sparql-update
      Accept-Post:
      - text/turtle,text/rdf+n3,text/n3,application/rdf+xml,application/n-triples,multipart/form-data,application/sparql-update
      Allow:
      - MOVE,COPY,DELETE,POST,HEAD,GET,PUT,PATCH,OPTIONS
      Content-Type:
      - text/tab-separated-values
      Content-Length:
      - '0'
    body:
      encoding: UTF-8
      string: ''
    http_version: 
  recorded_at: Wed, 08 Jul 2015 23:16:11 GMT
- request:
    method: delete
    uri: http://localhost:8983/fedora/rest/anno/solr_integration_specs/89/cf/5b/6c/89cf5b6c-c907-44ad-8f1a-06be695e5164
    body:
      encoding: US-ASCII
      string: ''
    headers:
      User-Agent:
      - Faraday v0.9.1
      Prefer:
      - return=respresentation; omit="http://fedora.info/definitions/v4/repository#ServerManaged"
      Accept-Encoding:
      - gzip;q=1.0,deflate;q=0.6,identity;q=0.3
      Accept:
      - "*/*"
  response:
    status:
      code: 204
      message: No Content
    headers: {}
    body:
      encoding: UTF-8
      string: ''
    http_version: 
  recorded_at: Wed, 08 Jul 2015 23:16:11 GMT
- request:
    method: delete
    uri: http://localhost:8983/fedora/rest/anno/solr_integration_specs/89/cf/5b/6c/89cf5b6c-c907-44ad-8f1a-06be695e5164/fcr:tombstone
    body:
      encoding: US-ASCII
      string: ''
    headers:
      User-Agent:
      - Faraday v0.9.1
      Accept-Encoding:
      - gzip;q=1.0,deflate;q=0.6,identity;q=0.3
      Accept:
      - "*/*"
  response:
    status:
      code: 204
      message: No Content
    headers: {}
    body:
      encoding: UTF-8
      string: ''
    http_version: 
  recorded_at: Wed, 08 Jul 2015 23:16:11 GMT
- request:
    method: head
    uri: http://localhost:8983/fedora/rest/anno/solr_integration_specs/cb/a1/d7/2e/cba1d72e-faf2-4575-921e-4701334a0f4c
    body:
      encoding: US-ASCII
      string: ''
    headers:
      User-Agent:
      - Faraday v0.9.1
      Accept:
      - "*/*"
  response:
    status:
      code: 200
      message: OK
    headers:
      Etag:
      - '"c1bcae19fbc9b5b4c418dac68fc1d2470ed419c6"'
      Last-Modified:
      - Wed, 08 Jul 2015 23:16:10 GMT
      Link:
      - <http://www.w3.org/ns/ldp#BasicContainer>;rel="type"
      - <http://www.w3.org/ns/ldp#Container>;rel="type"
      - <http://www.w3.org/ns/ldp#Resource>;rel="type"
      Accept-Patch:
      - application/sparql-update
      Accept-Post:
      - text/turtle,text/rdf+n3,text/n3,application/rdf+xml,application/n-triples,multipart/form-data,application/sparql-update
      Allow:
      - MOVE,COPY,DELETE,POST,HEAD,GET,PUT,PATCH,OPTIONS
      Content-Type:
      - text/tab-separated-values
      Content-Length:
      - '0'
    body:
      encoding: UTF-8
      string: ''
    http_version: 
  recorded_at: Wed, 08 Jul 2015 23:16:11 GMT
- request:
    method: delete
    uri: http://localhost:8983/fedora/rest/anno/solr_integration_specs/cb/a1/d7/2e/cba1d72e-faf2-4575-921e-4701334a0f4c
    body:
      encoding: US-ASCII
      string: ''
    headers:
      User-Agent:
      - Faraday v0.9.1
      Prefer:
      - return=respresentation; omit="http://fedora.info/definitions/v4/repository#ServerManaged"
      Accept-Encoding:
      - gzip;q=1.0,deflate;q=0.6,identity;q=0.3
      Accept:
      - "*/*"
  response:
    status:
      code: 204
      message: No Content
    headers: {}
    body:
      encoding: UTF-8
      string: ''
    http_version: 
  recorded_at: Wed, 08 Jul 2015 23:16:11 GMT
- request:
    method: delete
    uri: http://localhost:8983/fedora/rest/anno/solr_integration_specs/cb/a1/d7/2e/cba1d72e-faf2-4575-921e-4701334a0f4c/fcr:tombstone
    body:
      encoding: US-ASCII
      string: ''
    headers:
      User-Agent:
      - Faraday v0.9.1
      Accept-Encoding:
      - gzip;q=1.0,deflate;q=0.6,identity;q=0.3
      Accept:
      - "*/*"
  response:
    status:
      code: 204
      message: No Content
    headers: {}
    body:
      encoding: UTF-8
      string: ''
    http_version: 
  recorded_at: Wed, 08 Jul 2015 23:16:11 GMT
- request:
    method: head
    uri: http://localhost:8983/fedora/rest/anno/solr_integration_specs
    body:
      encoding: US-ASCII
      string: ''
    headers:
      User-Agent:
      - Faraday v0.9.1
      Accept:
      - "*/*"
  response:
    status:
      code: 200
      message: OK
    headers:
      Etag:
      - '"0cb78d1f86b0bf40d58575f16886c9cd1e7f9fe6"'
      Last-Modified:
      - Wed, 08 Jul 2015 23:16:10 GMT
      Link:
      - <http://www.w3.org/ns/ldp#BasicContainer>;rel="type"
      - <http://www.w3.org/ns/ldp#Container>;rel="type"
      - <http://www.w3.org/ns/ldp#Resource>;rel="type"
      Accept-Patch:
      - application/sparql-update
      Accept-Post:
      - text/turtle,text/rdf+n3,text/n3,application/rdf+xml,application/n-triples,multipart/form-data,application/sparql-update
      Allow:
      - MOVE,COPY,DELETE,POST,HEAD,GET,PUT,PATCH,OPTIONS
      Content-Type:
      - text/tab-separated-values
      Content-Length:
      - '0'
    body:
      encoding: UTF-8
      string: ''
    http_version: 
  recorded_at: Wed, 08 Jul 2015 23:16:11 GMT
- request:
    method: delete
    uri: http://localhost:8983/fedora/rest/anno/solr_integration_specs
    body:
      encoding: US-ASCII
      string: ''
    headers:
      User-Agent:
      - Faraday v0.9.1
      Prefer:
      - return=respresentation; omit="http://fedora.info/definitions/v4/repository#ServerManaged"
      Accept-Encoding:
      - gzip;q=1.0,deflate;q=0.6,identity;q=0.3
      Accept:
      - "*/*"
  response:
    status:
      code: 204
      message: No Content
    headers: {}
    body:
      encoding: UTF-8
      string: ''
    http_version: 
  recorded_at: Wed, 08 Jul 2015 23:16:11 GMT
- request:
    method: delete
    uri: http://localhost:8983/fedora/rest/anno/solr_integration_specs/fcr:tombstone
    body:
      encoding: US-ASCII
      string: ''
    headers:
      User-Agent:
      - Faraday v0.9.1
      Accept-Encoding:
      - gzip;q=1.0,deflate;q=0.6,identity;q=0.3
      Accept:
      - "*/*"
  response:
    status:
      code: 204
      message: No Content
    headers: {}
    body:
      encoding: UTF-8
      string: ''
    http_version: 
  recorded_at: Wed, 08 Jul 2015 23:16:11 GMT
- request:
    method: post
    uri: http://localhost:8983/solr/triannon/update?wt=ruby
    body:
      encoding: UTF-8
      string: <?xml version="1.0" encoding="UTF-8"?><delete><id>solr_integration_specs/89/cf/5b/6c/89cf5b6c-c907-44ad-8f1a-06be695e5164</id></delete>
    headers:
      Content-Type:
      - text/xml
  response:
    status:
      code: 200
      message: OK
    headers:
      Content-Type:
      - text/plain;charset=UTF-8
      Transfer-Encoding:
      - chunked
    body:
      encoding: UTF-8
      string: |
        {'responseHeader'=>{'status'=>0,'QTime'=>4}}
    http_version: 
  recorded_at: Wed, 08 Jul 2015 23:16:11 GMT
- request:
    method: post
    uri: http://localhost:8983/solr/triannon/update?wt=ruby
    body:
      encoding: UTF-8
      string: <?xml version="1.0" encoding="UTF-8"?><delete><id>solr_integration_specs/cb/a1/d7/2e/cba1d72e-faf2-4575-921e-4701334a0f4c</id></delete>
    headers:
      Content-Type:
      - text/xml
  response:
    status:
      code: 200
      message: OK
    headers:
      Content-Type:
      - text/plain;charset=UTF-8
      Transfer-Encoding:
      - chunked
    body:
      encoding: UTF-8
      string: |
        {'responseHeader'=>{'status'=>0,'QTime'=>1}}
    http_version: 
  recorded_at: Wed, 08 Jul 2015 23:16:11 GMT
- request:
    method: post
    uri: http://localhost:8983/solr/triannon/update?wt=ruby
    body:
      encoding: UTF-8
      string: <?xml version="1.0" encoding="UTF-8"?><commit/>
    headers:
      Content-Type:
      - text/xml
  response:
    status:
      code: 200
      message: OK
    headers:
      Content-Type:
      - text/plain;charset=UTF-8
      Transfer-Encoding:
      - chunked
    body:
      encoding: UTF-8
      string: |
        {'responseHeader'=>{'status'=>0,'QTime'=>17}}
    http_version: 
  recorded_at: Wed, 08 Jul 2015 23:16:11 GMT
recorded_with: VCR 2.9.3
