---
http_interactions:
- request:
    method: post
    uri: http://localhost:8983/fedora/rest/anno
    body:
      encoding: UTF-8
      string: |
        @prefix oa: <http://www.w3.org/ns/oa#> .
        @prefix rdf: <http://www.w3.org/1999/02/22-rdf-syntax-ns#> .

        <> a oa:Annotation;
           oa:motivatedBy oa:commenting .
    headers:
      User-Agent:
      - Faraday v0.9.1
      Prefer:
      - return=respresentation; omit="http://fedora.info/definitions/v4/repository#ServerManaged"
      Content-Type:
      - application/x-turtle
      Accept-Encoding:
      - gzip;q=1.0,deflate;q=0.6,identity;q=0.3
      Accept:
      - "*/*"
  response:
    status:
      code: 201
      message: Created
    headers:
      Etag:
      - '"c40ee5b857e1e4802ec6849942931ce59befb3e1"'
      Last-Modified:
      - Mon, 27 Apr 2015 19:05:22 GMT
      Content-Length:
      - '75'
      Location:
      - http://localhost:8983/fedora/rest/anno/e33a36ff-7046-4574-81e7-b8948ec6b1ce
      Content-Type:
      - text/plain
    body:
      encoding: UTF-8
      string: http://localhost:8983/fedora/rest/anno/e33a36ff-7046-4574-81e7-b8948ec6b1ce
    http_version: 
  recorded_at: Mon, 27 Apr 2015 19:05:22 GMT
- request:
    method: post
    uri: http://localhost:8983/fedora/rest/anno/e33a36ff-7046-4574-81e7-b8948ec6b1ce
    body:
      encoding: UTF-8
      string: |
        @prefix ldp: <http://www.w3.org/ns/ldp#> .
        @prefix oa: <http://www.w3.org/ns/oa#> .
        @prefix rdf: <http://www.w3.org/1999/02/22-rdf-syntax-ns#> .

        <> a ldp:DirectContainer;
           ldp:hasMemberRelation oa:hasBody;
           ldp:membershipResource <http://localhost:8983/fedora/rest/anno/e33a36ff-7046-4574-81e7-b8948ec6b1ce> .
    headers:
      User-Agent:
      - Faraday v0.9.1
      Prefer:
      - return=respresentation; omit="http://fedora.info/definitions/v4/repository#ServerManaged"
      Content-Type:
      - application/x-turtle
      Slug:
      - b
      Accept-Encoding:
      - gzip;q=1.0,deflate;q=0.6,identity;q=0.3
      Accept:
      - "*/*"
  response:
    status:
      code: 201
      message: Created
    headers:
      Etag:
      - '"4353f4b07234bbb9d941a354d0ae7a1dc241ef41"'
      Last-Modified:
      - Mon, 27 Apr 2015 19:05:22 GMT
      Content-Length:
      - '77'
      Location:
      - http://localhost:8983/fedora/rest/anno/e33a36ff-7046-4574-81e7-b8948ec6b1ce/b
      Content-Type:
      - text/plain
    body:
      encoding: UTF-8
      string: http://localhost:8983/fedora/rest/anno/e33a36ff-7046-4574-81e7-b8948ec6b1ce/b
    http_version: 
  recorded_at: Mon, 27 Apr 2015 19:05:22 GMT
- request:
    method: post
    uri: http://localhost:8983/fedora/rest/anno/e33a36ff-7046-4574-81e7-b8948ec6b1ce/b
    body:
      encoding: UTF-8
      string: |
        @prefix cnt: <http://www.w3.org/2011/content#> .
        @prefix dcmitype: <http://purl.org/dc/dcmitype/> .
        @prefix rdf: <http://www.w3.org/1999/02/22-rdf-syntax-ns#> .
        @prefix xsd: <http://www.w3.org/2001/XMLSchema#> .

        <> a cnt:ContentAsText,
             dcmitype:Text;
           cnt:chars "I love this!" .
    headers:
      User-Agent:
      - Faraday v0.9.1
      Prefer:
      - return=respresentation; omit="http://fedora.info/definitions/v4/repository#ServerManaged"
      Content-Type:
      - application/x-turtle
      Accept-Encoding:
      - gzip;q=1.0,deflate;q=0.6,identity;q=0.3
      Accept:
      - "*/*"
  response:
    status:
      code: 201
      message: Created
    headers:
      Etag:
      - '"f4332fe60de5f4e227f54b51452df0ce2a4a74fb"'
      Last-Modified:
      - Mon, 27 Apr 2015 19:05:22 GMT
      Content-Length:
      - '114'
      Location:
      - http://localhost:8983/fedora/rest/anno/e33a36ff-7046-4574-81e7-b8948ec6b1ce/b/3c23a9ce-3ea5-4ea8-b799-d3d60e47ace2
      Content-Type:
      - text/plain
    body:
      encoding: UTF-8
      string: http://localhost:8983/fedora/rest/anno/e33a36ff-7046-4574-81e7-b8948ec6b1ce/b/3c23a9ce-3ea5-4ea8-b799-d3d60e47ace2
    http_version: 
  recorded_at: Mon, 27 Apr 2015 19:05:22 GMT
- request:
    method: post
    uri: http://localhost:8983/fedora/rest/anno/e33a36ff-7046-4574-81e7-b8948ec6b1ce
    body:
      encoding: UTF-8
      string: |
        @prefix ldp: <http://www.w3.org/ns/ldp#> .
        @prefix oa: <http://www.w3.org/ns/oa#> .
        @prefix rdf: <http://www.w3.org/1999/02/22-rdf-syntax-ns#> .

        <> a ldp:DirectContainer;
           ldp:hasMemberRelation oa:hasTarget;
           ldp:membershipResource <http://localhost:8983/fedora/rest/anno/e33a36ff-7046-4574-81e7-b8948ec6b1ce> .
    headers:
      User-Agent:
      - Faraday v0.9.1
      Prefer:
      - return=respresentation; omit="http://fedora.info/definitions/v4/repository#ServerManaged"
      Content-Type:
      - application/x-turtle
      Slug:
      - t
      Accept-Encoding:
      - gzip;q=1.0,deflate;q=0.6,identity;q=0.3
      Accept:
      - "*/*"
  response:
    status:
      code: 201
      message: Created
    headers:
      Etag:
      - '"7fa50d6a8286f3dc9c79be316331390bf6edceb9"'
      Last-Modified:
      - Mon, 27 Apr 2015 19:05:22 GMT
      Content-Length:
      - '77'
      Location:
      - http://localhost:8983/fedora/rest/anno/e33a36ff-7046-4574-81e7-b8948ec6b1ce/t
      Content-Type:
      - text/plain
    body:
      encoding: UTF-8
      string: http://localhost:8983/fedora/rest/anno/e33a36ff-7046-4574-81e7-b8948ec6b1ce/t
    http_version: 
  recorded_at: Mon, 27 Apr 2015 19:05:22 GMT
- request:
    method: post
    uri: http://localhost:8983/fedora/rest/anno/e33a36ff-7046-4574-81e7-b8948ec6b1ce/t
    body:
      encoding: UTF-8
      string: |
        @prefix triannon: <http://triannon.stanford.edu/ns/> .

        <> triannon:externalReference <http://purl.stanford.edu/kq131cs7229> .
    headers:
      User-Agent:
      - Faraday v0.9.1
      Prefer:
      - return=respresentation; omit="http://fedora.info/definitions/v4/repository#ServerManaged"
      Content-Type:
      - application/x-turtle
      Accept-Encoding:
      - gzip;q=1.0,deflate;q=0.6,identity;q=0.3
      Accept:
      - "*/*"
  response:
    status:
      code: 201
      message: Created
    headers:
      Etag:
      - '"7e830347fcb8204d12f3fb98ca4fed5d7477f12f"'
      Last-Modified:
      - Mon, 27 Apr 2015 19:05:22 GMT
      Content-Length:
      - '114'
      Location:
      - http://localhost:8983/fedora/rest/anno/e33a36ff-7046-4574-81e7-b8948ec6b1ce/t/a7a6da44-2a96-494e-847d-cd96935d80d6
      Content-Type:
      - text/plain
    body:
      encoding: UTF-8
      string: http://localhost:8983/fedora/rest/anno/e33a36ff-7046-4574-81e7-b8948ec6b1ce/t/a7a6da44-2a96-494e-847d-cd96935d80d6
    http_version: 
  recorded_at: Mon, 27 Apr 2015 19:05:22 GMT
- request:
    method: get
    uri: http://localhost:8983/fedora/rest/anno/e33a36ff-7046-4574-81e7-b8948ec6b1ce
    body:
      encoding: US-ASCII
      string: ''
    headers:
      User-Agent:
      - Faraday v0.9.1
      Prefer:
      - return=respresentation; omit="http://fedora.info/definitions/v4/repository#ServerManaged"
      Accept:
      - application/x-turtle
      Accept-Encoding:
      - gzip;q=1.0,deflate;q=0.6,identity;q=0.3
  response:
    status:
      code: 200
      message: OK
    headers:
      Etag:
      - '"125012eb3b3a040106484528b30912d837173944"'
      Last-Modified:
      - Mon, 27 Apr 2015 19:05:22 GMT
      Link:
      - <http://www.w3.org/ns/ldp#DirectContainer>;rel="type"
      - <http://www.w3.org/ns/ldp#Resource>;rel="type"
      Accept-Patch:
      - application/sparql-update
      Accept-Post:
      - text/turtle,text/rdf+n3,application/n3,text/n3,application/rdf+xml,application/n-triples,multipart/form-data,application/sparql-update
      Allow:
      - MOVE,COPY,DELETE,POST,HEAD,GET,PUT,PATCH,OPTIONS
      Preference-Applied:
      - return=representation
      Vary:
      - Accept, Range, Accept-Encoding, Accept-Language
      - Prefer
      Content-Length:
      - '2407'
      Content-Type:
      - application/x-turtle
    body:
      encoding: UTF-8
      string: "@prefix premis: <http://www.loc.gov/premis/rdf/v1#> .\n@prefix fedorarelsext:
        <http://fedora.info/definitions/v4/rels-ext#> .\n@prefix nt: <http://www.jcp.org/jcr/nt/1.0>
        .\n@prefix rdfs: <http://www.w3.org/2000/01/rdf-schema#> .\n@prefix xsi: <http://www.w3.org/2001/XMLSchema-instance>
        .\n@prefix mode: <http://www.modeshape.org/1.0> .\n@prefix oa: <http://www.w3.org/ns/oa#>
        .\n@prefix xml: <http://www.w3.org/XML/1998/namespace> .\n@prefix fcrepo:
        <http://fedora.info/definitions/v4/repository#> .\n@prefix fedoraconfig: <http://fedora.info/definitions/v4/config#>
        .\n@prefix mix: <http://www.jcp.org/jcr/mix/1.0> .\n@prefix foaf: <http://xmlns.com/foaf/0.1/>
        .\n@prefix image: <http://www.modeshape.org/images/1.0> .\n@prefix sv: <http://www.jcp.org/jcr/sv/1.0>
        .\n@prefix test: <info:fedora/test/> .\n@prefix cnt: <http://www.w3.org/2011/content#>
        .\n@prefix dcmitype: <http://purl.org/dc/dcmitype/> .\n@prefix triannon: <http://triannon.stanford.edu/ns/>
        .\n@prefix rdf: <http://www.w3.org/1999/02/22-rdf-syntax-ns#> .\n@prefix fedora:
        <http://fedora.info/definitions/v4/rest-api#> .\n@prefix ldp: <http://www.w3.org/ns/ldp#>
        .\n@prefix xs: <http://www.w3.org/2001/XMLSchema> .\n@prefix dc: <http://purl.org/dc/elements/1.1/>
        .\n\n\n<http://localhost:8983/fedora/rest/anno/e33a36ff-7046-4574-81e7-b8948ec6b1ce>
        ldp:member <http://localhost:8983/fedora/rest/anno/e33a36ff-7046-4574-81e7-b8948ec6b1ce/b>
        , <http://localhost:8983/fedora/rest/anno/e33a36ff-7046-4574-81e7-b8948ec6b1ce/t>
        ;\n\toa:hasTarget <http://localhost:8983/fedora/rest/anno/e33a36ff-7046-4574-81e7-b8948ec6b1ce/t/a7a6da44-2a96-494e-847d-cd96935d80d6>
        ;\n\toa:hasBody <http://localhost:8983/fedora/rest/anno/e33a36ff-7046-4574-81e7-b8948ec6b1ce/b/3c23a9ce-3ea5-4ea8-b799-d3d60e47ace2>
        ;\n\tldp:contains <http://localhost:8983/fedora/rest/anno/e33a36ff-7046-4574-81e7-b8948ec6b1ce/b>
        , <http://localhost:8983/fedora/rest/anno/e33a36ff-7046-4574-81e7-b8948ec6b1ce/t>
        .\n\n<http://localhost:8983/fedora/rest/anno/e33a36ff-7046-4574-81e7-b8948ec6b1ce/t>
        ldp:membershipResource <http://localhost:8983/fedora/rest/anno/e33a36ff-7046-4574-81e7-b8948ec6b1ce>
        .\n\n<http://localhost:8983/fedora/rest/anno/e33a36ff-7046-4574-81e7-b8948ec6b1ce/b>
        ldp:membershipResource <http://localhost:8983/fedora/rest/anno/e33a36ff-7046-4574-81e7-b8948ec6b1ce>
        .\n\n<http://localhost:8983/fedora/rest/anno/e33a36ff-7046-4574-81e7-b8948ec6b1ce>
        a oa:Annotation ;\n\toa:motivatedBy oa:commenting .\n"
    http_version: 
  recorded_at: Mon, 27 Apr 2015 19:05:22 GMT
- request:
    method: get
    uri: http://localhost:8983/fedora/rest/anno/e33a36ff-7046-4574-81e7-b8948ec6b1ce/b/3c23a9ce-3ea5-4ea8-b799-d3d60e47ace2
    body:
      encoding: US-ASCII
      string: ''
    headers:
      User-Agent:
      - Faraday v0.9.1
      Prefer:
      - return=respresentation; omit="http://fedora.info/definitions/v4/repository#ServerManaged"
      Accept:
      - application/x-turtle
      Accept-Encoding:
      - gzip;q=1.0,deflate;q=0.6,identity;q=0.3
  response:
    status:
      code: 200
      message: OK
    headers:
      Etag:
      - '"f4332fe60de5f4e227f54b51452df0ce2a4a74fb"'
      Last-Modified:
      - Mon, 27 Apr 2015 19:05:22 GMT
      Link:
      - <http://www.w3.org/ns/ldp#DirectContainer>;rel="type"
      - <http://www.w3.org/ns/ldp#Resource>;rel="type"
      Accept-Patch:
      - application/sparql-update
      Accept-Post:
      - text/turtle,text/rdf+n3,application/n3,text/n3,application/rdf+xml,application/n-triples,multipart/form-data,application/sparql-update
      Allow:
      - MOVE,COPY,DELETE,POST,HEAD,GET,PUT,PATCH,OPTIONS
      Preference-Applied:
      - return=representation
      Vary:
      - Accept, Range, Accept-Encoding, Accept-Language
      - Prefer
      Content-Length:
      - '1441'
      Content-Type:
      - application/x-turtle
    body:
      encoding: UTF-8
      string: "@prefix premis: <http://www.loc.gov/premis/rdf/v1#> .\n@prefix fedorarelsext:
        <http://fedora.info/definitions/v4/rels-ext#> .\n@prefix nt: <http://www.jcp.org/jcr/nt/1.0>
        .\n@prefix rdfs: <http://www.w3.org/2000/01/rdf-schema#> .\n@prefix xsi: <http://www.w3.org/2001/XMLSchema-instance>
        .\n@prefix mode: <http://www.modeshape.org/1.0> .\n@prefix oa: <http://www.w3.org/ns/oa#>
        .\n@prefix xml: <http://www.w3.org/XML/1998/namespace> .\n@prefix fcrepo:
        <http://fedora.info/definitions/v4/repository#> .\n@prefix fedoraconfig: <http://fedora.info/definitions/v4/config#>
        .\n@prefix mix: <http://www.jcp.org/jcr/mix/1.0> .\n@prefix foaf: <http://xmlns.com/foaf/0.1/>
        .\n@prefix image: <http://www.modeshape.org/images/1.0> .\n@prefix sv: <http://www.jcp.org/jcr/sv/1.0>
        .\n@prefix test: <info:fedora/test/> .\n@prefix cnt: <http://www.w3.org/2011/content#>
        .\n@prefix dcmitype: <http://purl.org/dc/dcmitype/> .\n@prefix triannon: <http://triannon.stanford.edu/ns/>
        .\n@prefix rdf: <http://www.w3.org/1999/02/22-rdf-syntax-ns#> .\n@prefix fedora:
        <http://fedora.info/definitions/v4/rest-api#> .\n@prefix ldp: <http://www.w3.org/ns/ldp#>
        .\n@prefix xs: <http://www.w3.org/2001/XMLSchema> .\n@prefix dc: <http://purl.org/dc/elements/1.1/>
        .\n\n\n<http://localhost:8983/fedora/rest/anno/e33a36ff-7046-4574-81e7-b8948ec6b1ce/b/3c23a9ce-3ea5-4ea8-b799-d3d60e47ace2>
        a dcmitype:Text , cnt:ContentAsText ;\n\tcnt:chars \"I love this!\"^^<http://www.w3.org/2001/XMLSchema#string>
        .\n"
    http_version: 
  recorded_at: Mon, 27 Apr 2015 19:05:22 GMT
- request:
    method: get
    uri: http://localhost:8983/fedora/rest/anno/e33a36ff-7046-4574-81e7-b8948ec6b1ce/t/a7a6da44-2a96-494e-847d-cd96935d80d6
    body:
      encoding: US-ASCII
      string: ''
    headers:
      User-Agent:
      - Faraday v0.9.1
      Prefer:
      - return=respresentation; omit="http://fedora.info/definitions/v4/repository#ServerManaged"
      Accept:
      - application/x-turtle
      Accept-Encoding:
      - gzip;q=1.0,deflate;q=0.6,identity;q=0.3
  response:
    status:
      code: 200
      message: OK
    headers:
      Etag:
      - '"7e830347fcb8204d12f3fb98ca4fed5d7477f12f"'
      Last-Modified:
      - Mon, 27 Apr 2015 19:05:22 GMT
      Link:
      - <http://www.w3.org/ns/ldp#DirectContainer>;rel="type"
      - <http://www.w3.org/ns/ldp#Resource>;rel="type"
      Accept-Patch:
      - application/sparql-update
      Accept-Post:
      - text/turtle,text/rdf+n3,application/n3,text/n3,application/rdf+xml,application/n-triples,multipart/form-data,application/sparql-update
      Allow:
      - MOVE,COPY,DELETE,POST,HEAD,GET,PUT,PATCH,OPTIONS
      Preference-Applied:
      - return=representation
      Vary:
      - Accept, Range, Accept-Encoding, Accept-Language
      - Prefer
      Content-Length:
      - '1400'
      Content-Type:
      - application/x-turtle
    body:
      encoding: UTF-8
      string: |
        @prefix premis: <http://www.loc.gov/premis/rdf/v1#> .
        @prefix fedorarelsext: <http://fedora.info/definitions/v4/rels-ext#> .
        @prefix nt: <http://www.jcp.org/jcr/nt/1.0> .
        @prefix rdfs: <http://www.w3.org/2000/01/rdf-schema#> .
        @prefix xsi: <http://www.w3.org/2001/XMLSchema-instance> .
        @prefix mode: <http://www.modeshape.org/1.0> .
        @prefix oa: <http://www.w3.org/ns/oa#> .
        @prefix xml: <http://www.w3.org/XML/1998/namespace> .
        @prefix fcrepo: <http://fedora.info/definitions/v4/repository#> .
        @prefix fedoraconfig: <http://fedora.info/definitions/v4/config#> .
        @prefix mix: <http://www.jcp.org/jcr/mix/1.0> .
        @prefix foaf: <http://xmlns.com/foaf/0.1/> .
        @prefix image: <http://www.modeshape.org/images/1.0> .
        @prefix sv: <http://www.jcp.org/jcr/sv/1.0> .
        @prefix test: <info:fedora/test/> .
        @prefix cnt: <http://www.w3.org/2011/content#> .
        @prefix dcmitype: <http://purl.org/dc/dcmitype/> .
        @prefix triannon: <http://triannon.stanford.edu/ns/> .
        @prefix rdf: <http://www.w3.org/1999/02/22-rdf-syntax-ns#> .
        @prefix fedora: <http://fedora.info/definitions/v4/rest-api#> .
        @prefix ldp: <http://www.w3.org/ns/ldp#> .
        @prefix xs: <http://www.w3.org/2001/XMLSchema> .
        @prefix dc: <http://purl.org/dc/elements/1.1/> .


        <http://localhost:8983/fedora/rest/anno/e33a36ff-7046-4574-81e7-b8948ec6b1ce/t/a7a6da44-2a96-494e-847d-cd96935d80d6> triannon:externalReference <http://purl.stanford.edu/kq131cs7229> .
    http_version: 
  recorded_at: Mon, 27 Apr 2015 19:05:22 GMT
- request:
    method: post
    uri: http://localhost:8983/solr/triannon/update?wt=ruby
    body:
      encoding: UTF-8
      string: <?xml version="1.0" encoding="UTF-8"?><add commitWithin="500"><doc><field
        name="id">e33a36ff-7046-4574-81e7-b8948ec6b1ce</field><field name="motivation">commenting</field><field
        name="target_url">http://purl.stanford.edu/kq131cs7229</field><field name="target_type">external_URI</field><field
        name="body_type">content_as_text</field><field name="body_chars_exact">I love
        this!</field><field name="anno_jsonld">{"@context":"http://www.w3.org/ns/oa-context-20130208.json","@graph":[{"@id":"_:g70103373572240","@type":["dctypes:Text","cnt:ContentAsText"],"chars":"I
        love this!"},{"@id":"http://your.triannon-server.com/annotations/e33a36ff-7046-4574-81e7-b8948ec6b1ce","@type":"oa:Annotation","hasBody":"_:g70103373572240","hasTarget":"http://purl.stanford.edu/kq131cs7229","motivatedBy":"oa:commenting"}]}</field></doc></add>
    headers:
      Content-Type:
      - text/xml
  response:
    status:
      code: 200
      message: OK
    headers:
      Content-Type:
      - text/plain;charset=UTF-8
      Transfer-Encoding:
      - chunked
    body:
      encoding: UTF-8
      string: |
        {'responseHeader'=>{'status'=>0,'QTime'=>1}}
    http_version: 
  recorded_at: Mon, 27 Apr 2015 19:05:22 GMT
recorded_with: VCR 2.9.3
