---
http_interactions:
- request:
    method: head
    uri: http://localhost:8983/fedora/rest/anno/new_anno_feature
    body:
      encoding: US-ASCII
      string: ''
    headers:
      User-Agent:
      - Faraday v0.9.1
      Accept:
      - "*/*"
  response:
    status:
      code: 200
      message: OK
    headers:
      Etag:
      - '"214743a6f037f2050b8db4473aa2ee41f41c796e"'
      Last-Modified:
      - Fri, 26 Jun 2015 16:55:55 GMT
      Link:
      - <http://www.w3.org/ns/ldp#BasicContainer>;rel="type"
      - <http://www.w3.org/ns/ldp#Container>;rel="type"
      - <http://www.w3.org/ns/ldp#Resource>;rel="type"
      Accept-Patch:
      - application/sparql-update
      Accept-Post:
      - text/turtle,text/rdf+n3,text/n3,application/rdf+xml,application/n-triples,multipart/form-data,application/sparql-update
      Allow:
      - MOVE,COPY,DELETE,POST,HEAD,GET,PUT,PATCH,OPTIONS
      Content-Type:
      - text/tab-separated-values
      Content-Length:
      - '0'
    body:
      encoding: UTF-8
      string: ''
    http_version: 
  recorded_at: Fri, 26 Jun 2015 16:55:55 GMT
- request:
    method: post
    uri: http://localhost:8983/fedora/rest/anno/new_anno_feature
    body:
      encoding: UTF-8
      string: |
        @prefix ldp: <http://www.w3.org/ns/ldp#> .
        @prefix oa: <http://www.w3.org/ns/oa#> .
        @prefix rdf: <http://www.w3.org/1999/02/22-rdf-syntax-ns#> .

        <> a oa:Annotation,
             ldp:BasicContainer;
           oa:motivatedBy oa:commenting .
    headers:
      User-Agent:
      - Faraday v0.9.1
      Prefer:
      - return=respresentation; omit="http://fedora.info/definitions/v4/repository#ServerManaged"
      Content-Type:
      - application/x-turtle
      Accept-Encoding:
      - gzip;q=1.0,deflate;q=0.6,identity;q=0.3
      Accept:
      - "*/*"
  response:
    status:
      code: 201
      message: Created
    headers:
      Etag:
      - '"8083cf5f8fd6844d0fdfbb36a8fabd4e064366c3"'
      Last-Modified:
      - Fri, 26 Jun 2015 16:55:55 GMT
      Content-Length:
      - '104'
      Location:
      - http://localhost:8983/fedora/rest/anno/new_anno_feature/c5/17/f3/07/c517f307-4643-48ba-8a78-0782d918ed41
      Content-Type:
      - text/plain
    body:
      encoding: UTF-8
      string: http://localhost:8983/fedora/rest/anno/new_anno_feature/c5/17/f3/07/c517f307-4643-48ba-8a78-0782d918ed41
    http_version: 
  recorded_at: Fri, 26 Jun 2015 16:55:56 GMT
- request:
    method: post
    uri: http://localhost:8983/fedora/rest/anno/new_anno_feature/c5/17/f3/07/c517f307-4643-48ba-8a78-0782d918ed41
    body:
      encoding: UTF-8
      string: |
        @prefix ldp: <http://www.w3.org/ns/ldp#> .
        @prefix oa: <http://www.w3.org/ns/oa#> .
        @prefix rdf: <http://www.w3.org/1999/02/22-rdf-syntax-ns#> .

        <> a ldp:DirectContainer;
           ldp:hasMemberRelation oa:hasBody;
           ldp:membershipResource <http://localhost:8983/fedora/rest/anno/new_anno_feature/c5/17/f3/07/c517f307-4643-48ba-8a78-0782d918ed41> .
    headers:
      User-Agent:
      - Faraday v0.9.1
      Prefer:
      - return=respresentation; omit="http://fedora.info/definitions/v4/repository#ServerManaged"
      Content-Type:
      - application/x-turtle
      Slug:
      - b
      Accept-Encoding:
      - gzip;q=1.0,deflate;q=0.6,identity;q=0.3
      Accept:
      - "*/*"
  response:
    status:
      code: 201
      message: Created
    headers:
      Etag:
      - '"8d566e4ee34031d56ddb188ae4a608d711a6aba7"'
      Last-Modified:
      - Fri, 26 Jun 2015 16:55:56 GMT
      Content-Length:
      - '106'
      Location:
      - http://localhost:8983/fedora/rest/anno/new_anno_feature/c5/17/f3/07/c517f307-4643-48ba-8a78-0782d918ed41/b
      Content-Type:
      - text/plain
    body:
      encoding: UTF-8
      string: http://localhost:8983/fedora/rest/anno/new_anno_feature/c5/17/f3/07/c517f307-4643-48ba-8a78-0782d918ed41/b
    http_version: 
  recorded_at: Fri, 26 Jun 2015 16:55:56 GMT
- request:
    method: post
    uri: http://localhost:8983/fedora/rest/anno/new_anno_feature/c5/17/f3/07/c517f307-4643-48ba-8a78-0782d918ed41/b
    body:
      encoding: UTF-8
      string: |
        @prefix cnt: <http://www.w3.org/2011/content#> .
        @prefix dcmitype: <http://purl.org/dc/dcmitype/> .
        @prefix ldp: <http://www.w3.org/ns/ldp#> .
        @prefix rdf: <http://www.w3.org/1999/02/22-rdf-syntax-ns#> .
        @prefix xsd: <http://www.w3.org/2001/XMLSchema#> .

        <> a ldp:BasicContainer,
             cnt:ContentAsText,
             dcmitype:Text;
           cnt:chars "I love this!" .
    headers:
      User-Agent:
      - Faraday v0.9.1
      Prefer:
      - return=respresentation; omit="http://fedora.info/definitions/v4/repository#ServerManaged"
      Content-Type:
      - application/x-turtle
      Accept-Encoding:
      - gzip;q=1.0,deflate;q=0.6,identity;q=0.3
      Accept:
      - "*/*"
  response:
    status:
      code: 201
      message: Created
    headers:
      Etag:
      - '"844623b20029a53ff751fe9fe8eab64bfe68210e"'
      Last-Modified:
      - Fri, 26 Jun 2015 16:55:56 GMT
      Content-Length:
      - '155'
      Location:
      - http://localhost:8983/fedora/rest/anno/new_anno_feature/c5/17/f3/07/c517f307-4643-48ba-8a78-0782d918ed41/b/f6/82/ad/ba/f682adba-c705-469a-9576-263badeec996
      Content-Type:
      - text/plain
    body:
      encoding: UTF-8
      string: http://localhost:8983/fedora/rest/anno/new_anno_feature/c5/17/f3/07/c517f307-4643-48ba-8a78-0782d918ed41/b/f6/82/ad/ba/f682adba-c705-469a-9576-263badeec996
    http_version: 
  recorded_at: Fri, 26 Jun 2015 16:55:56 GMT
- request:
    method: post
    uri: http://localhost:8983/fedora/rest/anno/new_anno_feature/c5/17/f3/07/c517f307-4643-48ba-8a78-0782d918ed41
    body:
      encoding: UTF-8
      string: |
        @prefix ldp: <http://www.w3.org/ns/ldp#> .
        @prefix oa: <http://www.w3.org/ns/oa#> .
        @prefix rdf: <http://www.w3.org/1999/02/22-rdf-syntax-ns#> .

        <> a ldp:DirectContainer;
           ldp:hasMemberRelation oa:hasTarget;
           ldp:membershipResource <http://localhost:8983/fedora/rest/anno/new_anno_feature/c5/17/f3/07/c517f307-4643-48ba-8a78-0782d918ed41> .
    headers:
      User-Agent:
      - Faraday v0.9.1
      Prefer:
      - return=respresentation; omit="http://fedora.info/definitions/v4/repository#ServerManaged"
      Content-Type:
      - application/x-turtle
      Slug:
      - t
      Accept-Encoding:
      - gzip;q=1.0,deflate;q=0.6,identity;q=0.3
      Accept:
      - "*/*"
  response:
    status:
      code: 201
      message: Created
    headers:
      Etag:
      - '"3a57f05bc793a1e084951ce7964e91c2ad800941"'
      Last-Modified:
      - Fri, 26 Jun 2015 16:55:56 GMT
      Content-Length:
      - '106'
      Location:
      - http://localhost:8983/fedora/rest/anno/new_anno_feature/c5/17/f3/07/c517f307-4643-48ba-8a78-0782d918ed41/t
      Content-Type:
      - text/plain
    body:
      encoding: UTF-8
      string: http://localhost:8983/fedora/rest/anno/new_anno_feature/c5/17/f3/07/c517f307-4643-48ba-8a78-0782d918ed41/t
    http_version: 
  recorded_at: Fri, 26 Jun 2015 16:55:56 GMT
- request:
    method: post
    uri: http://localhost:8983/fedora/rest/anno/new_anno_feature/c5/17/f3/07/c517f307-4643-48ba-8a78-0782d918ed41/t
    body:
      encoding: UTF-8
      string: |
        @prefix ldp: <http://www.w3.org/ns/ldp#> .
        @prefix rdf: <http://www.w3.org/1999/02/22-rdf-syntax-ns#> .
        @prefix triannon: <http://triannon.stanford.edu/ns/> .

        <> a ldp:BasicContainer;
           triannon:externalReference <http://purl.stanford.edu/kq131cs7229> .
    headers:
      User-Agent:
      - Faraday v0.9.1
      Prefer:
      - return=respresentation; omit="http://fedora.info/definitions/v4/repository#ServerManaged"
      Content-Type:
      - application/x-turtle
      Accept-Encoding:
      - gzip;q=1.0,deflate;q=0.6,identity;q=0.3
      Accept:
      - "*/*"
  response:
    status:
      code: 201
      message: Created
    headers:
      Etag:
      - '"57cc287eb8d0b9533c8ca8ecf9b98eaecfccd5ef"'
      Last-Modified:
      - Fri, 26 Jun 2015 16:55:56 GMT
      Content-Length:
      - '155'
      Location:
      - http://localhost:8983/fedora/rest/anno/new_anno_feature/c5/17/f3/07/c517f307-4643-48ba-8a78-0782d918ed41/t/a6/c9/38/f9/a6c938f9-05b6-45db-b56e-e4058c539096
      Content-Type:
      - text/plain
    body:
      encoding: UTF-8
      string: http://localhost:8983/fedora/rest/anno/new_anno_feature/c5/17/f3/07/c517f307-4643-48ba-8a78-0782d918ed41/t/a6/c9/38/f9/a6c938f9-05b6-45db-b56e-e4058c539096
    http_version: 
  recorded_at: Fri, 26 Jun 2015 16:55:56 GMT
- request:
    method: get
    uri: http://localhost:8983/fedora/rest/anno/new_anno_feature/c5/17/f3/07/c517f307-4643-48ba-8a78-0782d918ed41
    body:
      encoding: US-ASCII
      string: ''
    headers:
      User-Agent:
      - Faraday v0.9.1
      Prefer:
      - return=respresentation; omit="http://fedora.info/definitions/v4/repository#ServerManaged"
      Accept:
      - application/x-turtle
      Accept-Encoding:
      - gzip;q=1.0,deflate;q=0.6,identity;q=0.3
  response:
    status:
      code: 200
      message: OK
    headers:
      Etag:
      - '"acdd516e6a4d66535ef1f6bd782af8844f55f7a7"'
      Last-Modified:
      - Fri, 26 Jun 2015 16:55:56 GMT
      Link:
      - <http://www.w3.org/ns/ldp#BasicContainer>;rel="type"
      - <http://www.w3.org/ns/ldp#Container>;rel="type"
      - <http://www.w3.org/ns/ldp#Resource>;rel="type"
      Accept-Patch:
      - application/sparql-update
      Accept-Post:
      - text/turtle,text/rdf+n3,text/n3,application/rdf+xml,application/n-triples,multipart/form-data,application/sparql-update
      Allow:
      - MOVE,COPY,DELETE,POST,HEAD,GET,PUT,PATCH,OPTIONS
      Preference-Applied:
      - return=representation
      Vary:
      - Accept, Range, Accept-Encoding, Accept-Language
      - Prefer
      Content-Length:
      - '1840'
      Content-Type:
      - application/x-turtle
    body:
      encoding: UTF-8
      string: "@prefix premis: <http://www.loc.gov/premis/rdf/v1#> .\n@prefix image:
        <http://www.modeshape.org/images/1.0> .\n@prefix sv: <http://www.jcp.org/jcr/sv/1.0>
        .\n@prefix test: <info:fedora/test/> .\n@prefix nt: <http://www.jcp.org/jcr/nt/1.0>
        .\n@prefix cnt: <http://www.w3.org/2011/content#> .\n@prefix dcmitype: <http://purl.org/dc/dcmitype/>
        .\n@prefix rdfs: <http://www.w3.org/2000/01/rdf-schema#> .\n@prefix xsi: <http://www.w3.org/2001/XMLSchema-instance>
        .\n@prefix mode: <http://www.modeshape.org/1.0> .\n@prefix oa: <http://www.w3.org/ns/oa#>
        .\n@prefix triannon: <http://triannon.stanford.edu/ns/> .\n@prefix rdf: <http://www.w3.org/1999/02/22-rdf-syntax-ns#>
        .\n@prefix fedora: <http://fedora.info/definitions/v4/repository#> .\n@prefix
        xml: <http://www.w3.org/XML/1998/namespace> .\n@prefix ldp: <http://www.w3.org/ns/ldp#>
        .\n@prefix xs: <http://www.w3.org/2001/XMLSchema> .\n@prefix fedoraconfig:
        <http://fedora.info/definitions/v4/config#> .\n@prefix mix: <http://www.jcp.org/jcr/mix/1.0>
        .\n@prefix foaf: <http://xmlns.com/foaf/0.1/> .\n@prefix dc: <http://purl.org/dc/elements/1.1/>
        .\n\n\n<http://localhost:8983/fedora/rest/anno/new_anno_feature/c5/17/f3/07/c517f307-4643-48ba-8a78-0782d918ed41>
        a oa:Annotation , ldp:BasicContainer ;\n\toa:motivatedBy oa:commenting ;\n\tldp:contains
        <http://localhost:8983/fedora/rest/anno/new_anno_feature/c5/17/f3/07/c517f307-4643-48ba-8a78-0782d918ed41/b>
        , <http://localhost:8983/fedora/rest/anno/new_anno_feature/c5/17/f3/07/c517f307-4643-48ba-8a78-0782d918ed41/t>
        ;\n\toa:hasBody <http://localhost:8983/fedora/rest/anno/new_anno_feature/c5/17/f3/07/c517f307-4643-48ba-8a78-0782d918ed41/b/f6/82/ad/ba/f682adba-c705-469a-9576-263badeec996>
        ;\n\toa:hasTarget <http://localhost:8983/fedora/rest/anno/new_anno_feature/c5/17/f3/07/c517f307-4643-48ba-8a78-0782d918ed41/t/a6/c9/38/f9/a6c938f9-05b6-45db-b56e-e4058c539096>
        .\n"
    http_version: 
  recorded_at: Fri, 26 Jun 2015 16:55:56 GMT
- request:
    method: get
    uri: http://localhost:8983/fedora/rest/anno/new_anno_feature/c5/17/f3/07/c517f307-4643-48ba-8a78-0782d918ed41/b/f6/82/ad/ba/f682adba-c705-469a-9576-263badeec996
    body:
      encoding: US-ASCII
      string: ''
    headers:
      User-Agent:
      - Faraday v0.9.1
      Prefer:
      - return=respresentation; omit="http://fedora.info/definitions/v4/repository#ServerManaged"
      Accept:
      - application/x-turtle
      Accept-Encoding:
      - gzip;q=1.0,deflate;q=0.6,identity;q=0.3
  response:
    status:
      code: 200
      message: OK
    headers:
      Etag:
      - '"844623b20029a53ff751fe9fe8eab64bfe68210e"'
      Last-Modified:
      - Fri, 26 Jun 2015 16:55:56 GMT
      Link:
      - <http://www.w3.org/ns/ldp#BasicContainer>;rel="type"
      - <http://www.w3.org/ns/ldp#Container>;rel="type"
      - <http://www.w3.org/ns/ldp#Resource>;rel="type"
      Accept-Patch:
      - application/sparql-update
      Accept-Post:
      - text/turtle,text/rdf+n3,text/n3,application/rdf+xml,application/n-triples,multipart/form-data,application/sparql-update
      Allow:
      - MOVE,COPY,DELETE,POST,HEAD,GET,PUT,PATCH,OPTIONS
      Preference-Applied:
      - return=representation
      Vary:
      - Accept, Range, Accept-Encoding, Accept-Language
      - Prefer
      Content-Length:
      - '1368'
      Content-Type:
      - application/x-turtle
    body:
      encoding: UTF-8
      string: "@prefix premis: <http://www.loc.gov/premis/rdf/v1#> .\n@prefix image:
        <http://www.modeshape.org/images/1.0> .\n@prefix sv: <http://www.jcp.org/jcr/sv/1.0>
        .\n@prefix test: <info:fedora/test/> .\n@prefix nt: <http://www.jcp.org/jcr/nt/1.0>
        .\n@prefix cnt: <http://www.w3.org/2011/content#> .\n@prefix dcmitype: <http://purl.org/dc/dcmitype/>
        .\n@prefix rdfs: <http://www.w3.org/2000/01/rdf-schema#> .\n@prefix xsi: <http://www.w3.org/2001/XMLSchema-instance>
        .\n@prefix mode: <http://www.modeshape.org/1.0> .\n@prefix oa: <http://www.w3.org/ns/oa#>
        .\n@prefix triannon: <http://triannon.stanford.edu/ns/> .\n@prefix rdf: <http://www.w3.org/1999/02/22-rdf-syntax-ns#>
        .\n@prefix fedora: <http://fedora.info/definitions/v4/repository#> .\n@prefix
        xml: <http://www.w3.org/XML/1998/namespace> .\n@prefix ldp: <http://www.w3.org/ns/ldp#>
        .\n@prefix xs: <http://www.w3.org/2001/XMLSchema> .\n@prefix fedoraconfig:
        <http://fedora.info/definitions/v4/config#> .\n@prefix mix: <http://www.jcp.org/jcr/mix/1.0>
        .\n@prefix foaf: <http://xmlns.com/foaf/0.1/> .\n@prefix dc: <http://purl.org/dc/elements/1.1/>
        .\n\n\n<http://localhost:8983/fedora/rest/anno/new_anno_feature/c5/17/f3/07/c517f307-4643-48ba-8a78-0782d918ed41/b/f6/82/ad/ba/f682adba-c705-469a-9576-263badeec996>
        a dcmitype:Text , ldp:BasicContainer , cnt:ContentAsText ;\n\tcnt:chars \"I
        love this!\"^^<http://www.w3.org/2001/XMLSchema#string> .\n"
    http_version: 
  recorded_at: Fri, 26 Jun 2015 16:55:56 GMT
- request:
    method: get
    uri: http://localhost:8983/fedora/rest/anno/new_anno_feature/c5/17/f3/07/c517f307-4643-48ba-8a78-0782d918ed41/t/a6/c9/38/f9/a6c938f9-05b6-45db-b56e-e4058c539096
    body:
      encoding: US-ASCII
      string: ''
    headers:
      User-Agent:
      - Faraday v0.9.1
      Prefer:
      - return=respresentation; omit="http://fedora.info/definitions/v4/repository#ServerManaged"
      Accept:
      - application/x-turtle
      Accept-Encoding:
      - gzip;q=1.0,deflate;q=0.6,identity;q=0.3
  response:
    status:
      code: 200
      message: OK
    headers:
      Etag:
      - '"57cc287eb8d0b9533c8ca8ecf9b98eaecfccd5ef"'
      Last-Modified:
      - Fri, 26 Jun 2015 16:55:56 GMT
      Link:
      - <http://www.w3.org/ns/ldp#BasicContainer>;rel="type"
      - <http://www.w3.org/ns/ldp#Container>;rel="type"
      - <http://www.w3.org/ns/ldp#Resource>;rel="type"
      Accept-Patch:
      - application/sparql-update
      Accept-Post:
      - text/turtle,text/rdf+n3,text/n3,application/rdf+xml,application/n-triples,multipart/form-data,application/sparql-update
      Allow:
      - MOVE,COPY,DELETE,POST,HEAD,GET,PUT,PATCH,OPTIONS
      Preference-Applied:
      - return=representation
      Vary:
      - Accept, Range, Accept-Encoding, Accept-Language
      - Prefer
      Content-Length:
      - '1330'
      Content-Type:
      - application/x-turtle
    body:
      encoding: UTF-8
      string: "@prefix premis: <http://www.loc.gov/premis/rdf/v1#> .\n@prefix image:
        <http://www.modeshape.org/images/1.0> .\n@prefix sv: <http://www.jcp.org/jcr/sv/1.0>
        .\n@prefix test: <info:fedora/test/> .\n@prefix nt: <http://www.jcp.org/jcr/nt/1.0>
        .\n@prefix cnt: <http://www.w3.org/2011/content#> .\n@prefix dcmitype: <http://purl.org/dc/dcmitype/>
        .\n@prefix rdfs: <http://www.w3.org/2000/01/rdf-schema#> .\n@prefix xsi: <http://www.w3.org/2001/XMLSchema-instance>
        .\n@prefix mode: <http://www.modeshape.org/1.0> .\n@prefix oa: <http://www.w3.org/ns/oa#>
        .\n@prefix triannon: <http://triannon.stanford.edu/ns/> .\n@prefix rdf: <http://www.w3.org/1999/02/22-rdf-syntax-ns#>
        .\n@prefix fedora: <http://fedora.info/definitions/v4/repository#> .\n@prefix
        xml: <http://www.w3.org/XML/1998/namespace> .\n@prefix ldp: <http://www.w3.org/ns/ldp#>
        .\n@prefix xs: <http://www.w3.org/2001/XMLSchema> .\n@prefix fedoraconfig:
        <http://fedora.info/definitions/v4/config#> .\n@prefix mix: <http://www.jcp.org/jcr/mix/1.0>
        .\n@prefix foaf: <http://xmlns.com/foaf/0.1/> .\n@prefix dc: <http://purl.org/dc/elements/1.1/>
        .\n\n\n<http://localhost:8983/fedora/rest/anno/new_anno_feature/c5/17/f3/07/c517f307-4643-48ba-8a78-0782d918ed41/t/a6/c9/38/f9/a6c938f9-05b6-45db-b56e-e4058c539096>
        a ldp:BasicContainer ;\n\ttriannon:externalReference <http://purl.stanford.edu/kq131cs7229>
        .\n"
    http_version: 
  recorded_at: Fri, 26 Jun 2015 16:55:56 GMT
- request:
    method: post
    uri: http://localhost:8983/solr/triannon/update?wt=ruby
    body:
      encoding: UTF-8
      string: <?xml version="1.0" encoding="UTF-8"?><add commitWithin="500"><doc><field
        name="id">new_anno_feature/c5/17/f3/07/c517f307-4643-48ba-8a78-0782d918ed41</field><field
        name="root">new_anno_feature</field><field name="motivation">commenting</field><field
        name="target_url">http://purl.stanford.edu/kq131cs7229</field><field name="target_type">external_URI</field><field
        name="body_type">content_as_text</field><field name="body_chars_exact">I love
        this!</field><field name="anno_jsonld">{"@context":"http://www.w3.org/ns/oa-context-20130208.json","@graph":[{"@id":"_:g69960891707340","@type":["dctypes:Text","cnt:ContentAsText"],"chars":"I
        love this!"},{"@id":"http://your.triannon-server.com/annotations/new_anno_feature/c5/17/f3/07/c517f307-4643-48ba-8a78-0782d918ed41","@type":"oa:Annotation","hasBody":"_:g69960891707340","hasTarget":"http://purl.stanford.edu/kq131cs7229","motivatedBy":"oa:commenting"}]}</field></doc></add>
    headers:
      Content-Type:
      - text/xml
  response:
    status:
      code: 200
      message: OK
    headers:
      Content-Type:
      - text/plain;charset=UTF-8
      Transfer-Encoding:
      - chunked
    body:
      encoding: UTF-8
      string: |
        {'responseHeader'=>{'status'=>0,'QTime'=>2}}
    http_version: 
  recorded_at: Fri, 26 Jun 2015 16:55:56 GMT
recorded_with: VCR 2.9.3
