---
http_interactions:
- request:
    method: head
    uri: http://localhost:8983/fedora/rest/anno/ldpwprotspec
    body:
      encoding: US-ASCII
      string: ''
    headers:
      User-Agent:
      - Faraday v0.9.1
      Accept:
      - "*/*"
  response:
    status:
      code: 200
      message: OK
    headers:
      Etag:
      - '"4a9df9191a893226a71f6fc76c6d80e8ee18d95e"'
      Last-Modified:
      - Wed, 05 Aug 2015 20:21:31 GMT
      Link:
      - <http://www.w3.org/ns/ldp#BasicContainer>;rel="type"
      - <http://www.w3.org/ns/ldp#Container>;rel="type"
      - <http://www.w3.org/ns/ldp#Resource>;rel="type"
      Accept-Patch:
      - application/sparql-update
      Accept-Post:
      - text/turtle,text/rdf+n3,text/n3,application/rdf+xml,application/n-triples,multipart/form-data,application/sparql-update
      Allow:
      - MOVE,COPY,DELETE,POST,HEAD,GET,PUT,PATCH,OPTIONS
      Content-Type:
      - text/tab-separated-values
      Content-Length:
      - '0'
    body:
      encoding: UTF-8
      string: ''
    http_version: 
  recorded_at: Wed, 05 Aug 2015 20:21:32 GMT
- request:
    method: post
    uri: http://localhost:8983/fedora/rest/anno/ldpwprotspec
    body:
      encoding: UTF-8
      string: |
        @prefix ldp: <http://www.w3.org/ns/ldp#> .
        @prefix oa: <http://www.w3.org/ns/oa#> .
        @prefix rdf: <http://www.w3.org/1999/02/22-rdf-syntax-ns#> .

        <> a oa:Annotation,
             ldp:BasicContainer;
           oa:motivatedBy oa:commenting .
    headers:
      User-Agent:
      - Faraday v0.9.1
      Prefer:
      - return=respresentation; omit="http://fedora.info/definitions/v4/repository#ServerManaged"
      Content-Type:
      - application/x-turtle
      Accept-Encoding:
      - gzip;q=1.0,deflate;q=0.6,identity;q=0.3
      Accept:
      - "*/*"
  response:
    status:
      code: 201
      message: Created
    headers:
      Etag:
      - '"1113e2157e7855672497be54340b2027c2949c3d"'
      Last-Modified:
      - Wed, 05 Aug 2015 20:21:32 GMT
      Content-Length:
      - '100'
      Location:
      - http://localhost:8983/fedora/rest/anno/ldpwprotspec/23/94/a6/03/2394a603-8006-462f-95e3-eb9aeb5273cd
      Content-Type:
      - text/plain
    body:
      encoding: UTF-8
      string: http://localhost:8983/fedora/rest/anno/ldpwprotspec/23/94/a6/03/2394a603-8006-462f-95e3-eb9aeb5273cd
    http_version: 
  recorded_at: Wed, 05 Aug 2015 20:21:32 GMT
- request:
    method: post
    uri: http://localhost:8983/fedora/rest/anno/ldpwprotspec/23/94/a6/03/2394a603-8006-462f-95e3-eb9aeb5273cd
    body:
      encoding: UTF-8
      string: |
        @prefix ldp: <http://www.w3.org/ns/ldp#> .
        @prefix oa: <http://www.w3.org/ns/oa#> .
        @prefix rdf: <http://www.w3.org/1999/02/22-rdf-syntax-ns#> .

        <> a ldp:DirectContainer;
           ldp:hasMemberRelation oa:hasBody;
           ldp:membershipResource <http://localhost:8983/fedora/rest/anno/ldpwprotspec/23/94/a6/03/2394a603-8006-462f-95e3-eb9aeb5273cd> .
    headers:
      User-Agent:
      - Faraday v0.9.1
      Prefer:
      - return=respresentation; omit="http://fedora.info/definitions/v4/repository#ServerManaged"
      Content-Type:
      - application/x-turtle
      Slug:
      - b
      Accept-Encoding:
      - gzip;q=1.0,deflate;q=0.6,identity;q=0.3
      Accept:
      - "*/*"
  response:
    status:
      code: 201
      message: Created
    headers:
      Etag:
      - '"759dd344cf0c88081ba4ef085eff30219a5e15fd"'
      Last-Modified:
      - Wed, 05 Aug 2015 20:21:32 GMT
      Content-Length:
      - '102'
      Location:
      - http://localhost:8983/fedora/rest/anno/ldpwprotspec/23/94/a6/03/2394a603-8006-462f-95e3-eb9aeb5273cd/b
      Content-Type:
      - text/plain
    body:
      encoding: UTF-8
      string: http://localhost:8983/fedora/rest/anno/ldpwprotspec/23/94/a6/03/2394a603-8006-462f-95e3-eb9aeb5273cd/b
    http_version: 
  recorded_at: Wed, 05 Aug 2015 20:21:32 GMT
- request:
    method: post
    uri: http://localhost:8983/fedora/rest/anno/ldpwprotspec/23/94/a6/03/2394a603-8006-462f-95e3-eb9aeb5273cd/b
    body:
      encoding: UTF-8
      string: |
        @prefix cnt: <http://www.w3.org/2011/content#> .
        @prefix dc11: <http://purl.org/dc/elements/1.1/> .
        @prefix dcmitype: <http://purl.org/dc/dcmitype/> .
        @prefix ldp: <http://www.w3.org/ns/ldp#> .
        @prefix oa: <http://www.w3.org/ns/oa#> .
        @prefix rdf: <http://www.w3.org/1999/02/22-rdf-syntax-ns#> .
        @prefix xsd: <http://www.w3.org/2001/XMLSchema#> .

        <> a ldp:BasicContainer,
             oa:Choice;
           oa:default [
             a cnt:ContentAsText,
               dcmitype:Text;
             dc11:language "en";
             cnt:chars "I love this Englishly!"
           ];
           oa:item [
             a cnt:ContentAsText,
               dcmitype:Text;
             dc11:language "fr";
             cnt:chars "Je l'aime en Francais!"
           ] .
    headers:
      User-Agent:
      - Faraday v0.9.1
      Prefer:
      - return=respresentation; omit="http://fedora.info/definitions/v4/repository#ServerManaged"
      Content-Type:
      - application/x-turtle
      Accept-Encoding:
      - gzip;q=1.0,deflate;q=0.6,identity;q=0.3
      Accept:
      - "*/*"
  response:
    status:
      code: 201
      message: Created
    headers:
      Etag:
      - '"f2d51e1d3833ee8902486af330174f74f68aff1f"'
      Last-Modified:
      - Wed, 05 Aug 2015 20:21:32 GMT
      Content-Length:
      - '151'
      Location:
      - http://localhost:8983/fedora/rest/anno/ldpwprotspec/23/94/a6/03/2394a603-8006-462f-95e3-eb9aeb5273cd/b/85/ad/3c/2c/85ad3c2c-59c5-4d9b-8958-91c67c572629
      Content-Type:
      - text/plain
    body:
      encoding: UTF-8
      string: http://localhost:8983/fedora/rest/anno/ldpwprotspec/23/94/a6/03/2394a603-8006-462f-95e3-eb9aeb5273cd/b/85/ad/3c/2c/85ad3c2c-59c5-4d9b-8958-91c67c572629
    http_version: 
  recorded_at: Wed, 05 Aug 2015 20:21:32 GMT
- request:
    method: get
    uri: http://localhost:8983/fedora/rest/anno/ldpwprotspec/23/94/a6/03/2394a603-8006-462f-95e3-eb9aeb5273cd/b/85/ad/3c/2c/85ad3c2c-59c5-4d9b-8958-91c67c572629
    body:
      encoding: US-ASCII
      string: ''
    headers:
      User-Agent:
      - Faraday v0.9.1
      Accept:
      - application/x-turtle
      Accept-Encoding:
      - gzip;q=1.0,deflate;q=0.6,identity;q=0.3
  response:
    status:
      code: 200
      message: OK
    headers:
      Etag:
      - '"f2d51e1d3833ee8902486af330174f74f68aff1f"'
      Last-Modified:
      - Wed, 05 Aug 2015 20:21:32 GMT
      Link:
      - <http://www.w3.org/ns/ldp#BasicContainer>;rel="type"
      - <http://www.w3.org/ns/ldp#Container>;rel="type"
      - <http://www.w3.org/ns/ldp#Resource>;rel="type"
      Accept-Patch:
      - application/sparql-update
      Accept-Post:
      - text/turtle,text/rdf+n3,text/n3,application/rdf+xml,application/n-triples,multipart/form-data,application/sparql-update
      Allow:
      - MOVE,COPY,DELETE,POST,HEAD,GET,PUT,PATCH,OPTIONS
      Preference-Applied:
      - return=representation
      Vary:
      - Accept, Range, Accept-Encoding, Accept-Language
      - Prefer
      Content-Length:
      - '5363'
      Content-Type:
      - application/x-turtle
    body:
      encoding: UTF-8
      string: "@prefix premis: <http://www.loc.gov/premis/rdf/v1#> .\n@prefix nt:
        <http://www.jcp.org/jcr/nt/1.0> .\n@prefix rdfs: <http://www.w3.org/2000/01/rdf-schema#>
        .\n@prefix xsi: <http://www.w3.org/2001/XMLSchema-instance> .\n@prefix mode:
        <http://www.modeshape.org/1.0> .\n@prefix oa: <http://www.w3.org/ns/oa#> .\n@prefix
        xml: <http://www.w3.org/XML/1998/namespace> .\n@prefix fedoraconfig: <http://fedora.info/definitions/v4/config#>
        .\n@prefix mix: <http://www.jcp.org/jcr/mix/1.0> .\n@prefix prov: <http://www.w3.org/ns/prov#>
        .\n@prefix foaf: <http://xmlns.com/foaf/0.1/> .\n@prefix image: <http://www.modeshape.org/images/1.0>
        .\n@prefix sv: <http://www.jcp.org/jcr/sv/1.0> .\n@prefix test: <info:fedora/test/>
        .\n@prefix cnt: <http://www.w3.org/2011/content#> .\n@prefix dcmitype: <http://purl.org/dc/dcmitype/>
        .\n@prefix dc11: <http://purl.org/dc/elements/1.1/> .\n@prefix triannon: <http://triannon.stanford.edu/ns/>
        .\n@prefix rdf: <http://www.w3.org/1999/02/22-rdf-syntax-ns#> .\n@prefix fedora:
        <http://fedora.info/definitions/v4/repository#> .\n@prefix ldp: <http://www.w3.org/ns/ldp#>
        .\n@prefix xs: <http://www.w3.org/2001/XMLSchema> .\n@prefix dc: <http://purl.org/dc/terms/>
        .\n\n\n<http://localhost:8983/fedora/rest/anno/ldpwprotspec/23/94/a6/03/2394a603-8006-462f-95e3-eb9aeb5273cd/b/85/ad/3c/2c/85ad3c2c-59c5-4d9b-8958-91c67c572629>
        a ldp:RDFSource , ldp:Container , <http://www.jcp.org/jcr/nt/1.0folder> ,
        <http://www.jcp.org/jcr/nt/1.0hierarchyNode> , <http://www.jcp.org/jcr/nt/1.0base>
        , <http://www.jcp.org/jcr/mix/1.0created> , oa:Choice , fedora:Container ,
        fedora:Resource , ldp:BasicContainer , fedora:Resource , <http://www.jcp.org/jcr/mix/1.0created>
        , <http://www.jcp.org/jcr/mix/1.0lastModified> , <http://www.jcp.org/jcr/mix/1.0referenceable>
        , fedora:Container ;\n\tfedora:lastModifiedBy \"bypassAdmin\"^^<http://www.w3.org/2001/XMLSchema#string>
        ;\n\tfedora:uuid \"604f079c-f7f8-4ac1-af12-cdf405438840\"^^<http://www.w3.org/2001/XMLSchema#string>
        ;\n\tfedora:createdBy \"bypassAdmin\"^^<http://www.w3.org/2001/XMLSchema#string>
        ;\n\tfedora:primaryType \"nt:folder\"^^<http://www.w3.org/2001/XMLSchema#string>
        ;\n\tfedora:created \"2015-08-05T20:21:32.318Z\"^^<http://www.w3.org/2001/XMLSchema#dateTime>
        ;\n\toa:item <http://localhost:8983/fedora/rest/.well-known/genid/48/a4/13/75/48a41375-caa9-48fa-8569-96e869a28624>
        ;\n\toa:default <http://localhost:8983/fedora/rest/.well-known/genid/62/2f/bf/e0/622fbfe0-d915-4ab9-bd0a-28e1f66b72e1>
        ;\n\tfedora:mixinTypes \"oa:Choice\"^^<http://www.w3.org/2001/XMLSchema#string>
        , \"fedora:Container\"^^<http://www.w3.org/2001/XMLSchema#string> , \"fedora:Resource\"^^<http://www.w3.org/2001/XMLSchema#string>
        , \"ldp:BasicContainer\"^^<http://www.w3.org/2001/XMLSchema#string> ;\n\tfedora:lastModified
        \"2015-08-05T20:21:32.318Z\"^^<http://www.w3.org/2001/XMLSchema#dateTime>
        ;\n\tfedora:writable \"true\"^^<http://www.w3.org/2001/XMLSchema#boolean>
        ;\n\tfedora:hasParent <http://localhost:8983/fedora/rest/anno/ldpwprotspec/23/94/a6/03/2394a603-8006-462f-95e3-eb9aeb5273cd/b>
        .\n\n<http://localhost:8983/fedora/rest/.well-known/genid/48/a4/13/75/48a41375-caa9-48fa-8569-96e869a28624>
        a <http://www.jcp.org/jcr/nt/1.0unstructured> , <http://www.jcp.org/jcr/nt/1.0base>
        , dcmitype:Text , fedora:Blanknode , cnt:ContentAsText , <http://www.jcp.org/jcr/mix/1.0referenceable>
        ;\n\tdc11:language \"fr\"^^<http://www.w3.org/2001/XMLSchema#string> ;\n\tfedora:uuid
        \"93e382d8-2201-4d5d-aebb-1ad6b51e4b18\"^^<http://www.w3.org/2001/XMLSchema#string>
        ;\n\tfedora:primaryType \"nt:unstructured\"^^<http://www.w3.org/2001/XMLSchema#string>
        ;\n\tfedora:mixinTypes \"dcmitype:Text\"^^<http://www.w3.org/2001/XMLSchema#string>
        , \"fedora:Blanknode\"^^<http://www.w3.org/2001/XMLSchema#string> , \"cnt:ContentAsText\"^^<http://www.w3.org/2001/XMLSchema#string>
        ;\n\tcnt:chars \"Je l'aime en Francais!\"^^<http://www.w3.org/2001/XMLSchema#string>
        .\n\n<http://localhost:8983/fedora/rest/.well-known/genid/62/2f/bf/e0/622fbfe0-d915-4ab9-bd0a-28e1f66b72e1>
        a <http://www.jcp.org/jcr/nt/1.0unstructured> , <http://www.jcp.org/jcr/nt/1.0base>
        , dcmitype:Text , fedora:Blanknode , cnt:ContentAsText , <http://www.jcp.org/jcr/mix/1.0referenceable>
        ;\n\tdc11:language \"en\"^^<http://www.w3.org/2001/XMLSchema#string> ;\n\tfedora:uuid
        \"0b218399-bd25-4a53-90d4-31d22c39bf11\"^^<http://www.w3.org/2001/XMLSchema#string>
        ;\n\tfedora:primaryType \"nt:unstructured\"^^<http://www.w3.org/2001/XMLSchema#string>
        ;\n\tfedora:mixinTypes \"dcmitype:Text\"^^<http://www.w3.org/2001/XMLSchema#string>
        , \"fedora:Blanknode\"^^<http://www.w3.org/2001/XMLSchema#string> , \"cnt:ContentAsText\"^^<http://www.w3.org/2001/XMLSchema#string>
        ;\n\tcnt:chars \"I love this Englishly!\"^^<http://www.w3.org/2001/XMLSchema#string>
        .\n\n<http://localhost:8983/fedora/rest/anno/ldpwprotspec/23/94/a6/03/2394a603-8006-462f-95e3-eb9aeb5273cd/b/85/ad/3c/2c/85ad3c2c-59c5-4d9b-8958-91c67c572629/fcr:export?format=jcr/xml>
        dc11:format <http://fedora.info/definitions/v4/repository#jcr/xml> .\n\n<http://localhost:8983/fedora/rest/anno/ldpwprotspec/23/94/a6/03/2394a603-8006-462f-95e3-eb9aeb5273cd/b/85/ad/3c/2c/85ad3c2c-59c5-4d9b-8958-91c67c572629>
        fedora:exportsAs <http://localhost:8983/fedora/rest/anno/ldpwprotspec/23/94/a6/03/2394a603-8006-462f-95e3-eb9aeb5273cd/b/85/ad/3c/2c/85ad3c2c-59c5-4d9b-8958-91c67c572629/fcr:export?format=jcr/xml>
        .\n\n<http://fedora.info/definitions/v4/repository#jcr/xml> rdfs:label \"jcr/xml\"^^<http://www.w3.org/2001/XMLSchema#string>
        .\n"
    http_version: 
  recorded_at: Wed, 05 Aug 2015 20:21:32 GMT
- request:
    method: get
    uri: http://localhost:8983/fedora/rest/.well-known/genid/62/2f/bf/e0/622fbfe0-d915-4ab9-bd0a-28e1f66b72e1
    body:
      encoding: US-ASCII
      string: ''
    headers:
      User-Agent:
      - Faraday v0.9.1
      Accept:
      - application/x-turtle
      Accept-Encoding:
      - gzip;q=1.0,deflate;q=0.6,identity;q=0.3
  response:
    status:
      code: 200
      message: OK
    headers:
      Link:
      - <http://www.w3.org/ns/ldp#BasicContainer>;rel="type"
      - <http://www.w3.org/ns/ldp#Container>;rel="type"
      - <http://www.w3.org/ns/ldp#Resource>;rel="type"
      Accept-Patch:
      - application/sparql-update
      Accept-Post:
      - text/turtle,text/rdf+n3,text/n3,application/rdf+xml,application/n-triples,multipart/form-data,application/sparql-update
      Allow:
      - MOVE,COPY,DELETE,POST,HEAD,GET,PUT,PATCH,OPTIONS
      Preference-Applied:
      - return=representation
      Vary:
      - Accept, Range, Accept-Encoding, Accept-Language
      - Prefer
      Content-Length:
      - '2663'
      Content-Type:
      - application/x-turtle
    body:
      encoding: UTF-8
      string: "@prefix premis: <http://www.loc.gov/premis/rdf/v1#> .\n@prefix nt:
        <http://www.jcp.org/jcr/nt/1.0> .\n@prefix rdfs: <http://www.w3.org/2000/01/rdf-schema#>
        .\n@prefix xsi: <http://www.w3.org/2001/XMLSchema-instance> .\n@prefix mode:
        <http://www.modeshape.org/1.0> .\n@prefix oa: <http://www.w3.org/ns/oa#> .\n@prefix
        xml: <http://www.w3.org/XML/1998/namespace> .\n@prefix fedoraconfig: <http://fedora.info/definitions/v4/config#>
        .\n@prefix mix: <http://www.jcp.org/jcr/mix/1.0> .\n@prefix prov: <http://www.w3.org/ns/prov#>
        .\n@prefix foaf: <http://xmlns.com/foaf/0.1/> .\n@prefix image: <http://www.modeshape.org/images/1.0>
        .\n@prefix sv: <http://www.jcp.org/jcr/sv/1.0> .\n@prefix test: <info:fedora/test/>
        .\n@prefix cnt: <http://www.w3.org/2011/content#> .\n@prefix dcmitype: <http://purl.org/dc/dcmitype/>
        .\n@prefix dc11: <http://purl.org/dc/elements/1.1/> .\n@prefix triannon: <http://triannon.stanford.edu/ns/>
        .\n@prefix rdf: <http://www.w3.org/1999/02/22-rdf-syntax-ns#> .\n@prefix fedora:
        <http://fedora.info/definitions/v4/repository#> .\n@prefix ldp: <http://www.w3.org/ns/ldp#>
        .\n@prefix xs: <http://www.w3.org/2001/XMLSchema> .\n@prefix dc: <http://purl.org/dc/terms/>
        .\n\n\n<http://localhost:8983/fedora/rest/.well-known/genid/62/2f/bf/e0/622fbfe0-d915-4ab9-bd0a-28e1f66b72e1>
        a ldp:RDFSource , ldp:Container , ldp:BasicContainer , <http://www.jcp.org/jcr/nt/1.0unstructured>
        , <http://www.jcp.org/jcr/nt/1.0base> , dcmitype:Text , fedora:Blanknode ,
        cnt:ContentAsText , <http://www.jcp.org/jcr/mix/1.0referenceable> ;\n\tdc11:language
        \"en\"^^<http://www.w3.org/2001/XMLSchema#string> ;\n\tfedora:uuid \"0b218399-bd25-4a53-90d4-31d22c39bf11\"^^<http://www.w3.org/2001/XMLSchema#string>
        ;\n\tfedora:primaryType \"nt:unstructured\"^^<http://www.w3.org/2001/XMLSchema#string>
        ;\n\tfedora:mixinTypes \"dcmitype:Text\"^^<http://www.w3.org/2001/XMLSchema#string>
        , \"fedora:Blanknode\"^^<http://www.w3.org/2001/XMLSchema#string> , \"cnt:ContentAsText\"^^<http://www.w3.org/2001/XMLSchema#string>
        ;\n\tcnt:chars \"I love this Englishly!\"^^<http://www.w3.org/2001/XMLSchema#string>
        ;\n\tfedora:writable \"true\"^^<http://www.w3.org/2001/XMLSchema#boolean>
        ;\n\tfedora:hasParent <http://localhost:8983/fedora/rest/.well-known/genid>
        ;\n\tfedora:exportsAs <http://localhost:8983/fedora/rest/.well-known/genid/62/2f/bf/e0/622fbfe0-d915-4ab9-bd0a-28e1f66b72e1/fcr:export?format=jcr/xml>
        .\n\n<http://localhost:8983/fedora/rest/.well-known/genid/62/2f/bf/e0/622fbfe0-d915-4ab9-bd0a-28e1f66b72e1/fcr:export?format=jcr/xml>
        dc11:format <http://fedora.info/definitions/v4/repository#jcr/xml> .\n\n<http://fedora.info/definitions/v4/repository#jcr/xml>
        rdfs:label \"jcr/xml\"^^<http://www.w3.org/2001/XMLSchema#string> .\n"
    http_version: 
  recorded_at: Wed, 05 Aug 2015 20:21:32 GMT
- request:
    method: get
    uri: http://localhost:8983/fedora/rest/.well-known/genid/48/a4/13/75/48a41375-caa9-48fa-8569-96e869a28624
    body:
      encoding: US-ASCII
      string: ''
    headers:
      User-Agent:
      - Faraday v0.9.1
      Accept:
      - application/x-turtle
      Accept-Encoding:
      - gzip;q=1.0,deflate;q=0.6,identity;q=0.3
  response:
    status:
      code: 200
      message: OK
    headers:
      Link:
      - <http://www.w3.org/ns/ldp#BasicContainer>;rel="type"
      - <http://www.w3.org/ns/ldp#Container>;rel="type"
      - <http://www.w3.org/ns/ldp#Resource>;rel="type"
      Accept-Patch:
      - application/sparql-update
      Accept-Post:
      - text/turtle,text/rdf+n3,text/n3,application/rdf+xml,application/n-triples,multipart/form-data,application/sparql-update
      Allow:
      - MOVE,COPY,DELETE,POST,HEAD,GET,PUT,PATCH,OPTIONS
      Preference-Applied:
      - return=representation
      Vary:
      - Accept, Range, Accept-Encoding, Accept-Language
      - Prefer
      Content-Length:
      - '2766'
      Content-Type:
      - application/x-turtle
    body:
      encoding: UTF-8
      string: "@prefix premis: <http://www.loc.gov/premis/rdf/v1#> .\n@prefix nt:
        <http://www.jcp.org/jcr/nt/1.0> .\n@prefix rdfs: <http://www.w3.org/2000/01/rdf-schema#>
        .\n@prefix xsi: <http://www.w3.org/2001/XMLSchema-instance> .\n@prefix mode:
        <http://www.modeshape.org/1.0> .\n@prefix oa: <http://www.w3.org/ns/oa#> .\n@prefix
        xml: <http://www.w3.org/XML/1998/namespace> .\n@prefix fedoraconfig: <http://fedora.info/definitions/v4/config#>
        .\n@prefix mix: <http://www.jcp.org/jcr/mix/1.0> .\n@prefix prov: <http://www.w3.org/ns/prov#>
        .\n@prefix foaf: <http://xmlns.com/foaf/0.1/> .\n@prefix image: <http://www.modeshape.org/images/1.0>
        .\n@prefix sv: <http://www.jcp.org/jcr/sv/1.0> .\n@prefix test: <info:fedora/test/>
        .\n@prefix cnt: <http://www.w3.org/2011/content#> .\n@prefix dcmitype: <http://purl.org/dc/dcmitype/>
        .\n@prefix dc11: <http://purl.org/dc/elements/1.1/> .\n@prefix triannon: <http://triannon.stanford.edu/ns/>
        .\n@prefix rdf: <http://www.w3.org/1999/02/22-rdf-syntax-ns#> .\n@prefix fedora:
        <http://fedora.info/definitions/v4/repository#> .\n@prefix ldp: <http://www.w3.org/ns/ldp#>
        .\n@prefix xs: <http://www.w3.org/2001/XMLSchema> .\n@prefix dc: <http://purl.org/dc/terms/>
        .\n\n\n<http://localhost:8983/fedora/rest/.well-known/genid/48/a4/13/75/48a41375-caa9-48fa-8569-96e869a28624>
        a ldp:RDFSource , ldp:Container , ldp:BasicContainer , <http://www.jcp.org/jcr/nt/1.0unstructured>
        , <http://www.jcp.org/jcr/nt/1.0base> , dcmitype:Text , fedora:Blanknode ,
        cnt:ContentAsText , <http://www.jcp.org/jcr/mix/1.0referenceable> ;\n\tdc11:language
        \"fr\"^^<http://www.w3.org/2001/XMLSchema#string> ;\n\tfedora:uuid \"93e382d8-2201-4d5d-aebb-1ad6b51e4b18\"^^<http://www.w3.org/2001/XMLSchema#string>
        ;\n\tfedora:primaryType \"nt:unstructured\"^^<http://www.w3.org/2001/XMLSchema#string>
        ;\n\tfedora:mixinTypes \"dcmitype:Text\"^^<http://www.w3.org/2001/XMLSchema#string>
        , \"fedora:Blanknode\"^^<http://www.w3.org/2001/XMLSchema#string> , \"cnt:ContentAsText\"^^<http://www.w3.org/2001/XMLSchema#string>
        ;\n\tcnt:chars \"Je l'aime en Francais!\"^^<http://www.w3.org/2001/XMLSchema#string>
        ;\n\tfedora:writable \"true\"^^<http://www.w3.org/2001/XMLSchema#boolean>
        ;\n\tfedora:hasParent <http://localhost:8983/fedora/rest/.well-known/genid>
        .\n\n<http://localhost:8983/fedora/rest/.well-known/genid/48/a4/13/75/48a41375-caa9-48fa-8569-96e869a28624/fcr:export?format=jcr/xml>
        dc11:format <http://fedora.info/definitions/v4/repository#jcr/xml> .\n\n<http://localhost:8983/fedora/rest/.well-known/genid/48/a4/13/75/48a41375-caa9-48fa-8569-96e869a28624>
        fedora:exportsAs <http://localhost:8983/fedora/rest/.well-known/genid/48/a4/13/75/48a41375-caa9-48fa-8569-96e869a28624/fcr:export?format=jcr/xml>
        .\n\n<http://fedora.info/definitions/v4/repository#jcr/xml> rdfs:label \"jcr/xml\"^^<http://www.w3.org/2001/XMLSchema#string>
        .\n"
    http_version: 
  recorded_at: Wed, 05 Aug 2015 20:21:32 GMT
recorded_with: VCR 2.9.3
