---
http_interactions:
- request:
    method: post
    uri: http://localhost:8983/fedora/rest/anno
    body:
      encoding: UTF-8
      string: |
        @prefix oa: <http://www.w3.org/ns/oa#> .
        @prefix rdf: <http://www.w3.org/1999/02/22-rdf-syntax-ns#> .

        <> a oa:Annotation;
           oa:motivatedBy oa:commenting .
    headers:
      User-Agent:
      - Faraday v0.9.1
      Prefer:
      - return=respresentation; omit="http://fedora.info/definitions/v4/repository#ServerManaged"
      Content-Type:
      - application/x-turtle
      Accept-Encoding:
      - gzip;q=1.0,deflate;q=0.6,identity;q=0.3
      Accept:
      - "*/*"
  response:
    status:
      code: 201
      message: Created
    headers:
      Etag:
      - '"70e9a95203b12ea00b6c7cc05947a92da9d937a9"'
      Last-Modified:
      - Mon, 27 Apr 2015 19:05:53 GMT
      Content-Length:
      - '75'
      Location:
      - http://localhost:8983/fedora/rest/anno/273ba4e5-c1b3-4634-8f14-fa743bfb67e8
      Content-Type:
      - text/plain
    body:
      encoding: UTF-8
      string: http://localhost:8983/fedora/rest/anno/273ba4e5-c1b3-4634-8f14-fa743bfb67e8
    http_version: 
  recorded_at: Mon, 27 Apr 2015 19:05:53 GMT
- request:
    method: post
    uri: http://localhost:8983/fedora/rest/anno/273ba4e5-c1b3-4634-8f14-fa743bfb67e8
    body:
      encoding: UTF-8
      string: |
        @prefix ldp: <http://www.w3.org/ns/ldp#> .
        @prefix oa: <http://www.w3.org/ns/oa#> .
        @prefix rdf: <http://www.w3.org/1999/02/22-rdf-syntax-ns#> .

        <> a ldp:DirectContainer;
           ldp:hasMemberRelation oa:hasBody;
           ldp:membershipResource <http://localhost:8983/fedora/rest/anno/273ba4e5-c1b3-4634-8f14-fa743bfb67e8> .
    headers:
      User-Agent:
      - Faraday v0.9.1
      Prefer:
      - return=respresentation; omit="http://fedora.info/definitions/v4/repository#ServerManaged"
      Content-Type:
      - application/x-turtle
      Slug:
      - b
      Accept-Encoding:
      - gzip;q=1.0,deflate;q=0.6,identity;q=0.3
      Accept:
      - "*/*"
  response:
    status:
      code: 201
      message: Created
    headers:
      Etag:
      - '"2530bf86f5fc64b53c31e07bf2469a795a641a28"'
      Last-Modified:
      - Mon, 27 Apr 2015 19:05:53 GMT
      Content-Length:
      - '77'
      Location:
      - http://localhost:8983/fedora/rest/anno/273ba4e5-c1b3-4634-8f14-fa743bfb67e8/b
      Content-Type:
      - text/plain
    body:
      encoding: UTF-8
      string: http://localhost:8983/fedora/rest/anno/273ba4e5-c1b3-4634-8f14-fa743bfb67e8/b
    http_version: 
  recorded_at: Mon, 27 Apr 2015 19:05:53 GMT
- request:
    method: post
    uri: http://localhost:8983/fedora/rest/anno/273ba4e5-c1b3-4634-8f14-fa743bfb67e8/b
    body:
      encoding: UTF-8
      string: |
        @prefix cnt: <http://www.w3.org/2011/content#> .
        @prefix dcmitype: <http://purl.org/dc/dcmitype/> .
        @prefix rdf: <http://www.w3.org/1999/02/22-rdf-syntax-ns#> .
        @prefix xsd: <http://www.w3.org/2001/XMLSchema#> .

        <> a cnt:ContentAsText,
             dcmitype:Text;
           cnt:chars "I love this!" .
    headers:
      User-Agent:
      - Faraday v0.9.1
      Prefer:
      - return=respresentation; omit="http://fedora.info/definitions/v4/repository#ServerManaged"
      Content-Type:
      - application/x-turtle
      Accept-Encoding:
      - gzip;q=1.0,deflate;q=0.6,identity;q=0.3
      Accept:
      - "*/*"
  response:
    status:
      code: 201
      message: Created
    headers:
      Etag:
      - '"4969cdecee253f600cf2a05e068ad3f841726d94"'
      Last-Modified:
      - Mon, 27 Apr 2015 19:05:53 GMT
      Content-Length:
      - '114'
      Location:
      - http://localhost:8983/fedora/rest/anno/273ba4e5-c1b3-4634-8f14-fa743bfb67e8/b/12a5d617-51c0-44e0-880e-7aa42db1e355
      Content-Type:
      - text/plain
    body:
      encoding: UTF-8
      string: http://localhost:8983/fedora/rest/anno/273ba4e5-c1b3-4634-8f14-fa743bfb67e8/b/12a5d617-51c0-44e0-880e-7aa42db1e355
    http_version: 
  recorded_at: Mon, 27 Apr 2015 19:05:53 GMT
- request:
    method: post
    uri: http://localhost:8983/fedora/rest/anno/273ba4e5-c1b3-4634-8f14-fa743bfb67e8
    body:
      encoding: UTF-8
      string: |
        @prefix ldp: <http://www.w3.org/ns/ldp#> .
        @prefix oa: <http://www.w3.org/ns/oa#> .
        @prefix rdf: <http://www.w3.org/1999/02/22-rdf-syntax-ns#> .

        <> a ldp:DirectContainer;
           ldp:hasMemberRelation oa:hasTarget;
           ldp:membershipResource <http://localhost:8983/fedora/rest/anno/273ba4e5-c1b3-4634-8f14-fa743bfb67e8> .
    headers:
      User-Agent:
      - Faraday v0.9.1
      Prefer:
      - return=respresentation; omit="http://fedora.info/definitions/v4/repository#ServerManaged"
      Content-Type:
      - application/x-turtle
      Slug:
      - t
      Accept-Encoding:
      - gzip;q=1.0,deflate;q=0.6,identity;q=0.3
      Accept:
      - "*/*"
  response:
    status:
      code: 201
      message: Created
    headers:
      Etag:
      - '"82de3f58b3a3c74ac218244645b9db9239188d16"'
      Last-Modified:
      - Mon, 27 Apr 2015 19:05:53 GMT
      Content-Length:
      - '77'
      Location:
      - http://localhost:8983/fedora/rest/anno/273ba4e5-c1b3-4634-8f14-fa743bfb67e8/t
      Content-Type:
      - text/plain
    body:
      encoding: UTF-8
      string: http://localhost:8983/fedora/rest/anno/273ba4e5-c1b3-4634-8f14-fa743bfb67e8/t
    http_version: 
  recorded_at: Mon, 27 Apr 2015 19:05:53 GMT
- request:
    method: post
    uri: http://localhost:8983/fedora/rest/anno/273ba4e5-c1b3-4634-8f14-fa743bfb67e8/t
    body:
      encoding: UTF-8
      string: |
        @prefix triannon: <http://triannon.stanford.edu/ns/> .

        <> triannon:externalReference <http://purl.stanford.edu/kq131cs7229> .
    headers:
      User-Agent:
      - Faraday v0.9.1
      Prefer:
      - return=respresentation; omit="http://fedora.info/definitions/v4/repository#ServerManaged"
      Content-Type:
      - application/x-turtle
      Accept-Encoding:
      - gzip;q=1.0,deflate;q=0.6,identity;q=0.3
      Accept:
      - "*/*"
  response:
    status:
      code: 201
      message: Created
    headers:
      Etag:
      - '"1357cd8a463eacec7fd82ab5b9fa97d982a2bbe7"'
      Last-Modified:
      - Mon, 27 Apr 2015 19:05:53 GMT
      Content-Length:
      - '114'
      Location:
      - http://localhost:8983/fedora/rest/anno/273ba4e5-c1b3-4634-8f14-fa743bfb67e8/t/f424d69a-35eb-4c11-8298-67e6c7c85dcd
      Content-Type:
      - text/plain
    body:
      encoding: UTF-8
      string: http://localhost:8983/fedora/rest/anno/273ba4e5-c1b3-4634-8f14-fa743bfb67e8/t/f424d69a-35eb-4c11-8298-67e6c7c85dcd
    http_version: 
  recorded_at: Mon, 27 Apr 2015 19:05:53 GMT
- request:
    method: get
    uri: http://localhost:8983/fedora/rest/anno/273ba4e5-c1b3-4634-8f14-fa743bfb67e8
    body:
      encoding: US-ASCII
      string: ''
    headers:
      User-Agent:
      - Faraday v0.9.1
      Prefer:
      - return=respresentation; omit="http://fedora.info/definitions/v4/repository#ServerManaged"
      Accept:
      - application/x-turtle
      Accept-Encoding:
      - gzip;q=1.0,deflate;q=0.6,identity;q=0.3
  response:
    status:
      code: 200
      message: OK
    headers:
      Etag:
      - '"55814ac2c10505dc1cb14db3d0fe2b5bf8f8d90b"'
      Last-Modified:
      - Mon, 27 Apr 2015 19:05:53 GMT
      Link:
      - <http://www.w3.org/ns/ldp#DirectContainer>;rel="type"
      - <http://www.w3.org/ns/ldp#Resource>;rel="type"
      Accept-Patch:
      - application/sparql-update
      Accept-Post:
      - text/turtle,text/rdf+n3,application/n3,text/n3,application/rdf+xml,application/n-triples,multipart/form-data,application/sparql-update
      Allow:
      - MOVE,COPY,DELETE,POST,HEAD,GET,PUT,PATCH,OPTIONS
      Preference-Applied:
      - return=representation
      Vary:
      - Accept, Range, Accept-Encoding, Accept-Language
      - Prefer
      Content-Length:
      - '2407'
      Content-Type:
      - application/x-turtle
    body:
      encoding: UTF-8
      string: "@prefix premis: <http://www.loc.gov/premis/rdf/v1#> .\n@prefix fedorarelsext:
        <http://fedora.info/definitions/v4/rels-ext#> .\n@prefix nt: <http://www.jcp.org/jcr/nt/1.0>
        .\n@prefix rdfs: <http://www.w3.org/2000/01/rdf-schema#> .\n@prefix xsi: <http://www.w3.org/2001/XMLSchema-instance>
        .\n@prefix mode: <http://www.modeshape.org/1.0> .\n@prefix oa: <http://www.w3.org/ns/oa#>
        .\n@prefix xml: <http://www.w3.org/XML/1998/namespace> .\n@prefix fcrepo:
        <http://fedora.info/definitions/v4/repository#> .\n@prefix fedoraconfig: <http://fedora.info/definitions/v4/config#>
        .\n@prefix mix: <http://www.jcp.org/jcr/mix/1.0> .\n@prefix foaf: <http://xmlns.com/foaf/0.1/>
        .\n@prefix image: <http://www.modeshape.org/images/1.0> .\n@prefix sv: <http://www.jcp.org/jcr/sv/1.0>
        .\n@prefix test: <info:fedora/test/> .\n@prefix cnt: <http://www.w3.org/2011/content#>
        .\n@prefix dcmitype: <http://purl.org/dc/dcmitype/> .\n@prefix triannon: <http://triannon.stanford.edu/ns/>
        .\n@prefix rdf: <http://www.w3.org/1999/02/22-rdf-syntax-ns#> .\n@prefix fedora:
        <http://fedora.info/definitions/v4/rest-api#> .\n@prefix ldp: <http://www.w3.org/ns/ldp#>
        .\n@prefix xs: <http://www.w3.org/2001/XMLSchema> .\n@prefix dc: <http://purl.org/dc/elements/1.1/>
        .\n\n\n<http://localhost:8983/fedora/rest/anno/273ba4e5-c1b3-4634-8f14-fa743bfb67e8>
        ldp:member <http://localhost:8983/fedora/rest/anno/273ba4e5-c1b3-4634-8f14-fa743bfb67e8/b>
        , <http://localhost:8983/fedora/rest/anno/273ba4e5-c1b3-4634-8f14-fa743bfb67e8/t>
        ;\n\toa:hasTarget <http://localhost:8983/fedora/rest/anno/273ba4e5-c1b3-4634-8f14-fa743bfb67e8/t/f424d69a-35eb-4c11-8298-67e6c7c85dcd>
        ;\n\toa:hasBody <http://localhost:8983/fedora/rest/anno/273ba4e5-c1b3-4634-8f14-fa743bfb67e8/b/12a5d617-51c0-44e0-880e-7aa42db1e355>
        ;\n\tldp:contains <http://localhost:8983/fedora/rest/anno/273ba4e5-c1b3-4634-8f14-fa743bfb67e8/b>
        , <http://localhost:8983/fedora/rest/anno/273ba4e5-c1b3-4634-8f14-fa743bfb67e8/t>
        .\n\n<http://localhost:8983/fedora/rest/anno/273ba4e5-c1b3-4634-8f14-fa743bfb67e8/t>
        ldp:membershipResource <http://localhost:8983/fedora/rest/anno/273ba4e5-c1b3-4634-8f14-fa743bfb67e8>
        .\n\n<http://localhost:8983/fedora/rest/anno/273ba4e5-c1b3-4634-8f14-fa743bfb67e8/b>
        ldp:membershipResource <http://localhost:8983/fedora/rest/anno/273ba4e5-c1b3-4634-8f14-fa743bfb67e8>
        .\n\n<http://localhost:8983/fedora/rest/anno/273ba4e5-c1b3-4634-8f14-fa743bfb67e8>
        a oa:Annotation ;\n\toa:motivatedBy oa:commenting .\n"
    http_version: 
  recorded_at: Mon, 27 Apr 2015 19:05:53 GMT
- request:
    method: get
    uri: http://localhost:8983/fedora/rest/anno/273ba4e5-c1b3-4634-8f14-fa743bfb67e8/b/12a5d617-51c0-44e0-880e-7aa42db1e355
    body:
      encoding: US-ASCII
      string: ''
    headers:
      User-Agent:
      - Faraday v0.9.1
      Prefer:
      - return=respresentation; omit="http://fedora.info/definitions/v4/repository#ServerManaged"
      Accept:
      - application/x-turtle
      Accept-Encoding:
      - gzip;q=1.0,deflate;q=0.6,identity;q=0.3
  response:
    status:
      code: 200
      message: OK
    headers:
      Etag:
      - '"4969cdecee253f600cf2a05e068ad3f841726d94"'
      Last-Modified:
      - Mon, 27 Apr 2015 19:05:53 GMT
      Link:
      - <http://www.w3.org/ns/ldp#DirectContainer>;rel="type"
      - <http://www.w3.org/ns/ldp#Resource>;rel="type"
      Accept-Patch:
      - application/sparql-update
      Accept-Post:
      - text/turtle,text/rdf+n3,application/n3,text/n3,application/rdf+xml,application/n-triples,multipart/form-data,application/sparql-update
      Allow:
      - MOVE,COPY,DELETE,POST,HEAD,GET,PUT,PATCH,OPTIONS
      Preference-Applied:
      - return=representation
      Vary:
      - Accept, Range, Accept-Encoding, Accept-Language
      - Prefer
      Content-Length:
      - '1441'
      Content-Type:
      - application/x-turtle
    body:
      encoding: UTF-8
      string: "@prefix premis: <http://www.loc.gov/premis/rdf/v1#> .\n@prefix fedorarelsext:
        <http://fedora.info/definitions/v4/rels-ext#> .\n@prefix nt: <http://www.jcp.org/jcr/nt/1.0>
        .\n@prefix rdfs: <http://www.w3.org/2000/01/rdf-schema#> .\n@prefix xsi: <http://www.w3.org/2001/XMLSchema-instance>
        .\n@prefix mode: <http://www.modeshape.org/1.0> .\n@prefix oa: <http://www.w3.org/ns/oa#>
        .\n@prefix xml: <http://www.w3.org/XML/1998/namespace> .\n@prefix fcrepo:
        <http://fedora.info/definitions/v4/repository#> .\n@prefix fedoraconfig: <http://fedora.info/definitions/v4/config#>
        .\n@prefix mix: <http://www.jcp.org/jcr/mix/1.0> .\n@prefix foaf: <http://xmlns.com/foaf/0.1/>
        .\n@prefix image: <http://www.modeshape.org/images/1.0> .\n@prefix sv: <http://www.jcp.org/jcr/sv/1.0>
        .\n@prefix test: <info:fedora/test/> .\n@prefix cnt: <http://www.w3.org/2011/content#>
        .\n@prefix dcmitype: <http://purl.org/dc/dcmitype/> .\n@prefix triannon: <http://triannon.stanford.edu/ns/>
        .\n@prefix rdf: <http://www.w3.org/1999/02/22-rdf-syntax-ns#> .\n@prefix fedora:
        <http://fedora.info/definitions/v4/rest-api#> .\n@prefix ldp: <http://www.w3.org/ns/ldp#>
        .\n@prefix xs: <http://www.w3.org/2001/XMLSchema> .\n@prefix dc: <http://purl.org/dc/elements/1.1/>
        .\n\n\n<http://localhost:8983/fedora/rest/anno/273ba4e5-c1b3-4634-8f14-fa743bfb67e8/b/12a5d617-51c0-44e0-880e-7aa42db1e355>
        a dcmitype:Text , cnt:ContentAsText ;\n\tcnt:chars \"I love this!\"^^<http://www.w3.org/2001/XMLSchema#string>
        .\n"
    http_version: 
  recorded_at: Mon, 27 Apr 2015 19:05:53 GMT
- request:
    method: get
    uri: http://localhost:8983/fedora/rest/anno/273ba4e5-c1b3-4634-8f14-fa743bfb67e8/t/f424d69a-35eb-4c11-8298-67e6c7c85dcd
    body:
      encoding: US-ASCII
      string: ''
    headers:
      User-Agent:
      - Faraday v0.9.1
      Prefer:
      - return=respresentation; omit="http://fedora.info/definitions/v4/repository#ServerManaged"
      Accept:
      - application/x-turtle
      Accept-Encoding:
      - gzip;q=1.0,deflate;q=0.6,identity;q=0.3
  response:
    status:
      code: 200
      message: OK
    headers:
      Etag:
      - '"1357cd8a463eacec7fd82ab5b9fa97d982a2bbe7"'
      Last-Modified:
      - Mon, 27 Apr 2015 19:05:53 GMT
      Link:
      - <http://www.w3.org/ns/ldp#DirectContainer>;rel="type"
      - <http://www.w3.org/ns/ldp#Resource>;rel="type"
      Accept-Patch:
      - application/sparql-update
      Accept-Post:
      - text/turtle,text/rdf+n3,application/n3,text/n3,application/rdf+xml,application/n-triples,multipart/form-data,application/sparql-update
      Allow:
      - MOVE,COPY,DELETE,POST,HEAD,GET,PUT,PATCH,OPTIONS
      Preference-Applied:
      - return=representation
      Vary:
      - Accept, Range, Accept-Encoding, Accept-Language
      - Prefer
      Content-Length:
      - '1400'
      Content-Type:
      - application/x-turtle
    body:
      encoding: UTF-8
      string: |
        @prefix premis: <http://www.loc.gov/premis/rdf/v1#> .
        @prefix fedorarelsext: <http://fedora.info/definitions/v4/rels-ext#> .
        @prefix nt: <http://www.jcp.org/jcr/nt/1.0> .
        @prefix rdfs: <http://www.w3.org/2000/01/rdf-schema#> .
        @prefix xsi: <http://www.w3.org/2001/XMLSchema-instance> .
        @prefix mode: <http://www.modeshape.org/1.0> .
        @prefix oa: <http://www.w3.org/ns/oa#> .
        @prefix xml: <http://www.w3.org/XML/1998/namespace> .
        @prefix fcrepo: <http://fedora.info/definitions/v4/repository#> .
        @prefix fedoraconfig: <http://fedora.info/definitions/v4/config#> .
        @prefix mix: <http://www.jcp.org/jcr/mix/1.0> .
        @prefix foaf: <http://xmlns.com/foaf/0.1/> .
        @prefix image: <http://www.modeshape.org/images/1.0> .
        @prefix sv: <http://www.jcp.org/jcr/sv/1.0> .
        @prefix test: <info:fedora/test/> .
        @prefix cnt: <http://www.w3.org/2011/content#> .
        @prefix dcmitype: <http://purl.org/dc/dcmitype/> .
        @prefix triannon: <http://triannon.stanford.edu/ns/> .
        @prefix rdf: <http://www.w3.org/1999/02/22-rdf-syntax-ns#> .
        @prefix fedora: <http://fedora.info/definitions/v4/rest-api#> .
        @prefix ldp: <http://www.w3.org/ns/ldp#> .
        @prefix xs: <http://www.w3.org/2001/XMLSchema> .
        @prefix dc: <http://purl.org/dc/elements/1.1/> .


        <http://localhost:8983/fedora/rest/anno/273ba4e5-c1b3-4634-8f14-fa743bfb67e8/t/f424d69a-35eb-4c11-8298-67e6c7c85dcd> triannon:externalReference <http://purl.stanford.edu/kq131cs7229> .
    http_version: 
  recorded_at: Mon, 27 Apr 2015 19:05:53 GMT
- request:
    method: get
    uri: http://localhost:8983/fedora/rest/anno/273ba4e5-c1b3-4634-8f14-fa743bfb67e8
    body:
      encoding: US-ASCII
      string: ''
    headers:
      User-Agent:
      - Faraday v0.9.1
      Prefer:
      - return=respresentation; omit="http://fedora.info/definitions/v4/repository#ServerManaged"
      Accept:
      - application/x-turtle
      Accept-Encoding:
      - gzip;q=1.0,deflate;q=0.6,identity;q=0.3
  response:
    status:
      code: 200
      message: OK
    headers:
      Etag:
      - '"55814ac2c10505dc1cb14db3d0fe2b5bf8f8d90b"'
      Last-Modified:
      - Mon, 27 Apr 2015 19:05:53 GMT
      Link:
      - <http://www.w3.org/ns/ldp#DirectContainer>;rel="type"
      - <http://www.w3.org/ns/ldp#Resource>;rel="type"
      Accept-Patch:
      - application/sparql-update
      Accept-Post:
      - text/turtle,text/rdf+n3,application/n3,text/n3,application/rdf+xml,application/n-triples,multipart/form-data,application/sparql-update
      Allow:
      - MOVE,COPY,DELETE,POST,HEAD,GET,PUT,PATCH,OPTIONS
      Preference-Applied:
      - return=representation
      Vary:
      - Accept, Range, Accept-Encoding, Accept-Language
      - Prefer
      Content-Length:
      - '2407'
      Content-Type:
      - application/x-turtle
    body:
      encoding: UTF-8
      string: "@prefix premis: <http://www.loc.gov/premis/rdf/v1#> .\n@prefix fedorarelsext:
        <http://fedora.info/definitions/v4/rels-ext#> .\n@prefix nt: <http://www.jcp.org/jcr/nt/1.0>
        .\n@prefix rdfs: <http://www.w3.org/2000/01/rdf-schema#> .\n@prefix xsi: <http://www.w3.org/2001/XMLSchema-instance>
        .\n@prefix mode: <http://www.modeshape.org/1.0> .\n@prefix oa: <http://www.w3.org/ns/oa#>
        .\n@prefix xml: <http://www.w3.org/XML/1998/namespace> .\n@prefix fcrepo:
        <http://fedora.info/definitions/v4/repository#> .\n@prefix fedoraconfig: <http://fedora.info/definitions/v4/config#>
        .\n@prefix mix: <http://www.jcp.org/jcr/mix/1.0> .\n@prefix foaf: <http://xmlns.com/foaf/0.1/>
        .\n@prefix image: <http://www.modeshape.org/images/1.0> .\n@prefix sv: <http://www.jcp.org/jcr/sv/1.0>
        .\n@prefix test: <info:fedora/test/> .\n@prefix cnt: <http://www.w3.org/2011/content#>
        .\n@prefix dcmitype: <http://purl.org/dc/dcmitype/> .\n@prefix triannon: <http://triannon.stanford.edu/ns/>
        .\n@prefix rdf: <http://www.w3.org/1999/02/22-rdf-syntax-ns#> .\n@prefix fedora:
        <http://fedora.info/definitions/v4/rest-api#> .\n@prefix ldp: <http://www.w3.org/ns/ldp#>
        .\n@prefix xs: <http://www.w3.org/2001/XMLSchema> .\n@prefix dc: <http://purl.org/dc/elements/1.1/>
        .\n\n\n<http://localhost:8983/fedora/rest/anno/273ba4e5-c1b3-4634-8f14-fa743bfb67e8>
        ldp:member <http://localhost:8983/fedora/rest/anno/273ba4e5-c1b3-4634-8f14-fa743bfb67e8/b>
        , <http://localhost:8983/fedora/rest/anno/273ba4e5-c1b3-4634-8f14-fa743bfb67e8/t>
        ;\n\toa:hasTarget <http://localhost:8983/fedora/rest/anno/273ba4e5-c1b3-4634-8f14-fa743bfb67e8/t/f424d69a-35eb-4c11-8298-67e6c7c85dcd>
        ;\n\toa:hasBody <http://localhost:8983/fedora/rest/anno/273ba4e5-c1b3-4634-8f14-fa743bfb67e8/b/12a5d617-51c0-44e0-880e-7aa42db1e355>
        ;\n\tldp:contains <http://localhost:8983/fedora/rest/anno/273ba4e5-c1b3-4634-8f14-fa743bfb67e8/b>
        , <http://localhost:8983/fedora/rest/anno/273ba4e5-c1b3-4634-8f14-fa743bfb67e8/t>
        .\n\n<http://localhost:8983/fedora/rest/anno/273ba4e5-c1b3-4634-8f14-fa743bfb67e8/t>
        ldp:membershipResource <http://localhost:8983/fedora/rest/anno/273ba4e5-c1b3-4634-8f14-fa743bfb67e8>
        .\n\n<http://localhost:8983/fedora/rest/anno/273ba4e5-c1b3-4634-8f14-fa743bfb67e8/b>
        ldp:membershipResource <http://localhost:8983/fedora/rest/anno/273ba4e5-c1b3-4634-8f14-fa743bfb67e8>
        .\n\n<http://localhost:8983/fedora/rest/anno/273ba4e5-c1b3-4634-8f14-fa743bfb67e8>
        a oa:Annotation ;\n\toa:motivatedBy oa:commenting .\n"
    http_version: 
  recorded_at: Mon, 27 Apr 2015 19:05:53 GMT
- request:
    method: get
    uri: http://localhost:8983/fedora/rest/anno/273ba4e5-c1b3-4634-8f14-fa743bfb67e8/b/12a5d617-51c0-44e0-880e-7aa42db1e355
    body:
      encoding: US-ASCII
      string: ''
    headers:
      User-Agent:
      - Faraday v0.9.1
      Prefer:
      - return=respresentation; omit="http://fedora.info/definitions/v4/repository#ServerManaged"
      Accept:
      - application/x-turtle
      Accept-Encoding:
      - gzip;q=1.0,deflate;q=0.6,identity;q=0.3
  response:
    status:
      code: 200
      message: OK
    headers:
      Etag:
      - '"4969cdecee253f600cf2a05e068ad3f841726d94"'
      Last-Modified:
      - Mon, 27 Apr 2015 19:05:53 GMT
      Link:
      - <http://www.w3.org/ns/ldp#DirectContainer>;rel="type"
      - <http://www.w3.org/ns/ldp#Resource>;rel="type"
      Accept-Patch:
      - application/sparql-update
      Accept-Post:
      - text/turtle,text/rdf+n3,application/n3,text/n3,application/rdf+xml,application/n-triples,multipart/form-data,application/sparql-update
      Allow:
      - MOVE,COPY,DELETE,POST,HEAD,GET,PUT,PATCH,OPTIONS
      Preference-Applied:
      - return=representation
      Vary:
      - Accept, Range, Accept-Encoding, Accept-Language
      - Prefer
      Content-Length:
      - '1441'
      Content-Type:
      - application/x-turtle
    body:
      encoding: UTF-8
      string: "@prefix premis: <http://www.loc.gov/premis/rdf/v1#> .\n@prefix fedorarelsext:
        <http://fedora.info/definitions/v4/rels-ext#> .\n@prefix nt: <http://www.jcp.org/jcr/nt/1.0>
        .\n@prefix rdfs: <http://www.w3.org/2000/01/rdf-schema#> .\n@prefix xsi: <http://www.w3.org/2001/XMLSchema-instance>
        .\n@prefix mode: <http://www.modeshape.org/1.0> .\n@prefix oa: <http://www.w3.org/ns/oa#>
        .\n@prefix xml: <http://www.w3.org/XML/1998/namespace> .\n@prefix fcrepo:
        <http://fedora.info/definitions/v4/repository#> .\n@prefix fedoraconfig: <http://fedora.info/definitions/v4/config#>
        .\n@prefix mix: <http://www.jcp.org/jcr/mix/1.0> .\n@prefix foaf: <http://xmlns.com/foaf/0.1/>
        .\n@prefix image: <http://www.modeshape.org/images/1.0> .\n@prefix sv: <http://www.jcp.org/jcr/sv/1.0>
        .\n@prefix test: <info:fedora/test/> .\n@prefix cnt: <http://www.w3.org/2011/content#>
        .\n@prefix dcmitype: <http://purl.org/dc/dcmitype/> .\n@prefix triannon: <http://triannon.stanford.edu/ns/>
        .\n@prefix rdf: <http://www.w3.org/1999/02/22-rdf-syntax-ns#> .\n@prefix fedora:
        <http://fedora.info/definitions/v4/rest-api#> .\n@prefix ldp: <http://www.w3.org/ns/ldp#>
        .\n@prefix xs: <http://www.w3.org/2001/XMLSchema> .\n@prefix dc: <http://purl.org/dc/elements/1.1/>
        .\n\n\n<http://localhost:8983/fedora/rest/anno/273ba4e5-c1b3-4634-8f14-fa743bfb67e8/b/12a5d617-51c0-44e0-880e-7aa42db1e355>
        a dcmitype:Text , cnt:ContentAsText ;\n\tcnt:chars \"I love this!\"^^<http://www.w3.org/2001/XMLSchema#string>
        .\n"
    http_version: 
  recorded_at: Mon, 27 Apr 2015 19:05:53 GMT
- request:
    method: get
    uri: http://localhost:8983/fedora/rest/anno/273ba4e5-c1b3-4634-8f14-fa743bfb67e8/t/f424d69a-35eb-4c11-8298-67e6c7c85dcd
    body:
      encoding: US-ASCII
      string: ''
    headers:
      User-Agent:
      - Faraday v0.9.1
      Prefer:
      - return=respresentation; omit="http://fedora.info/definitions/v4/repository#ServerManaged"
      Accept:
      - application/x-turtle
      Accept-Encoding:
      - gzip;q=1.0,deflate;q=0.6,identity;q=0.3
  response:
    status:
      code: 200
      message: OK
    headers:
      Etag:
      - '"1357cd8a463eacec7fd82ab5b9fa97d982a2bbe7"'
      Last-Modified:
      - Mon, 27 Apr 2015 19:05:53 GMT
      Link:
      - <http://www.w3.org/ns/ldp#DirectContainer>;rel="type"
      - <http://www.w3.org/ns/ldp#Resource>;rel="type"
      Accept-Patch:
      - application/sparql-update
      Accept-Post:
      - text/turtle,text/rdf+n3,application/n3,text/n3,application/rdf+xml,application/n-triples,multipart/form-data,application/sparql-update
      Allow:
      - MOVE,COPY,DELETE,POST,HEAD,GET,PUT,PATCH,OPTIONS
      Preference-Applied:
      - return=representation
      Vary:
      - Accept, Range, Accept-Encoding, Accept-Language
      - Prefer
      Content-Length:
      - '1400'
      Content-Type:
      - application/x-turtle
    body:
      encoding: UTF-8
      string: |
        @prefix premis: <http://www.loc.gov/premis/rdf/v1#> .
        @prefix fedorarelsext: <http://fedora.info/definitions/v4/rels-ext#> .
        @prefix nt: <http://www.jcp.org/jcr/nt/1.0> .
        @prefix rdfs: <http://www.w3.org/2000/01/rdf-schema#> .
        @prefix xsi: <http://www.w3.org/2001/XMLSchema-instance> .
        @prefix mode: <http://www.modeshape.org/1.0> .
        @prefix oa: <http://www.w3.org/ns/oa#> .
        @prefix xml: <http://www.w3.org/XML/1998/namespace> .
        @prefix fcrepo: <http://fedora.info/definitions/v4/repository#> .
        @prefix fedoraconfig: <http://fedora.info/definitions/v4/config#> .
        @prefix mix: <http://www.jcp.org/jcr/mix/1.0> .
        @prefix foaf: <http://xmlns.com/foaf/0.1/> .
        @prefix image: <http://www.modeshape.org/images/1.0> .
        @prefix sv: <http://www.jcp.org/jcr/sv/1.0> .
        @prefix test: <info:fedora/test/> .
        @prefix cnt: <http://www.w3.org/2011/content#> .
        @prefix dcmitype: <http://purl.org/dc/dcmitype/> .
        @prefix triannon: <http://triannon.stanford.edu/ns/> .
        @prefix rdf: <http://www.w3.org/1999/02/22-rdf-syntax-ns#> .
        @prefix fedora: <http://fedora.info/definitions/v4/rest-api#> .
        @prefix ldp: <http://www.w3.org/ns/ldp#> .
        @prefix xs: <http://www.w3.org/2001/XMLSchema> .
        @prefix dc: <http://purl.org/dc/elements/1.1/> .


        <http://localhost:8983/fedora/rest/anno/273ba4e5-c1b3-4634-8f14-fa743bfb67e8/t/f424d69a-35eb-4c11-8298-67e6c7c85dcd> triannon:externalReference <http://purl.stanford.edu/kq131cs7229> .
    http_version: 
  recorded_at: Mon, 27 Apr 2015 19:05:53 GMT
recorded_with: VCR 2.9.3
