---
http_interactions:
- request:
    method: head
    uri: http://localhost:8983/fedora/rest/anno/context_as_text_intgrtn_specs
    body:
      encoding: US-ASCII
      string: ''
    headers:
      User-Agent:
      - Faraday v0.9.1
      Accept:
      - "*/*"
  response:
    status:
      code: 200
      message: OK
    headers:
      Etag:
      - '"a13a99576353aaddf81b83f29adc0d27feb44497"'
      Last-Modified:
      - Fri, 26 Jun 2015 16:55:59 GMT
      Link:
      - <http://www.w3.org/ns/ldp#BasicContainer>;rel="type"
      - <http://www.w3.org/ns/ldp#Container>;rel="type"
      - <http://www.w3.org/ns/ldp#Resource>;rel="type"
      Accept-Patch:
      - application/sparql-update
      Accept-Post:
      - text/turtle,text/rdf+n3,text/n3,application/rdf+xml,application/n-triples,multipart/form-data,application/sparql-update
      Allow:
      - MOVE,COPY,DELETE,POST,HEAD,GET,PUT,PATCH,OPTIONS
      Content-Type:
      - text/tab-separated-values
      Content-Length:
      - '0'
    body:
      encoding: UTF-8
      string: ''
    http_version: 
  recorded_at: Fri, 26 Jun 2015 16:55:59 GMT
- request:
    method: post
    uri: http://localhost:8983/fedora/rest/anno/context_as_text_intgrtn_specs
    body:
      encoding: UTF-8
      string: |
        @prefix ldp: <http://www.w3.org/ns/ldp#> .
        @prefix oa: <http://www.w3.org/ns/oa#> .
        @prefix rdf: <http://www.w3.org/1999/02/22-rdf-syntax-ns#> .

        <> a oa:Annotation,
             ldp:BasicContainer;
           oa:motivatedBy oa:commenting .
    headers:
      User-Agent:
      - Faraday v0.9.1
      Prefer:
      - return=respresentation; omit="http://fedora.info/definitions/v4/repository#ServerManaged"
      Content-Type:
      - application/x-turtle
      Accept-Encoding:
      - gzip;q=1.0,deflate;q=0.6,identity;q=0.3
      Accept:
      - "*/*"
  response:
    status:
      code: 201
      message: Created
    headers:
      Etag:
      - '"f991b6cbe2249337a3a1f6f0e7e6729c57cae4bd"'
      Last-Modified:
      - Fri, 26 Jun 2015 16:55:59 GMT
      Content-Length:
      - '117'
      Location:
      - http://localhost:8983/fedora/rest/anno/context_as_text_intgrtn_specs/36/d2/e2/ab/36d2e2ab-00df-4219-9b62-e5c2ad9b954a
      Content-Type:
      - text/plain
    body:
      encoding: UTF-8
      string: http://localhost:8983/fedora/rest/anno/context_as_text_intgrtn_specs/36/d2/e2/ab/36d2e2ab-00df-4219-9b62-e5c2ad9b954a
    http_version: 
  recorded_at: Fri, 26 Jun 2015 16:55:59 GMT
- request:
    method: post
    uri: http://localhost:8983/fedora/rest/anno/context_as_text_intgrtn_specs/36/d2/e2/ab/36d2e2ab-00df-4219-9b62-e5c2ad9b954a
    body:
      encoding: UTF-8
      string: |
        @prefix ldp: <http://www.w3.org/ns/ldp#> .
        @prefix oa: <http://www.w3.org/ns/oa#> .
        @prefix rdf: <http://www.w3.org/1999/02/22-rdf-syntax-ns#> .

        <> a ldp:DirectContainer;
           ldp:hasMemberRelation oa:hasBody;
           ldp:membershipResource <http://localhost:8983/fedora/rest/anno/context_as_text_intgrtn_specs/36/d2/e2/ab/36d2e2ab-00df-4219-9b62-e5c2ad9b954a> .
    headers:
      User-Agent:
      - Faraday v0.9.1
      Prefer:
      - return=respresentation; omit="http://fedora.info/definitions/v4/repository#ServerManaged"
      Content-Type:
      - application/x-turtle
      Slug:
      - b
      Accept-Encoding:
      - gzip;q=1.0,deflate;q=0.6,identity;q=0.3
      Accept:
      - "*/*"
  response:
    status:
      code: 201
      message: Created
    headers:
      Etag:
      - '"5bd130e26f2de07359cf667b0c41cb6f8da70e78"'
      Last-Modified:
      - Fri, 26 Jun 2015 16:55:59 GMT
      Content-Length:
      - '119'
      Location:
      - http://localhost:8983/fedora/rest/anno/context_as_text_intgrtn_specs/36/d2/e2/ab/36d2e2ab-00df-4219-9b62-e5c2ad9b954a/b
      Content-Type:
      - text/plain
    body:
      encoding: UTF-8
      string: http://localhost:8983/fedora/rest/anno/context_as_text_intgrtn_specs/36/d2/e2/ab/36d2e2ab-00df-4219-9b62-e5c2ad9b954a/b
    http_version: 
  recorded_at: Fri, 26 Jun 2015 16:55:59 GMT
- request:
    method: post
    uri: http://localhost:8983/fedora/rest/anno/context_as_text_intgrtn_specs/36/d2/e2/ab/36d2e2ab-00df-4219-9b62-e5c2ad9b954a/b
    body:
      encoding: UTF-8
      string: |
        @prefix cnt: <http://www.w3.org/2011/content#> .
        @prefix dcmitype: <http://purl.org/dc/dcmitype/> .
        @prefix ldp: <http://www.w3.org/ns/ldp#> .
        @prefix rdf: <http://www.w3.org/1999/02/22-rdf-syntax-ns#> .
        @prefix xsd: <http://www.w3.org/2001/XMLSchema#> .

        <> a ldp:BasicContainer,
             cnt:ContentAsText,
             dcmitype:Text;
           cnt:chars "I love this!" .
    headers:
      User-Agent:
      - Faraday v0.9.1
      Prefer:
      - return=respresentation; omit="http://fedora.info/definitions/v4/repository#ServerManaged"
      Content-Type:
      - application/x-turtle
      Accept-Encoding:
      - gzip;q=1.0,deflate;q=0.6,identity;q=0.3
      Accept:
      - "*/*"
  response:
    status:
      code: 201
      message: Created
    headers:
      Etag:
      - '"eb8b65f55a015761ee65a4f4edaac288fdbbc151"'
      Last-Modified:
      - Fri, 26 Jun 2015 16:55:59 GMT
      Content-Length:
      - '168'
      Location:
      - http://localhost:8983/fedora/rest/anno/context_as_text_intgrtn_specs/36/d2/e2/ab/36d2e2ab-00df-4219-9b62-e5c2ad9b954a/b/6d/37/c8/53/6d37c853-4122-436b-84af-12d28115b21d
      Content-Type:
      - text/plain
    body:
      encoding: UTF-8
      string: http://localhost:8983/fedora/rest/anno/context_as_text_intgrtn_specs/36/d2/e2/ab/36d2e2ab-00df-4219-9b62-e5c2ad9b954a/b/6d/37/c8/53/6d37c853-4122-436b-84af-12d28115b21d
    http_version: 
  recorded_at: Fri, 26 Jun 2015 16:55:59 GMT
- request:
    method: post
    uri: http://localhost:8983/fedora/rest/anno/context_as_text_intgrtn_specs/36/d2/e2/ab/36d2e2ab-00df-4219-9b62-e5c2ad9b954a
    body:
      encoding: UTF-8
      string: |
        @prefix ldp: <http://www.w3.org/ns/ldp#> .
        @prefix oa: <http://www.w3.org/ns/oa#> .
        @prefix rdf: <http://www.w3.org/1999/02/22-rdf-syntax-ns#> .

        <> a ldp:DirectContainer;
           ldp:hasMemberRelation oa:hasTarget;
           ldp:membershipResource <http://localhost:8983/fedora/rest/anno/context_as_text_intgrtn_specs/36/d2/e2/ab/36d2e2ab-00df-4219-9b62-e5c2ad9b954a> .
    headers:
      User-Agent:
      - Faraday v0.9.1
      Prefer:
      - return=respresentation; omit="http://fedora.info/definitions/v4/repository#ServerManaged"
      Content-Type:
      - application/x-turtle
      Slug:
      - t
      Accept-Encoding:
      - gzip;q=1.0,deflate;q=0.6,identity;q=0.3
      Accept:
      - "*/*"
  response:
    status:
      code: 201
      message: Created
    headers:
      Etag:
      - '"da0c0b8b030515c6803ef294978180044755425b"'
      Last-Modified:
      - Fri, 26 Jun 2015 16:55:59 GMT
      Content-Length:
      - '119'
      Location:
      - http://localhost:8983/fedora/rest/anno/context_as_text_intgrtn_specs/36/d2/e2/ab/36d2e2ab-00df-4219-9b62-e5c2ad9b954a/t
      Content-Type:
      - text/plain
    body:
      encoding: UTF-8
      string: http://localhost:8983/fedora/rest/anno/context_as_text_intgrtn_specs/36/d2/e2/ab/36d2e2ab-00df-4219-9b62-e5c2ad9b954a/t
    http_version: 
  recorded_at: Fri, 26 Jun 2015 16:55:59 GMT
- request:
    method: post
    uri: http://localhost:8983/fedora/rest/anno/context_as_text_intgrtn_specs/36/d2/e2/ab/36d2e2ab-00df-4219-9b62-e5c2ad9b954a/t
    body:
      encoding: UTF-8
      string: |
        @prefix ldp: <http://www.w3.org/ns/ldp#> .
        @prefix rdf: <http://www.w3.org/1999/02/22-rdf-syntax-ns#> .
        @prefix triannon: <http://triannon.stanford.edu/ns/> .

        <> a ldp:BasicContainer;
           triannon:externalReference <http://purl.stanford.edu/kq131cs7229> .
    headers:
      User-Agent:
      - Faraday v0.9.1
      Prefer:
      - return=respresentation; omit="http://fedora.info/definitions/v4/repository#ServerManaged"
      Content-Type:
      - application/x-turtle
      Accept-Encoding:
      - gzip;q=1.0,deflate;q=0.6,identity;q=0.3
      Accept:
      - "*/*"
  response:
    status:
      code: 201
      message: Created
    headers:
      Etag:
      - '"51f90529474aef4b37132c98125f34d73b52eed0"'
      Last-Modified:
      - Fri, 26 Jun 2015 16:55:59 GMT
      Content-Length:
      - '168'
      Location:
      - http://localhost:8983/fedora/rest/anno/context_as_text_intgrtn_specs/36/d2/e2/ab/36d2e2ab-00df-4219-9b62-e5c2ad9b954a/t/33/56/3a/78/33563a78-615a-4ca3-81e8-0346522657a4
      Content-Type:
      - text/plain
    body:
      encoding: UTF-8
      string: http://localhost:8983/fedora/rest/anno/context_as_text_intgrtn_specs/36/d2/e2/ab/36d2e2ab-00df-4219-9b62-e5c2ad9b954a/t/33/56/3a/78/33563a78-615a-4ca3-81e8-0346522657a4
    http_version: 
  recorded_at: Fri, 26 Jun 2015 16:55:59 GMT
- request:
    method: get
    uri: http://localhost:8983/fedora/rest/anno/context_as_text_intgrtn_specs/36/d2/e2/ab/36d2e2ab-00df-4219-9b62-e5c2ad9b954a
    body:
      encoding: US-ASCII
      string: ''
    headers:
      User-Agent:
      - Faraday v0.9.1
      Prefer:
      - return=respresentation; omit="http://fedora.info/definitions/v4/repository#ServerManaged"
      Accept:
      - application/x-turtle
      Accept-Encoding:
      - gzip;q=1.0,deflate;q=0.6,identity;q=0.3
  response:
    status:
      code: 200
      message: OK
    headers:
      Etag:
      - '"aa48a4c4268e6cdc8ce9ae32047713ed729f0794"'
      Last-Modified:
      - Fri, 26 Jun 2015 16:55:59 GMT
      Link:
      - <http://www.w3.org/ns/ldp#BasicContainer>;rel="type"
      - <http://www.w3.org/ns/ldp#Container>;rel="type"
      - <http://www.w3.org/ns/ldp#Resource>;rel="type"
      Accept-Patch:
      - application/sparql-update
      Accept-Post:
      - text/turtle,text/rdf+n3,text/n3,application/rdf+xml,application/n-triples,multipart/form-data,application/sparql-update
      Allow:
      - MOVE,COPY,DELETE,POST,HEAD,GET,PUT,PATCH,OPTIONS
      Preference-Applied:
      - return=representation
      Vary:
      - Accept, Range, Accept-Encoding, Accept-Language
      - Prefer
      Content-Length:
      - '1905'
      Content-Type:
      - application/x-turtle
    body:
      encoding: UTF-8
      string: "@prefix premis: <http://www.loc.gov/premis/rdf/v1#> .\n@prefix image:
        <http://www.modeshape.org/images/1.0> .\n@prefix sv: <http://www.jcp.org/jcr/sv/1.0>
        .\n@prefix test: <info:fedora/test/> .\n@prefix nt: <http://www.jcp.org/jcr/nt/1.0>
        .\n@prefix cnt: <http://www.w3.org/2011/content#> .\n@prefix dcmitype: <http://purl.org/dc/dcmitype/>
        .\n@prefix rdfs: <http://www.w3.org/2000/01/rdf-schema#> .\n@prefix xsi: <http://www.w3.org/2001/XMLSchema-instance>
        .\n@prefix mode: <http://www.modeshape.org/1.0> .\n@prefix oa: <http://www.w3.org/ns/oa#>
        .\n@prefix triannon: <http://triannon.stanford.edu/ns/> .\n@prefix rdf: <http://www.w3.org/1999/02/22-rdf-syntax-ns#>
        .\n@prefix fedora: <http://fedora.info/definitions/v4/repository#> .\n@prefix
        xml: <http://www.w3.org/XML/1998/namespace> .\n@prefix ldp: <http://www.w3.org/ns/ldp#>
        .\n@prefix xs: <http://www.w3.org/2001/XMLSchema> .\n@prefix fedoraconfig:
        <http://fedora.info/definitions/v4/config#> .\n@prefix mix: <http://www.jcp.org/jcr/mix/1.0>
        .\n@prefix foaf: <http://xmlns.com/foaf/0.1/> .\n@prefix dc: <http://purl.org/dc/elements/1.1/>
        .\n\n\n<http://localhost:8983/fedora/rest/anno/context_as_text_intgrtn_specs/36/d2/e2/ab/36d2e2ab-00df-4219-9b62-e5c2ad9b954a>
        a oa:Annotation , ldp:BasicContainer ;\n\toa:motivatedBy oa:commenting ;\n\tldp:contains
        <http://localhost:8983/fedora/rest/anno/context_as_text_intgrtn_specs/36/d2/e2/ab/36d2e2ab-00df-4219-9b62-e5c2ad9b954a/b>
        , <http://localhost:8983/fedora/rest/anno/context_as_text_intgrtn_specs/36/d2/e2/ab/36d2e2ab-00df-4219-9b62-e5c2ad9b954a/t>
        ;\n\toa:hasTarget <http://localhost:8983/fedora/rest/anno/context_as_text_intgrtn_specs/36/d2/e2/ab/36d2e2ab-00df-4219-9b62-e5c2ad9b954a/t/33/56/3a/78/33563a78-615a-4ca3-81e8-0346522657a4>
        ;\n\toa:hasBody <http://localhost:8983/fedora/rest/anno/context_as_text_intgrtn_specs/36/d2/e2/ab/36d2e2ab-00df-4219-9b62-e5c2ad9b954a/b/6d/37/c8/53/6d37c853-4122-436b-84af-12d28115b21d>
        .\n"
    http_version: 
  recorded_at: Fri, 26 Jun 2015 16:55:59 GMT
- request:
    method: get
    uri: http://localhost:8983/fedora/rest/anno/context_as_text_intgrtn_specs/36/d2/e2/ab/36d2e2ab-00df-4219-9b62-e5c2ad9b954a/b/6d/37/c8/53/6d37c853-4122-436b-84af-12d28115b21d
    body:
      encoding: US-ASCII
      string: ''
    headers:
      User-Agent:
      - Faraday v0.9.1
      Prefer:
      - return=respresentation; omit="http://fedora.info/definitions/v4/repository#ServerManaged"
      Accept:
      - application/x-turtle
      Accept-Encoding:
      - gzip;q=1.0,deflate;q=0.6,identity;q=0.3
  response:
    status:
      code: 200
      message: OK
    headers:
      Etag:
      - '"eb8b65f55a015761ee65a4f4edaac288fdbbc151"'
      Last-Modified:
      - Fri, 26 Jun 2015 16:55:59 GMT
      Link:
      - <http://www.w3.org/ns/ldp#BasicContainer>;rel="type"
      - <http://www.w3.org/ns/ldp#Container>;rel="type"
      - <http://www.w3.org/ns/ldp#Resource>;rel="type"
      Accept-Patch:
      - application/sparql-update
      Accept-Post:
      - text/turtle,text/rdf+n3,text/n3,application/rdf+xml,application/n-triples,multipart/form-data,application/sparql-update
      Allow:
      - MOVE,COPY,DELETE,POST,HEAD,GET,PUT,PATCH,OPTIONS
      Preference-Applied:
      - return=representation
      Vary:
      - Accept, Range, Accept-Encoding, Accept-Language
      - Prefer
      Content-Length:
      - '1381'
      Content-Type:
      - application/x-turtle
    body:
      encoding: UTF-8
      string: "@prefix premis: <http://www.loc.gov/premis/rdf/v1#> .\n@prefix image:
        <http://www.modeshape.org/images/1.0> .\n@prefix sv: <http://www.jcp.org/jcr/sv/1.0>
        .\n@prefix test: <info:fedora/test/> .\n@prefix nt: <http://www.jcp.org/jcr/nt/1.0>
        .\n@prefix cnt: <http://www.w3.org/2011/content#> .\n@prefix dcmitype: <http://purl.org/dc/dcmitype/>
        .\n@prefix rdfs: <http://www.w3.org/2000/01/rdf-schema#> .\n@prefix xsi: <http://www.w3.org/2001/XMLSchema-instance>
        .\n@prefix mode: <http://www.modeshape.org/1.0> .\n@prefix oa: <http://www.w3.org/ns/oa#>
        .\n@prefix triannon: <http://triannon.stanford.edu/ns/> .\n@prefix rdf: <http://www.w3.org/1999/02/22-rdf-syntax-ns#>
        .\n@prefix fedora: <http://fedora.info/definitions/v4/repository#> .\n@prefix
        xml: <http://www.w3.org/XML/1998/namespace> .\n@prefix ldp: <http://www.w3.org/ns/ldp#>
        .\n@prefix xs: <http://www.w3.org/2001/XMLSchema> .\n@prefix fedoraconfig:
        <http://fedora.info/definitions/v4/config#> .\n@prefix mix: <http://www.jcp.org/jcr/mix/1.0>
        .\n@prefix foaf: <http://xmlns.com/foaf/0.1/> .\n@prefix dc: <http://purl.org/dc/elements/1.1/>
        .\n\n\n<http://localhost:8983/fedora/rest/anno/context_as_text_intgrtn_specs/36/d2/e2/ab/36d2e2ab-00df-4219-9b62-e5c2ad9b954a/b/6d/37/c8/53/6d37c853-4122-436b-84af-12d28115b21d>
        a dcmitype:Text , ldp:BasicContainer , cnt:ContentAsText ;\n\tcnt:chars \"I
        love this!\"^^<http://www.w3.org/2001/XMLSchema#string> .\n"
    http_version: 
  recorded_at: Fri, 26 Jun 2015 16:55:59 GMT
- request:
    method: get
    uri: http://localhost:8983/fedora/rest/anno/context_as_text_intgrtn_specs/36/d2/e2/ab/36d2e2ab-00df-4219-9b62-e5c2ad9b954a/t/33/56/3a/78/33563a78-615a-4ca3-81e8-0346522657a4
    body:
      encoding: US-ASCII
      string: ''
    headers:
      User-Agent:
      - Faraday v0.9.1
      Prefer:
      - return=respresentation; omit="http://fedora.info/definitions/v4/repository#ServerManaged"
      Accept:
      - application/x-turtle
      Accept-Encoding:
      - gzip;q=1.0,deflate;q=0.6,identity;q=0.3
  response:
    status:
      code: 200
      message: OK
    headers:
      Etag:
      - '"51f90529474aef4b37132c98125f34d73b52eed0"'
      Last-Modified:
      - Fri, 26 Jun 2015 16:55:59 GMT
      Link:
      - <http://www.w3.org/ns/ldp#BasicContainer>;rel="type"
      - <http://www.w3.org/ns/ldp#Container>;rel="type"
      - <http://www.w3.org/ns/ldp#Resource>;rel="type"
      Accept-Patch:
      - application/sparql-update
      Accept-Post:
      - text/turtle,text/rdf+n3,text/n3,application/rdf+xml,application/n-triples,multipart/form-data,application/sparql-update
      Allow:
      - MOVE,COPY,DELETE,POST,HEAD,GET,PUT,PATCH,OPTIONS
      Preference-Applied:
      - return=representation
      Vary:
      - Accept, Range, Accept-Encoding, Accept-Language
      - Prefer
      Content-Length:
      - '1343'
      Content-Type:
      - application/x-turtle
    body:
      encoding: UTF-8
      string: "@prefix premis: <http://www.loc.gov/premis/rdf/v1#> .\n@prefix image:
        <http://www.modeshape.org/images/1.0> .\n@prefix sv: <http://www.jcp.org/jcr/sv/1.0>
        .\n@prefix test: <info:fedora/test/> .\n@prefix nt: <http://www.jcp.org/jcr/nt/1.0>
        .\n@prefix cnt: <http://www.w3.org/2011/content#> .\n@prefix dcmitype: <http://purl.org/dc/dcmitype/>
        .\n@prefix rdfs: <http://www.w3.org/2000/01/rdf-schema#> .\n@prefix xsi: <http://www.w3.org/2001/XMLSchema-instance>
        .\n@prefix mode: <http://www.modeshape.org/1.0> .\n@prefix oa: <http://www.w3.org/ns/oa#>
        .\n@prefix triannon: <http://triannon.stanford.edu/ns/> .\n@prefix rdf: <http://www.w3.org/1999/02/22-rdf-syntax-ns#>
        .\n@prefix fedora: <http://fedora.info/definitions/v4/repository#> .\n@prefix
        xml: <http://www.w3.org/XML/1998/namespace> .\n@prefix ldp: <http://www.w3.org/ns/ldp#>
        .\n@prefix xs: <http://www.w3.org/2001/XMLSchema> .\n@prefix fedoraconfig:
        <http://fedora.info/definitions/v4/config#> .\n@prefix mix: <http://www.jcp.org/jcr/mix/1.0>
        .\n@prefix foaf: <http://xmlns.com/foaf/0.1/> .\n@prefix dc: <http://purl.org/dc/elements/1.1/>
        .\n\n\n<http://localhost:8983/fedora/rest/anno/context_as_text_intgrtn_specs/36/d2/e2/ab/36d2e2ab-00df-4219-9b62-e5c2ad9b954a/t/33/56/3a/78/33563a78-615a-4ca3-81e8-0346522657a4>
        a ldp:BasicContainer ;\n\ttriannon:externalReference <http://purl.stanford.edu/kq131cs7229>
        .\n"
    http_version: 
  recorded_at: Fri, 26 Jun 2015 16:55:59 GMT
- request:
    method: get
    uri: http://localhost:8983/fedora/rest/anno/context_as_text_intgrtn_specs/36/d2/e2/ab/36d2e2ab-00df-4219-9b62-e5c2ad9b954a
    body:
      encoding: US-ASCII
      string: ''
    headers:
      User-Agent:
      - Faraday v0.9.1
      Prefer:
      - return=respresentation; omit="http://fedora.info/definitions/v4/repository#ServerManaged"
      Accept:
      - application/x-turtle
      Accept-Encoding:
      - gzip;q=1.0,deflate;q=0.6,identity;q=0.3
  response:
    status:
      code: 200
      message: OK
    headers:
      Etag:
      - '"aa48a4c4268e6cdc8ce9ae32047713ed729f0794"'
      Last-Modified:
      - Fri, 26 Jun 2015 16:55:59 GMT
      Link:
      - <http://www.w3.org/ns/ldp#BasicContainer>;rel="type"
      - <http://www.w3.org/ns/ldp#Container>;rel="type"
      - <http://www.w3.org/ns/ldp#Resource>;rel="type"
      Accept-Patch:
      - application/sparql-update
      Accept-Post:
      - text/turtle,text/rdf+n3,text/n3,application/rdf+xml,application/n-triples,multipart/form-data,application/sparql-update
      Allow:
      - MOVE,COPY,DELETE,POST,HEAD,GET,PUT,PATCH,OPTIONS
      Preference-Applied:
      - return=representation
      Vary:
      - Accept, Range, Accept-Encoding, Accept-Language
      - Prefer
      Content-Length:
      - '1905'
      Content-Type:
      - application/x-turtle
    body:
      encoding: UTF-8
      string: "@prefix premis: <http://www.loc.gov/premis/rdf/v1#> .\n@prefix image:
        <http://www.modeshape.org/images/1.0> .\n@prefix sv: <http://www.jcp.org/jcr/sv/1.0>
        .\n@prefix test: <info:fedora/test/> .\n@prefix nt: <http://www.jcp.org/jcr/nt/1.0>
        .\n@prefix cnt: <http://www.w3.org/2011/content#> .\n@prefix dcmitype: <http://purl.org/dc/dcmitype/>
        .\n@prefix rdfs: <http://www.w3.org/2000/01/rdf-schema#> .\n@prefix xsi: <http://www.w3.org/2001/XMLSchema-instance>
        .\n@prefix mode: <http://www.modeshape.org/1.0> .\n@prefix oa: <http://www.w3.org/ns/oa#>
        .\n@prefix triannon: <http://triannon.stanford.edu/ns/> .\n@prefix rdf: <http://www.w3.org/1999/02/22-rdf-syntax-ns#>
        .\n@prefix fedora: <http://fedora.info/definitions/v4/repository#> .\n@prefix
        xml: <http://www.w3.org/XML/1998/namespace> .\n@prefix ldp: <http://www.w3.org/ns/ldp#>
        .\n@prefix xs: <http://www.w3.org/2001/XMLSchema> .\n@prefix fedoraconfig:
        <http://fedora.info/definitions/v4/config#> .\n@prefix mix: <http://www.jcp.org/jcr/mix/1.0>
        .\n@prefix foaf: <http://xmlns.com/foaf/0.1/> .\n@prefix dc: <http://purl.org/dc/elements/1.1/>
        .\n\n\n<http://localhost:8983/fedora/rest/anno/context_as_text_intgrtn_specs/36/d2/e2/ab/36d2e2ab-00df-4219-9b62-e5c2ad9b954a>
        a oa:Annotation , ldp:BasicContainer ;\n\toa:motivatedBy oa:commenting ;\n\tldp:contains
        <http://localhost:8983/fedora/rest/anno/context_as_text_intgrtn_specs/36/d2/e2/ab/36d2e2ab-00df-4219-9b62-e5c2ad9b954a/b>
        , <http://localhost:8983/fedora/rest/anno/context_as_text_intgrtn_specs/36/d2/e2/ab/36d2e2ab-00df-4219-9b62-e5c2ad9b954a/t>
        ;\n\toa:hasTarget <http://localhost:8983/fedora/rest/anno/context_as_text_intgrtn_specs/36/d2/e2/ab/36d2e2ab-00df-4219-9b62-e5c2ad9b954a/t/33/56/3a/78/33563a78-615a-4ca3-81e8-0346522657a4>
        ;\n\toa:hasBody <http://localhost:8983/fedora/rest/anno/context_as_text_intgrtn_specs/36/d2/e2/ab/36d2e2ab-00df-4219-9b62-e5c2ad9b954a/b/6d/37/c8/53/6d37c853-4122-436b-84af-12d28115b21d>
        .\n"
    http_version: 
  recorded_at: Fri, 26 Jun 2015 16:55:59 GMT
- request:
    method: get
    uri: http://localhost:8983/fedora/rest/anno/context_as_text_intgrtn_specs/36/d2/e2/ab/36d2e2ab-00df-4219-9b62-e5c2ad9b954a/b/6d/37/c8/53/6d37c853-4122-436b-84af-12d28115b21d
    body:
      encoding: US-ASCII
      string: ''
    headers:
      User-Agent:
      - Faraday v0.9.1
      Prefer:
      - return=respresentation; omit="http://fedora.info/definitions/v4/repository#ServerManaged"
      Accept:
      - application/x-turtle
      Accept-Encoding:
      - gzip;q=1.0,deflate;q=0.6,identity;q=0.3
  response:
    status:
      code: 200
      message: OK
    headers:
      Etag:
      - '"eb8b65f55a015761ee65a4f4edaac288fdbbc151"'
      Last-Modified:
      - Fri, 26 Jun 2015 16:55:59 GMT
      Link:
      - <http://www.w3.org/ns/ldp#BasicContainer>;rel="type"
      - <http://www.w3.org/ns/ldp#Container>;rel="type"
      - <http://www.w3.org/ns/ldp#Resource>;rel="type"
      Accept-Patch:
      - application/sparql-update
      Accept-Post:
      - text/turtle,text/rdf+n3,text/n3,application/rdf+xml,application/n-triples,multipart/form-data,application/sparql-update
      Allow:
      - MOVE,COPY,DELETE,POST,HEAD,GET,PUT,PATCH,OPTIONS
      Preference-Applied:
      - return=representation
      Vary:
      - Accept, Range, Accept-Encoding, Accept-Language
      - Prefer
      Content-Length:
      - '1381'
      Content-Type:
      - application/x-turtle
    body:
      encoding: UTF-8
      string: "@prefix premis: <http://www.loc.gov/premis/rdf/v1#> .\n@prefix image:
        <http://www.modeshape.org/images/1.0> .\n@prefix sv: <http://www.jcp.org/jcr/sv/1.0>
        .\n@prefix test: <info:fedora/test/> .\n@prefix nt: <http://www.jcp.org/jcr/nt/1.0>
        .\n@prefix cnt: <http://www.w3.org/2011/content#> .\n@prefix dcmitype: <http://purl.org/dc/dcmitype/>
        .\n@prefix rdfs: <http://www.w3.org/2000/01/rdf-schema#> .\n@prefix xsi: <http://www.w3.org/2001/XMLSchema-instance>
        .\n@prefix mode: <http://www.modeshape.org/1.0> .\n@prefix oa: <http://www.w3.org/ns/oa#>
        .\n@prefix triannon: <http://triannon.stanford.edu/ns/> .\n@prefix rdf: <http://www.w3.org/1999/02/22-rdf-syntax-ns#>
        .\n@prefix fedora: <http://fedora.info/definitions/v4/repository#> .\n@prefix
        xml: <http://www.w3.org/XML/1998/namespace> .\n@prefix ldp: <http://www.w3.org/ns/ldp#>
        .\n@prefix xs: <http://www.w3.org/2001/XMLSchema> .\n@prefix fedoraconfig:
        <http://fedora.info/definitions/v4/config#> .\n@prefix mix: <http://www.jcp.org/jcr/mix/1.0>
        .\n@prefix foaf: <http://xmlns.com/foaf/0.1/> .\n@prefix dc: <http://purl.org/dc/elements/1.1/>
        .\n\n\n<http://localhost:8983/fedora/rest/anno/context_as_text_intgrtn_specs/36/d2/e2/ab/36d2e2ab-00df-4219-9b62-e5c2ad9b954a/b/6d/37/c8/53/6d37c853-4122-436b-84af-12d28115b21d>
        a dcmitype:Text , ldp:BasicContainer , cnt:ContentAsText ;\n\tcnt:chars \"I
        love this!\"^^<http://www.w3.org/2001/XMLSchema#string> .\n"
    http_version: 
  recorded_at: Fri, 26 Jun 2015 16:55:59 GMT
- request:
    method: get
    uri: http://localhost:8983/fedora/rest/anno/context_as_text_intgrtn_specs/36/d2/e2/ab/36d2e2ab-00df-4219-9b62-e5c2ad9b954a/t/33/56/3a/78/33563a78-615a-4ca3-81e8-0346522657a4
    body:
      encoding: US-ASCII
      string: ''
    headers:
      User-Agent:
      - Faraday v0.9.1
      Prefer:
      - return=respresentation; omit="http://fedora.info/definitions/v4/repository#ServerManaged"
      Accept:
      - application/x-turtle
      Accept-Encoding:
      - gzip;q=1.0,deflate;q=0.6,identity;q=0.3
  response:
    status:
      code: 200
      message: OK
    headers:
      Etag:
      - '"51f90529474aef4b37132c98125f34d73b52eed0"'
      Last-Modified:
      - Fri, 26 Jun 2015 16:55:59 GMT
      Link:
      - <http://www.w3.org/ns/ldp#BasicContainer>;rel="type"
      - <http://www.w3.org/ns/ldp#Container>;rel="type"
      - <http://www.w3.org/ns/ldp#Resource>;rel="type"
      Accept-Patch:
      - application/sparql-update
      Accept-Post:
      - text/turtle,text/rdf+n3,text/n3,application/rdf+xml,application/n-triples,multipart/form-data,application/sparql-update
      Allow:
      - MOVE,COPY,DELETE,POST,HEAD,GET,PUT,PATCH,OPTIONS
      Preference-Applied:
      - return=representation
      Vary:
      - Accept, Range, Accept-Encoding, Accept-Language
      - Prefer
      Content-Length:
      - '1343'
      Content-Type:
      - application/x-turtle
    body:
      encoding: UTF-8
      string: "@prefix premis: <http://www.loc.gov/premis/rdf/v1#> .\n@prefix image:
        <http://www.modeshape.org/images/1.0> .\n@prefix sv: <http://www.jcp.org/jcr/sv/1.0>
        .\n@prefix test: <info:fedora/test/> .\n@prefix nt: <http://www.jcp.org/jcr/nt/1.0>
        .\n@prefix cnt: <http://www.w3.org/2011/content#> .\n@prefix dcmitype: <http://purl.org/dc/dcmitype/>
        .\n@prefix rdfs: <http://www.w3.org/2000/01/rdf-schema#> .\n@prefix xsi: <http://www.w3.org/2001/XMLSchema-instance>
        .\n@prefix mode: <http://www.modeshape.org/1.0> .\n@prefix oa: <http://www.w3.org/ns/oa#>
        .\n@prefix triannon: <http://triannon.stanford.edu/ns/> .\n@prefix rdf: <http://www.w3.org/1999/02/22-rdf-syntax-ns#>
        .\n@prefix fedora: <http://fedora.info/definitions/v4/repository#> .\n@prefix
        xml: <http://www.w3.org/XML/1998/namespace> .\n@prefix ldp: <http://www.w3.org/ns/ldp#>
        .\n@prefix xs: <http://www.w3.org/2001/XMLSchema> .\n@prefix fedoraconfig:
        <http://fedora.info/definitions/v4/config#> .\n@prefix mix: <http://www.jcp.org/jcr/mix/1.0>
        .\n@prefix foaf: <http://xmlns.com/foaf/0.1/> .\n@prefix dc: <http://purl.org/dc/elements/1.1/>
        .\n\n\n<http://localhost:8983/fedora/rest/anno/context_as_text_intgrtn_specs/36/d2/e2/ab/36d2e2ab-00df-4219-9b62-e5c2ad9b954a/t/33/56/3a/78/33563a78-615a-4ca3-81e8-0346522657a4>
        a ldp:BasicContainer ;\n\ttriannon:externalReference <http://purl.stanford.edu/kq131cs7229>
        .\n"
    http_version: 
  recorded_at: Fri, 26 Jun 2015 16:56:00 GMT
recorded_with: VCR 2.9.3
