---
http_interactions:
- request:
    method: post
    uri: http://localhost:8983/fedora/rest/anno
    body:
      encoding: UTF-8
      string: |
        @prefix oa: <http://www.w3.org/ns/oa#> .
        @prefix rdf: <http://www.w3.org/1999/02/22-rdf-syntax-ns#> .

        <> a oa:Annotation;
           oa:motivatedBy oa:commenting .
    headers:
      User-Agent:
      - Faraday v0.9.1
      Prefer:
      - return=respresentation; omit="http://fedora.info/definitions/v4/repository#ServerManaged"
      Content-Type:
      - application/x-turtle
      Accept-Encoding:
      - gzip;q=1.0,deflate;q=0.6,identity;q=0.3
      Accept:
      - "*/*"
  response:
    status:
      code: 201
      message: Created
    headers:
      Etag:
      - '"c54ca40039c93b42b756cfb1c8e596c6d0f354a6"'
      Last-Modified:
      - Tue, 05 May 2015 00:47:49 GMT
      Content-Length:
      - '87'
      Location:
      - http://localhost:8983/fedora/rest/anno/2c/23/c8/91/2c23c891-1353-4a55-8dd3-976b023c68ce
      Content-Type:
      - text/plain
    body:
      encoding: UTF-8
      string: http://localhost:8983/fedora/rest/anno/2c/23/c8/91/2c23c891-1353-4a55-8dd3-976b023c68ce
    http_version: 
  recorded_at: Tue, 05 May 2015 00:47:49 GMT
- request:
    method: post
    uri: http://localhost:8983/fedora/rest/anno/2c/23/c8/91/2c23c891-1353-4a55-8dd3-976b023c68ce
    body:
      encoding: UTF-8
      string: |
        @prefix ldp: <http://www.w3.org/ns/ldp#> .
        @prefix oa: <http://www.w3.org/ns/oa#> .
        @prefix rdf: <http://www.w3.org/1999/02/22-rdf-syntax-ns#> .

        <> a ldp:DirectContainer;
           ldp:hasMemberRelation oa:hasBody;
           ldp:membershipResource <http://localhost:8983/fedora/rest/anno/2c/23/c8/91/2c23c891-1353-4a55-8dd3-976b023c68ce> .
    headers:
      User-Agent:
      - Faraday v0.9.1
      Prefer:
      - return=respresentation; omit="http://fedora.info/definitions/v4/repository#ServerManaged"
      Content-Type:
      - application/x-turtle
      Slug:
      - b
      Accept-Encoding:
      - gzip;q=1.0,deflate;q=0.6,identity;q=0.3
      Accept:
      - "*/*"
  response:
    status:
      code: 201
      message: Created
    headers:
      Etag:
      - '"0b898f9d875735f8226c2e0fe92168eb55ac6c20"'
      Last-Modified:
      - Tue, 05 May 2015 00:47:49 GMT
      Content-Length:
      - '89'
      Location:
      - http://localhost:8983/fedora/rest/anno/2c/23/c8/91/2c23c891-1353-4a55-8dd3-976b023c68ce/b
      Content-Type:
      - text/plain
    body:
      encoding: UTF-8
      string: http://localhost:8983/fedora/rest/anno/2c/23/c8/91/2c23c891-1353-4a55-8dd3-976b023c68ce/b
    http_version: 
  recorded_at: Tue, 05 May 2015 00:47:49 GMT
- request:
    method: post
    uri: http://localhost:8983/fedora/rest/anno/2c/23/c8/91/2c23c891-1353-4a55-8dd3-976b023c68ce/b
    body:
      encoding: UTF-8
      string: |
        @prefix cnt: <http://www.w3.org/2011/content#> .
        @prefix dcmitype: <http://purl.org/dc/dcmitype/> .
        @prefix rdf: <http://www.w3.org/1999/02/22-rdf-syntax-ns#> .
        @prefix xsd: <http://www.w3.org/2001/XMLSchema#> .

        <> a cnt:ContentAsText,
             dcmitype:Text;
           cnt:chars "I love this!" .
    headers:
      User-Agent:
      - Faraday v0.9.1
      Prefer:
      - return=respresentation; omit="http://fedora.info/definitions/v4/repository#ServerManaged"
      Content-Type:
      - application/x-turtle
      Accept-Encoding:
      - gzip;q=1.0,deflate;q=0.6,identity;q=0.3
      Accept:
      - "*/*"
  response:
    status:
      code: 201
      message: Created
    headers:
      Etag:
      - '"453604949545ce3daa05dc32ba86a022b73f94ab"'
      Last-Modified:
      - Tue, 05 May 2015 00:47:49 GMT
      Content-Length:
      - '138'
      Location:
      - http://localhost:8983/fedora/rest/anno/2c/23/c8/91/2c23c891-1353-4a55-8dd3-976b023c68ce/b/ea/04/80/f1/ea0480f1-75d1-49d8-8997-749b16ddd573
      Content-Type:
      - text/plain
    body:
      encoding: UTF-8
      string: http://localhost:8983/fedora/rest/anno/2c/23/c8/91/2c23c891-1353-4a55-8dd3-976b023c68ce/b/ea/04/80/f1/ea0480f1-75d1-49d8-8997-749b16ddd573
    http_version: 
  recorded_at: Tue, 05 May 2015 00:47:49 GMT
- request:
    method: post
    uri: http://localhost:8983/fedora/rest/anno/2c/23/c8/91/2c23c891-1353-4a55-8dd3-976b023c68ce
    body:
      encoding: UTF-8
      string: |
        @prefix ldp: <http://www.w3.org/ns/ldp#> .
        @prefix oa: <http://www.w3.org/ns/oa#> .
        @prefix rdf: <http://www.w3.org/1999/02/22-rdf-syntax-ns#> .

        <> a ldp:DirectContainer;
           ldp:hasMemberRelation oa:hasTarget;
           ldp:membershipResource <http://localhost:8983/fedora/rest/anno/2c/23/c8/91/2c23c891-1353-4a55-8dd3-976b023c68ce> .
    headers:
      User-Agent:
      - Faraday v0.9.1
      Prefer:
      - return=respresentation; omit="http://fedora.info/definitions/v4/repository#ServerManaged"
      Content-Type:
      - application/x-turtle
      Slug:
      - t
      Accept-Encoding:
      - gzip;q=1.0,deflate;q=0.6,identity;q=0.3
      Accept:
      - "*/*"
  response:
    status:
      code: 201
      message: Created
    headers:
      Etag:
      - '"a4e52c7eb97055d4575092f4c4cabd1214921421"'
      Last-Modified:
      - Tue, 05 May 2015 00:47:49 GMT
      Content-Length:
      - '89'
      Location:
      - http://localhost:8983/fedora/rest/anno/2c/23/c8/91/2c23c891-1353-4a55-8dd3-976b023c68ce/t
      Content-Type:
      - text/plain
    body:
      encoding: UTF-8
      string: http://localhost:8983/fedora/rest/anno/2c/23/c8/91/2c23c891-1353-4a55-8dd3-976b023c68ce/t
    http_version: 
  recorded_at: Tue, 05 May 2015 00:47:49 GMT
- request:
    method: post
    uri: http://localhost:8983/fedora/rest/anno/2c/23/c8/91/2c23c891-1353-4a55-8dd3-976b023c68ce/t
    body:
      encoding: UTF-8
      string: |
        @prefix triannon: <http://triannon.stanford.edu/ns/> .

        <> triannon:externalReference <http://purl.stanford.edu/kq131cs7229> .
    headers:
      User-Agent:
      - Faraday v0.9.1
      Prefer:
      - return=respresentation; omit="http://fedora.info/definitions/v4/repository#ServerManaged"
      Content-Type:
      - application/x-turtle
      Accept-Encoding:
      - gzip;q=1.0,deflate;q=0.6,identity;q=0.3
      Accept:
      - "*/*"
  response:
    status:
      code: 201
      message: Created
    headers:
      Etag:
      - '"77cb3e1acbb97a52fa216b259534e3a449bd5861"'
      Last-Modified:
      - Tue, 05 May 2015 00:47:49 GMT
      Content-Length:
      - '138'
      Location:
      - http://localhost:8983/fedora/rest/anno/2c/23/c8/91/2c23c891-1353-4a55-8dd3-976b023c68ce/t/d7/e7/9e/30/d7e79e30-504c-438b-b8ff-950307241de7
      Content-Type:
      - text/plain
    body:
      encoding: UTF-8
      string: http://localhost:8983/fedora/rest/anno/2c/23/c8/91/2c23c891-1353-4a55-8dd3-976b023c68ce/t/d7/e7/9e/30/d7e79e30-504c-438b-b8ff-950307241de7
    http_version: 
  recorded_at: Tue, 05 May 2015 00:47:49 GMT
- request:
    method: get
    uri: http://localhost:8983/fedora/rest/anno/2c/23/c8/91/2c23c891-1353-4a55-8dd3-976b023c68ce
    body:
      encoding: US-ASCII
      string: ''
    headers:
      User-Agent:
      - Faraday v0.9.1
      Prefer:
      - return=respresentation; omit="http://fedora.info/definitions/v4/repository#ServerManaged"
      Accept:
      - application/x-turtle
      Accept-Encoding:
      - gzip;q=1.0,deflate;q=0.6,identity;q=0.3
  response:
    status:
      code: 200
      message: OK
    headers:
      Etag:
      - '"d9095cf9e7dc77aa82ce62b9583290d0d9656a92"'
      Last-Modified:
      - Tue, 05 May 2015 00:47:49 GMT
      Link:
      - <http://www.w3.org/ns/ldp#BasicContainer>;rel="type"
      - <http://www.w3.org/ns/ldp#Container>;rel="type"
      - <http://www.w3.org/ns/ldp#Resource>;rel="type"
      Accept-Patch:
      - application/sparql-update
      Accept-Post:
      - text/turtle,text/rdf+n3,text/n3,application/rdf+xml,application/n-triples,multipart/form-data,application/sparql-update
      Allow:
      - MOVE,COPY,DELETE,POST,HEAD,GET,PUT,PATCH,OPTIONS
      Preference-Applied:
      - return=representation
      Vary:
      - Accept, Range, Accept-Encoding, Accept-Language
      - Prefer
      Content-Length:
      - '1823'
      Content-Type:
      - application/x-turtle
    body:
      encoding: UTF-8
      string: "@prefix premis: <http://www.loc.gov/premis/rdf/v1#> .\n@prefix nt:
        <http://www.jcp.org/jcr/nt/1.0> .\n@prefix rdfs: <http://www.w3.org/2000/01/rdf-schema#>
        .\n@prefix xsi: <http://www.w3.org/2001/XMLSchema-instance> .\n@prefix mode:
        <http://www.modeshape.org/1.0> .\n@prefix oa: <http://www.w3.org/ns/oa#> .\n@prefix
        xml: <http://www.w3.org/XML/1998/namespace> .\n@prefix fedoraconfig: <http://fedora.info/definitions/v4/config#>
        .\n@prefix mix: <http://www.jcp.org/jcr/mix/1.0> .\n@prefix prov: <http://www.w3.org/ns/prov#>
        .\n@prefix foaf: <http://xmlns.com/foaf/0.1/> .\n@prefix image: <http://www.modeshape.org/images/1.0>
        .\n@prefix sv: <http://www.jcp.org/jcr/sv/1.0> .\n@prefix test: <info:fedora/test/>
        .\n@prefix cnt: <http://www.w3.org/2011/content#> .\n@prefix dcmitype: <http://purl.org/dc/dcmitype/>
        .\n@prefix dc11: <http://purl.org/dc/elements/1.1/> .\n@prefix triannon: <http://triannon.stanford.edu/ns/>
        .\n@prefix rdf: <http://www.w3.org/1999/02/22-rdf-syntax-ns#> .\n@prefix fedora:
        <http://fedora.info/definitions/v4/repository#> .\n@prefix ldp: <http://www.w3.org/ns/ldp#>
        .\n@prefix xs: <http://www.w3.org/2001/XMLSchema> .\n@prefix dc: <http://purl.org/dc/terms/>
        .\n\n\n<http://localhost:8983/fedora/rest/anno/2c/23/c8/91/2c23c891-1353-4a55-8dd3-976b023c68ce>
        a oa:Annotation ;\n\toa:motivatedBy oa:commenting ;\n\tldp:contains <http://localhost:8983/fedora/rest/anno/2c/23/c8/91/2c23c891-1353-4a55-8dd3-976b023c68ce/b>
        , <http://localhost:8983/fedora/rest/anno/2c/23/c8/91/2c23c891-1353-4a55-8dd3-976b023c68ce/t>
        ;\n\toa:hasTarget <http://localhost:8983/fedora/rest/anno/2c/23/c8/91/2c23c891-1353-4a55-8dd3-976b023c68ce/t/d7/e7/9e/30/d7e79e30-504c-438b-b8ff-950307241de7>
        ;\n\toa:hasBody <http://localhost:8983/fedora/rest/anno/2c/23/c8/91/2c23c891-1353-4a55-8dd3-976b023c68ce/b/ea/04/80/f1/ea0480f1-75d1-49d8-8997-749b16ddd573>
        .\n"
    http_version: 
  recorded_at: Tue, 05 May 2015 00:47:49 GMT
- request:
    method: get
    uri: http://localhost:8983/fedora/rest/anno/2c/23/c8/91/2c23c891-1353-4a55-8dd3-976b023c68ce/b/ea/04/80/f1/ea0480f1-75d1-49d8-8997-749b16ddd573
    body:
      encoding: US-ASCII
      string: ''
    headers:
      User-Agent:
      - Faraday v0.9.1
      Prefer:
      - return=respresentation; omit="http://fedora.info/definitions/v4/repository#ServerManaged"
      Accept:
      - application/x-turtle
      Accept-Encoding:
      - gzip;q=1.0,deflate;q=0.6,identity;q=0.3
  response:
    status:
      code: 200
      message: OK
    headers:
      Etag:
      - '"453604949545ce3daa05dc32ba86a022b73f94ab"'
      Last-Modified:
      - Tue, 05 May 2015 00:47:49 GMT
      Link:
      - <http://www.w3.org/ns/ldp#BasicContainer>;rel="type"
      - <http://www.w3.org/ns/ldp#Container>;rel="type"
      - <http://www.w3.org/ns/ldp#Resource>;rel="type"
      Accept-Patch:
      - application/sparql-update
      Accept-Post:
      - text/turtle,text/rdf+n3,text/n3,application/rdf+xml,application/n-triples,multipart/form-data,application/sparql-update
      Allow:
      - MOVE,COPY,DELETE,POST,HEAD,GET,PUT,PATCH,OPTIONS
      Preference-Applied:
      - return=representation
      Vary:
      - Accept, Range, Accept-Encoding, Accept-Language
      - Prefer
      Content-Length:
      - '1419'
      Content-Type:
      - application/x-turtle
    body:
      encoding: UTF-8
      string: "@prefix premis: <http://www.loc.gov/premis/rdf/v1#> .\n@prefix nt:
        <http://www.jcp.org/jcr/nt/1.0> .\n@prefix rdfs: <http://www.w3.org/2000/01/rdf-schema#>
        .\n@prefix xsi: <http://www.w3.org/2001/XMLSchema-instance> .\n@prefix mode:
        <http://www.modeshape.org/1.0> .\n@prefix oa: <http://www.w3.org/ns/oa#> .\n@prefix
        xml: <http://www.w3.org/XML/1998/namespace> .\n@prefix fedoraconfig: <http://fedora.info/definitions/v4/config#>
        .\n@prefix mix: <http://www.jcp.org/jcr/mix/1.0> .\n@prefix prov: <http://www.w3.org/ns/prov#>
        .\n@prefix foaf: <http://xmlns.com/foaf/0.1/> .\n@prefix image: <http://www.modeshape.org/images/1.0>
        .\n@prefix sv: <http://www.jcp.org/jcr/sv/1.0> .\n@prefix test: <info:fedora/test/>
        .\n@prefix cnt: <http://www.w3.org/2011/content#> .\n@prefix dcmitype: <http://purl.org/dc/dcmitype/>
        .\n@prefix dc11: <http://purl.org/dc/elements/1.1/> .\n@prefix triannon: <http://triannon.stanford.edu/ns/>
        .\n@prefix rdf: <http://www.w3.org/1999/02/22-rdf-syntax-ns#> .\n@prefix fedora:
        <http://fedora.info/definitions/v4/repository#> .\n@prefix ldp: <http://www.w3.org/ns/ldp#>
        .\n@prefix xs: <http://www.w3.org/2001/XMLSchema> .\n@prefix dc: <http://purl.org/dc/terms/>
        .\n\n\n<http://localhost:8983/fedora/rest/anno/2c/23/c8/91/2c23c891-1353-4a55-8dd3-976b023c68ce/b/ea/04/80/f1/ea0480f1-75d1-49d8-8997-749b16ddd573>
        a dcmitype:Text , cnt:ContentAsText ;\n\tcnt:chars \"I love this!\"^^<http://www.w3.org/2001/XMLSchema#string>
        .\n"
    http_version: 
  recorded_at: Tue, 05 May 2015 00:47:49 GMT
- request:
    method: get
    uri: http://localhost:8983/fedora/rest/anno/2c/23/c8/91/2c23c891-1353-4a55-8dd3-976b023c68ce/t/d7/e7/9e/30/d7e79e30-504c-438b-b8ff-950307241de7
    body:
      encoding: US-ASCII
      string: ''
    headers:
      User-Agent:
      - Faraday v0.9.1
      Prefer:
      - return=respresentation; omit="http://fedora.info/definitions/v4/repository#ServerManaged"
      Accept:
      - application/x-turtle
      Accept-Encoding:
      - gzip;q=1.0,deflate;q=0.6,identity;q=0.3
  response:
    status:
      code: 200
      message: OK
    headers:
      Etag:
      - '"77cb3e1acbb97a52fa216b259534e3a449bd5861"'
      Last-Modified:
      - Tue, 05 May 2015 00:47:49 GMT
      Link:
      - <http://www.w3.org/ns/ldp#BasicContainer>;rel="type"
      - <http://www.w3.org/ns/ldp#Container>;rel="type"
      - <http://www.w3.org/ns/ldp#Resource>;rel="type"
      Accept-Patch:
      - application/sparql-update
      Accept-Post:
      - text/turtle,text/rdf+n3,text/n3,application/rdf+xml,application/n-triples,multipart/form-data,application/sparql-update
      Allow:
      - MOVE,COPY,DELETE,POST,HEAD,GET,PUT,PATCH,OPTIONS
      Preference-Applied:
      - return=representation
      Vary:
      - Accept, Range, Accept-Encoding, Accept-Language
      - Prefer
      Content-Length:
      - '1378'
      Content-Type:
      - application/x-turtle
    body:
      encoding: UTF-8
      string: |
        @prefix premis: <http://www.loc.gov/premis/rdf/v1#> .
        @prefix nt: <http://www.jcp.org/jcr/nt/1.0> .
        @prefix rdfs: <http://www.w3.org/2000/01/rdf-schema#> .
        @prefix xsi: <http://www.w3.org/2001/XMLSchema-instance> .
        @prefix mode: <http://www.modeshape.org/1.0> .
        @prefix oa: <http://www.w3.org/ns/oa#> .
        @prefix xml: <http://www.w3.org/XML/1998/namespace> .
        @prefix fedoraconfig: <http://fedora.info/definitions/v4/config#> .
        @prefix mix: <http://www.jcp.org/jcr/mix/1.0> .
        @prefix prov: <http://www.w3.org/ns/prov#> .
        @prefix foaf: <http://xmlns.com/foaf/0.1/> .
        @prefix image: <http://www.modeshape.org/images/1.0> .
        @prefix sv: <http://www.jcp.org/jcr/sv/1.0> .
        @prefix test: <info:fedora/test/> .
        @prefix cnt: <http://www.w3.org/2011/content#> .
        @prefix dcmitype: <http://purl.org/dc/dcmitype/> .
        @prefix dc11: <http://purl.org/dc/elements/1.1/> .
        @prefix triannon: <http://triannon.stanford.edu/ns/> .
        @prefix rdf: <http://www.w3.org/1999/02/22-rdf-syntax-ns#> .
        @prefix fedora: <http://fedora.info/definitions/v4/repository#> .
        @prefix ldp: <http://www.w3.org/ns/ldp#> .
        @prefix xs: <http://www.w3.org/2001/XMLSchema> .
        @prefix dc: <http://purl.org/dc/terms/> .


        <http://localhost:8983/fedora/rest/anno/2c/23/c8/91/2c23c891-1353-4a55-8dd3-976b023c68ce/t/d7/e7/9e/30/d7e79e30-504c-438b-b8ff-950307241de7> triannon:externalReference <http://purl.stanford.edu/kq131cs7229> .
    http_version: 
  recorded_at: Tue, 05 May 2015 00:47:49 GMT
- request:
    method: get
    uri: http://localhost:8983/fedora/rest/anno/2c/23/c8/91/2c23c891-1353-4a55-8dd3-976b023c68ce
    body:
      encoding: US-ASCII
      string: ''
    headers:
      User-Agent:
      - Faraday v0.9.1
      Prefer:
      - return=respresentation; omit="http://fedora.info/definitions/v4/repository#ServerManaged"
      Accept:
      - application/x-turtle
      Accept-Encoding:
      - gzip;q=1.0,deflate;q=0.6,identity;q=0.3
  response:
    status:
      code: 200
      message: OK
    headers:
      Etag:
      - '"d9095cf9e7dc77aa82ce62b9583290d0d9656a92"'
      Last-Modified:
      - Tue, 05 May 2015 00:47:49 GMT
      Link:
      - <http://www.w3.org/ns/ldp#BasicContainer>;rel="type"
      - <http://www.w3.org/ns/ldp#Container>;rel="type"
      - <http://www.w3.org/ns/ldp#Resource>;rel="type"
      Accept-Patch:
      - application/sparql-update
      Accept-Post:
      - text/turtle,text/rdf+n3,text/n3,application/rdf+xml,application/n-triples,multipart/form-data,application/sparql-update
      Allow:
      - MOVE,COPY,DELETE,POST,HEAD,GET,PUT,PATCH,OPTIONS
      Preference-Applied:
      - return=representation
      Vary:
      - Accept, Range, Accept-Encoding, Accept-Language
      - Prefer
      Content-Length:
      - '1823'
      Content-Type:
      - application/x-turtle
    body:
      encoding: UTF-8
      string: "@prefix premis: <http://www.loc.gov/premis/rdf/v1#> .\n@prefix nt:
        <http://www.jcp.org/jcr/nt/1.0> .\n@prefix rdfs: <http://www.w3.org/2000/01/rdf-schema#>
        .\n@prefix xsi: <http://www.w3.org/2001/XMLSchema-instance> .\n@prefix mode:
        <http://www.modeshape.org/1.0> .\n@prefix oa: <http://www.w3.org/ns/oa#> .\n@prefix
        xml: <http://www.w3.org/XML/1998/namespace> .\n@prefix fedoraconfig: <http://fedora.info/definitions/v4/config#>
        .\n@prefix mix: <http://www.jcp.org/jcr/mix/1.0> .\n@prefix prov: <http://www.w3.org/ns/prov#>
        .\n@prefix foaf: <http://xmlns.com/foaf/0.1/> .\n@prefix image: <http://www.modeshape.org/images/1.0>
        .\n@prefix sv: <http://www.jcp.org/jcr/sv/1.0> .\n@prefix test: <info:fedora/test/>
        .\n@prefix cnt: <http://www.w3.org/2011/content#> .\n@prefix dcmitype: <http://purl.org/dc/dcmitype/>
        .\n@prefix dc11: <http://purl.org/dc/elements/1.1/> .\n@prefix triannon: <http://triannon.stanford.edu/ns/>
        .\n@prefix rdf: <http://www.w3.org/1999/02/22-rdf-syntax-ns#> .\n@prefix fedora:
        <http://fedora.info/definitions/v4/repository#> .\n@prefix ldp: <http://www.w3.org/ns/ldp#>
        .\n@prefix xs: <http://www.w3.org/2001/XMLSchema> .\n@prefix dc: <http://purl.org/dc/terms/>
        .\n\n\n<http://localhost:8983/fedora/rest/anno/2c/23/c8/91/2c23c891-1353-4a55-8dd3-976b023c68ce>
        a oa:Annotation ;\n\toa:motivatedBy oa:commenting ;\n\tldp:contains <http://localhost:8983/fedora/rest/anno/2c/23/c8/91/2c23c891-1353-4a55-8dd3-976b023c68ce/b>
        , <http://localhost:8983/fedora/rest/anno/2c/23/c8/91/2c23c891-1353-4a55-8dd3-976b023c68ce/t>
        ;\n\toa:hasTarget <http://localhost:8983/fedora/rest/anno/2c/23/c8/91/2c23c891-1353-4a55-8dd3-976b023c68ce/t/d7/e7/9e/30/d7e79e30-504c-438b-b8ff-950307241de7>
        ;\n\toa:hasBody <http://localhost:8983/fedora/rest/anno/2c/23/c8/91/2c23c891-1353-4a55-8dd3-976b023c68ce/b/ea/04/80/f1/ea0480f1-75d1-49d8-8997-749b16ddd573>
        .\n"
    http_version: 
  recorded_at: Tue, 05 May 2015 00:47:49 GMT
- request:
    method: get
    uri: http://localhost:8983/fedora/rest/anno/2c/23/c8/91/2c23c891-1353-4a55-8dd3-976b023c68ce/b/ea/04/80/f1/ea0480f1-75d1-49d8-8997-749b16ddd573
    body:
      encoding: US-ASCII
      string: ''
    headers:
      User-Agent:
      - Faraday v0.9.1
      Prefer:
      - return=respresentation; omit="http://fedora.info/definitions/v4/repository#ServerManaged"
      Accept:
      - application/x-turtle
      Accept-Encoding:
      - gzip;q=1.0,deflate;q=0.6,identity;q=0.3
  response:
    status:
      code: 200
      message: OK
    headers:
      Etag:
      - '"453604949545ce3daa05dc32ba86a022b73f94ab"'
      Last-Modified:
      - Tue, 05 May 2015 00:47:49 GMT
      Link:
      - <http://www.w3.org/ns/ldp#BasicContainer>;rel="type"
      - <http://www.w3.org/ns/ldp#Container>;rel="type"
      - <http://www.w3.org/ns/ldp#Resource>;rel="type"
      Accept-Patch:
      - application/sparql-update
      Accept-Post:
      - text/turtle,text/rdf+n3,text/n3,application/rdf+xml,application/n-triples,multipart/form-data,application/sparql-update
      Allow:
      - MOVE,COPY,DELETE,POST,HEAD,GET,PUT,PATCH,OPTIONS
      Preference-Applied:
      - return=representation
      Vary:
      - Accept, Range, Accept-Encoding, Accept-Language
      - Prefer
      Content-Length:
      - '1419'
      Content-Type:
      - application/x-turtle
    body:
      encoding: UTF-8
      string: "@prefix premis: <http://www.loc.gov/premis/rdf/v1#> .\n@prefix nt:
        <http://www.jcp.org/jcr/nt/1.0> .\n@prefix rdfs: <http://www.w3.org/2000/01/rdf-schema#>
        .\n@prefix xsi: <http://www.w3.org/2001/XMLSchema-instance> .\n@prefix mode:
        <http://www.modeshape.org/1.0> .\n@prefix oa: <http://www.w3.org/ns/oa#> .\n@prefix
        xml: <http://www.w3.org/XML/1998/namespace> .\n@prefix fedoraconfig: <http://fedora.info/definitions/v4/config#>
        .\n@prefix mix: <http://www.jcp.org/jcr/mix/1.0> .\n@prefix prov: <http://www.w3.org/ns/prov#>
        .\n@prefix foaf: <http://xmlns.com/foaf/0.1/> .\n@prefix image: <http://www.modeshape.org/images/1.0>
        .\n@prefix sv: <http://www.jcp.org/jcr/sv/1.0> .\n@prefix test: <info:fedora/test/>
        .\n@prefix cnt: <http://www.w3.org/2011/content#> .\n@prefix dcmitype: <http://purl.org/dc/dcmitype/>
        .\n@prefix dc11: <http://purl.org/dc/elements/1.1/> .\n@prefix triannon: <http://triannon.stanford.edu/ns/>
        .\n@prefix rdf: <http://www.w3.org/1999/02/22-rdf-syntax-ns#> .\n@prefix fedora:
        <http://fedora.info/definitions/v4/repository#> .\n@prefix ldp: <http://www.w3.org/ns/ldp#>
        .\n@prefix xs: <http://www.w3.org/2001/XMLSchema> .\n@prefix dc: <http://purl.org/dc/terms/>
        .\n\n\n<http://localhost:8983/fedora/rest/anno/2c/23/c8/91/2c23c891-1353-4a55-8dd3-976b023c68ce/b/ea/04/80/f1/ea0480f1-75d1-49d8-8997-749b16ddd573>
        a dcmitype:Text , cnt:ContentAsText ;\n\tcnt:chars \"I love this!\"^^<http://www.w3.org/2001/XMLSchema#string>
        .\n"
    http_version: 
  recorded_at: Tue, 05 May 2015 00:47:49 GMT
- request:
    method: get
    uri: http://localhost:8983/fedora/rest/anno/2c/23/c8/91/2c23c891-1353-4a55-8dd3-976b023c68ce/t/d7/e7/9e/30/d7e79e30-504c-438b-b8ff-950307241de7
    body:
      encoding: US-ASCII
      string: ''
    headers:
      User-Agent:
      - Faraday v0.9.1
      Prefer:
      - return=respresentation; omit="http://fedora.info/definitions/v4/repository#ServerManaged"
      Accept:
      - application/x-turtle
      Accept-Encoding:
      - gzip;q=1.0,deflate;q=0.6,identity;q=0.3
  response:
    status:
      code: 200
      message: OK
    headers:
      Etag:
      - '"77cb3e1acbb97a52fa216b259534e3a449bd5861"'
      Last-Modified:
      - Tue, 05 May 2015 00:47:49 GMT
      Link:
      - <http://www.w3.org/ns/ldp#BasicContainer>;rel="type"
      - <http://www.w3.org/ns/ldp#Container>;rel="type"
      - <http://www.w3.org/ns/ldp#Resource>;rel="type"
      Accept-Patch:
      - application/sparql-update
      Accept-Post:
      - text/turtle,text/rdf+n3,text/n3,application/rdf+xml,application/n-triples,multipart/form-data,application/sparql-update
      Allow:
      - MOVE,COPY,DELETE,POST,HEAD,GET,PUT,PATCH,OPTIONS
      Preference-Applied:
      - return=representation
      Vary:
      - Accept, Range, Accept-Encoding, Accept-Language
      - Prefer
      Content-Length:
      - '1378'
      Content-Type:
      - application/x-turtle
    body:
      encoding: UTF-8
      string: |
        @prefix premis: <http://www.loc.gov/premis/rdf/v1#> .
        @prefix nt: <http://www.jcp.org/jcr/nt/1.0> .
        @prefix rdfs: <http://www.w3.org/2000/01/rdf-schema#> .
        @prefix xsi: <http://www.w3.org/2001/XMLSchema-instance> .
        @prefix mode: <http://www.modeshape.org/1.0> .
        @prefix oa: <http://www.w3.org/ns/oa#> .
        @prefix xml: <http://www.w3.org/XML/1998/namespace> .
        @prefix fedoraconfig: <http://fedora.info/definitions/v4/config#> .
        @prefix mix: <http://www.jcp.org/jcr/mix/1.0> .
        @prefix prov: <http://www.w3.org/ns/prov#> .
        @prefix foaf: <http://xmlns.com/foaf/0.1/> .
        @prefix image: <http://www.modeshape.org/images/1.0> .
        @prefix sv: <http://www.jcp.org/jcr/sv/1.0> .
        @prefix test: <info:fedora/test/> .
        @prefix cnt: <http://www.w3.org/2011/content#> .
        @prefix dcmitype: <http://purl.org/dc/dcmitype/> .
        @prefix dc11: <http://purl.org/dc/elements/1.1/> .
        @prefix triannon: <http://triannon.stanford.edu/ns/> .
        @prefix rdf: <http://www.w3.org/1999/02/22-rdf-syntax-ns#> .
        @prefix fedora: <http://fedora.info/definitions/v4/repository#> .
        @prefix ldp: <http://www.w3.org/ns/ldp#> .
        @prefix xs: <http://www.w3.org/2001/XMLSchema> .
        @prefix dc: <http://purl.org/dc/terms/> .


        <http://localhost:8983/fedora/rest/anno/2c/23/c8/91/2c23c891-1353-4a55-8dd3-976b023c68ce/t/d7/e7/9e/30/d7e79e30-504c-438b-b8ff-950307241de7> triannon:externalReference <http://purl.stanford.edu/kq131cs7229> .
    http_version: 
  recorded_at: Tue, 05 May 2015 00:47:49 GMT
recorded_with: VCR 2.9.3
