---
http_interactions:
- request:
    method: head
    uri: http://localhost:8983/fedora/rest/anno/context_as_text_intgrtn_specs
    body:
      encoding: US-ASCII
      string: ''
    headers:
      User-Agent:
      - Faraday v0.9.1
      Accept:
      - "*/*"
  response:
    status:
      code: 200
      message: OK
    headers:
      Etag:
      - '"1df072c4ea42d3955254754a8d760513ee448d1a"'
      Last-Modified:
      - Mon, 22 Jun 2015 22:49:33 GMT
      Link:
      - <http://www.w3.org/ns/ldp#BasicContainer>;rel="type"
      - <http://www.w3.org/ns/ldp#Container>;rel="type"
      - <http://www.w3.org/ns/ldp#Resource>;rel="type"
      Accept-Patch:
      - application/sparql-update
      Accept-Post:
      - text/turtle,text/rdf+n3,text/n3,application/rdf+xml,application/n-triples,multipart/form-data,application/sparql-update
      Allow:
      - MOVE,COPY,DELETE,POST,HEAD,GET,PUT,PATCH,OPTIONS
      Content-Type:
      - text/tab-separated-values
      Content-Length:
      - '0'
    body:
      encoding: UTF-8
      string: ''
    http_version: 
  recorded_at: Mon, 22 Jun 2015 22:49:33 GMT
- request:
    method: post
    uri: http://localhost:8983/fedora/rest/anno/context_as_text_intgrtn_specs
    body:
      encoding: UTF-8
      string: |
        @prefix ldp: <http://www.w3.org/ns/ldp#> .
        @prefix oa: <http://www.w3.org/ns/oa#> .
        @prefix rdf: <http://www.w3.org/1999/02/22-rdf-syntax-ns#> .

        <> a oa:Annotation,
             ldp:BasicContainer;
           oa:motivatedBy oa:commenting .
    headers:
      User-Agent:
      - Faraday v0.9.1
      Prefer:
      - return=respresentation; omit="http://fedora.info/definitions/v4/repository#ServerManaged"
      Content-Type:
      - application/x-turtle
      Accept-Encoding:
      - gzip;q=1.0,deflate;q=0.6,identity;q=0.3
      Accept:
      - "*/*"
  response:
    status:
      code: 201
      message: Created
    headers:
      Etag:
      - '"cb7bf34ded1754cae3283ac88ada8048bfa1e585"'
      Last-Modified:
      - Mon, 22 Jun 2015 22:49:33 GMT
      Content-Length:
      - '117'
      Location:
      - http://localhost:8983/fedora/rest/anno/context_as_text_intgrtn_specs/1a/e9/35/0d/1ae9350d-91e8-41a0-858f-e09c2fc0f5b1
      Content-Type:
      - text/plain
    body:
      encoding: UTF-8
      string: http://localhost:8983/fedora/rest/anno/context_as_text_intgrtn_specs/1a/e9/35/0d/1ae9350d-91e8-41a0-858f-e09c2fc0f5b1
    http_version: 
  recorded_at: Mon, 22 Jun 2015 22:49:33 GMT
- request:
    method: post
    uri: http://localhost:8983/fedora/rest/anno/context_as_text_intgrtn_specs/1a/e9/35/0d/1ae9350d-91e8-41a0-858f-e09c2fc0f5b1
    body:
      encoding: UTF-8
      string: |
        @prefix ldp: <http://www.w3.org/ns/ldp#> .
        @prefix oa: <http://www.w3.org/ns/oa#> .
        @prefix rdf: <http://www.w3.org/1999/02/22-rdf-syntax-ns#> .

        <> a ldp:DirectContainer;
           ldp:hasMemberRelation oa:hasBody;
           ldp:membershipResource <http://localhost:8983/fedora/rest/anno/context_as_text_intgrtn_specs/1a/e9/35/0d/1ae9350d-91e8-41a0-858f-e09c2fc0f5b1> .
    headers:
      User-Agent:
      - Faraday v0.9.1
      Prefer:
      - return=respresentation; omit="http://fedora.info/definitions/v4/repository#ServerManaged"
      Content-Type:
      - application/x-turtle
      Slug:
      - b
      Accept-Encoding:
      - gzip;q=1.0,deflate;q=0.6,identity;q=0.3
      Accept:
      - "*/*"
  response:
    status:
      code: 201
      message: Created
    headers:
      Etag:
      - '"6231261a5b8bc784e13a1b100902d5f77b9501cf"'
      Last-Modified:
      - Mon, 22 Jun 2015 22:49:33 GMT
      Content-Length:
      - '119'
      Location:
      - http://localhost:8983/fedora/rest/anno/context_as_text_intgrtn_specs/1a/e9/35/0d/1ae9350d-91e8-41a0-858f-e09c2fc0f5b1/b
      Content-Type:
      - text/plain
    body:
      encoding: UTF-8
      string: http://localhost:8983/fedora/rest/anno/context_as_text_intgrtn_specs/1a/e9/35/0d/1ae9350d-91e8-41a0-858f-e09c2fc0f5b1/b
    http_version: 
  recorded_at: Mon, 22 Jun 2015 22:49:33 GMT
- request:
    method: post
    uri: http://localhost:8983/fedora/rest/anno/context_as_text_intgrtn_specs/1a/e9/35/0d/1ae9350d-91e8-41a0-858f-e09c2fc0f5b1/b
    body:
      encoding: UTF-8
      string: |
        @prefix cnt: <http://www.w3.org/2011/content#> .
        @prefix dcmitype: <http://purl.org/dc/dcmitype/> .
        @prefix ldp: <http://www.w3.org/ns/ldp#> .
        @prefix rdf: <http://www.w3.org/1999/02/22-rdf-syntax-ns#> .
        @prefix xsd: <http://www.w3.org/2001/XMLSchema#> .

        <> a ldp:BasicContainer,
             cnt:ContentAsText,
             dcmitype:Text;
           cnt:chars "I love this!" .
    headers:
      User-Agent:
      - Faraday v0.9.1
      Prefer:
      - return=respresentation; omit="http://fedora.info/definitions/v4/repository#ServerManaged"
      Content-Type:
      - application/x-turtle
      Accept-Encoding:
      - gzip;q=1.0,deflate;q=0.6,identity;q=0.3
      Accept:
      - "*/*"
  response:
    status:
      code: 201
      message: Created
    headers:
      Etag:
      - '"49c37b082d9f8f27e5dde42764c74d5bfd18369c"'
      Last-Modified:
      - Mon, 22 Jun 2015 22:49:33 GMT
      Content-Length:
      - '168'
      Location:
      - http://localhost:8983/fedora/rest/anno/context_as_text_intgrtn_specs/1a/e9/35/0d/1ae9350d-91e8-41a0-858f-e09c2fc0f5b1/b/cf/98/cc/ba/cf98ccba-7c4d-4cff-a361-9872cd804684
      Content-Type:
      - text/plain
    body:
      encoding: UTF-8
      string: http://localhost:8983/fedora/rest/anno/context_as_text_intgrtn_specs/1a/e9/35/0d/1ae9350d-91e8-41a0-858f-e09c2fc0f5b1/b/cf/98/cc/ba/cf98ccba-7c4d-4cff-a361-9872cd804684
    http_version: 
  recorded_at: Mon, 22 Jun 2015 22:49:33 GMT
- request:
    method: post
    uri: http://localhost:8983/fedora/rest/anno/context_as_text_intgrtn_specs/1a/e9/35/0d/1ae9350d-91e8-41a0-858f-e09c2fc0f5b1/b
    body:
      encoding: UTF-8
      string: |
        @prefix cnt: <http://www.w3.org/2011/content#> .
        @prefix dcmitype: <http://purl.org/dc/dcmitype/> .
        @prefix ldp: <http://www.w3.org/ns/ldp#> .
        @prefix rdf: <http://www.w3.org/1999/02/22-rdf-syntax-ns#> .
        @prefix xsd: <http://www.w3.org/2001/XMLSchema#> .

        <> a ldp:BasicContainer,
             cnt:ContentAsText,
             dcmitype:Text;
           cnt:chars "I hate this!" .
    headers:
      User-Agent:
      - Faraday v0.9.1
      Prefer:
      - return=respresentation; omit="http://fedora.info/definitions/v4/repository#ServerManaged"
      Content-Type:
      - application/x-turtle
      Accept-Encoding:
      - gzip;q=1.0,deflate;q=0.6,identity;q=0.3
      Accept:
      - "*/*"
  response:
    status:
      code: 201
      message: Created
    headers:
      Etag:
      - '"87b7575aa7f939c2310fa8258eb2aa34a4d159a6"'
      Last-Modified:
      - Mon, 22 Jun 2015 22:49:33 GMT
      Content-Length:
      - '168'
      Location:
      - http://localhost:8983/fedora/rest/anno/context_as_text_intgrtn_specs/1a/e9/35/0d/1ae9350d-91e8-41a0-858f-e09c2fc0f5b1/b/10/fa/ca/60/10faca60-4388-4263-a14f-4cb47a8cc551
      Content-Type:
      - text/plain
    body:
      encoding: UTF-8
      string: http://localhost:8983/fedora/rest/anno/context_as_text_intgrtn_specs/1a/e9/35/0d/1ae9350d-91e8-41a0-858f-e09c2fc0f5b1/b/10/fa/ca/60/10faca60-4388-4263-a14f-4cb47a8cc551
    http_version: 
  recorded_at: Mon, 22 Jun 2015 22:49:33 GMT
- request:
    method: post
    uri: http://localhost:8983/fedora/rest/anno/context_as_text_intgrtn_specs/1a/e9/35/0d/1ae9350d-91e8-41a0-858f-e09c2fc0f5b1
    body:
      encoding: UTF-8
      string: |
        @prefix ldp: <http://www.w3.org/ns/ldp#> .
        @prefix oa: <http://www.w3.org/ns/oa#> .
        @prefix rdf: <http://www.w3.org/1999/02/22-rdf-syntax-ns#> .

        <> a ldp:DirectContainer;
           ldp:hasMemberRelation oa:hasTarget;
           ldp:membershipResource <http://localhost:8983/fedora/rest/anno/context_as_text_intgrtn_specs/1a/e9/35/0d/1ae9350d-91e8-41a0-858f-e09c2fc0f5b1> .
    headers:
      User-Agent:
      - Faraday v0.9.1
      Prefer:
      - return=respresentation; omit="http://fedora.info/definitions/v4/repository#ServerManaged"
      Content-Type:
      - application/x-turtle
      Slug:
      - t
      Accept-Encoding:
      - gzip;q=1.0,deflate;q=0.6,identity;q=0.3
      Accept:
      - "*/*"
  response:
    status:
      code: 201
      message: Created
    headers:
      Etag:
      - '"f522016ff0f9af6508482ca61125f223a8c427be"'
      Last-Modified:
      - Mon, 22 Jun 2015 22:49:33 GMT
      Content-Length:
      - '119'
      Location:
      - http://localhost:8983/fedora/rest/anno/context_as_text_intgrtn_specs/1a/e9/35/0d/1ae9350d-91e8-41a0-858f-e09c2fc0f5b1/t
      Content-Type:
      - text/plain
    body:
      encoding: UTF-8
      string: http://localhost:8983/fedora/rest/anno/context_as_text_intgrtn_specs/1a/e9/35/0d/1ae9350d-91e8-41a0-858f-e09c2fc0f5b1/t
    http_version: 
  recorded_at: Mon, 22 Jun 2015 22:49:33 GMT
- request:
    method: post
    uri: http://localhost:8983/fedora/rest/anno/context_as_text_intgrtn_specs/1a/e9/35/0d/1ae9350d-91e8-41a0-858f-e09c2fc0f5b1/t
    body:
      encoding: UTF-8
      string: |
        @prefix ldp: <http://www.w3.org/ns/ldp#> .
        @prefix rdf: <http://www.w3.org/1999/02/22-rdf-syntax-ns#> .
        @prefix triannon: <http://triannon.stanford.edu/ns/> .

        <> a ldp:BasicContainer;
           triannon:externalReference <http://purl.stanford.edu/kq131cs7229> .
    headers:
      User-Agent:
      - Faraday v0.9.1
      Prefer:
      - return=respresentation; omit="http://fedora.info/definitions/v4/repository#ServerManaged"
      Content-Type:
      - application/x-turtle
      Accept-Encoding:
      - gzip;q=1.0,deflate;q=0.6,identity;q=0.3
      Accept:
      - "*/*"
  response:
    status:
      code: 201
      message: Created
    headers:
      Etag:
      - '"f489ece8d6ca4b62a8c331c36f0f001783bd9090"'
      Last-Modified:
      - Mon, 22 Jun 2015 22:49:33 GMT
      Content-Length:
      - '168'
      Location:
      - http://localhost:8983/fedora/rest/anno/context_as_text_intgrtn_specs/1a/e9/35/0d/1ae9350d-91e8-41a0-858f-e09c2fc0f5b1/t/48/ca/8b/86/48ca8b86-0062-430e-a05b-48dcf6962c52
      Content-Type:
      - text/plain
    body:
      encoding: UTF-8
      string: http://localhost:8983/fedora/rest/anno/context_as_text_intgrtn_specs/1a/e9/35/0d/1ae9350d-91e8-41a0-858f-e09c2fc0f5b1/t/48/ca/8b/86/48ca8b86-0062-430e-a05b-48dcf6962c52
    http_version: 
  recorded_at: Mon, 22 Jun 2015 22:49:33 GMT
- request:
    method: get
    uri: http://localhost:8983/fedora/rest/anno/context_as_text_intgrtn_specs/1a/e9/35/0d/1ae9350d-91e8-41a0-858f-e09c2fc0f5b1
    body:
      encoding: US-ASCII
      string: ''
    headers:
      User-Agent:
      - Faraday v0.9.1
      Prefer:
      - return=respresentation; omit="http://fedora.info/definitions/v4/repository#ServerManaged"
      Accept:
      - application/x-turtle
      Accept-Encoding:
      - gzip;q=1.0,deflate;q=0.6,identity;q=0.3
  response:
    status:
      code: 200
      message: OK
    headers:
      Etag:
      - '"7895d769a46c90ee1921128e98cdaec79b1a598d"'
      Last-Modified:
      - Mon, 22 Jun 2015 22:49:33 GMT
      Link:
      - <http://www.w3.org/ns/ldp#BasicContainer>;rel="type"
      - <http://www.w3.org/ns/ldp#Container>;rel="type"
      - <http://www.w3.org/ns/ldp#Resource>;rel="type"
      Accept-Patch:
      - application/sparql-update
      Accept-Post:
      - text/turtle,text/rdf+n3,text/n3,application/rdf+xml,application/n-triples,multipart/form-data,application/sparql-update
      Allow:
      - MOVE,COPY,DELETE,POST,HEAD,GET,PUT,PATCH,OPTIONS
      Preference-Applied:
      - return=representation
      Vary:
      - Accept, Range, Accept-Encoding, Accept-Language
      - Prefer
      Content-Length:
      - '2078'
      Content-Type:
      - application/x-turtle
    body:
      encoding: UTF-8
      string: "@prefix premis: <http://www.loc.gov/premis/rdf/v1#> .\n@prefix image:
        <http://www.modeshape.org/images/1.0> .\n@prefix sv: <http://www.jcp.org/jcr/sv/1.0>
        .\n@prefix test: <info:fedora/test/> .\n@prefix nt: <http://www.jcp.org/jcr/nt/1.0>
        .\n@prefix cnt: <http://www.w3.org/2011/content#> .\n@prefix dcmitype: <http://purl.org/dc/dcmitype/>
        .\n@prefix rdfs: <http://www.w3.org/2000/01/rdf-schema#> .\n@prefix xsi: <http://www.w3.org/2001/XMLSchema-instance>
        .\n@prefix mode: <http://www.modeshape.org/1.0> .\n@prefix oa: <http://www.w3.org/ns/oa#>
        .\n@prefix triannon: <http://triannon.stanford.edu/ns/> .\n@prefix rdf: <http://www.w3.org/1999/02/22-rdf-syntax-ns#>
        .\n@prefix fedora: <http://fedora.info/definitions/v4/repository#> .\n@prefix
        xml: <http://www.w3.org/XML/1998/namespace> .\n@prefix ldp: <http://www.w3.org/ns/ldp#>
        .\n@prefix xs: <http://www.w3.org/2001/XMLSchema> .\n@prefix fedoraconfig:
        <http://fedora.info/definitions/v4/config#> .\n@prefix mix: <http://www.jcp.org/jcr/mix/1.0>
        .\n@prefix foaf: <http://xmlns.com/foaf/0.1/> .\n@prefix dc: <http://purl.org/dc/elements/1.1/>
        .\n\n\n<http://localhost:8983/fedora/rest/anno/context_as_text_intgrtn_specs/1a/e9/35/0d/1ae9350d-91e8-41a0-858f-e09c2fc0f5b1>
        a oa:Annotation , ldp:BasicContainer ;\n\toa:motivatedBy oa:commenting ;\n\tldp:contains
        <http://localhost:8983/fedora/rest/anno/context_as_text_intgrtn_specs/1a/e9/35/0d/1ae9350d-91e8-41a0-858f-e09c2fc0f5b1/b>
        , <http://localhost:8983/fedora/rest/anno/context_as_text_intgrtn_specs/1a/e9/35/0d/1ae9350d-91e8-41a0-858f-e09c2fc0f5b1/t>
        ;\n\toa:hasBody <http://localhost:8983/fedora/rest/anno/context_as_text_intgrtn_specs/1a/e9/35/0d/1ae9350d-91e8-41a0-858f-e09c2fc0f5b1/b/cf/98/cc/ba/cf98ccba-7c4d-4cff-a361-9872cd804684>
        , <http://localhost:8983/fedora/rest/anno/context_as_text_intgrtn_specs/1a/e9/35/0d/1ae9350d-91e8-41a0-858f-e09c2fc0f5b1/b/10/fa/ca/60/10faca60-4388-4263-a14f-4cb47a8cc551>
        ;\n\toa:hasTarget <http://localhost:8983/fedora/rest/anno/context_as_text_intgrtn_specs/1a/e9/35/0d/1ae9350d-91e8-41a0-858f-e09c2fc0f5b1/t/48/ca/8b/86/48ca8b86-0062-430e-a05b-48dcf6962c52>
        .\n"
    http_version: 
  recorded_at: Mon, 22 Jun 2015 22:49:33 GMT
- request:
    method: get
    uri: http://localhost:8983/fedora/rest/anno/context_as_text_intgrtn_specs/1a/e9/35/0d/1ae9350d-91e8-41a0-858f-e09c2fc0f5b1/b/cf/98/cc/ba/cf98ccba-7c4d-4cff-a361-9872cd804684
    body:
      encoding: US-ASCII
      string: ''
    headers:
      User-Agent:
      - Faraday v0.9.1
      Prefer:
      - return=respresentation; omit="http://fedora.info/definitions/v4/repository#ServerManaged"
      Accept:
      - application/x-turtle
      Accept-Encoding:
      - gzip;q=1.0,deflate;q=0.6,identity;q=0.3
  response:
    status:
      code: 200
      message: OK
    headers:
      Etag:
      - '"49c37b082d9f8f27e5dde42764c74d5bfd18369c"'
      Last-Modified:
      - Mon, 22 Jun 2015 22:49:33 GMT
      Link:
      - <http://www.w3.org/ns/ldp#BasicContainer>;rel="type"
      - <http://www.w3.org/ns/ldp#Container>;rel="type"
      - <http://www.w3.org/ns/ldp#Resource>;rel="type"
      Accept-Patch:
      - application/sparql-update
      Accept-Post:
      - text/turtle,text/rdf+n3,text/n3,application/rdf+xml,application/n-triples,multipart/form-data,application/sparql-update
      Allow:
      - MOVE,COPY,DELETE,POST,HEAD,GET,PUT,PATCH,OPTIONS
      Preference-Applied:
      - return=representation
      Vary:
      - Accept, Range, Accept-Encoding, Accept-Language
      - Prefer
      Content-Length:
      - '1381'
      Content-Type:
      - application/x-turtle
    body:
      encoding: UTF-8
      string: "@prefix premis: <http://www.loc.gov/premis/rdf/v1#> .\n@prefix image:
        <http://www.modeshape.org/images/1.0> .\n@prefix sv: <http://www.jcp.org/jcr/sv/1.0>
        .\n@prefix test: <info:fedora/test/> .\n@prefix nt: <http://www.jcp.org/jcr/nt/1.0>
        .\n@prefix cnt: <http://www.w3.org/2011/content#> .\n@prefix dcmitype: <http://purl.org/dc/dcmitype/>
        .\n@prefix rdfs: <http://www.w3.org/2000/01/rdf-schema#> .\n@prefix xsi: <http://www.w3.org/2001/XMLSchema-instance>
        .\n@prefix mode: <http://www.modeshape.org/1.0> .\n@prefix oa: <http://www.w3.org/ns/oa#>
        .\n@prefix triannon: <http://triannon.stanford.edu/ns/> .\n@prefix rdf: <http://www.w3.org/1999/02/22-rdf-syntax-ns#>
        .\n@prefix fedora: <http://fedora.info/definitions/v4/repository#> .\n@prefix
        xml: <http://www.w3.org/XML/1998/namespace> .\n@prefix ldp: <http://www.w3.org/ns/ldp#>
        .\n@prefix xs: <http://www.w3.org/2001/XMLSchema> .\n@prefix fedoraconfig:
        <http://fedora.info/definitions/v4/config#> .\n@prefix mix: <http://www.jcp.org/jcr/mix/1.0>
        .\n@prefix foaf: <http://xmlns.com/foaf/0.1/> .\n@prefix dc: <http://purl.org/dc/elements/1.1/>
        .\n\n\n<http://localhost:8983/fedora/rest/anno/context_as_text_intgrtn_specs/1a/e9/35/0d/1ae9350d-91e8-41a0-858f-e09c2fc0f5b1/b/cf/98/cc/ba/cf98ccba-7c4d-4cff-a361-9872cd804684>
        a dcmitype:Text , ldp:BasicContainer , cnt:ContentAsText ;\n\tcnt:chars \"I
        love this!\"^^<http://www.w3.org/2001/XMLSchema#string> .\n"
    http_version: 
  recorded_at: Mon, 22 Jun 2015 22:49:33 GMT
- request:
    method: get
    uri: http://localhost:8983/fedora/rest/anno/context_as_text_intgrtn_specs/1a/e9/35/0d/1ae9350d-91e8-41a0-858f-e09c2fc0f5b1/b/10/fa/ca/60/10faca60-4388-4263-a14f-4cb47a8cc551
    body:
      encoding: US-ASCII
      string: ''
    headers:
      User-Agent:
      - Faraday v0.9.1
      Prefer:
      - return=respresentation; omit="http://fedora.info/definitions/v4/repository#ServerManaged"
      Accept:
      - application/x-turtle
      Accept-Encoding:
      - gzip;q=1.0,deflate;q=0.6,identity;q=0.3
  response:
    status:
      code: 200
      message: OK
    headers:
      Etag:
      - '"87b7575aa7f939c2310fa8258eb2aa34a4d159a6"'
      Last-Modified:
      - Mon, 22 Jun 2015 22:49:33 GMT
      Link:
      - <http://www.w3.org/ns/ldp#BasicContainer>;rel="type"
      - <http://www.w3.org/ns/ldp#Container>;rel="type"
      - <http://www.w3.org/ns/ldp#Resource>;rel="type"
      Accept-Patch:
      - application/sparql-update
      Accept-Post:
      - text/turtle,text/rdf+n3,text/n3,application/rdf+xml,application/n-triples,multipart/form-data,application/sparql-update
      Allow:
      - MOVE,COPY,DELETE,POST,HEAD,GET,PUT,PATCH,OPTIONS
      Preference-Applied:
      - return=representation
      Vary:
      - Accept, Range, Accept-Encoding, Accept-Language
      - Prefer
      Content-Length:
      - '1381'
      Content-Type:
      - application/x-turtle
    body:
      encoding: UTF-8
      string: "@prefix premis: <http://www.loc.gov/premis/rdf/v1#> .\n@prefix image:
        <http://www.modeshape.org/images/1.0> .\n@prefix sv: <http://www.jcp.org/jcr/sv/1.0>
        .\n@prefix test: <info:fedora/test/> .\n@prefix nt: <http://www.jcp.org/jcr/nt/1.0>
        .\n@prefix cnt: <http://www.w3.org/2011/content#> .\n@prefix dcmitype: <http://purl.org/dc/dcmitype/>
        .\n@prefix rdfs: <http://www.w3.org/2000/01/rdf-schema#> .\n@prefix xsi: <http://www.w3.org/2001/XMLSchema-instance>
        .\n@prefix mode: <http://www.modeshape.org/1.0> .\n@prefix oa: <http://www.w3.org/ns/oa#>
        .\n@prefix triannon: <http://triannon.stanford.edu/ns/> .\n@prefix rdf: <http://www.w3.org/1999/02/22-rdf-syntax-ns#>
        .\n@prefix fedora: <http://fedora.info/definitions/v4/repository#> .\n@prefix
        xml: <http://www.w3.org/XML/1998/namespace> .\n@prefix ldp: <http://www.w3.org/ns/ldp#>
        .\n@prefix xs: <http://www.w3.org/2001/XMLSchema> .\n@prefix fedoraconfig:
        <http://fedora.info/definitions/v4/config#> .\n@prefix mix: <http://www.jcp.org/jcr/mix/1.0>
        .\n@prefix foaf: <http://xmlns.com/foaf/0.1/> .\n@prefix dc: <http://purl.org/dc/elements/1.1/>
        .\n\n\n<http://localhost:8983/fedora/rest/anno/context_as_text_intgrtn_specs/1a/e9/35/0d/1ae9350d-91e8-41a0-858f-e09c2fc0f5b1/b/10/fa/ca/60/10faca60-4388-4263-a14f-4cb47a8cc551>
        a dcmitype:Text , ldp:BasicContainer , cnt:ContentAsText ;\n\tcnt:chars \"I
        hate this!\"^^<http://www.w3.org/2001/XMLSchema#string> .\n"
    http_version: 
  recorded_at: Mon, 22 Jun 2015 22:49:33 GMT
- request:
    method: get
    uri: http://localhost:8983/fedora/rest/anno/context_as_text_intgrtn_specs/1a/e9/35/0d/1ae9350d-91e8-41a0-858f-e09c2fc0f5b1/t/48/ca/8b/86/48ca8b86-0062-430e-a05b-48dcf6962c52
    body:
      encoding: US-ASCII
      string: ''
    headers:
      User-Agent:
      - Faraday v0.9.1
      Prefer:
      - return=respresentation; omit="http://fedora.info/definitions/v4/repository#ServerManaged"
      Accept:
      - application/x-turtle
      Accept-Encoding:
      - gzip;q=1.0,deflate;q=0.6,identity;q=0.3
  response:
    status:
      code: 200
      message: OK
    headers:
      Etag:
      - '"f489ece8d6ca4b62a8c331c36f0f001783bd9090"'
      Last-Modified:
      - Mon, 22 Jun 2015 22:49:33 GMT
      Link:
      - <http://www.w3.org/ns/ldp#BasicContainer>;rel="type"
      - <http://www.w3.org/ns/ldp#Container>;rel="type"
      - <http://www.w3.org/ns/ldp#Resource>;rel="type"
      Accept-Patch:
      - application/sparql-update
      Accept-Post:
      - text/turtle,text/rdf+n3,text/n3,application/rdf+xml,application/n-triples,multipart/form-data,application/sparql-update
      Allow:
      - MOVE,COPY,DELETE,POST,HEAD,GET,PUT,PATCH,OPTIONS
      Preference-Applied:
      - return=representation
      Vary:
      - Accept, Range, Accept-Encoding, Accept-Language
      - Prefer
      Content-Length:
      - '1343'
      Content-Type:
      - application/x-turtle
    body:
      encoding: UTF-8
      string: "@prefix premis: <http://www.loc.gov/premis/rdf/v1#> .\n@prefix image:
        <http://www.modeshape.org/images/1.0> .\n@prefix sv: <http://www.jcp.org/jcr/sv/1.0>
        .\n@prefix test: <info:fedora/test/> .\n@prefix nt: <http://www.jcp.org/jcr/nt/1.0>
        .\n@prefix cnt: <http://www.w3.org/2011/content#> .\n@prefix dcmitype: <http://purl.org/dc/dcmitype/>
        .\n@prefix rdfs: <http://www.w3.org/2000/01/rdf-schema#> .\n@prefix xsi: <http://www.w3.org/2001/XMLSchema-instance>
        .\n@prefix mode: <http://www.modeshape.org/1.0> .\n@prefix oa: <http://www.w3.org/ns/oa#>
        .\n@prefix triannon: <http://triannon.stanford.edu/ns/> .\n@prefix rdf: <http://www.w3.org/1999/02/22-rdf-syntax-ns#>
        .\n@prefix fedora: <http://fedora.info/definitions/v4/repository#> .\n@prefix
        xml: <http://www.w3.org/XML/1998/namespace> .\n@prefix ldp: <http://www.w3.org/ns/ldp#>
        .\n@prefix xs: <http://www.w3.org/2001/XMLSchema> .\n@prefix fedoraconfig:
        <http://fedora.info/definitions/v4/config#> .\n@prefix mix: <http://www.jcp.org/jcr/mix/1.0>
        .\n@prefix foaf: <http://xmlns.com/foaf/0.1/> .\n@prefix dc: <http://purl.org/dc/elements/1.1/>
        .\n\n\n<http://localhost:8983/fedora/rest/anno/context_as_text_intgrtn_specs/1a/e9/35/0d/1ae9350d-91e8-41a0-858f-e09c2fc0f5b1/t/48/ca/8b/86/48ca8b86-0062-430e-a05b-48dcf6962c52>
        a ldp:BasicContainer ;\n\ttriannon:externalReference <http://purl.stanford.edu/kq131cs7229>
        .\n"
    http_version: 
  recorded_at: Mon, 22 Jun 2015 22:49:34 GMT
- request:
    method: get
    uri: http://localhost:8983/fedora/rest/anno/context_as_text_intgrtn_specs/1a/e9/35/0d/1ae9350d-91e8-41a0-858f-e09c2fc0f5b1
    body:
      encoding: US-ASCII
      string: ''
    headers:
      User-Agent:
      - Faraday v0.9.1
      Prefer:
      - return=respresentation; omit="http://fedora.info/definitions/v4/repository#ServerManaged"
      Accept:
      - application/x-turtle
      Accept-Encoding:
      - gzip;q=1.0,deflate;q=0.6,identity;q=0.3
  response:
    status:
      code: 200
      message: OK
    headers:
      Etag:
      - '"7895d769a46c90ee1921128e98cdaec79b1a598d"'
      Last-Modified:
      - Mon, 22 Jun 2015 22:49:33 GMT
      Link:
      - <http://www.w3.org/ns/ldp#BasicContainer>;rel="type"
      - <http://www.w3.org/ns/ldp#Container>;rel="type"
      - <http://www.w3.org/ns/ldp#Resource>;rel="type"
      Accept-Patch:
      - application/sparql-update
      Accept-Post:
      - text/turtle,text/rdf+n3,text/n3,application/rdf+xml,application/n-triples,multipart/form-data,application/sparql-update
      Allow:
      - MOVE,COPY,DELETE,POST,HEAD,GET,PUT,PATCH,OPTIONS
      Preference-Applied:
      - return=representation
      Vary:
      - Accept, Range, Accept-Encoding, Accept-Language
      - Prefer
      Content-Length:
      - '2078'
      Content-Type:
      - application/x-turtle
    body:
      encoding: UTF-8
      string: "@prefix premis: <http://www.loc.gov/premis/rdf/v1#> .\n@prefix image:
        <http://www.modeshape.org/images/1.0> .\n@prefix sv: <http://www.jcp.org/jcr/sv/1.0>
        .\n@prefix test: <info:fedora/test/> .\n@prefix nt: <http://www.jcp.org/jcr/nt/1.0>
        .\n@prefix cnt: <http://www.w3.org/2011/content#> .\n@prefix dcmitype: <http://purl.org/dc/dcmitype/>
        .\n@prefix rdfs: <http://www.w3.org/2000/01/rdf-schema#> .\n@prefix xsi: <http://www.w3.org/2001/XMLSchema-instance>
        .\n@prefix mode: <http://www.modeshape.org/1.0> .\n@prefix oa: <http://www.w3.org/ns/oa#>
        .\n@prefix triannon: <http://triannon.stanford.edu/ns/> .\n@prefix rdf: <http://www.w3.org/1999/02/22-rdf-syntax-ns#>
        .\n@prefix fedora: <http://fedora.info/definitions/v4/repository#> .\n@prefix
        xml: <http://www.w3.org/XML/1998/namespace> .\n@prefix ldp: <http://www.w3.org/ns/ldp#>
        .\n@prefix xs: <http://www.w3.org/2001/XMLSchema> .\n@prefix fedoraconfig:
        <http://fedora.info/definitions/v4/config#> .\n@prefix mix: <http://www.jcp.org/jcr/mix/1.0>
        .\n@prefix foaf: <http://xmlns.com/foaf/0.1/> .\n@prefix dc: <http://purl.org/dc/elements/1.1/>
        .\n\n\n<http://localhost:8983/fedora/rest/anno/context_as_text_intgrtn_specs/1a/e9/35/0d/1ae9350d-91e8-41a0-858f-e09c2fc0f5b1>
        a oa:Annotation , ldp:BasicContainer ;\n\toa:motivatedBy oa:commenting ;\n\tldp:contains
        <http://localhost:8983/fedora/rest/anno/context_as_text_intgrtn_specs/1a/e9/35/0d/1ae9350d-91e8-41a0-858f-e09c2fc0f5b1/b>
        , <http://localhost:8983/fedora/rest/anno/context_as_text_intgrtn_specs/1a/e9/35/0d/1ae9350d-91e8-41a0-858f-e09c2fc0f5b1/t>
        ;\n\toa:hasBody <http://localhost:8983/fedora/rest/anno/context_as_text_intgrtn_specs/1a/e9/35/0d/1ae9350d-91e8-41a0-858f-e09c2fc0f5b1/b/cf/98/cc/ba/cf98ccba-7c4d-4cff-a361-9872cd804684>
        , <http://localhost:8983/fedora/rest/anno/context_as_text_intgrtn_specs/1a/e9/35/0d/1ae9350d-91e8-41a0-858f-e09c2fc0f5b1/b/10/fa/ca/60/10faca60-4388-4263-a14f-4cb47a8cc551>
        ;\n\toa:hasTarget <http://localhost:8983/fedora/rest/anno/context_as_text_intgrtn_specs/1a/e9/35/0d/1ae9350d-91e8-41a0-858f-e09c2fc0f5b1/t/48/ca/8b/86/48ca8b86-0062-430e-a05b-48dcf6962c52>
        .\n"
    http_version: 
  recorded_at: Mon, 22 Jun 2015 22:49:34 GMT
- request:
    method: get
    uri: http://localhost:8983/fedora/rest/anno/context_as_text_intgrtn_specs/1a/e9/35/0d/1ae9350d-91e8-41a0-858f-e09c2fc0f5b1/b/cf/98/cc/ba/cf98ccba-7c4d-4cff-a361-9872cd804684
    body:
      encoding: US-ASCII
      string: ''
    headers:
      User-Agent:
      - Faraday v0.9.1
      Prefer:
      - return=respresentation; omit="http://fedora.info/definitions/v4/repository#ServerManaged"
      Accept:
      - application/x-turtle
      Accept-Encoding:
      - gzip;q=1.0,deflate;q=0.6,identity;q=0.3
  response:
    status:
      code: 200
      message: OK
    headers:
      Etag:
      - '"49c37b082d9f8f27e5dde42764c74d5bfd18369c"'
      Last-Modified:
      - Mon, 22 Jun 2015 22:49:33 GMT
      Link:
      - <http://www.w3.org/ns/ldp#BasicContainer>;rel="type"
      - <http://www.w3.org/ns/ldp#Container>;rel="type"
      - <http://www.w3.org/ns/ldp#Resource>;rel="type"
      Accept-Patch:
      - application/sparql-update
      Accept-Post:
      - text/turtle,text/rdf+n3,text/n3,application/rdf+xml,application/n-triples,multipart/form-data,application/sparql-update
      Allow:
      - MOVE,COPY,DELETE,POST,HEAD,GET,PUT,PATCH,OPTIONS
      Preference-Applied:
      - return=representation
      Vary:
      - Accept, Range, Accept-Encoding, Accept-Language
      - Prefer
      Content-Length:
      - '1381'
      Content-Type:
      - application/x-turtle
    body:
      encoding: UTF-8
      string: "@prefix premis: <http://www.loc.gov/premis/rdf/v1#> .\n@prefix image:
        <http://www.modeshape.org/images/1.0> .\n@prefix sv: <http://www.jcp.org/jcr/sv/1.0>
        .\n@prefix test: <info:fedora/test/> .\n@prefix nt: <http://www.jcp.org/jcr/nt/1.0>
        .\n@prefix cnt: <http://www.w3.org/2011/content#> .\n@prefix dcmitype: <http://purl.org/dc/dcmitype/>
        .\n@prefix rdfs: <http://www.w3.org/2000/01/rdf-schema#> .\n@prefix xsi: <http://www.w3.org/2001/XMLSchema-instance>
        .\n@prefix mode: <http://www.modeshape.org/1.0> .\n@prefix oa: <http://www.w3.org/ns/oa#>
        .\n@prefix triannon: <http://triannon.stanford.edu/ns/> .\n@prefix rdf: <http://www.w3.org/1999/02/22-rdf-syntax-ns#>
        .\n@prefix fedora: <http://fedora.info/definitions/v4/repository#> .\n@prefix
        xml: <http://www.w3.org/XML/1998/namespace> .\n@prefix ldp: <http://www.w3.org/ns/ldp#>
        .\n@prefix xs: <http://www.w3.org/2001/XMLSchema> .\n@prefix fedoraconfig:
        <http://fedora.info/definitions/v4/config#> .\n@prefix mix: <http://www.jcp.org/jcr/mix/1.0>
        .\n@prefix foaf: <http://xmlns.com/foaf/0.1/> .\n@prefix dc: <http://purl.org/dc/elements/1.1/>
        .\n\n\n<http://localhost:8983/fedora/rest/anno/context_as_text_intgrtn_specs/1a/e9/35/0d/1ae9350d-91e8-41a0-858f-e09c2fc0f5b1/b/cf/98/cc/ba/cf98ccba-7c4d-4cff-a361-9872cd804684>
        a dcmitype:Text , ldp:BasicContainer , cnt:ContentAsText ;\n\tcnt:chars \"I
        love this!\"^^<http://www.w3.org/2001/XMLSchema#string> .\n"
    http_version: 
  recorded_at: Mon, 22 Jun 2015 22:49:34 GMT
- request:
    method: get
    uri: http://localhost:8983/fedora/rest/anno/context_as_text_intgrtn_specs/1a/e9/35/0d/1ae9350d-91e8-41a0-858f-e09c2fc0f5b1/b/10/fa/ca/60/10faca60-4388-4263-a14f-4cb47a8cc551
    body:
      encoding: US-ASCII
      string: ''
    headers:
      User-Agent:
      - Faraday v0.9.1
      Prefer:
      - return=respresentation; omit="http://fedora.info/definitions/v4/repository#ServerManaged"
      Accept:
      - application/x-turtle
      Accept-Encoding:
      - gzip;q=1.0,deflate;q=0.6,identity;q=0.3
  response:
    status:
      code: 200
      message: OK
    headers:
      Etag:
      - '"87b7575aa7f939c2310fa8258eb2aa34a4d159a6"'
      Last-Modified:
      - Mon, 22 Jun 2015 22:49:33 GMT
      Link:
      - <http://www.w3.org/ns/ldp#BasicContainer>;rel="type"
      - <http://www.w3.org/ns/ldp#Container>;rel="type"
      - <http://www.w3.org/ns/ldp#Resource>;rel="type"
      Accept-Patch:
      - application/sparql-update
      Accept-Post:
      - text/turtle,text/rdf+n3,text/n3,application/rdf+xml,application/n-triples,multipart/form-data,application/sparql-update
      Allow:
      - MOVE,COPY,DELETE,POST,HEAD,GET,PUT,PATCH,OPTIONS
      Preference-Applied:
      - return=representation
      Vary:
      - Accept, Range, Accept-Encoding, Accept-Language
      - Prefer
      Content-Length:
      - '1381'
      Content-Type:
      - application/x-turtle
    body:
      encoding: UTF-8
      string: "@prefix premis: <http://www.loc.gov/premis/rdf/v1#> .\n@prefix image:
        <http://www.modeshape.org/images/1.0> .\n@prefix sv: <http://www.jcp.org/jcr/sv/1.0>
        .\n@prefix test: <info:fedora/test/> .\n@prefix nt: <http://www.jcp.org/jcr/nt/1.0>
        .\n@prefix cnt: <http://www.w3.org/2011/content#> .\n@prefix dcmitype: <http://purl.org/dc/dcmitype/>
        .\n@prefix rdfs: <http://www.w3.org/2000/01/rdf-schema#> .\n@prefix xsi: <http://www.w3.org/2001/XMLSchema-instance>
        .\n@prefix mode: <http://www.modeshape.org/1.0> .\n@prefix oa: <http://www.w3.org/ns/oa#>
        .\n@prefix triannon: <http://triannon.stanford.edu/ns/> .\n@prefix rdf: <http://www.w3.org/1999/02/22-rdf-syntax-ns#>
        .\n@prefix fedora: <http://fedora.info/definitions/v4/repository#> .\n@prefix
        xml: <http://www.w3.org/XML/1998/namespace> .\n@prefix ldp: <http://www.w3.org/ns/ldp#>
        .\n@prefix xs: <http://www.w3.org/2001/XMLSchema> .\n@prefix fedoraconfig:
        <http://fedora.info/definitions/v4/config#> .\n@prefix mix: <http://www.jcp.org/jcr/mix/1.0>
        .\n@prefix foaf: <http://xmlns.com/foaf/0.1/> .\n@prefix dc: <http://purl.org/dc/elements/1.1/>
        .\n\n\n<http://localhost:8983/fedora/rest/anno/context_as_text_intgrtn_specs/1a/e9/35/0d/1ae9350d-91e8-41a0-858f-e09c2fc0f5b1/b/10/fa/ca/60/10faca60-4388-4263-a14f-4cb47a8cc551>
        a dcmitype:Text , ldp:BasicContainer , cnt:ContentAsText ;\n\tcnt:chars \"I
        hate this!\"^^<http://www.w3.org/2001/XMLSchema#string> .\n"
    http_version: 
  recorded_at: Mon, 22 Jun 2015 22:49:34 GMT
- request:
    method: get
    uri: http://localhost:8983/fedora/rest/anno/context_as_text_intgrtn_specs/1a/e9/35/0d/1ae9350d-91e8-41a0-858f-e09c2fc0f5b1/t/48/ca/8b/86/48ca8b86-0062-430e-a05b-48dcf6962c52
    body:
      encoding: US-ASCII
      string: ''
    headers:
      User-Agent:
      - Faraday v0.9.1
      Prefer:
      - return=respresentation; omit="http://fedora.info/definitions/v4/repository#ServerManaged"
      Accept:
      - application/x-turtle
      Accept-Encoding:
      - gzip;q=1.0,deflate;q=0.6,identity;q=0.3
  response:
    status:
      code: 200
      message: OK
    headers:
      Etag:
      - '"f489ece8d6ca4b62a8c331c36f0f001783bd9090"'
      Last-Modified:
      - Mon, 22 Jun 2015 22:49:33 GMT
      Link:
      - <http://www.w3.org/ns/ldp#BasicContainer>;rel="type"
      - <http://www.w3.org/ns/ldp#Container>;rel="type"
      - <http://www.w3.org/ns/ldp#Resource>;rel="type"
      Accept-Patch:
      - application/sparql-update
      Accept-Post:
      - text/turtle,text/rdf+n3,text/n3,application/rdf+xml,application/n-triples,multipart/form-data,application/sparql-update
      Allow:
      - MOVE,COPY,DELETE,POST,HEAD,GET,PUT,PATCH,OPTIONS
      Preference-Applied:
      - return=representation
      Vary:
      - Accept, Range, Accept-Encoding, Accept-Language
      - Prefer
      Content-Length:
      - '1343'
      Content-Type:
      - application/x-turtle
    body:
      encoding: UTF-8
      string: "@prefix premis: <http://www.loc.gov/premis/rdf/v1#> .\n@prefix image:
        <http://www.modeshape.org/images/1.0> .\n@prefix sv: <http://www.jcp.org/jcr/sv/1.0>
        .\n@prefix test: <info:fedora/test/> .\n@prefix nt: <http://www.jcp.org/jcr/nt/1.0>
        .\n@prefix cnt: <http://www.w3.org/2011/content#> .\n@prefix dcmitype: <http://purl.org/dc/dcmitype/>
        .\n@prefix rdfs: <http://www.w3.org/2000/01/rdf-schema#> .\n@prefix xsi: <http://www.w3.org/2001/XMLSchema-instance>
        .\n@prefix mode: <http://www.modeshape.org/1.0> .\n@prefix oa: <http://www.w3.org/ns/oa#>
        .\n@prefix triannon: <http://triannon.stanford.edu/ns/> .\n@prefix rdf: <http://www.w3.org/1999/02/22-rdf-syntax-ns#>
        .\n@prefix fedora: <http://fedora.info/definitions/v4/repository#> .\n@prefix
        xml: <http://www.w3.org/XML/1998/namespace> .\n@prefix ldp: <http://www.w3.org/ns/ldp#>
        .\n@prefix xs: <http://www.w3.org/2001/XMLSchema> .\n@prefix fedoraconfig:
        <http://fedora.info/definitions/v4/config#> .\n@prefix mix: <http://www.jcp.org/jcr/mix/1.0>
        .\n@prefix foaf: <http://xmlns.com/foaf/0.1/> .\n@prefix dc: <http://purl.org/dc/elements/1.1/>
        .\n\n\n<http://localhost:8983/fedora/rest/anno/context_as_text_intgrtn_specs/1a/e9/35/0d/1ae9350d-91e8-41a0-858f-e09c2fc0f5b1/t/48/ca/8b/86/48ca8b86-0062-430e-a05b-48dcf6962c52>
        a ldp:BasicContainer ;\n\ttriannon:externalReference <http://purl.stanford.edu/kq131cs7229>
        .\n"
    http_version: 
  recorded_at: Mon, 22 Jun 2015 22:49:34 GMT
recorded_with: VCR 2.9.3
