---
http_interactions:
- request:
    method: post
    uri: http://localhost:8983/fedora/rest/anno
    body:
      encoding: UTF-8
      string: |
        @prefix openannotation: <http://www.w3.org/ns/oa#> .
        @prefix rdf: <http://www.w3.org/1999/02/22-rdf-syntax-ns#> .

        <> a openannotation:Annotation;
           openannotation:motivatedBy openannotation:bookmarking .
    headers:
      User-Agent:
      - Faraday v0.9.1
      Content-Type:
      - application/x-turtle
      Accept-Encoding:
      - gzip;q=1.0,deflate;q=0.6,identity;q=0.3
      Accept:
      - "*/*"
  response:
    status:
      code: 201
      message: Created
    headers:
      Etag:
      - '"f635cf2967601f0f9147e4d2893c2354fc809213"'
      Last-Modified:
      - Fri, 27 Mar 2015 21:00:18 GMT
      Content-Length:
      - '75'
      Location:
      - http://localhost:8983/fedora/rest/anno/3671fd58-4550-4667-a0bd-76b21a0a4cf4
      Content-Type:
      - text/plain
    body:
      encoding: UTF-8
      string: http://localhost:8983/fedora/rest/anno/3671fd58-4550-4667-a0bd-76b21a0a4cf4
    http_version: 
  recorded_at: Fri, 27 Mar 2015 21:00:18 GMT
- request:
    method: post
    uri: http://localhost:8983/fedora/rest/anno/3671fd58-4550-4667-a0bd-76b21a0a4cf4
    body:
      encoding: UTF-8
      string: |
        @prefix ldp: <http://www.w3.org/ns/ldp#> .
        @prefix openannotation: <http://www.w3.org/ns/oa#> .
        @prefix rdf: <http://www.w3.org/1999/02/22-rdf-syntax-ns#> .

        <> a ldp:DirectContainer;
           ldp:hasMemberRelation openannotation:hasTarget;
           ldp:membershipResource <http://localhost:8983/fedora/rest/anno/3671fd58-4550-4667-a0bd-76b21a0a4cf4> .
    headers:
      User-Agent:
      - Faraday v0.9.1
      Content-Type:
      - application/x-turtle
      Slug:
      - t
      Accept-Encoding:
      - gzip;q=1.0,deflate;q=0.6,identity;q=0.3
      Accept:
      - "*/*"
  response:
    status:
      code: 201
      message: Created
    headers:
      Etag:
      - '"887acb405044d7dd3e027f4e2fe5b3c844d09dff"'
      Last-Modified:
      - Fri, 27 Mar 2015 21:00:18 GMT
      Content-Length:
      - '77'
      Location:
      - http://localhost:8983/fedora/rest/anno/3671fd58-4550-4667-a0bd-76b21a0a4cf4/t
      Content-Type:
      - text/plain
    body:
      encoding: UTF-8
      string: http://localhost:8983/fedora/rest/anno/3671fd58-4550-4667-a0bd-76b21a0a4cf4/t
    http_version: 
  recorded_at: Fri, 27 Mar 2015 21:00:18 GMT
- request:
    method: post
    uri: http://localhost:8983/fedora/rest/anno/3671fd58-4550-4667-a0bd-76b21a0a4cf4/t
    body:
      encoding: UTF-8
      string: |
        @prefix triannon: <http://triannon.stanford.edu/ns/> .

        <> triannon:externalReference <http://purl.stanford.edu/kq131cs7229> .
    headers:
      User-Agent:
      - Faraday v0.9.1
      Content-Type:
      - application/x-turtle
      Accept-Encoding:
      - gzip;q=1.0,deflate;q=0.6,identity;q=0.3
      Accept:
      - "*/*"
  response:
    status:
      code: 201
      message: Created
    headers:
      Etag:
      - '"7a23ea5643d835b5d05d1a0ba146f3eca8d76c2b"'
      Last-Modified:
      - Fri, 27 Mar 2015 21:00:18 GMT
      Content-Length:
      - '114'
      Location:
      - http://localhost:8983/fedora/rest/anno/3671fd58-4550-4667-a0bd-76b21a0a4cf4/t/b68cefcf-04a6-45c5-82cc-fbac4ad424fc
      Content-Type:
      - text/plain
    body:
      encoding: UTF-8
      string: http://localhost:8983/fedora/rest/anno/3671fd58-4550-4667-a0bd-76b21a0a4cf4/t/b68cefcf-04a6-45c5-82cc-fbac4ad424fc
    http_version: 
  recorded_at: Fri, 27 Mar 2015 21:00:18 GMT
- request:
    method: get
    uri: http://localhost:8983/fedora/rest/anno/3671fd58-4550-4667-a0bd-76b21a0a4cf4
    body:
      encoding: US-ASCII
      string: ''
    headers:
      User-Agent:
      - Faraday v0.9.1
      Accept:
      - application/x-turtle
      Accept-Encoding:
      - gzip;q=1.0,deflate;q=0.6,identity;q=0.3
  response:
    status:
      code: 200
      message: OK
    headers:
      Etag:
      - '"1bd1cfc1ff59cb8a84beb28787be0523db83c762"'
      Last-Modified:
      - Fri, 27 Mar 2015 21:00:18 GMT
      Link:
      - <http://www.w3.org/ns/ldp#DirectContainer>;rel="type"
      - <http://www.w3.org/ns/ldp#Resource>;rel="type"
      Accept-Patch:
      - application/sparql-update
      Accept-Post:
      - text/turtle,text/rdf+n3,application/n3,text/n3,application/rdf+xml,application/n-triples,multipart/form-data,application/sparql-update
      Allow:
      - MOVE,COPY,DELETE,POST,HEAD,GET,PUT,PATCH,OPTIONS
      Vary:
      - Accept, Range, Accept-Encoding, Accept-Language
      Content-Length:
      - '4021'
      Content-Type:
      - application/x-turtle
    body:
      encoding: UTF-8
      string: "@prefix premis: <http://www.loc.gov/premis/rdf/v1#> .\n@prefix fedorarelsext:
        <http://fedora.info/definitions/v4/rels-ext#> .\n@prefix nt: <http://www.jcp.org/jcr/nt/1.0>
        .\n@prefix rdfs: <http://www.w3.org/2000/01/rdf-schema#> .\n@prefix content:
        <http://www.w3.org/2011/content#> .\n@prefix ns001: <http://purl.org/dc/elements/1.1/>
        .\n@prefix xsi: <http://www.w3.org/2001/XMLSchema-instance> .\n@prefix mode:
        <http://www.modeshape.org/1.0> .\n@prefix openannotation: <http://www.w3.org/ns/oa#>
        .\n@prefix xml: <http://www.w3.org/XML/1998/namespace> .\n@prefix fcrepo:
        <http://fedora.info/definitions/v4/repository#> .\n@prefix fedoraconfig: <http://fedora.info/definitions/v4/config#>
        .\n@prefix mix: <http://www.jcp.org/jcr/mix/1.0> .\n@prefix foaf: <http://xmlns.com/foaf/0.1/>
        .\n@prefix image: <http://www.modeshape.org/images/1.0> .\n@prefix sv: <http://www.jcp.org/jcr/sv/1.0>
        .\n@prefix test: <info:fedora/test/> .\n@prefix dcmitype: <http://purl.org/dc/dcmitype/>
        .\n@prefix triannon: <http://triannon.stanford.edu/ns/> .\n@prefix rdf: <http://www.w3.org/1999/02/22-rdf-syntax-ns#>
        .\n@prefix fedora: <http://fedora.info/definitions/v4/rest-api#> .\n@prefix
        ldp: <http://www.w3.org/ns/ldp#> .\n@prefix xs: <http://www.w3.org/2001/XMLSchema>
        .\n@prefix dc: <http://purl.org/dc/terms/> .\n\n\n<http://localhost:8983/fedora/rest/anno/3671fd58-4550-4667-a0bd-76b21a0a4cf4>
        ldp:hasMemberRelation ldp:member ;\n\tldp:membershipResource <http://localhost:8983/fedora/rest/anno/3671fd58-4550-4667-a0bd-76b21a0a4cf4>
        ;\n\ta ldp:Container , ldp:DirectContainer , ldp:RDFSource ;\n\tldp:member
        <http://localhost:8983/fedora/rest/anno/3671fd58-4550-4667-a0bd-76b21a0a4cf4/t>
        ;\n\topenannotation:hasTarget <http://localhost:8983/fedora/rest/anno/3671fd58-4550-4667-a0bd-76b21a0a4cf4/t/b68cefcf-04a6-45c5-82cc-fbac4ad424fc>
        ;\n\tldp:contains <http://localhost:8983/fedora/rest/anno/3671fd58-4550-4667-a0bd-76b21a0a4cf4/t>
        ;\n\tfcrepo:hasParent <http://localhost:8983/fedora/rest/anno> .\n\n<http://localhost:8983/fedora/rest/anno/3671fd58-4550-4667-a0bd-76b21a0a4cf4/t>
        ldp:membershipResource <http://localhost:8983/fedora/rest/anno/3671fd58-4550-4667-a0bd-76b21a0a4cf4>
        .\n\n<http://localhost:8983/fedora/rest/anno/3671fd58-4550-4667-a0bd-76b21a0a4cf4>
        fedora:writable \"true\"^^<http://www.w3.org/2001/XMLSchema#boolean> ;\n\tfedora:exportsAs
        <http://localhost:8983/fedora/rest/anno/3671fd58-4550-4667-a0bd-76b21a0a4cf4/fcr:export?format=jcr/xml>
        .\n\n<http://localhost:8983/fedora/rest/anno/3671fd58-4550-4667-a0bd-76b21a0a4cf4/fcr:export?format=jcr/xml>
        ns001:format <http://fedora.info/definitions/v4/repository#jcr/xml> .\n\n<http://fedora.info/definitions/v4/repository#jcr/xml>
        rdfs:label \"jcr/xml\"^^<http://www.w3.org/2001/XMLSchema#string> .\n\n<http://localhost:8983/fedora/rest/anno/3671fd58-4550-4667-a0bd-76b21a0a4cf4>
        a <http://www.jcp.org/jcr/nt/1.0folder> , <http://www.jcp.org/jcr/nt/1.0hierarchyNode>
        , <http://www.jcp.org/jcr/nt/1.0base> , <http://www.jcp.org/jcr/mix/1.0created>
        , openannotation:Annotation , fedora:resource , fedora:object , fedora:relations
        , <http://www.jcp.org/jcr/mix/1.0created> , <http://www.jcp.org/jcr/mix/1.0lastModified>
        , <http://www.jcp.org/jcr/mix/1.0referenceable> , fedora:DublinCoreDescribable
        , fedora:resource , ldp:Container ;\n\tfcrepo:lastModifiedBy \"bypassAdmin\"^^<http://www.w3.org/2001/XMLSchema#string>
        ;\n\tfcrepo:uuid \"2326d600-076e-41ca-9672-48d88c99b564\"^^<http://www.w3.org/2001/XMLSchema#string>
        ;\n\tfcrepo:createdBy \"bypassAdmin\"^^<http://www.w3.org/2001/XMLSchema#string>
        ;\n\tfcrepo:primaryType \"nt:folder\"^^<http://www.w3.org/2001/XMLSchema#string>
        ;\n\tfcrepo:created \"2015-03-27T21:00:18.465Z\"^^<http://www.w3.org/2001/XMLSchema#dateTime>
        ;\n\tfcrepo:mixinTypes \"openannotation:Annotation\"^^<http://www.w3.org/2001/XMLSchema#string>
        , \"fedora:resource\"^^<http://www.w3.org/2001/XMLSchema#string> , \"fedora:object\"^^<http://www.w3.org/2001/XMLSchema#string>
        ;\n\tfcrepo:lastModified \"2015-03-27T21:00:18.481Z\"^^<http://www.w3.org/2001/XMLSchema#dateTime>
        ;\n\topenannotation:motivatedBy openannotation:bookmarking .\n"
    http_version: 
  recorded_at: Fri, 27 Mar 2015 21:00:18 GMT
- request:
    method: get
    uri: http://localhost:8983/fedora/rest/anno/3671fd58-4550-4667-a0bd-76b21a0a4cf4/t/b68cefcf-04a6-45c5-82cc-fbac4ad424fc
    body:
      encoding: US-ASCII
      string: ''
    headers:
      User-Agent:
      - Faraday v0.9.1
      Accept:
      - application/x-turtle
      Accept-Encoding:
      - gzip;q=1.0,deflate;q=0.6,identity;q=0.3
  response:
    status:
      code: 200
      message: OK
    headers:
      Etag:
      - '"7a23ea5643d835b5d05d1a0ba146f3eca8d76c2b"'
      Last-Modified:
      - Fri, 27 Mar 2015 21:00:18 GMT
      Link:
      - <http://www.w3.org/ns/ldp#DirectContainer>;rel="type"
      - <http://www.w3.org/ns/ldp#Resource>;rel="type"
      Accept-Patch:
      - application/sparql-update
      Accept-Post:
      - text/turtle,text/rdf+n3,application/n3,text/n3,application/rdf+xml,application/n-triples,multipart/form-data,application/sparql-update
      Allow:
      - MOVE,COPY,DELETE,POST,HEAD,GET,PUT,PATCH,OPTIONS
      Vary:
      - Accept, Range, Accept-Encoding, Accept-Language
      Content-Length:
      - '3686'
      Content-Type:
      - application/x-turtle
    body:
      encoding: UTF-8
      string: "@prefix premis: <http://www.loc.gov/premis/rdf/v1#> .\n@prefix fedorarelsext:
        <http://fedora.info/definitions/v4/rels-ext#> .\n@prefix nt: <http://www.jcp.org/jcr/nt/1.0>
        .\n@prefix rdfs: <http://www.w3.org/2000/01/rdf-schema#> .\n@prefix content:
        <http://www.w3.org/2011/content#> .\n@prefix ns001: <http://purl.org/dc/elements/1.1/>
        .\n@prefix xsi: <http://www.w3.org/2001/XMLSchema-instance> .\n@prefix mode:
        <http://www.modeshape.org/1.0> .\n@prefix openannotation: <http://www.w3.org/ns/oa#>
        .\n@prefix xml: <http://www.w3.org/XML/1998/namespace> .\n@prefix fcrepo:
        <http://fedora.info/definitions/v4/repository#> .\n@prefix fedoraconfig: <http://fedora.info/definitions/v4/config#>
        .\n@prefix mix: <http://www.jcp.org/jcr/mix/1.0> .\n@prefix foaf: <http://xmlns.com/foaf/0.1/>
        .\n@prefix image: <http://www.modeshape.org/images/1.0> .\n@prefix sv: <http://www.jcp.org/jcr/sv/1.0>
        .\n@prefix test: <info:fedora/test/> .\n@prefix dcmitype: <http://purl.org/dc/dcmitype/>
        .\n@prefix triannon: <http://triannon.stanford.edu/ns/> .\n@prefix rdf: <http://www.w3.org/1999/02/22-rdf-syntax-ns#>
        .\n@prefix fedora: <http://fedora.info/definitions/v4/rest-api#> .\n@prefix
        ldp: <http://www.w3.org/ns/ldp#> .\n@prefix xs: <http://www.w3.org/2001/XMLSchema>
        .\n@prefix dc: <http://purl.org/dc/terms/> .\n\n\n<http://localhost:8983/fedora/rest/anno/3671fd58-4550-4667-a0bd-76b21a0a4cf4/t/b68cefcf-04a6-45c5-82cc-fbac4ad424fc>
        ldp:hasMemberRelation ldp:member ;\n\tldp:membershipResource <http://localhost:8983/fedora/rest/anno/3671fd58-4550-4667-a0bd-76b21a0a4cf4/t/b68cefcf-04a6-45c5-82cc-fbac4ad424fc>
        ;\n\ta ldp:Container , ldp:DirectContainer , ldp:RDFSource ;\n\tfcrepo:hasParent
        <http://localhost:8983/fedora/rest/anno/3671fd58-4550-4667-a0bd-76b21a0a4cf4/t>
        ;\n\tfedora:writable \"true\"^^<http://www.w3.org/2001/XMLSchema#boolean>
        .\n\n<http://localhost:8983/fedora/rest/anno/3671fd58-4550-4667-a0bd-76b21a0a4cf4/t/b68cefcf-04a6-45c5-82cc-fbac4ad424fc/fcr:export?format=jcr/xml>
        ns001:format <http://fedora.info/definitions/v4/repository#jcr/xml> .\n\n<http://localhost:8983/fedora/rest/anno/3671fd58-4550-4667-a0bd-76b21a0a4cf4/t/b68cefcf-04a6-45c5-82cc-fbac4ad424fc>
        fedora:exportsAs <http://localhost:8983/fedora/rest/anno/3671fd58-4550-4667-a0bd-76b21a0a4cf4/t/b68cefcf-04a6-45c5-82cc-fbac4ad424fc/fcr:export?format=jcr/xml>
        .\n\n<http://fedora.info/definitions/v4/repository#jcr/xml> rdfs:label \"jcr/xml\"^^<http://www.w3.org/2001/XMLSchema#string>
        .\n\n<http://localhost:8983/fedora/rest/anno/3671fd58-4550-4667-a0bd-76b21a0a4cf4/t/b68cefcf-04a6-45c5-82cc-fbac4ad424fc>
        a <http://www.jcp.org/jcr/nt/1.0folder> , <http://www.jcp.org/jcr/nt/1.0hierarchyNode>
        , <http://www.jcp.org/jcr/nt/1.0base> , <http://www.jcp.org/jcr/mix/1.0created>
        , fedora:resource , fedora:object , fedora:relations , <http://www.jcp.org/jcr/mix/1.0created>
        , <http://www.jcp.org/jcr/mix/1.0lastModified> , <http://www.jcp.org/jcr/mix/1.0referenceable>
        , fedora:DublinCoreDescribable , fedora:resource , ldp:Container ;\n\tfcrepo:lastModifiedBy
        \"bypassAdmin\"^^<http://www.w3.org/2001/XMLSchema#string> ;\n\tfcrepo:uuid
        \"babd1381-eb56-4fe9-b307-84c645f9f121\"^^<http://www.w3.org/2001/XMLSchema#string>
        ;\n\tfcrepo:createdBy \"bypassAdmin\"^^<http://www.w3.org/2001/XMLSchema#string>
        ;\n\tfcrepo:primaryType \"nt:folder\"^^<http://www.w3.org/2001/XMLSchema#string>
        ;\n\tfcrepo:created \"2015-03-27T21:00:18.495Z\"^^<http://www.w3.org/2001/XMLSchema#dateTime>
        ;\n\ttriannon:externalReference <http://purl.stanford.edu/kq131cs7229> ;\n\tfcrepo:mixinTypes
        \"fedora:resource\"^^<http://www.w3.org/2001/XMLSchema#string> , \"fedora:object\"^^<http://www.w3.org/2001/XMLSchema#string>
        ;\n\tfcrepo:lastModified \"2015-03-27T21:00:18.495Z\"^^<http://www.w3.org/2001/XMLSchema#dateTime>
        .\n"
    http_version: 
  recorded_at: Fri, 27 Mar 2015 21:00:18 GMT
- request:
    method: post
    uri: http://localhost:8983/solr/triannon/update?wt=ruby
    body:
      encoding: UTF-8
      string: <?xml version="1.0" encoding="UTF-8"?><add commitWithin="500"><doc><field
        name="id">3671fd58-4550-4667-a0bd-76b21a0a4cf4</field><field name="motivation">bookmarking</field><field
        name="target_url">http://purl.stanford.edu/kq131cs7229</field><field name="target_type">external_URI</field><field
        name="body_type">no_body</field><field name="anno_jsonld">{"@context":"http://www.w3.org/ns/oa-context-20130208.json","@id":"http://your.triannon-server.com/annotations/3671fd58-4550-4667-a0bd-76b21a0a4cf4","@type":"oa:Annotation","hasTarget":"http://purl.stanford.edu/kq131cs7229","motivatedBy":"oa:bookmarking"}</field></doc></add>
    headers:
      Content-Type:
      - text/xml
  response:
    status:
      code: 200
      message: OK
    headers:
      Content-Type:
      - text/plain;charset=UTF-8
      Transfer-Encoding:
      - chunked
    body:
      encoding: UTF-8
      string: |
        {'responseHeader'=>{'status'=>0,'QTime'=>0}}
    http_version: 
  recorded_at: Fri, 27 Mar 2015 21:00:18 GMT
- request:
    method: get
    uri: http://localhost:8983/fedora/rest/anno/3671fd58-4550-4667-a0bd-76b21a0a4cf4
    body:
      encoding: US-ASCII
      string: ''
    headers:
      User-Agent:
      - Faraday v0.9.1
      Accept:
      - application/x-turtle
      Accept-Encoding:
      - gzip;q=1.0,deflate;q=0.6,identity;q=0.3
  response:
    status:
      code: 200
      message: OK
    headers:
      Etag:
      - '"1bd1cfc1ff59cb8a84beb28787be0523db83c762"'
      Last-Modified:
      - Fri, 27 Mar 2015 21:00:18 GMT
      Link:
      - <http://www.w3.org/ns/ldp#DirectContainer>;rel="type"
      - <http://www.w3.org/ns/ldp#Resource>;rel="type"
      Accept-Patch:
      - application/sparql-update
      Accept-Post:
      - text/turtle,text/rdf+n3,application/n3,text/n3,application/rdf+xml,application/n-triples,multipart/form-data,application/sparql-update
      Allow:
      - MOVE,COPY,DELETE,POST,HEAD,GET,PUT,PATCH,OPTIONS
      Vary:
      - Accept, Range, Accept-Encoding, Accept-Language
      Content-Length:
      - '4021'
      Content-Type:
      - application/x-turtle
    body:
      encoding: UTF-8
      string: "@prefix premis: <http://www.loc.gov/premis/rdf/v1#> .\n@prefix fedorarelsext:
        <http://fedora.info/definitions/v4/rels-ext#> .\n@prefix nt: <http://www.jcp.org/jcr/nt/1.0>
        .\n@prefix rdfs: <http://www.w3.org/2000/01/rdf-schema#> .\n@prefix content:
        <http://www.w3.org/2011/content#> .\n@prefix ns001: <http://purl.org/dc/elements/1.1/>
        .\n@prefix xsi: <http://www.w3.org/2001/XMLSchema-instance> .\n@prefix mode:
        <http://www.modeshape.org/1.0> .\n@prefix openannotation: <http://www.w3.org/ns/oa#>
        .\n@prefix xml: <http://www.w3.org/XML/1998/namespace> .\n@prefix fcrepo:
        <http://fedora.info/definitions/v4/repository#> .\n@prefix fedoraconfig: <http://fedora.info/definitions/v4/config#>
        .\n@prefix mix: <http://www.jcp.org/jcr/mix/1.0> .\n@prefix foaf: <http://xmlns.com/foaf/0.1/>
        .\n@prefix image: <http://www.modeshape.org/images/1.0> .\n@prefix sv: <http://www.jcp.org/jcr/sv/1.0>
        .\n@prefix test: <info:fedora/test/> .\n@prefix dcmitype: <http://purl.org/dc/dcmitype/>
        .\n@prefix triannon: <http://triannon.stanford.edu/ns/> .\n@prefix rdf: <http://www.w3.org/1999/02/22-rdf-syntax-ns#>
        .\n@prefix fedora: <http://fedora.info/definitions/v4/rest-api#> .\n@prefix
        ldp: <http://www.w3.org/ns/ldp#> .\n@prefix xs: <http://www.w3.org/2001/XMLSchema>
        .\n@prefix dc: <http://purl.org/dc/terms/> .\n\n\n<http://localhost:8983/fedora/rest/anno/3671fd58-4550-4667-a0bd-76b21a0a4cf4>
        ldp:hasMemberRelation ldp:member ;\n\tldp:membershipResource <http://localhost:8983/fedora/rest/anno/3671fd58-4550-4667-a0bd-76b21a0a4cf4>
        ;\n\ta ldp:Container , ldp:DirectContainer , ldp:RDFSource ;\n\tldp:member
        <http://localhost:8983/fedora/rest/anno/3671fd58-4550-4667-a0bd-76b21a0a4cf4/t>
        ;\n\topenannotation:hasTarget <http://localhost:8983/fedora/rest/anno/3671fd58-4550-4667-a0bd-76b21a0a4cf4/t/b68cefcf-04a6-45c5-82cc-fbac4ad424fc>
        ;\n\tldp:contains <http://localhost:8983/fedora/rest/anno/3671fd58-4550-4667-a0bd-76b21a0a4cf4/t>
        ;\n\tfcrepo:hasParent <http://localhost:8983/fedora/rest/anno> .\n\n<http://localhost:8983/fedora/rest/anno/3671fd58-4550-4667-a0bd-76b21a0a4cf4/t>
        ldp:membershipResource <http://localhost:8983/fedora/rest/anno/3671fd58-4550-4667-a0bd-76b21a0a4cf4>
        .\n\n<http://localhost:8983/fedora/rest/anno/3671fd58-4550-4667-a0bd-76b21a0a4cf4>
        fedora:writable \"true\"^^<http://www.w3.org/2001/XMLSchema#boolean> ;\n\tfedora:exportsAs
        <http://localhost:8983/fedora/rest/anno/3671fd58-4550-4667-a0bd-76b21a0a4cf4/fcr:export?format=jcr/xml>
        .\n\n<http://localhost:8983/fedora/rest/anno/3671fd58-4550-4667-a0bd-76b21a0a4cf4/fcr:export?format=jcr/xml>
        ns001:format <http://fedora.info/definitions/v4/repository#jcr/xml> .\n\n<http://fedora.info/definitions/v4/repository#jcr/xml>
        rdfs:label \"jcr/xml\"^^<http://www.w3.org/2001/XMLSchema#string> .\n\n<http://localhost:8983/fedora/rest/anno/3671fd58-4550-4667-a0bd-76b21a0a4cf4>
        a <http://www.jcp.org/jcr/nt/1.0folder> , <http://www.jcp.org/jcr/nt/1.0hierarchyNode>
        , <http://www.jcp.org/jcr/nt/1.0base> , <http://www.jcp.org/jcr/mix/1.0created>
        , openannotation:Annotation , fedora:resource , fedora:object , fedora:relations
        , <http://www.jcp.org/jcr/mix/1.0created> , <http://www.jcp.org/jcr/mix/1.0lastModified>
        , <http://www.jcp.org/jcr/mix/1.0referenceable> , fedora:DublinCoreDescribable
        , fedora:resource , ldp:Container ;\n\tfcrepo:lastModifiedBy \"bypassAdmin\"^^<http://www.w3.org/2001/XMLSchema#string>
        ;\n\tfcrepo:uuid \"2326d600-076e-41ca-9672-48d88c99b564\"^^<http://www.w3.org/2001/XMLSchema#string>
        ;\n\tfcrepo:createdBy \"bypassAdmin\"^^<http://www.w3.org/2001/XMLSchema#string>
        ;\n\tfcrepo:primaryType \"nt:folder\"^^<http://www.w3.org/2001/XMLSchema#string>
        ;\n\tfcrepo:created \"2015-03-27T21:00:18.465Z\"^^<http://www.w3.org/2001/XMLSchema#dateTime>
        ;\n\tfcrepo:mixinTypes \"openannotation:Annotation\"^^<http://www.w3.org/2001/XMLSchema#string>
        , \"fedora:resource\"^^<http://www.w3.org/2001/XMLSchema#string> , \"fedora:object\"^^<http://www.w3.org/2001/XMLSchema#string>
        ;\n\tfcrepo:lastModified \"2015-03-27T21:00:18.481Z\"^^<http://www.w3.org/2001/XMLSchema#dateTime>
        ;\n\topenannotation:motivatedBy openannotation:bookmarking .\n"
    http_version: 
  recorded_at: Fri, 27 Mar 2015 21:00:18 GMT
- request:
    method: get
    uri: http://localhost:8983/fedora/rest/anno/3671fd58-4550-4667-a0bd-76b21a0a4cf4/t/b68cefcf-04a6-45c5-82cc-fbac4ad424fc
    body:
      encoding: US-ASCII
      string: ''
    headers:
      User-Agent:
      - Faraday v0.9.1
      Accept:
      - application/x-turtle
      Accept-Encoding:
      - gzip;q=1.0,deflate;q=0.6,identity;q=0.3
  response:
    status:
      code: 200
      message: OK
    headers:
      Etag:
      - '"7a23ea5643d835b5d05d1a0ba146f3eca8d76c2b"'
      Last-Modified:
      - Fri, 27 Mar 2015 21:00:18 GMT
      Link:
      - <http://www.w3.org/ns/ldp#DirectContainer>;rel="type"
      - <http://www.w3.org/ns/ldp#Resource>;rel="type"
      Accept-Patch:
      - application/sparql-update
      Accept-Post:
      - text/turtle,text/rdf+n3,application/n3,text/n3,application/rdf+xml,application/n-triples,multipart/form-data,application/sparql-update
      Allow:
      - MOVE,COPY,DELETE,POST,HEAD,GET,PUT,PATCH,OPTIONS
      Vary:
      - Accept, Range, Accept-Encoding, Accept-Language
      Content-Length:
      - '3686'
      Content-Type:
      - application/x-turtle
    body:
      encoding: UTF-8
      string: "@prefix premis: <http://www.loc.gov/premis/rdf/v1#> .\n@prefix fedorarelsext:
        <http://fedora.info/definitions/v4/rels-ext#> .\n@prefix nt: <http://www.jcp.org/jcr/nt/1.0>
        .\n@prefix rdfs: <http://www.w3.org/2000/01/rdf-schema#> .\n@prefix content:
        <http://www.w3.org/2011/content#> .\n@prefix ns001: <http://purl.org/dc/elements/1.1/>
        .\n@prefix xsi: <http://www.w3.org/2001/XMLSchema-instance> .\n@prefix mode:
        <http://www.modeshape.org/1.0> .\n@prefix openannotation: <http://www.w3.org/ns/oa#>
        .\n@prefix xml: <http://www.w3.org/XML/1998/namespace> .\n@prefix fcrepo:
        <http://fedora.info/definitions/v4/repository#> .\n@prefix fedoraconfig: <http://fedora.info/definitions/v4/config#>
        .\n@prefix mix: <http://www.jcp.org/jcr/mix/1.0> .\n@prefix foaf: <http://xmlns.com/foaf/0.1/>
        .\n@prefix image: <http://www.modeshape.org/images/1.0> .\n@prefix sv: <http://www.jcp.org/jcr/sv/1.0>
        .\n@prefix test: <info:fedora/test/> .\n@prefix dcmitype: <http://purl.org/dc/dcmitype/>
        .\n@prefix triannon: <http://triannon.stanford.edu/ns/> .\n@prefix rdf: <http://www.w3.org/1999/02/22-rdf-syntax-ns#>
        .\n@prefix fedora: <http://fedora.info/definitions/v4/rest-api#> .\n@prefix
        ldp: <http://www.w3.org/ns/ldp#> .\n@prefix xs: <http://www.w3.org/2001/XMLSchema>
        .\n@prefix dc: <http://purl.org/dc/terms/> .\n\n\n<http://localhost:8983/fedora/rest/anno/3671fd58-4550-4667-a0bd-76b21a0a4cf4/t/b68cefcf-04a6-45c5-82cc-fbac4ad424fc>
        ldp:hasMemberRelation ldp:member ;\n\tldp:membershipResource <http://localhost:8983/fedora/rest/anno/3671fd58-4550-4667-a0bd-76b21a0a4cf4/t/b68cefcf-04a6-45c5-82cc-fbac4ad424fc>
        ;\n\ta ldp:Container , ldp:DirectContainer , ldp:RDFSource ;\n\tfcrepo:hasParent
        <http://localhost:8983/fedora/rest/anno/3671fd58-4550-4667-a0bd-76b21a0a4cf4/t>
        ;\n\tfedora:writable \"true\"^^<http://www.w3.org/2001/XMLSchema#boolean>
        .\n\n<http://localhost:8983/fedora/rest/anno/3671fd58-4550-4667-a0bd-76b21a0a4cf4/t/b68cefcf-04a6-45c5-82cc-fbac4ad424fc/fcr:export?format=jcr/xml>
        ns001:format <http://fedora.info/definitions/v4/repository#jcr/xml> .\n\n<http://localhost:8983/fedora/rest/anno/3671fd58-4550-4667-a0bd-76b21a0a4cf4/t/b68cefcf-04a6-45c5-82cc-fbac4ad424fc>
        fedora:exportsAs <http://localhost:8983/fedora/rest/anno/3671fd58-4550-4667-a0bd-76b21a0a4cf4/t/b68cefcf-04a6-45c5-82cc-fbac4ad424fc/fcr:export?format=jcr/xml>
        .\n\n<http://fedora.info/definitions/v4/repository#jcr/xml> rdfs:label \"jcr/xml\"^^<http://www.w3.org/2001/XMLSchema#string>
        .\n\n<http://localhost:8983/fedora/rest/anno/3671fd58-4550-4667-a0bd-76b21a0a4cf4/t/b68cefcf-04a6-45c5-82cc-fbac4ad424fc>
        a <http://www.jcp.org/jcr/nt/1.0folder> , <http://www.jcp.org/jcr/nt/1.0hierarchyNode>
        , <http://www.jcp.org/jcr/nt/1.0base> , <http://www.jcp.org/jcr/mix/1.0created>
        , fedora:resource , fedora:object , fedora:relations , <http://www.jcp.org/jcr/mix/1.0created>
        , <http://www.jcp.org/jcr/mix/1.0lastModified> , <http://www.jcp.org/jcr/mix/1.0referenceable>
        , fedora:DublinCoreDescribable , fedora:resource , ldp:Container ;\n\tfcrepo:lastModifiedBy
        \"bypassAdmin\"^^<http://www.w3.org/2001/XMLSchema#string> ;\n\tfcrepo:uuid
        \"babd1381-eb56-4fe9-b307-84c645f9f121\"^^<http://www.w3.org/2001/XMLSchema#string>
        ;\n\tfcrepo:createdBy \"bypassAdmin\"^^<http://www.w3.org/2001/XMLSchema#string>
        ;\n\tfcrepo:primaryType \"nt:folder\"^^<http://www.w3.org/2001/XMLSchema#string>
        ;\n\tfcrepo:created \"2015-03-27T21:00:18.495Z\"^^<http://www.w3.org/2001/XMLSchema#dateTime>
        ;\n\ttriannon:externalReference <http://purl.stanford.edu/kq131cs7229> ;\n\tfcrepo:mixinTypes
        \"fedora:resource\"^^<http://www.w3.org/2001/XMLSchema#string> , \"fedora:object\"^^<http://www.w3.org/2001/XMLSchema#string>
        ;\n\tfcrepo:lastModified \"2015-03-27T21:00:18.495Z\"^^<http://www.w3.org/2001/XMLSchema#dateTime>
        .\n"
    http_version: 
  recorded_at: Fri, 27 Mar 2015 21:00:18 GMT
recorded_with: VCR 2.9.3
